[0.011s] Invoking command in '/home/wuta/WUTA/WUTA-FSD/ros2_ws/build/kiss_icp': CMAKE_PREFIX_PATH=/opt/ros/humble /home/wuta/.local/bin/cmake --build /home/wuta/WUTA/WUTA-FSD/ros2_ws/build/kiss_icp -- -j12 -l12
[0.136s] [ 14%] Built target kiss_icp_metrics
[0.151s] [ 28%] Built target kiss_icp_node
[0.156s] [ 71%] Built target kiss_icp_core
[0.188s] [ 85%] Built target kiss_icp_pipeline
[0.220s] [100%] Built target odometry_component
[0.230s] Invoked command in '/home/wuta/WUTA/WUTA-FSD/ros2_ws/build/kiss_icp' returned '0': CMAKE_PREFIX_PATH=/opt/ros/humble /home/wuta/.local/bin/cmake --build /home/wuta/WUTA/WUTA-FSD/ros2_ws/build/kiss_icp -- -j12 -l12
[0.385s] Invoking command in '/home/wuta/WUTA/WUTA-FSD/ros2_ws/build/kiss_icp': CMAKE_PREFIX_PATH=/opt/ros/humble /home/wuta/.local/bin/cmake --install /home/wuta/WUTA/WUTA-FSD/ros2_ws/build/kiss_icp
[0.474s] -- Install configuration: "Release"
[0.475s] -- Execute custom install script
[0.475s] -- Up-to-date symlink: /home/wuta/WUTA/WUTA-FSD/ros2_ws/install/kiss_icp/lib/kiss_icp/kiss_icp_node
[0.476s] -- Up-to-date symlink: /home/wuta/WUTA/WUTA-FSD/ros2_ws/install/kiss_icp/lib/libodometry_component.so
[0.476s] -- Up-to-date symlink: /home/wuta/WUTA/WUTA-FSD/ros2_ws/install/kiss_icp/share/kiss_icp//launch/odometry.launch.py
[0.476s] -- Up-to-date symlink: /home/wuta/WUTA/WUTA-FSD/ros2_ws/install/kiss_icp/share/kiss_icp//rviz/kiss_icp.rviz
[0.476s] -- Up-to-date symlink: /home/wuta/WUTA/WUTA-FSD/ros2_ws/install/kiss_icp/share/kiss_icp//config/config.yaml
[0.477s] -- Up-to-date symlink: /home/wuta/WUTA/WUTA-FSD/ros2_ws/install/kiss_icp/share/ament_index/resource_index/package_run_dependencies/kiss_icp
[0.477s] -- Up-to-date symlink: /home/wuta/WUTA/WUTA-FSD/ros2_ws/install/kiss_icp/share/ament_index/resource_index/parent_prefix_path/kiss_icp
[0.477s] -- Up-to-date symlink: /home/wuta/WUTA/WUTA-FSD/ros2_ws/install/kiss_icp/share/kiss_icp/environment/ament_prefix_path.sh
[0.477s] -- Up-to-date symlink: /home/wuta/WUTA/WUTA-FSD/ros2_ws/install/kiss_icp/share/kiss_icp/environment/ament_prefix_path.dsv
[0.477s] -- Up-to-date symlink: /home/wuta/WUTA/WUTA-FSD/ros2_ws/install/kiss_icp/share/kiss_icp/environment/path.sh
[0.477s] -- Up-to-date symlink: /home/wuta/WUTA/WUTA-FSD/ros2_ws/install/kiss_icp/share/kiss_icp/environment/path.dsv
[0.478s] -- Up-to-date symlink: /home/wuta/WUTA/WUTA-FSD/ros2_ws/install/kiss_icp/share/kiss_icp/local_setup.bash
[0.478s] -- Up-to-date symlink: /home/wuta/WUTA/WUTA-FSD/ros2_ws/install/kiss_icp/share/kiss_icp/local_setup.sh
[0.478s] -- Up-to-date symlink: /home/wuta/WUTA/WUTA-FSD/ros2_ws/install/kiss_icp/share/kiss_icp/local_setup.zsh
[0.478s] -- Up-to-date symlink: /home/wuta/WUTA/WUTA-FSD/ros2_ws/install/kiss_icp/share/kiss_icp/local_setup.dsv
[0.478s] -- Symlinking: /home/wuta/WUTA/WUTA-FSD/ros2_ws/install/kiss_icp/share/kiss_icp/package.dsv
[0.482s] -- Up-to-date symlink: /home/wuta/WUTA/WUTA-FSD/ros2_ws/install/kiss_icp/share/ament_index/resource_index/packages/kiss_icp
[0.483s] -- Up-to-date symlink: /home/wuta/WUTA/WUTA-FSD/ros2_ws/install/kiss_icp/share/ament_index/resource_index/rclcpp_components/kiss_icp
[0.483s] -- Up-to-date symlink: /home/wuta/WUTA/WUTA-FSD/ros2_ws/install/kiss_icp/share/kiss_icp/cmake/kiss_icpConfig.cmake
[0.483s] -- Up-to-date symlink: /home/wuta/WUTA/WUTA-FSD/ros2_ws/install/kiss_icp/share/kiss_icp/cmake/kiss_icpConfig-version.cmake
[0.483s] -- Up-to-date symlink: /home/wuta/WUTA/WUTA-FSD/ros2_ws/install/kiss_icp/share/kiss_icp/package.xml
[0.484s] Invoked command in '/home/wuta/WUTA/WUTA-FSD/ros2_ws/build/kiss_icp' returned '0': CMAKE_PREFIX_PATH=/opt/ros/humble /home/wuta/.local/bin/cmake --install /home/wuta/WUTA/WUTA-FSD/ros2_ws/build/kiss_icp
