[0.086s] Invoking command in '/home/starry1n/WUTA-FSD1/ros2_ws/build/boundary_detector': AMENT_PREFIX_PATH=/home/starry1n/WUTA-FSD1/ros2_ws/install/wuta_msgs:/home/starry1n/WUTA-FSD1/ros2_ws/install/autoware_msgs:${AMENT_PREFIX_PATH} CMAKE_PREFIX_PATH=/home/starry1n/WUTA-FSD1/ros2_ws/install/wuta_msgs:/home/starry1n/WUTA-FSD1/ros2_ws/install/autoware_msgs:/opt/ros/humble LD_LIBRARY_PATH=/home/starry1n/WUTA-FSD1/ros2_ws/install/wuta_msgs/lib:/home/starry1n/WUTA-FSD1/ros2_ws/install/autoware_msgs/lib:${LD_LIBRARY_PATH} PYTHONPATH=/home/starry1n/WUTA-FSD1/ros2_ws/install/wuta_msgs/local/lib/python3.10/dist-packages:/home/starry1n/WUTA-FSD1/ros2_ws/install/autoware_msgs/local/lib/python3.10/dist-packages:${PYTHONPATH} /usr/bin/cmake /home/starry1n/WUTA-FSD1/ros2_ws/src/planning/boundary_detector -DCMAKE_MODULE_PATH=/home/starry1n/WUTA-FSD1/ros2_ws/cmake -DAMENT_CMAKE_SYMLINK_INSTALL=1 -DCMAKE_INSTALL_PREFIX=/home/starry1n/WUTA-FSD1/ros2_ws/install/boundary_detector
[0.127s] [0mCMake Deprecation Warning at CMakeLists.txt:1 (cmake_minimum_required):
[0.127s]   Compatibility with CMake < 3.10 will be removed from a future version of
[0.127s]   CMake.
[0.127s] 
[0.128s]   Update the VERSION argument <min> value.  Or, use the <min>...<max> syntax
[0.128s]   to tell CMake that the project requires at least <min> but has been updated
[0.128s]   to work with policies introduced by <max> or earlier.
[0.128s] 
[0.128s] [0m
[0.288s] -- The C compiler identification is GNU 11.4.0
[0.478s] -- The CXX compiler identification is GNU 11.4.0
[0.501s] -- Detecting C compiler ABI info
[0.818s] -- Detecting C compiler ABI info - done
[0.852s] -- Check for working C compiler: /usr/bin/cc - skipped
[0.852s] -- Detecting C compile features
[0.853s] -- Detecting C compile features - done
[0.901s] -- Detecting CXX compiler ABI info
[1.182s] -- Detecting CXX compiler ABI info - done
[1.220s] -- Check for working CXX compiler: /usr/bin/c++ - skipped
[1.220s] -- Detecting CXX compile features
[1.225s] -- Detecting CXX compile features - done
[1.255s] -- Found ament_cmake: 1.3.14 (/opt/ros/humble/share/ament_cmake/cmake)
[1.730s] -- Found Python3: /usr/bin/python3 (found version "3.10.12") found components: Interpreter
[1.927s] -- Override CMake install command with custom implementation using symlinks instead of copying resources
[2.004s] -- Found rclcpp: 16.0.19 (/opt/ros/humble/share/rclcpp/cmake)
[2.133s] -- Found rosidl_generator_c: 3.1.9 (/opt/ros/humble/share/rosidl_generator_c/cmake)
[2.142s] -- Found rosidl_adapter: 3.1.9 (/opt/ros/humble/share/rosidl_adapter/cmake)
[2.169s] -- Found rosidl_generator_cpp: 3.1.9 (/opt/ros/humble/share/rosidl_generator_cpp/cmake)
[2.196s] -- Using all available rosidl_typesupport_c: rosidl_typesupport_fastrtps_c;rosidl_typesupport_introspection_c
[2.239s] -- Using all available rosidl_typesupport_cpp: rosidl_typesupport_fastrtps_cpp;rosidl_typesupport_introspection_cpp
[2.359s] -- Found rmw_implementation_cmake: 6.1.2 (/opt/ros/humble/share/rmw_implementation_cmake/cmake)
[2.366s] -- Found rmw_fastrtps_cpp: 6.2.10 (/opt/ros/humble/share/rmw_fastrtps_cpp/cmake)
[2.689s] -- Found OpenSSL: /usr/lib/x86_64-linux-gnu/libcrypto.so (found version "3.0.2")
[2.772s] -- Found FastRTPS: /opt/ros/humble/include
[2.868s] -- Using RMW implementation 'rmw_fastrtps_cpp' as default
[2.906s] -- Performing Test CMAKE_HAVE_LIBC_PTHREAD
[3.224s] -- Performing Test CMAKE_HAVE_LIBC_PTHREAD - Success
[3.226s] -- Found Threads: TRUE
[3.415s] -- Found geometry_msgs: 4.9.1 (/opt/ros/humble/share/geometry_msgs/cmake)
[3.471s] -- Found visualization_msgs: 4.9.1 (/opt/ros/humble/share/visualization_msgs/cmake)
[3.607s] -- Found wuta_msgs: 1.0.0 (/home/starry1n/WUTA-FSD1/ros2_ws/install/wuta_msgs/share/wuta_msgs/cmake)
[3.662s] -- Found autoware_msgs: 0.1.0 (/home/starry1n/WUTA-FSD1/ros2_ws/install/autoware_msgs/share/autoware_msgs/cmake)
[3.823s] -- Configuring done (3.7s)
[3.850s] -- Generating done (0.0s)
[3.912s] -- Build files have been written to: /home/starry1n/WUTA-FSD1/ros2_ws/build/boundary_detector
[3.940s] Invoked command in '/home/starry1n/WUTA-FSD1/ros2_ws/build/boundary_detector' returned '0': AMENT_PREFIX_PATH=/home/starry1n/WUTA-FSD1/ros2_ws/install/wuta_msgs:/home/starry1n/WUTA-FSD1/ros2_ws/install/autoware_msgs:${AMENT_PREFIX_PATH} CMAKE_PREFIX_PATH=/home/starry1n/WUTA-FSD1/ros2_ws/install/wuta_msgs:/home/starry1n/WUTA-FSD1/ros2_ws/install/autoware_msgs:/opt/ros/humble LD_LIBRARY_PATH=/home/starry1n/WUTA-FSD1/ros2_ws/install/wuta_msgs/lib:/home/starry1n/WUTA-FSD1/ros2_ws/install/autoware_msgs/lib:${LD_LIBRARY_PATH} PYTHONPATH=/home/starry1n/WUTA-FSD1/ros2_ws/install/wuta_msgs/local/lib/python3.10/dist-packages:/home/starry1n/WUTA-FSD1/ros2_ws/install/autoware_msgs/local/lib/python3.10/dist-packages:${PYTHONPATH} /usr/bin/cmake /home/starry1n/WUTA-FSD1/ros2_ws/src/planning/boundary_detector -DCMAKE_MODULE_PATH=/home/starry1n/WUTA-FSD1/ros2_ws/cmake -DAMENT_CMAKE_SYMLINK_INSTALL=1 -DCMAKE_INSTALL_PREFIX=/home/starry1n/WUTA-FSD1/ros2_ws/install/boundary_detector
[3.941s] Invoking command in '/home/starry1n/WUTA-FSD1/ros2_ws/build/boundary_detector': AMENT_PREFIX_PATH=/home/starry1n/WUTA-FSD1/ros2_ws/install/wuta_msgs:/home/starry1n/WUTA-FSD1/ros2_ws/install/autoware_msgs:${AMENT_PREFIX_PATH} CMAKE_PREFIX_PATH=/home/starry1n/WUTA-FSD1/ros2_ws/install/wuta_msgs:/home/starry1n/WUTA-FSD1/ros2_ws/install/autoware_msgs:/opt/ros/humble LD_LIBRARY_PATH=/home/starry1n/WUTA-FSD1/ros2_ws/install/wuta_msgs/lib:/home/starry1n/WUTA-FSD1/ros2_ws/install/autoware_msgs/lib:${LD_LIBRARY_PATH} PYTHONPATH=/home/starry1n/WUTA-FSD1/ros2_ws/install/wuta_msgs/local/lib/python3.10/dist-packages:/home/starry1n/WUTA-FSD1/ros2_ws/install/autoware_msgs/local/lib/python3.10/dist-packages:${PYTHONPATH} /usr/bin/cmake --build /home/starry1n/WUTA-FSD1/ros2_ws/build/boundary_detector -- -j8 -l8
[4.444s] [  6%] [32mBuilding CXX object CMakeFiles/pathplanning.dir/thirdparty/pathplanning/src/Evaluation.cpp.o[0m
[4.444s] [ 18%] [32mBuilding CXX object CMakeFiles/pathplanning.dir/thirdparty/pathplanning/src/BowyerWatson.cpp.o[0m
[4.444s] [ 12%] [32mBuilding CXX object CMakeFiles/pathplanning.dir/thirdparty/pathplanning/src/DelaunayTriangle.cpp.o[0m
[4.444s] [ 25%] [32mBuilding CXX object CMakeFiles/pathplanning.dir/thirdparty/pathplanning/src/Line.cpp.o[0m
[4.444s] [ 31%] [32mBuilding CXX object CMakeFiles/pathplanning.dir/thirdparty/pathplanning/src/Divide.cpp.o[0m
[4.444s] [ 37%] [32mBuilding CXX object CMakeFiles/pathplanning.dir/thirdparty/pathplanning/src/GlobalVariables.cpp.o[0m
[4.444s] [ 43%] [32mBuilding CXX object CMakeFiles/pathplanning.dir/thirdparty/pathplanning/src/MidPoint.cpp.o[0m
[4.444s] [ 50%] [32mBuilding CXX object CMakeFiles/pathplanning.dir/thirdparty/pathplanning/src/Path.cpp.o[0m
[4.444s] [ 56%] [32mBuilding CXX object CMakeFiles/pathplanning.dir/thirdparty/pathplanning/src/Point2d.cpp.o[0m
[4.445s] [ 62%] [32mBuilding CXX object CMakeFiles/pathplanning.dir/thirdparty/pathplanning/src/PathSearch.cpp.o[0m
[4.445s] [ 68%] [32mBuilding CXX object CMakeFiles/pathplanning.dir/thirdparty/pathplanning/src/Tool.cpp.o[0m
[4.935s] [ 75%] [32mBuilding CXX object CMakeFiles/pathplanning.dir/thirdparty/pathplanning/src/Triangle.cpp.o[0m
[4.936s] [ 81%] [32mBuilding CXX object CMakeFiles/pathplanning.dir/thirdparty/pathplanning/src/Vect.cpp.o[0m
[8.051s] [ 87%] [1m[32mLinking CXX static library libpathplanning.a[0m
[8.262s] [ 87%] Built target pathplanning
[8.344s] [ 93%] [32mBuilding CXX object CMakeFiles/boundary_detector_node.dir/src/boundary_detector_node.cpp.o[0m
[38.821s] [100%] [1m[32mLinking CXX executable boundary_detector_node[0m
[41.030s] [100%] Built target boundary_detector_node
[41.063s] Invoked command in '/home/starry1n/WUTA-FSD1/ros2_ws/build/boundary_detector' returned '0': AMENT_PREFIX_PATH=/home/starry1n/WUTA-FSD1/ros2_ws/install/wuta_msgs:/home/starry1n/WUTA-FSD1/ros2_ws/install/autoware_msgs:${AMENT_PREFIX_PATH} CMAKE_PREFIX_PATH=/home/starry1n/WUTA-FSD1/ros2_ws/install/wuta_msgs:/home/starry1n/WUTA-FSD1/ros2_ws/install/autoware_msgs:/opt/ros/humble LD_LIBRARY_PATH=/home/starry1n/WUTA-FSD1/ros2_ws/install/wuta_msgs/lib:/home/starry1n/WUTA-FSD1/ros2_ws/install/autoware_msgs/lib:${LD_LIBRARY_PATH} PYTHONPATH=/home/starry1n/WUTA-FSD1/ros2_ws/install/wuta_msgs/local/lib/python3.10/dist-packages:/home/starry1n/WUTA-FSD1/ros2_ws/install/autoware_msgs/local/lib/python3.10/dist-packages:${PYTHONPATH} /usr/bin/cmake --build /home/starry1n/WUTA-FSD1/ros2_ws/build/boundary_detector -- -j8 -l8
[41.094s] Invoking command in '/home/starry1n/WUTA-FSD1/ros2_ws/build/boundary_detector': AMENT_PREFIX_PATH=/home/starry1n/WUTA-FSD1/ros2_ws/install/wuta_msgs:/home/starry1n/WUTA-FSD1/ros2_ws/install/autoware_msgs:${AMENT_PREFIX_PATH} CMAKE_PREFIX_PATH=/home/starry1n/WUTA-FSD1/ros2_ws/install/wuta_msgs:/home/starry1n/WUTA-FSD1/ros2_ws/install/autoware_msgs:/opt/ros/humble LD_LIBRARY_PATH=/home/starry1n/WUTA-FSD1/ros2_ws/install/wuta_msgs/lib:/home/starry1n/WUTA-FSD1/ros2_ws/install/autoware_msgs/lib:${LD_LIBRARY_PATH} PYTHONPATH=/home/starry1n/WUTA-FSD1/ros2_ws/install/wuta_msgs/local/lib/python3.10/dist-packages:/home/starry1n/WUTA-FSD1/ros2_ws/install/autoware_msgs/local/lib/python3.10/dist-packages:${PYTHONPATH} /usr/bin/cmake --install /home/starry1n/WUTA-FSD1/ros2_ws/build/boundary_detector
[41.109s] -- Install configuration: ""
[41.109s] -- Execute custom install script
[41.109s] -- Symlinking: /home/starry1n/WUTA-FSD1/ros2_ws/install/boundary_detector/lib/boundary_detector/boundary_detector_node
[41.184s] -- Symlinking: /home/starry1n/WUTA-FSD1/ros2_ws/install/boundary_detector/share/boundary_detector/config/boundary_detector.yaml
[41.205s] -- Symlinking: /home/starry1n/WUTA-FSD1/ros2_ws/install/boundary_detector/share/ament_index/resource_index/package_run_dependencies/boundary_detector
[41.216s] -- Symlinking: /home/starry1n/WUTA-FSD1/ros2_ws/install/boundary_detector/share/ament_index/resource_index/parent_prefix_path/boundary_detector
[41.243s] -- Symlinking: /home/starry1n/WUTA-FSD1/ros2_ws/install/boundary_detector/share/boundary_detector/environment/ament_prefix_path.sh
[41.272s] -- Symlinking: /home/starry1n/WUTA-FSD1/ros2_ws/install/boundary_detector/share/boundary_detector/environment/ament_prefix_path.dsv
[41.305s] -- Symlinking: /home/starry1n/WUTA-FSD1/ros2_ws/install/boundary_detector/share/boundary_detector/environment/path.sh
[41.332s] -- Symlinking: /home/starry1n/WUTA-FSD1/ros2_ws/install/boundary_detector/share/boundary_detector/environment/path.dsv
[41.356s] -- Symlinking: /home/starry1n/WUTA-FSD1/ros2_ws/install/boundary_detector/share/boundary_detector/local_setup.bash
[41.388s] -- Symlinking: /home/starry1n/WUTA-FSD1/ros2_ws/install/boundary_detector/share/boundary_detector/local_setup.sh
[41.406s] -- Symlinking: /home/starry1n/WUTA-FSD1/ros2_ws/install/boundary_detector/share/boundary_detector/local_setup.zsh
[41.419s] -- Symlinking: /home/starry1n/WUTA-FSD1/ros2_ws/install/boundary_detector/share/boundary_detector/local_setup.dsv
[41.437s] -- Symlinking: /home/starry1n/WUTA-FSD1/ros2_ws/install/boundary_detector/share/boundary_detector/package.dsv
[41.457s] -- Symlinking: /home/starry1n/WUTA-FSD1/ros2_ws/install/boundary_detector/share/ament_index/resource_index/packages/boundary_detector
[41.468s] -- Symlinking: /home/starry1n/WUTA-FSD1/ros2_ws/install/boundary_detector/share/boundary_detector/cmake/boundary_detectorConfig.cmake
[41.479s] -- Symlinking: /home/starry1n/WUTA-FSD1/ros2_ws/install/boundary_detector/share/boundary_detector/cmake/boundary_detectorConfig-version.cmake
[41.494s] -- Symlinking: /home/starry1n/WUTA-FSD1/ros2_ws/install/boundary_detector/share/boundary_detector/package.xml
[41.519s] Invoked command in '/home/starry1n/WUTA-FSD1/ros2_ws/build/boundary_detector' returned '0': AMENT_PREFIX_PATH=/home/starry1n/WUTA-FSD1/ros2_ws/install/wuta_msgs:/home/starry1n/WUTA-FSD1/ros2_ws/install/autoware_msgs:${AMENT_PREFIX_PATH} CMAKE_PREFIX_PATH=/home/starry1n/WUTA-FSD1/ros2_ws/install/wuta_msgs:/home/starry1n/WUTA-FSD1/ros2_ws/install/autoware_msgs:/opt/ros/humble LD_LIBRARY_PATH=/home/starry1n/WUTA-FSD1/ros2_ws/install/wuta_msgs/lib:/home/starry1n/WUTA-FSD1/ros2_ws/install/autoware_msgs/lib:${LD_LIBRARY_PATH} PYTHONPATH=/home/starry1n/WUTA-FSD1/ros2_ws/install/wuta_msgs/local/lib/python3.10/dist-packages:/home/starry1n/WUTA-FSD1/ros2_ws/install/autoware_msgs/local/lib/python3.10/dist-packages:${PYTHONPATH} /usr/bin/cmake --install /home/starry1n/WUTA-FSD1/ros2_ws/build/boundary_detector
