[0.008s] Invoking command in '/home/wuta/WUTA/WUTA-FSD/ros2_ws/build/robot_localization': CMAKE_PREFIX_PATH=/opt/ros/humble /usr/bin/cmake /home/wuta/WUTA/WUTA-FSD/ros2_ws/src/localization/robot_localization -DAMENT_CMAKE_SYMLINK_INSTALL=1 -DCMAKE_INSTALL_PREFIX=/home/wuta/WUTA/WUTA-FSD/ros2_ws/install/robot_localization
[0.023s] -- robot_localization: You did not request a specific build type: selecting 'RelWithDebInfo'.
[0.023s] -- Found ament_cmake: 1.3.14 (/opt/ros/humble/share/ament_cmake/cmake)
[0.162s] -- Override CMake install command with custom implementation using symlinks instead of copying resources
[0.174s] -- Found angles: 1.15.0 (/opt/ros/humble/share/angles/cmake)
[0.177s] -- Found rclcpp: 16.0.19 (/opt/ros/humble/share/rclcpp/cmake)
[0.219s] -- Found rosidl_generator_c: 3.1.8 (/opt/ros/humble/share/rosidl_generator_c/cmake)
[0.222s] -- Found rosidl_adapter: 3.1.8 (/opt/ros/humble/share/rosidl_adapter/cmake)
[0.229s] -- Found rosidl_generator_cpp: 3.1.8 (/opt/ros/humble/share/rosidl_generator_cpp/cmake)
[0.242s] -- Using all available rosidl_typesupport_c: rosidl_typesupport_fastrtps_c;rosidl_typesupport_introspection_c
[0.256s] -- Using all available rosidl_typesupport_cpp: rosidl_typesupport_fastrtps_cpp;rosidl_typesupport_introspection_cpp
[0.299s] -- Found rmw_implementation_cmake: 6.1.2 (/opt/ros/humble/share/rmw_implementation_cmake/cmake)
[0.301s] -- Found rmw_fastrtps_cpp: 6.2.10 (/opt/ros/humble/share/rmw_fastrtps_cpp/cmake)
[0.422s] -- Using RMW implementation 'rmw_fastrtps_cpp' as default
[0.479s] -- Found diagnostic_msgs: 4.9.1 (/opt/ros/humble/share/diagnostic_msgs/cmake)
[0.498s] -- Found diagnostic_updater: 4.0.6 (/opt/ros/humble/share/diagnostic_updater/cmake)
[0.514s] CMake Error at CMakeLists.txt:22 (find_package):
[0.514s]   By not providing "Findgeographic_msgs.cmake" in CMAKE_MODULE_PATH this
[0.514s]   project has asked CMake to find a package configuration file provided by
[0.514s]   "geographic_msgs", but CMake did not find one.
[0.514s] 
[0.514s]   Could not find a package configuration file provided by "geographic_msgs"
[0.514s]   with any of the following names:
[0.515s] 
[0.515s]     geographic_msgsConfig.cmake
[0.515s]     geographic_msgs-config.cmake
[0.515s] 
[0.515s]   Add the installation prefix of "geographic_msgs" to CMAKE_PREFIX_PATH or
[0.515s]   set "geographic_msgs_DIR" to a directory containing one of the above files.
[0.515s]   If "geographic_msgs" provides a separate development package or SDK, be
[0.515s]   sure it has been installed.
[0.515s] 
[0.515s] 
[0.515s] -- Configuring incomplete, errors occurred!
[0.515s] See also "/home/wuta/WUTA/WUTA-FSD/ros2_ws/build/robot_localization/CMakeFiles/CMakeOutput.log".
