[  1%] Built target robot_localization__rs
[  8%] Built target robot_localization__rosidl_generator_c
[  9%] Built target robot_localization__cpp
[  9%] Built target ament_cmake_python_symlink_robot_localization
[ 11%] Built target gtest_main
[ 13%] Built target gtest
[ 20%] Built target robot_localization__rosidl_typesupport_c
[ 34%] Built target robot_localization__rosidl_typesupport_introspection_cpp
[ 34%] Built target robot_localization__rosidl_typesupport_introspection_c
[ 41%] Built target robot_localization__rosidl_typesupport_cpp
[ 48%] Built target robot_localization__rosidl_typesupport_fastrtps_c
[ 55%] Built target robot_localization__rosidl_typesupport_fastrtps_cpp
[ 55%] Built target robot_localization
[ 64%] Built target rl_lib
[ 65%] Built target robot_localization__py
[ 66%] Built target ekf_node
[ 67%] Built target navsat_transform_node
[ 69%] Built target ukf_node
[ 71%] Built target robot_localization_listener_node
[ 73%] Built target filter_base-test
[ 75%] Built target test_ukf
[ 77%] Built target test_ekf
[ 79%] Built target test_navsat_conversions
[ 81%] Built target test_robot_localization_estimator
[ 83%] Built target test_ros_robot_localization_listener
[ 88%] Built target robot_localization__rosidl_generator_py
[ 90%] Built target test_filter_base_diagnostics_timestamps
[ 92%] Built target test_ukf_localization_node_interfaces
[ 94%] Built target test_ros_robot_localization_listener_publisher
[ 95%] Built target test_ekf_localization_node_interfaces
[ 97%] Built target robot_localization__rosidl_typesupport_fastrtps_c__pyext
[ 99%] Built target robot_localization__rosidl_typesupport_c__pyext
[100%] Built target robot_localization__rosidl_typesupport_introspection_c__pyext
running egg_info
writing robot_localization.egg-info/PKG-INFO
writing dependency_links to robot_localization.egg-info/dependency_links.txt
writing top-level names to robot_localization.egg-info/top_level.txt
reading manifest file 'robot_localization.egg-info/SOURCES.txt'
writing manifest file 'robot_localization.egg-info/SOURCES.txt'
[100%] Built target ament_cmake_python_build_robot_localization_egg
-- Install configuration: "RelWithDebInfo"
-- Execute custom install script
-- Symlinking: /home/g2909/WUTA1/WUTA-FSD/ros2_ws/install/robot_localization/share/ament_index/resource_index/rosidl_interfaces/robot_localization
-- Symlinking: /home/g2909/WUTA1/WUTA-FSD/ros2_ws/install/robot_localization/include/robot_localization/robot_localization/msg/rosidl_generator_c__visibility_control.h
-- Symlinking: /home/g2909/WUTA1/WUTA-FSD/ros2_ws/install/robot_localization/include/robot_localization/robot_localization/srv/detail/from_ll__functions.h
-- Symlinking: /home/g2909/WUTA1/WUTA-FSD/ros2_ws/install/robot_localization/include/robot_localization/robot_localization/srv/detail/from_ll__struct.h
-- Symlinking: /home/g2909/WUTA1/WUTA-FSD/ros2_ws/install/robot_localization/include/robot_localization/robot_localization/srv/detail/from_ll__type_support.h
-- Symlinking: /home/g2909/WUTA1/WUTA-FSD/ros2_ws/install/robot_localization/include/robot_localization/robot_localization/srv/detail/get_state__functions.h
-- Symlinking: /home/g2909/WUTA1/WUTA-FSD/ros2_ws/install/robot_localization/include/robot_localization/robot_localization/srv/detail/get_state__struct.h
-- Symlinking: /home/g2909/WUTA1/WUTA-FSD/ros2_ws/install/robot_localization/include/robot_localization/robot_localization/srv/detail/get_state__type_support.h
-- Symlinking: /home/g2909/WUTA1/WUTA-FSD/ros2_ws/install/robot_localization/include/robot_localization/robot_localization/srv/detail/set_datum__functions.h
-- Symlinking: /home/g2909/WUTA1/WUTA-FSD/ros2_ws/install/robot_localization/include/robot_localization/robot_localization/srv/detail/set_datum__struct.h
-- Symlinking: /home/g2909/WUTA1/WUTA-FSD/ros2_ws/install/robot_localization/include/robot_localization/robot_localization/srv/detail/set_datum__type_support.h
-- Symlinking: /home/g2909/WUTA1/WUTA-FSD/ros2_ws/install/robot_localization/include/robot_localization/robot_localization/srv/detail/set_pose__functions.h
-- Symlinking: /home/g2909/WUTA1/WUTA-FSD/ros2_ws/install/robot_localization/include/robot_localization/robot_localization/srv/detail/set_pose__struct.h
-- Symlinking: /home/g2909/WUTA1/WUTA-FSD/ros2_ws/install/robot_localization/include/robot_localization/robot_localization/srv/detail/set_pose__type_support.h
-- Symlinking: /home/g2909/WUTA1/WUTA-FSD/ros2_ws/install/robot_localization/include/robot_localization/robot_localization/srv/detail/to_ll__functions.h
-- Symlinking: /home/g2909/WUTA1/WUTA-FSD/ros2_ws/install/robot_localization/include/robot_localization/robot_localization/srv/detail/to_ll__struct.h
-- Symlinking: /home/g2909/WUTA1/WUTA-FSD/ros2_ws/install/robot_localization/include/robot_localization/robot_localization/srv/detail/to_ll__type_support.h
-- Symlinking: /home/g2909/WUTA1/WUTA-FSD/ros2_ws/install/robot_localization/include/robot_localization/robot_localization/srv/detail/toggle_filter_processing__functions.h
-- Symlinking: /home/g2909/WUTA1/WUTA-FSD/ros2_ws/install/robot_localization/include/robot_localization/robot_localization/srv/detail/toggle_filter_processing__struct.h
-- Symlinking: /home/g2909/WUTA1/WUTA-FSD/ros2_ws/install/robot_localization/include/robot_localization/robot_localization/srv/detail/toggle_filter_processing__type_support.h
-- Symlinking: /home/g2909/WUTA1/WUTA-FSD/ros2_ws/install/robot_localization/include/robot_localization/robot_localization/srv/from_ll.h
-- Symlinking: /home/g2909/WUTA1/WUTA-FSD/ros2_ws/install/robot_localization/include/robot_localization/robot_localization/srv/get_state.h
-- Symlinking: /home/g2909/WUTA1/WUTA-FSD/ros2_ws/install/robot_localization/include/robot_localization/robot_localization/srv/set_datum.h
-- Symlinking: /home/g2909/WUTA1/WUTA-FSD/ros2_ws/install/robot_localization/include/robot_localization/robot_localization/srv/set_pose.h
-- Symlinking: /home/g2909/WUTA1/WUTA-FSD/ros2_ws/install/robot_localization/include/robot_localization/robot_localization/srv/to_ll.h
-- Symlinking: /home/g2909/WUTA1/WUTA-FSD/ros2_ws/install/robot_localization/include/robot_localization/robot_localization/srv/toggle_filter_processing.h
-- Symlinking: /home/g2909/WUTA1/WUTA-FSD/ros2_ws/install/robot_localization/share/robot_localization/environment/library_path.sh
-- Symlinking: /home/g2909/WUTA1/WUTA-FSD/ros2_ws/install/robot_localization/share/robot_localization/environment/library_path.dsv
-- Symlinking: /home/g2909/WUTA1/WUTA-FSD/ros2_ws/install/robot_localization/include/robot_localization/robot_localization/msg/rosidl_typesupport_fastrtps_c__visibility_control.h
-- Symlinking: /home/g2909/WUTA1/WUTA-FSD/ros2_ws/install/robot_localization/include/robot_localization/robot_localization/srv/detail/from_ll__rosidl_typesupport_fastrtps_c.h
-- Symlinking: /home/g2909/WUTA1/WUTA-FSD/ros2_ws/install/robot_localization/include/robot_localization/robot_localization/srv/detail/get_state__rosidl_typesupport_fastrtps_c.h
-- Symlinking: /home/g2909/WUTA1/WUTA-FSD/ros2_ws/install/robot_localization/include/robot_localization/robot_localization/srv/detail/set_datum__rosidl_typesupport_fastrtps_c.h
-- Symlinking: /home/g2909/WUTA1/WUTA-FSD/ros2_ws/install/robot_localization/include/robot_localization/robot_localization/srv/detail/set_pose__rosidl_typesupport_fastrtps_c.h
-- Symlinking: /home/g2909/WUTA1/WUTA-FSD/ros2_ws/install/robot_localization/include/robot_localization/robot_localization/srv/detail/to_ll__rosidl_typesupport_fastrtps_c.h
-- Symlinking: /home/g2909/WUTA1/WUTA-FSD/ros2_ws/install/robot_localization/include/robot_localization/robot_localization/srv/detail/toggle_filter_processing__rosidl_typesupport_fastrtps_c.h
-- Symlinking: /home/g2909/WUTA1/WUTA-FSD/ros2_ws/install/robot_localization/include/robot_localization/robot_localization/msg/rosidl_generator_cpp__visibility_control.hpp
-- Symlinking: /home/g2909/WUTA1/WUTA-FSD/ros2_ws/install/robot_localization/include/robot_localization/robot_localization/srv/detail/from_ll__builder.hpp
-- Symlinking: /home/g2909/WUTA1/WUTA-FSD/ros2_ws/install/robot_localization/include/robot_localization/robot_localization/srv/detail/from_ll__struct.hpp
-- Symlinking: /home/g2909/WUTA1/WUTA-FSD/ros2_ws/install/robot_localization/include/robot_localization/robot_localization/srv/detail/from_ll__traits.hpp
-- Symlinking: /home/g2909/WUTA1/WUTA-FSD/ros2_ws/install/robot_localization/include/robot_localization/robot_localization/srv/detail/from_ll__type_support.hpp
-- Symlinking: /home/g2909/WUTA1/WUTA-FSD/ros2_ws/install/robot_localization/include/robot_localization/robot_localization/srv/detail/get_state__builder.hpp
-- Symlinking: /home/g2909/WUTA1/WUTA-FSD/ros2_ws/install/robot_localization/include/robot_localization/robot_localization/srv/detail/get_state__struct.hpp
-- Symlinking: /home/g2909/WUTA1/WUTA-FSD/ros2_ws/install/robot_localization/include/robot_localization/robot_localization/srv/detail/get_state__traits.hpp
-- Symlinking: /home/g2909/WUTA1/WUTA-FSD/ros2_ws/install/robot_localization/include/robot_localization/robot_localization/srv/detail/get_state__type_support.hpp
-- Symlinking: /home/g2909/WUTA1/WUTA-FSD/ros2_ws/install/robot_localization/include/robot_localization/robot_localization/srv/detail/set_datum__builder.hpp
-- Symlinking: /home/g2909/WUTA1/WUTA-FSD/ros2_ws/install/robot_localization/include/robot_localization/robot_localization/srv/detail/set_datum__struct.hpp
-- Symlinking: /home/g2909/WUTA1/WUTA-FSD/ros2_ws/install/robot_localization/include/robot_localization/robot_localization/srv/detail/set_datum__traits.hpp
-- Symlinking: /home/g2909/WUTA1/WUTA-FSD/ros2_ws/install/robot_localization/include/robot_localization/robot_localization/srv/detail/set_datum__type_support.hpp
-- Symlinking: /home/g2909/WUTA1/WUTA-FSD/ros2_ws/install/robot_localization/include/robot_localization/robot_localization/srv/detail/set_pose__builder.hpp
-- Symlinking: /home/g2909/WUTA1/WUTA-FSD/ros2_ws/install/robot_localization/include/robot_localization/robot_localization/srv/detail/set_pose__struct.hpp
-- Symlinking: /home/g2909/WUTA1/WUTA-FSD/ros2_ws/install/robot_localization/include/robot_localization/robot_localization/srv/detail/set_pose__traits.hpp
-- Symlinking: /home/g2909/WUTA1/WUTA-FSD/ros2_ws/install/robot_localization/include/robot_localization/robot_localization/srv/detail/set_pose__type_support.hpp
-- Symlinking: /home/g2909/WUTA1/WUTA-FSD/ros2_ws/install/robot_localization/include/robot_localization/robot_localization/srv/detail/to_ll__builder.hpp
-- Symlinking: /home/g2909/WUTA1/WUTA-FSD/ros2_ws/install/robot_localization/include/robot_localization/robot_localization/srv/detail/to_ll__struct.hpp
-- Symlinking: /home/g2909/WUTA1/WUTA-FSD/ros2_ws/install/robot_localization/include/robot_localization/robot_localization/srv/detail/to_ll__traits.hpp
-- Symlinking: /home/g2909/WUTA1/WUTA-FSD/ros2_ws/install/robot_localization/include/robot_localization/robot_localization/srv/detail/to_ll__type_support.hpp
-- Symlinking: /home/g2909/WUTA1/WUTA-FSD/ros2_ws/install/robot_localization/include/robot_localization/robot_localization/srv/detail/toggle_filter_processing__builder.hpp
-- Symlinking: /home/g2909/WUTA1/WUTA-FSD/ros2_ws/install/robot_localization/include/robot_localization/robot_localization/srv/detail/toggle_filter_processing__struct.hpp
-- Symlinking: /home/g2909/WUTA1/WUTA-FSD/ros2_ws/install/robot_localization/include/robot_localization/robot_localization/srv/detail/toggle_filter_processing__traits.hpp
-- Symlinking: /home/g2909/WUTA1/WUTA-FSD/ros2_ws/install/robot_localization/include/robot_localization/robot_localization/srv/detail/toggle_filter_processing__type_support.hpp
-- Symlinking: /home/g2909/WUTA1/WUTA-FSD/ros2_ws/install/robot_localization/include/robot_localization/robot_localization/srv/from_ll.hpp
-- Symlinking: /home/g2909/WUTA1/WUTA-FSD/ros2_ws/install/robot_localization/include/robot_localization/robot_localization/srv/get_state.hpp
-- Symlinking: /home/g2909/WUTA1/WUTA-FSD/ros2_ws/install/robot_localization/include/robot_localization/robot_localization/srv/set_datum.hpp
-- Symlinking: /home/g2909/WUTA1/WUTA-FSD/ros2_ws/install/robot_localization/include/robot_localization/robot_localization/srv/set_pose.hpp
-- Symlinking: /home/g2909/WUTA1/WUTA-FSD/ros2_ws/install/robot_localization/include/robot_localization/robot_localization/srv/to_ll.hpp
-- Symlinking: /home/g2909/WUTA1/WUTA-FSD/ros2_ws/install/robot_localization/include/robot_localization/robot_localization/srv/toggle_filter_processing.hpp
-- Symlinking: /home/g2909/WUTA1/WUTA-FSD/ros2_ws/install/robot_localization/include/robot_localization/robot_localization/msg/rosidl_typesupport_fastrtps_cpp__visibility_control.h
-- Symlinking: /home/g2909/WUTA1/WUTA-FSD/ros2_ws/install/robot_localization/include/robot_localization/robot_localization/srv/detail/from_ll__rosidl_typesupport_fastrtps_cpp.hpp
-- Symlinking: /home/g2909/WUTA1/WUTA-FSD/ros2_ws/install/robot_localization/include/robot_localization/robot_localization/srv/detail/get_state__rosidl_typesupport_fastrtps_cpp.hpp
-- Symlinking: /home/g2909/WUTA1/WUTA-FSD/ros2_ws/install/robot_localization/include/robot_localization/robot_localization/srv/detail/set_datum__rosidl_typesupport_fastrtps_cpp.hpp
-- Symlinking: /home/g2909/WUTA1/WUTA-FSD/ros2_ws/install/robot_localization/include/robot_localization/robot_localization/srv/detail/set_pose__rosidl_typesupport_fastrtps_cpp.hpp
-- Symlinking: /home/g2909/WUTA1/WUTA-FSD/ros2_ws/install/robot_localization/include/robot_localization/robot_localization/srv/detail/to_ll__rosidl_typesupport_fastrtps_cpp.hpp
-- Symlinking: /home/g2909/WUTA1/WUTA-FSD/ros2_ws/install/robot_localization/include/robot_localization/robot_localization/srv/detail/toggle_filter_processing__rosidl_typesupport_fastrtps_cpp.hpp
-- Symlinking: /home/g2909/WUTA1/WUTA-FSD/ros2_ws/install/robot_localization/include/robot_localization/robot_localization/msg/rosidl_typesupport_introspection_c__visibility_control.h
-- Symlinking: /home/g2909/WUTA1/WUTA-FSD/ros2_ws/install/robot_localization/include/robot_localization/robot_localization/srv/detail/from_ll__rosidl_typesupport_introspection_c.h
-- Symlinking: /home/g2909/WUTA1/WUTA-FSD/ros2_ws/install/robot_localization/include/robot_localization/robot_localization/srv/detail/get_state__rosidl_typesupport_introspection_c.h
-- Symlinking: /home/g2909/WUTA1/WUTA-FSD/ros2_ws/install/robot_localization/include/robot_localization/robot_localization/srv/detail/set_datum__rosidl_typesupport_introspection_c.h
-- Symlinking: /home/g2909/WUTA1/WUTA-FSD/ros2_ws/install/robot_localization/include/robot_localization/robot_localization/srv/detail/set_pose__rosidl_typesupport_introspection_c.h
-- Symlinking: /home/g2909/WUTA1/WUTA-FSD/ros2_ws/install/robot_localization/include/robot_localization/robot_localization/srv/detail/to_ll__rosidl_typesupport_introspection_c.h
-- Symlinking: /home/g2909/WUTA1/WUTA-FSD/ros2_ws/install/robot_localization/include/robot_localization/robot_localization/srv/detail/toggle_filter_processing__rosidl_typesupport_introspection_c.h
-- Symlinking: /home/g2909/WUTA1/WUTA-FSD/ros2_ws/install/robot_localization/include/robot_localization/robot_localization/srv/detail/from_ll__rosidl_typesupport_introspection_cpp.hpp
-- Symlinking: /home/g2909/WUTA1/WUTA-FSD/ros2_ws/install/robot_localization/include/robot_localization/robot_localization/srv/detail/get_state__rosidl_typesupport_introspection_cpp.hpp
-- Symlinking: /home/g2909/WUTA1/WUTA-FSD/ros2_ws/install/robot_localization/include/robot_localization/robot_localization/srv/detail/set_datum__rosidl_typesupport_introspection_cpp.hpp
-- Symlinking: /home/g2909/WUTA1/WUTA-FSD/ros2_ws/install/robot_localization/include/robot_localization/robot_localization/srv/detail/set_pose__rosidl_typesupport_introspection_cpp.hpp
-- Symlinking: /home/g2909/WUTA1/WUTA-FSD/ros2_ws/install/robot_localization/include/robot_localization/robot_localization/srv/detail/to_ll__rosidl_typesupport_introspection_cpp.hpp
-- Symlinking: /home/g2909/WUTA1/WUTA-FSD/ros2_ws/install/robot_localization/include/robot_localization/robot_localization/srv/detail/toggle_filter_processing__rosidl_typesupport_introspection_cpp.hpp
-- Symlinking: /home/g2909/WUTA1/WUTA-FSD/ros2_ws/install/robot_localization/share/robot_localization/environment/pythonpath.sh
-- Symlinking: /home/g2909/WUTA1/WUTA-FSD/ros2_ws/install/robot_localization/share/robot_localization/environment/pythonpath.dsv
-- Symlinking: /home/g2909/WUTA1/WUTA-FSD/ros2_ws/install/robot_localization/local/lib/python3.10/dist-packages/robot_localization-3.5.4-py3.10.egg-info/PKG-INFO
-- Symlinking: /home/g2909/WUTA1/WUTA-FSD/ros2_ws/install/robot_localization/local/lib/python3.10/dist-packages/robot_localization-3.5.4-py3.10.egg-info/SOURCES.txt
-- Symlinking: /home/g2909/WUTA1/WUTA-FSD/ros2_ws/install/robot_localization/local/lib/python3.10/dist-packages/robot_localization-3.5.4-py3.10.egg-info/dependency_links.txt
-- Symlinking: /home/g2909/WUTA1/WUTA-FSD/ros2_ws/install/robot_localization/local/lib/python3.10/dist-packages/robot_localization-3.5.4-py3.10.egg-info/top_level.txt
-- Symlinking: /home/g2909/WUTA1/WUTA-FSD/ros2_ws/install/robot_localization/local/lib/python3.10/dist-packages/robot_localization/__init__.py
-- Symlinking: /home/g2909/WUTA1/WUTA-FSD/ros2_ws/install/robot_localization/local/lib/python3.10/dist-packages/robot_localization/_robot_localization_s.ep.rosidl_typesupport_c.c
-- Symlinking: /home/g2909/WUTA1/WUTA-FSD/ros2_ws/install/robot_localization/local/lib/python3.10/dist-packages/robot_localization/_robot_localization_s.ep.rosidl_typesupport_fastrtps_c.c
-- Symlinking: /home/g2909/WUTA1/WUTA-FSD/ros2_ws/install/robot_localization/local/lib/python3.10/dist-packages/robot_localization/_robot_localization_s.ep.rosidl_typesupport_introspection_c.c
-- Symlinking: /home/g2909/WUTA1/WUTA-FSD/ros2_ws/install/robot_localization/local/lib/python3.10/dist-packages/robot_localization/librobot_localization__rosidl_generator_py.so
-- Symlinking: /home/g2909/WUTA1/WUTA-FSD/ros2_ws/install/robot_localization/local/lib/python3.10/dist-packages/robot_localization/robot_localization_s__rosidl_typesupport_c.cpython-310-x86_64-linux-gnu.so
-- Symlinking: /home/g2909/WUTA1/WUTA-FSD/ros2_ws/install/robot_localization/local/lib/python3.10/dist-packages/robot_localization/robot_localization_s__rosidl_typesupport_fastrtps_c.cpython-310-x86_64-linux-gnu.so
-- Symlinking: /home/g2909/WUTA1/WUTA-FSD/ros2_ws/install/robot_localization/local/lib/python3.10/dist-packages/robot_localization/robot_localization_s__rosidl_typesupport_introspection_c.cpython-310-x86_64-linux-gnu.so
-- Symlinking: /home/g2909/WUTA1/WUTA-FSD/ros2_ws/install/robot_localization/local/lib/python3.10/dist-packages/robot_localization/srv/__init__.py
-- Symlinking: /home/g2909/WUTA1/WUTA-FSD/ros2_ws/install/robot_localization/local/lib/python3.10/dist-packages/robot_localization/srv/_from_ll.py
-- Symlinking: /home/g2909/WUTA1/WUTA-FSD/ros2_ws/install/robot_localization/local/lib/python3.10/dist-packages/robot_localization/srv/_from_ll_s.c
-- Symlinking: /home/g2909/WUTA1/WUTA-FSD/ros2_ws/install/robot_localization/local/lib/python3.10/dist-packages/robot_localization/srv/_get_state.py
-- Symlinking: /home/g2909/WUTA1/WUTA-FSD/ros2_ws/install/robot_localization/local/lib/python3.10/dist-packages/robot_localization/srv/_get_state_s.c
-- Symlinking: /home/g2909/WUTA1/WUTA-FSD/ros2_ws/install/robot_localization/local/lib/python3.10/dist-packages/robot_localization/srv/_set_datum.py
-- Symlinking: /home/g2909/WUTA1/WUTA-FSD/ros2_ws/install/robot_localization/local/lib/python3.10/dist-packages/robot_localization/srv/_set_datum_s.c
-- Symlinking: /home/g2909/WUTA1/WUTA-FSD/ros2_ws/install/robot_localization/local/lib/python3.10/dist-packages/robot_localization/srv/_set_pose.py
-- Symlinking: /home/g2909/WUTA1/WUTA-FSD/ros2_ws/install/robot_localization/local/lib/python3.10/dist-packages/robot_localization/srv/_set_pose_s.c
-- Symlinking: /home/g2909/WUTA1/WUTA-FSD/ros2_ws/install/robot_localization/local/lib/python3.10/dist-packages/robot_localization/srv/_to_ll.py
-- Symlinking: /home/g2909/WUTA1/WUTA-FSD/ros2_ws/install/robot_localization/local/lib/python3.10/dist-packages/robot_localization/srv/_to_ll_s.c
-- Symlinking: /home/g2909/WUTA1/WUTA-FSD/ros2_ws/install/robot_localization/local/lib/python3.10/dist-packages/robot_localization/srv/_toggle_filter_processing.py
-- Symlinking: /home/g2909/WUTA1/WUTA-FSD/ros2_ws/install/robot_localization/local/lib/python3.10/dist-packages/robot_localization/srv/_toggle_filter_processing_s.c
-- Up-to-date symlink: /home/g2909/WUTA1/WUTA-FSD/ros2_ws/install/robot_localization/local/lib/python3.10/dist-packages/robot_localization/robot_localization_s__rosidl_typesupport_fastrtps_c.cpython-310-x86_64-linux-gnu.so
-- Up-to-date symlink: /home/g2909/WUTA1/WUTA-FSD/ros2_ws/install/robot_localization/local/lib/python3.10/dist-packages/robot_localization/robot_localization_s__rosidl_typesupport_introspection_c.cpython-310-x86_64-linux-gnu.so
-- Up-to-date symlink: /home/g2909/WUTA1/WUTA-FSD/ros2_ws/install/robot_localization/local/lib/python3.10/dist-packages/robot_localization/robot_localization_s__rosidl_typesupport_c.cpython-310-x86_64-linux-gnu.so
-- Symlinking: /home/g2909/WUTA1/WUTA-FSD/ros2_ws/install/robot_localization/share/ament_index/resource_index/rust_packages/robot_localization
-- Symlinking: /home/g2909/WUTA1/WUTA-FSD/ros2_ws/install/robot_localization/share/robot_localization/rust/Cargo.toml
-- Symlinking: /home/g2909/WUTA1/WUTA-FSD/ros2_ws/install/robot_localization/share/robot_localization/rust/build.rs
-- Symlinking: /home/g2909/WUTA1/WUTA-FSD/ros2_ws/install/robot_localization/share/robot_localization/rust/src/lib.rs
-- Symlinking: /home/g2909/WUTA1/WUTA-FSD/ros2_ws/install/robot_localization/share/robot_localization/rust/src/srv.rs
-- Symlinking: /home/g2909/WUTA1/WUTA-FSD/ros2_ws/install/robot_localization/share/robot_localization/rust/src/srv/rmw.rs
-- Symlinking: /home/g2909/WUTA1/WUTA-FSD/ros2_ws/install/robot_localization/share/robot_localization/srv/FromLL.idl
-- Symlinking: /home/g2909/WUTA1/WUTA-FSD/ros2_ws/install/robot_localization/share/robot_localization/srv/GetState.idl
-- Symlinking: /home/g2909/WUTA1/WUTA-FSD/ros2_ws/install/robot_localization/share/robot_localization/srv/SetDatum.idl
-- Symlinking: /home/g2909/WUTA1/WUTA-FSD/ros2_ws/install/robot_localization/share/robot_localization/srv/SetPose.idl
-- Symlinking: /home/g2909/WUTA1/WUTA-FSD/ros2_ws/install/robot_localization/share/robot_localization/srv/ToggleFilterProcessing.idl
-- Symlinking: /home/g2909/WUTA1/WUTA-FSD/ros2_ws/install/robot_localization/share/robot_localization/srv/ToLL.idl
-- Symlinking: /home/g2909/WUTA1/WUTA-FSD/ros2_ws/install/robot_localization/share/robot_localization/srv/FromLL.srv
-- Symlinking: /home/g2909/WUTA1/WUTA-FSD/ros2_ws/install/robot_localization/share/robot_localization/srv/FromLL_Request.msg
-- Symlinking: /home/g2909/WUTA1/WUTA-FSD/ros2_ws/install/robot_localization/share/robot_localization/srv/FromLL_Response.msg
-- Symlinking: /home/g2909/WUTA1/WUTA-FSD/ros2_ws/install/robot_localization/share/robot_localization/srv/GetState.srv
-- Symlinking: /home/g2909/WUTA1/WUTA-FSD/ros2_ws/install/robot_localization/share/robot_localization/srv/GetState_Request.msg
-- Symlinking: /home/g2909/WUTA1/WUTA-FSD/ros2_ws/install/robot_localization/share/robot_localization/srv/GetState_Response.msg
-- Symlinking: /home/g2909/WUTA1/WUTA-FSD/ros2_ws/install/robot_localization/share/robot_localization/srv/SetDatum.srv
-- Symlinking: /home/g2909/WUTA1/WUTA-FSD/ros2_ws/install/robot_localization/share/robot_localization/srv/SetDatum_Request.msg
-- Symlinking: /home/g2909/WUTA1/WUTA-FSD/ros2_ws/install/robot_localization/share/robot_localization/srv/SetDatum_Response.msg
-- Symlinking: /home/g2909/WUTA1/WUTA-FSD/ros2_ws/install/robot_localization/share/robot_localization/srv/SetPose.srv
-- Symlinking: /home/g2909/WUTA1/WUTA-FSD/ros2_ws/install/robot_localization/share/robot_localization/srv/SetPose_Request.msg
-- Symlinking: /home/g2909/WUTA1/WUTA-FSD/ros2_ws/install/robot_localization/share/robot_localization/srv/SetPose_Response.msg
-- Symlinking: /home/g2909/WUTA1/WUTA-FSD/ros2_ws/install/robot_localization/share/robot_localization/srv/ToggleFilterProcessing.srv
-- Symlinking: /home/g2909/WUTA1/WUTA-FSD/ros2_ws/install/robot_localization/share/robot_localization/srv/ToggleFilterProcessing_Request.msg
-- Symlinking: /home/g2909/WUTA1/WUTA-FSD/ros2_ws/install/robot_localization/share/robot_localization/srv/ToggleFilterProcessing_Response.msg
-- Symlinking: /home/g2909/WUTA1/WUTA-FSD/ros2_ws/install/robot_localization/share/robot_localization/srv/ToLL.srv
-- Symlinking: /home/g2909/WUTA1/WUTA-FSD/ros2_ws/install/robot_localization/share/robot_localization/srv/ToLL_Request.msg
-- Symlinking: /home/g2909/WUTA1/WUTA-FSD/ros2_ws/install/robot_localization/share/robot_localization/srv/ToLL_Response.msg
-- Symlinking: /home/g2909/WUTA1/WUTA-FSD/ros2_ws/install/robot_localization/lib/robot_localization/filter_base-test
-- Symlinking: /home/g2909/WUTA1/WUTA-FSD/ros2_ws/install/robot_localization/lib/robot_localization/test_filter_base_diagnostics_timestamps
-- Symlinking: /home/g2909/WUTA1/WUTA-FSD/ros2_ws/install/robot_localization/lib/robot_localization/test_ekf
-- Symlinking: /home/g2909/WUTA1/WUTA-FSD/ros2_ws/install/robot_localization/lib/robot_localization/test_ekf_localization_node_interfaces
-- Symlinking: /home/g2909/WUTA1/WUTA-FSD/ros2_ws/install/robot_localization/lib/robot_localization/test_ukf
-- Symlinking: /home/g2909/WUTA1/WUTA-FSD/ros2_ws/install/robot_localization/lib/robot_localization/test_ukf_localization_node_interfaces
-- Symlinking: /home/g2909/WUTA1/WUTA-FSD/ros2_ws/install/robot_localization/lib/robot_localization/test_robot_localization_estimator
-- Symlinking: /home/g2909/WUTA1/WUTA-FSD/ros2_ws/install/robot_localization/lib/robot_localization/test_navsat_conversions
-- Symlinking: /home/g2909/WUTA1/WUTA-FSD/ros2_ws/install/robot_localization/lib/robot_localization/test_ros_robot_localization_listener
-- Symlinking: /home/g2909/WUTA1/WUTA-FSD/ros2_ws/install/robot_localization/lib/robot_localization/test_ros_robot_localization_listener_publisher
-- Symlinking: /home/g2909/WUTA1/WUTA-FSD/ros2_ws/install/robot_localization/lib/robot_localization/navsat_transform_node
-- Symlinking: /home/g2909/WUTA1/WUTA-FSD/ros2_ws/install/robot_localization/lib/robot_localization/ekf_node
-- Symlinking: /home/g2909/WUTA1/WUTA-FSD/ros2_ws/install/robot_localization/lib/robot_localization/ukf_node
-- Symlinking: /home/g2909/WUTA1/WUTA-FSD/ros2_ws/install/robot_localization/lib/robot_localization/robot_localization_listener_node
-- Symlinking: /home/g2909/WUTA1/WUTA-FSD/ros2_ws/install/robot_localization/lib/librl_lib.so
-- Symlinking: /home/g2909/WUTA1/WUTA-FSD/ros2_ws/install/robot_localization/share/ament_index/resource_index/package_run_dependencies/robot_localization
-- Symlinking: /home/g2909/WUTA1/WUTA-FSD/ros2_ws/install/robot_localization/share/ament_index/resource_index/parent_prefix_path/robot_localization
-- Symlinking: /home/g2909/WUTA1/WUTA-FSD/ros2_ws/install/robot_localization/share/robot_localization/environment/ament_prefix_path.sh
-- Symlinking: /home/g2909/WUTA1/WUTA-FSD/ros2_ws/install/robot_localization/share/robot_localization/environment/ament_prefix_path.dsv
-- Symlinking: /home/g2909/WUTA1/WUTA-FSD/ros2_ws/install/robot_localization/share/robot_localization/environment/path.sh
-- Symlinking: /home/g2909/WUTA1/WUTA-FSD/ros2_ws/install/robot_localization/share/robot_localization/environment/path.dsv
-- Symlinking: /home/g2909/WUTA1/WUTA-FSD/ros2_ws/install/robot_localization/share/robot_localization/local_setup.bash
-- Symlinking: /home/g2909/WUTA1/WUTA-FSD/ros2_ws/install/robot_localization/share/robot_localization/local_setup.sh
-- Symlinking: /home/g2909/WUTA1/WUTA-FSD/ros2_ws/install/robot_localization/share/robot_localization/local_setup.zsh
-- Symlinking: /home/g2909/WUTA1/WUTA-FSD/ros2_ws/install/robot_localization/share/robot_localization/local_setup.dsv
-- Symlinking: /home/g2909/WUTA1/WUTA-FSD/ros2_ws/install/robot_localization/share/robot_localization/package.dsv
-- Symlinking: /home/g2909/WUTA1/WUTA-FSD/ros2_ws/install/robot_localization/share/ament_index/resource_index/packages/robot_localization
-- Symlinking: /home/g2909/WUTA1/WUTA-FSD/ros2_ws/install/robot_localization/share/robot_localization/cmake/rosidl_cmake-extras.cmake
-- Symlinking: /home/g2909/WUTA1/WUTA-FSD/ros2_ws/install/robot_localization/share/robot_localization/cmake/ament_cmake_export_dependencies-extras.cmake
-- Symlinking: /home/g2909/WUTA1/WUTA-FSD/ros2_ws/install/robot_localization/share/robot_localization/cmake/ament_cmake_export_include_directories-extras.cmake
-- Symlinking: /home/g2909/WUTA1/WUTA-FSD/ros2_ws/install/robot_localization/share/robot_localization/cmake/ament_cmake_export_libraries-extras.cmake
-- Symlinking: /home/g2909/WUTA1/WUTA-FSD/ros2_ws/install/robot_localization/share/robot_localization/cmake/ament_cmake_export_targets-extras.cmake
-- Symlinking: /home/g2909/WUTA1/WUTA-FSD/ros2_ws/install/robot_localization/share/robot_localization/cmake/rosidl_cmake_export_typesupport_targets-extras.cmake
-- Symlinking: /home/g2909/WUTA1/WUTA-FSD/ros2_ws/install/robot_localization/share/robot_localization/cmake/rosidl_cmake_export_typesupport_libraries-extras.cmake
-- Symlinking: /home/g2909/WUTA1/WUTA-FSD/ros2_ws/install/robot_localization/share/robot_localization/cmake/rosidl_cmake_aggregate_target-extras.cmake
-- Symlinking: /home/g2909/WUTA1/WUTA-FSD/ros2_ws/install/robot_localization/share/robot_localization/cmake/robot_localizationConfig.cmake
-- Symlinking: /home/g2909/WUTA1/WUTA-FSD/ros2_ws/install/robot_localization/share/robot_localization/cmake/robot_localizationConfig-version.cmake
-- Symlinking: /home/g2909/WUTA1/WUTA-FSD/ros2_ws/install/robot_localization/share/robot_localization/package.xml
-- Installing: /home/g2909/WUTA1/WUTA-FSD/ros2_ws/install/robot_localization/lib/librobot_localization__rosidl_generator_c.so
-- Set non-toolchain portion of runtime path of "/home/g2909/WUTA1/WUTA-FSD/ros2_ws/install/robot_localization/lib/librobot_localization__rosidl_generator_c.so" to ""
-- Installing: /home/g2909/WUTA1/WUTA-FSD/ros2_ws/install/robot_localization/lib/librobot_localization__rosidl_typesupport_fastrtps_c.so
-- Set non-toolchain portion of runtime path of "/home/g2909/WUTA1/WUTA-FSD/ros2_ws/install/robot_localization/lib/librobot_localization__rosidl_typesupport_fastrtps_c.so" to ""
-- Installing: /home/g2909/WUTA1/WUTA-FSD/ros2_ws/install/robot_localization/lib/librobot_localization__rosidl_typesupport_fastrtps_cpp.so
-- Set non-toolchain portion of runtime path of "/home/g2909/WUTA1/WUTA-FSD/ros2_ws/install/robot_localization/lib/librobot_localization__rosidl_typesupport_fastrtps_cpp.so" to ""
-- Installing: /home/g2909/WUTA1/WUTA-FSD/ros2_ws/install/robot_localization/lib/librobot_localization__rosidl_typesupport_introspection_c.so
-- Set non-toolchain portion of runtime path of "/home/g2909/WUTA1/WUTA-FSD/ros2_ws/install/robot_localization/lib/librobot_localization__rosidl_typesupport_introspection_c.so" to ""
-- Installing: /home/g2909/WUTA1/WUTA-FSD/ros2_ws/install/robot_localization/lib/librobot_localization__rosidl_typesupport_c.so
-- Set non-toolchain portion of runtime path of "/home/g2909/WUTA1/WUTA-FSD/ros2_ws/install/robot_localization/lib/librobot_localization__rosidl_typesupport_c.so" to ""
-- Installing: /home/g2909/WUTA1/WUTA-FSD/ros2_ws/install/robot_localization/lib/librobot_localization__rosidl_typesupport_introspection_cpp.so
-- Set non-toolchain portion of runtime path of "/home/g2909/WUTA1/WUTA-FSD/ros2_ws/install/robot_localization/lib/librobot_localization__rosidl_typesupport_introspection_cpp.so" to ""
-- Installing: /home/g2909/WUTA1/WUTA-FSD/ros2_ws/install/robot_localization/lib/librobot_localization__rosidl_typesupport_cpp.so
-- Set non-toolchain portion of runtime path of "/home/g2909/WUTA1/WUTA-FSD/ros2_ws/install/robot_localization/lib/librobot_localization__rosidl_typesupport_cpp.so" to ""
Listing '/home/g2909/WUTA1/WUTA-FSD/ros2_ws/install/robot_localization/local/lib/python3.10/dist-packages/robot_localization'...
Compiling '/home/g2909/WUTA1/WUTA-FSD/ros2_ws/install/robot_localization/local/lib/python3.10/dist-packages/robot_localization/__init__.py'...
Listing '/home/g2909/WUTA1/WUTA-FSD/ros2_ws/install/robot_localization/local/lib/python3.10/dist-packages/robot_localization/srv'...
Compiling '/home/g2909/WUTA1/WUTA-FSD/ros2_ws/install/robot_localization/local/lib/python3.10/dist-packages/robot_localization/srv/__init__.py'...
Compiling '/home/g2909/WUTA1/WUTA-FSD/ros2_ws/install/robot_localization/local/lib/python3.10/dist-packages/robot_localization/srv/_from_ll.py'...
Compiling '/home/g2909/WUTA1/WUTA-FSD/ros2_ws/install/robot_localization/local/lib/python3.10/dist-packages/robot_localization/srv/_get_state.py'...
Compiling '/home/g2909/WUTA1/WUTA-FSD/ros2_ws/install/robot_localization/local/lib/python3.10/dist-packages/robot_localization/srv/_set_datum.py'...
Compiling '/home/g2909/WUTA1/WUTA-FSD/ros2_ws/install/robot_localization/local/lib/python3.10/dist-packages/robot_localization/srv/_set_pose.py'...
Compiling '/home/g2909/WUTA1/WUTA-FSD/ros2_ws/install/robot_localization/local/lib/python3.10/dist-packages/robot_localization/srv/_to_ll.py'...
Compiling '/home/g2909/WUTA1/WUTA-FSD/ros2_ws/install/robot_localization/local/lib/python3.10/dist-packages/robot_localization/srv/_toggle_filter_processing.py'...
-- Installing: /home/g2909/WUTA1/WUTA-FSD/ros2_ws/install/robot_localization/lib/librobot_localization__rosidl_generator_py.so
-- Set non-toolchain portion of runtime path of "/home/g2909/WUTA1/WUTA-FSD/ros2_ws/install/robot_localization/lib/librobot_localization__rosidl_generator_py.so" to ""
-- Installing: /home/g2909/WUTA1/WUTA-FSD/ros2_ws/install/robot_localization/share/robot_localization/test
-- Installing: /home/g2909/WUTA1/WUTA-FSD/ros2_ws/install/robot_localization/share/robot_localization/test/test_ekf_localization_node_bag1.launch.py
-- Installing: /home/g2909/WUTA1/WUTA-FSD/ros2_ws/install/robot_localization/share/robot_localization/test/test_ekf.cpp
-- Installing: /home/g2909/WUTA1/WUTA-FSD/ros2_ws/install/robot_localization/share/robot_localization/test/test_ukf_localization_node_interfaces.cpp
-- Installing: /home/g2909/WUTA1/WUTA-FSD/ros2_ws/install/robot_localization/share/robot_localization/test/test_ekf_localization_node_interfaces.launch.py
-- Installing: /home/g2909/WUTA1/WUTA-FSD/ros2_ws/install/robot_localization/share/robot_localization/test/test_ekf_localization_node_bag2.yaml
-- Installing: /home/g2909/WUTA1/WUTA-FSD/ros2_ws/install/robot_localization/share/robot_localization/test/test_filter_base_diagnostics_timestamps.cpp
-- Installing: /home/g2909/WUTA1/WUTA-FSD/ros2_ws/install/robot_localization/share/robot_localization/test/test_ukf_localization_node_bag1.sh
-- Installing: /home/g2909/WUTA1/WUTA-FSD/ros2_ws/install/robot_localization/share/robot_localization/test/test_ukf_localization_node_bag2.yaml
-- Installing: /home/g2909/WUTA1/WUTA-FSD/ros2_ws/install/robot_localization/share/robot_localization/test/test_ros_robot_localization_listener_publisher.cpp
-- Installing: /home/g2909/WUTA1/WUTA-FSD/ros2_ws/install/robot_localization/share/robot_localization/test/test_filter_base.cpp
-- Installing: /home/g2909/WUTA1/WUTA-FSD/ros2_ws/install/robot_localization/share/robot_localization/test/test_ukf_localization_node_interfaces.launch.py
-- Installing: /home/g2909/WUTA1/WUTA-FSD/ros2_ws/install/robot_localization/share/robot_localization/test/test_ekf_localization_node_bag2.launch.py
-- Installing: /home/g2909/WUTA1/WUTA-FSD/ros2_ws/install/robot_localization/share/robot_localization/test/test_ekf_localization_node_bag3.sh
-- Installing: /home/g2909/WUTA1/WUTA-FSD/ros2_ws/install/robot_localization/share/robot_localization/test/test_ukf_localization_node_bag3.sh
-- Installing: /home/g2909/WUTA1/WUTA-FSD/ros2_ws/install/robot_localization/share/robot_localization/test/test_ekf_localization_node_bag2.sh
-- Installing: /home/g2909/WUTA1/WUTA-FSD/ros2_ws/install/robot_localization/share/robot_localization/test/test_filter_base_diagnostics_timestamps.yaml
-- Installing: /home/g2909/WUTA1/WUTA-FSD/ros2_ws/install/robot_localization/share/robot_localization/test/test_ekf_localization_node_bag1.yaml
-- Installing: /home/g2909/WUTA1/WUTA-FSD/ros2_ws/install/robot_localization/share/robot_localization/test/test_ekf_localization_node_bag1.sh
-- Installing: /home/g2909/WUTA1/WUTA-FSD/ros2_ws/install/robot_localization/share/robot_localization/test/test_ros_robot_localization_listener.yaml
-- Installing: /home/g2909/WUTA1/WUTA-FSD/ros2_ws/install/robot_localization/share/robot_localization/test/test_ukf_localization_node_bag2.launch.py
-- Installing: /home/g2909/WUTA1/WUTA-FSD/ros2_ws/install/robot_localization/share/robot_localization/test/test_ukf_localization_node_bag3.launch.py
-- Installing: /home/g2909/WUTA1/WUTA-FSD/ros2_ws/install/robot_localization/share/robot_localization/test/test_robot_localization_estimator.cpp
-- Installing: /home/g2909/WUTA1/WUTA-FSD/ros2_ws/install/robot_localization/share/robot_localization/test/test_ukf_localization_node_interfaces.yaml
-- Installing: /home/g2909/WUTA1/WUTA-FSD/ros2_ws/install/robot_localization/share/robot_localization/test/test_localization_node_bag_pose_tester.cpp
-- Installing: /home/g2909/WUTA1/WUTA-FSD/ros2_ws/install/robot_localization/share/robot_localization/test/test_ros_robot_localization_listener.launch.py
-- Installing: /home/g2909/WUTA1/WUTA-FSD/ros2_ws/install/robot_localization/share/robot_localization/test/test_ekf_localization_node_bag3.launch.py
-- Installing: /home/g2909/WUTA1/WUTA-FSD/ros2_ws/install/robot_localization/share/robot_localization/test/test_navsat_conversions.cpp
-- Installing: /home/g2909/WUTA1/WUTA-FSD/ros2_ws/install/robot_localization/share/robot_localization/test/test_ukf.cpp
-- Installing: /home/g2909/WUTA1/WUTA-FSD/ros2_ws/install/robot_localization/share/robot_localization/test/test3.bag
-- Installing: /home/g2909/WUTA1/WUTA-FSD/ros2_ws/install/robot_localization/share/robot_localization/test/test_ros_robot_localization_listener.cpp
-- Installing: /home/g2909/WUTA1/WUTA-FSD/ros2_ws/install/robot_localization/share/robot_localization/test/test_ekf_localization_node_bag3.yaml
-- Installing: /home/g2909/WUTA1/WUTA-FSD/ros2_ws/install/robot_localization/share/robot_localization/test/test_ukf_localization_node_bag3.yaml
-- Installing: /home/g2909/WUTA1/WUTA-FSD/ros2_ws/install/robot_localization/share/robot_localization/test/test_ukf_localization_node_bag1.yaml
-- Installing: /home/g2909/WUTA1/WUTA-FSD/ros2_ws/install/robot_localization/share/robot_localization/test/test_ekf_localization_node_interfaces.yaml
-- Installing: /home/g2909/WUTA1/WUTA-FSD/ros2_ws/install/robot_localization/share/robot_localization/test/test_ukf_localization_node_bag1.launch.py
-- Installing: /home/g2909/WUTA1/WUTA-FSD/ros2_ws/install/robot_localization/share/robot_localization/test/test_filter_base_diagnostics_timestamps.launch.py
-- Installing: /home/g2909/WUTA1/WUTA-FSD/ros2_ws/install/robot_localization/share/robot_localization/test/test1.bag
-- Installing: /home/g2909/WUTA1/WUTA-FSD/ros2_ws/install/robot_localization/share/robot_localization/test/test_ekf_localization_node_interfaces.cpp
-- Installing: /home/g2909/WUTA1/WUTA-FSD/ros2_ws/install/robot_localization/share/robot_localization/test/test2.bag
-- Installing: /home/g2909/WUTA1/WUTA-FSD/ros2_ws/install/robot_localization/share/robot_localization/test/test_robot_localization_estimator.launch.py
-- Installing: /home/g2909/WUTA1/WUTA-FSD/ros2_ws/install/robot_localization/share/robot_localization/test/test_ukf_localization_node_bag2.sh
-- Up-to-date: /home/g2909/WUTA1/WUTA-FSD/ros2_ws/install/robot_localization/include/robot_localization
-- Up-to-date: /home/g2909/WUTA1/WUTA-FSD/ros2_ws/install/robot_localization/include/robot_localization/robot_localization
-- Installing: /home/g2909/WUTA1/WUTA-FSD/ros2_ws/install/robot_localization/include/robot_localization/robot_localization/ekf.hpp
-- Installing: /home/g2909/WUTA1/WUTA-FSD/ros2_ws/install/robot_localization/include/robot_localization/robot_localization/filter_common.hpp
-- Installing: /home/g2909/WUTA1/WUTA-FSD/ros2_ws/install/robot_localization/include/robot_localization/robot_localization/robot_localization_estimator.hpp
-- Installing: /home/g2909/WUTA1/WUTA-FSD/ros2_ws/install/robot_localization/include/robot_localization/robot_localization/ros_filter_utilities.hpp
-- Installing: /home/g2909/WUTA1/WUTA-FSD/ros2_ws/install/robot_localization/include/robot_localization/robot_localization/filter_state.hpp
-- Installing: /home/g2909/WUTA1/WUTA-FSD/ros2_ws/install/robot_localization/include/robot_localization/robot_localization/filter_base.hpp
-- Installing: /home/g2909/WUTA1/WUTA-FSD/ros2_ws/install/robot_localization/include/robot_localization/robot_localization/navsat_conversions.hpp
-- Installing: /home/g2909/WUTA1/WUTA-FSD/ros2_ws/install/robot_localization/include/robot_localization/robot_localization/ros_filter.hpp
-- Installing: /home/g2909/WUTA1/WUTA-FSD/ros2_ws/install/robot_localization/include/robot_localization/robot_localization/filter_utilities.hpp
-- Installing: /home/g2909/WUTA1/WUTA-FSD/ros2_ws/install/robot_localization/include/robot_localization/robot_localization/ros_filter_types.hpp
-- Installing: /home/g2909/WUTA1/WUTA-FSD/ros2_ws/install/robot_localization/include/robot_localization/robot_localization/ukf.hpp
-- Installing: /home/g2909/WUTA1/WUTA-FSD/ros2_ws/install/robot_localization/include/robot_localization/robot_localization/measurement.hpp
-- Installing: /home/g2909/WUTA1/WUTA-FSD/ros2_ws/install/robot_localization/include/robot_localization/robot_localization/ros_robot_localization_listener.hpp
-- Installing: /home/g2909/WUTA1/WUTA-FSD/ros2_ws/install/robot_localization/include/robot_localization/robot_localization/navsat_transform.hpp
-- Installing: /home/g2909/WUTA1/WUTA-FSD/ros2_ws/install/robot_localization/share/robot_localization/params
-- Installing: /home/g2909/WUTA1/WUTA-FSD/ros2_ws/install/robot_localization/share/robot_localization/params/dual_ekf_navsat_example.yaml
-- Installing: /home/g2909/WUTA1/WUTA-FSD/ros2_ws/install/robot_localization/share/robot_localization/params/ekf.yaml
-- Installing: /home/g2909/WUTA1/WUTA-FSD/ros2_ws/install/robot_localization/share/robot_localization/params/ukf.yaml
-- Installing: /home/g2909/WUTA1/WUTA-FSD/ros2_ws/install/robot_localization/share/robot_localization/params/navsat_transform.yaml
-- Installing: /home/g2909/WUTA1/WUTA-FSD/ros2_ws/install/robot_localization/share/robot_localization/launch
-- Installing: /home/g2909/WUTA1/WUTA-FSD/ros2_ws/install/robot_localization/share/robot_localization/launch/ukf.launch.py
-- Installing: /home/g2909/WUTA1/WUTA-FSD/ros2_ws/install/robot_localization/share/robot_localization/launch/navsat_transform.launch.py
-- Installing: /home/g2909/WUTA1/WUTA-FSD/ros2_ws/install/robot_localization/share/robot_localization/launch/dual_ekf_navsat_example.launch.py
-- Installing: /home/g2909/WUTA1/WUTA-FSD/ros2_ws/install/robot_localization/share/robot_localization/launch/ekf.launch.py
-- Installing: /home/g2909/WUTA1/WUTA-FSD/ros2_ws/install/robot_localization/share/robot_localization/cmake/export_robot_localization__rosidl_generator_cExport.cmake
-- Installing: /home/g2909/WUTA1/WUTA-FSD/ros2_ws/install/robot_localization/share/robot_localization/cmake/export_robot_localization__rosidl_generator_cExport-relwithdebinfo.cmake
-- Installing: /home/g2909/WUTA1/WUTA-FSD/ros2_ws/install/robot_localization/share/robot_localization/cmake/export_robot_localization__rosidl_typesupport_fastrtps_cExport.cmake
-- Installing: /home/g2909/WUTA1/WUTA-FSD/ros2_ws/install/robot_localization/share/robot_localization/cmake/export_robot_localization__rosidl_typesupport_fastrtps_cExport-relwithdebinfo.cmake
-- Installing: /home/g2909/WUTA1/WUTA-FSD/ros2_ws/install/robot_localization/share/robot_localization/cmake/export_robot_localization__rosidl_generator_cppExport.cmake
-- Installing: /home/g2909/WUTA1/WUTA-FSD/ros2_ws/install/robot_localization/share/robot_localization/cmake/export_robot_localization__rosidl_typesupport_fastrtps_cppExport.cmake
-- Installing: /home/g2909/WUTA1/WUTA-FSD/ros2_ws/install/robot_localization/share/robot_localization/cmake/export_robot_localization__rosidl_typesupport_fastrtps_cppExport-relwithdebinfo.cmake
-- Installing: /home/g2909/WUTA1/WUTA-FSD/ros2_ws/install/robot_localization/share/robot_localization/cmake/robot_localization__rosidl_typesupport_introspection_cExport.cmake
-- Installing: /home/g2909/WUTA1/WUTA-FSD/ros2_ws/install/robot_localization/share/robot_localization/cmake/robot_localization__rosidl_typesupport_introspection_cExport-relwithdebinfo.cmake
-- Installing: /home/g2909/WUTA1/WUTA-FSD/ros2_ws/install/robot_localization/share/robot_localization/cmake/robot_localization__rosidl_typesupport_cExport.cmake
-- Installing: /home/g2909/WUTA1/WUTA-FSD/ros2_ws/install/robot_localization/share/robot_localization/cmake/robot_localization__rosidl_typesupport_cExport-relwithdebinfo.cmake
-- Installing: /home/g2909/WUTA1/WUTA-FSD/ros2_ws/install/robot_localization/share/robot_localization/cmake/robot_localization__rosidl_typesupport_introspection_cppExport.cmake
-- Installing: /home/g2909/WUTA1/WUTA-FSD/ros2_ws/install/robot_localization/share/robot_localization/cmake/robot_localization__rosidl_typesupport_introspection_cppExport-relwithdebinfo.cmake
-- Installing: /home/g2909/WUTA1/WUTA-FSD/ros2_ws/install/robot_localization/share/robot_localization/cmake/robot_localization__rosidl_typesupport_cppExport.cmake
-- Installing: /home/g2909/WUTA1/WUTA-FSD/ros2_ws/install/robot_localization/share/robot_localization/cmake/robot_localization__rosidl_typesupport_cppExport-relwithdebinfo.cmake
-- Installing: /home/g2909/WUTA1/WUTA-FSD/ros2_ws/install/robot_localization/share/robot_localization/cmake/export_robot_localization__rosidl_generator_pyExport.cmake
-- Installing: /home/g2909/WUTA1/WUTA-FSD/ros2_ws/install/robot_localization/share/robot_localization/cmake/export_robot_localization__rosidl_generator_pyExport-relwithdebinfo.cmake
