[0.009s] Invoking command in '/home/g2909/WUTA1/WUTA-FSD/ros2_ws/build/robot_localization': CMAKE_PREFIX_PATH=/opt/ros/humble /home/g2909/.local/bin/cmake --build /home/g2909/WUTA1/WUTA-FSD/ros2_ws/build/robot_localization -- -j16 -l16
[0.071s] [  1%] Built target robot_localization__rs
[0.080s] [  8%] Built target robot_localization__rosidl_generator_c
[0.082s] [  9%] Built target robot_localization__cpp
[0.083s] [  9%] Built target ament_cmake_python_symlink_robot_localization
[0.083s] [ 11%] Built target gtest_main
[0.085s] [ 13%] Built target gtest
[0.101s] [ 20%] Built target robot_localization__rosidl_typesupport_c
[0.110s] [ 34%] Built target robot_localization__rosidl_typesupport_introspection_cpp
[0.110s] [ 34%] Built target robot_localization__rosidl_typesupport_introspection_c
[0.113s] [ 41%] Built target robot_localization__rosidl_typesupport_cpp
[0.115s] [ 48%] Built target robot_localization__rosidl_typesupport_fastrtps_c
[0.134s] [ 55%] Built target robot_localization__rosidl_typesupport_fastrtps_cpp
[0.145s] [ 55%] Built target robot_localization
[0.156s] [ 64%] Built target rl_lib
[0.160s] [ 65%] Built target robot_localization__py
[0.198s] [ 66%] Built target ekf_node
[0.202s] [ 67%] Built target navsat_transform_node
[0.203s] [ 69%] Built target ukf_node
[0.203s] [ 71%] Built target robot_localization_listener_node
[0.205s] [ 73%] Built target filter_base-test
[0.206s] [ 75%] Built target test_ukf
[0.206s] [ 77%] Built target test_ekf
[0.209s] [ 79%] Built target test_navsat_conversions
[0.209s] [ 81%] Built target test_robot_localization_estimator
[0.236s] [ 83%] Built target test_ros_robot_localization_listener
[0.236s] [ 88%] Built target robot_localization__rosidl_generator_py
[0.239s] [ 90%] Built target test_filter_base_diagnostics_timestamps
[0.242s] [ 92%] Built target test_ukf_localization_node_interfaces
[0.242s] [ 94%] Built target test_ros_robot_localization_listener_publisher
[0.243s] [ 95%] Built target test_ekf_localization_node_interfaces
[0.249s] [ 97%] Built target robot_localization__rosidl_typesupport_fastrtps_c__pyext
[0.250s] [ 99%] Built target robot_localization__rosidl_typesupport_c__pyext
[0.250s] [100%] Built target robot_localization__rosidl_typesupport_introspection_c__pyext
[0.284s] running egg_info
[0.286s] writing robot_localization.egg-info/PKG-INFO
[0.286s] writing dependency_links to robot_localization.egg-info/dependency_links.txt
[0.350s] writing top-level names to robot_localization.egg-info/top_level.txt
[0.351s] reading manifest file 'robot_localization.egg-info/SOURCES.txt'
[0.351s] writing manifest file 'robot_localization.egg-info/SOURCES.txt'
[0.351s] [100%] Built target ament_cmake_python_build_robot_localization_egg
[0.351s] Invoked command in '/home/g2909/WUTA1/WUTA-FSD/ros2_ws/build/robot_localization' returned '0': CMAKE_PREFIX_PATH=/opt/ros/humble /home/g2909/.local/bin/cmake --build /home/g2909/WUTA1/WUTA-FSD/ros2_ws/build/robot_localization -- -j16 -l16
[0.354s] Invoking command in '/home/g2909/WUTA1/WUTA-FSD/ros2_ws/build/robot_localization': CMAKE_PREFIX_PATH=/opt/ros/humble /home/g2909/.local/bin/cmake --install /home/g2909/WUTA1/WUTA-FSD/ros2_ws/build/robot_localization
[0.424s] -- Install configuration: "RelWithDebInfo"
[0.425s] -- Execute custom install script
[0.427s] -- Symlinking: /home/g2909/WUTA1/WUTA-FSD/ros2_ws/install/robot_localization/share/ament_index/resource_index/rosidl_interfaces/robot_localization
[0.429s] -- Symlinking: /home/g2909/WUTA1/WUTA-FSD/ros2_ws/install/robot_localization/include/robot_localization/robot_localization/msg/rosidl_generator_c__visibility_control.h
[0.437s] -- Symlinking: /home/g2909/WUTA1/WUTA-FSD/ros2_ws/install/robot_localization/include/robot_localization/robot_localization/srv/detail/from_ll__functions.h
[0.439s] -- Symlinking: /home/g2909/WUTA1/WUTA-FSD/ros2_ws/install/robot_localization/include/robot_localization/robot_localization/srv/detail/from_ll__struct.h
[0.440s] -- Symlinking: /home/g2909/WUTA1/WUTA-FSD/ros2_ws/install/robot_localization/include/robot_localization/robot_localization/srv/detail/from_ll__type_support.h
[0.440s] -- Symlinking: /home/g2909/WUTA1/WUTA-FSD/ros2_ws/install/robot_localization/include/robot_localization/robot_localization/srv/detail/get_state__functions.h
[0.441s] -- Symlinking: /home/g2909/WUTA1/WUTA-FSD/ros2_ws/install/robot_localization/include/robot_localization/robot_localization/srv/detail/get_state__struct.h
[0.446s] -- Symlinking: /home/g2909/WUTA1/WUTA-FSD/ros2_ws/install/robot_localization/include/robot_localization/robot_localization/srv/detail/get_state__type_support.h
[0.451s] -- Symlinking: /home/g2909/WUTA1/WUTA-FSD/ros2_ws/install/robot_localization/include/robot_localization/robot_localization/srv/detail/set_datum__functions.h
[0.456s] -- Symlinking: /home/g2909/WUTA1/WUTA-FSD/ros2_ws/install/robot_localization/include/robot_localization/robot_localization/srv/detail/set_datum__struct.h
[0.484s] -- Symlinking: /home/g2909/WUTA1/WUTA-FSD/ros2_ws/install/robot_localization/include/robot_localization/robot_localization/srv/detail/set_datum__type_support.h
[0.484s] -- Symlinking: /home/g2909/WUTA1/WUTA-FSD/ros2_ws/install/robot_localization/include/robot_localization/robot_localization/srv/detail/set_pose__functions.h
[0.484s] -- Symlinking: /home/g2909/WUTA1/WUTA-FSD/ros2_ws/install/robot_localization/include/robot_localization/robot_localization/srv/detail/set_pose__struct.h
[0.484s] -- Symlinking: /home/g2909/WUTA1/WUTA-FSD/ros2_ws/install/robot_localization/include/robot_localization/robot_localization/srv/detail/set_pose__type_support.h
[0.484s] -- Symlinking: /home/g2909/WUTA1/WUTA-FSD/ros2_ws/install/robot_localization/include/robot_localization/robot_localization/srv/detail/to_ll__functions.h
[0.484s] -- Symlinking: /home/g2909/WUTA1/WUTA-FSD/ros2_ws/install/robot_localization/include/robot_localization/robot_localization/srv/detail/to_ll__struct.h
[0.548s] -- Symlinking: /home/g2909/WUTA1/WUTA-FSD/ros2_ws/install/robot_localization/include/robot_localization/robot_localization/srv/detail/to_ll__type_support.h
[0.549s] -- Symlinking: /home/g2909/WUTA1/WUTA-FSD/ros2_ws/install/robot_localization/include/robot_localization/robot_localization/srv/detail/toggle_filter_processing__functions.h
[0.549s] -- Symlinking: /home/g2909/WUTA1/WUTA-FSD/ros2_ws/install/robot_localization/include/robot_localization/robot_localization/srv/detail/toggle_filter_processing__struct.h
[0.549s] -- Symlinking: /home/g2909/WUTA1/WUTA-FSD/ros2_ws/install/robot_localization/include/robot_localization/robot_localization/srv/detail/toggle_filter_processing__type_support.h
[0.554s] -- Symlinking: /home/g2909/WUTA1/WUTA-FSD/ros2_ws/install/robot_localization/include/robot_localization/robot_localization/srv/from_ll.h
[0.554s] -- Symlinking: /home/g2909/WUTA1/WUTA-FSD/ros2_ws/install/robot_localization/include/robot_localization/robot_localization/srv/get_state.h
[0.554s] -- Symlinking: /home/g2909/WUTA1/WUTA-FSD/ros2_ws/install/robot_localization/include/robot_localization/robot_localization/srv/set_datum.h
[0.554s] -- Symlinking: /home/g2909/WUTA1/WUTA-FSD/ros2_ws/install/robot_localization/include/robot_localization/robot_localization/srv/set_pose.h
[0.555s] -- Symlinking: /home/g2909/WUTA1/WUTA-FSD/ros2_ws/install/robot_localization/include/robot_localization/robot_localization/srv/to_ll.h
[0.555s] -- Symlinking: /home/g2909/WUTA1/WUTA-FSD/ros2_ws/install/robot_localization/include/robot_localization/robot_localization/srv/toggle_filter_processing.h
[0.555s] -- Symlinking: /home/g2909/WUTA1/WUTA-FSD/ros2_ws/install/robot_localization/share/robot_localization/environment/library_path.sh
[0.555s] -- Symlinking: /home/g2909/WUTA1/WUTA-FSD/ros2_ws/install/robot_localization/share/robot_localization/environment/library_path.dsv
[0.555s] -- Symlinking: /home/g2909/WUTA1/WUTA-FSD/ros2_ws/install/robot_localization/include/robot_localization/robot_localization/msg/rosidl_typesupport_fastrtps_c__visibility_control.h
[0.555s] -- Symlinking: /home/g2909/WUTA1/WUTA-FSD/ros2_ws/install/robot_localization/include/robot_localization/robot_localization/srv/detail/from_ll__rosidl_typesupport_fastrtps_c.h
[0.555s] -- Symlinking: /home/g2909/WUTA1/WUTA-FSD/ros2_ws/install/robot_localization/include/robot_localization/robot_localization/srv/detail/get_state__rosidl_typesupport_fastrtps_c.h
[0.556s] -- Symlinking: /home/g2909/WUTA1/WUTA-FSD/ros2_ws/install/robot_localization/include/robot_localization/robot_localization/srv/detail/set_datum__rosidl_typesupport_fastrtps_c.h
[0.559s] -- Symlinking: /home/g2909/WUTA1/WUTA-FSD/ros2_ws/install/robot_localization/include/robot_localization/robot_localization/srv/detail/set_pose__rosidl_typesupport_fastrtps_c.h
[0.565s] -- Symlinking: /home/g2909/WUTA1/WUTA-FSD/ros2_ws/install/robot_localization/include/robot_localization/robot_localization/srv/detail/to_ll__rosidl_typesupport_fastrtps_c.h
[0.568s] -- Symlinking: /home/g2909/WUTA1/WUTA-FSD/ros2_ws/install/robot_localization/include/robot_localization/robot_localization/srv/detail/toggle_filter_processing__rosidl_typesupport_fastrtps_c.h
[0.573s] -- Symlinking: /home/g2909/WUTA1/WUTA-FSD/ros2_ws/install/robot_localization/include/robot_localization/robot_localization/msg/rosidl_generator_cpp__visibility_control.hpp
[0.577s] -- Symlinking: /home/g2909/WUTA1/WUTA-FSD/ros2_ws/install/robot_localization/include/robot_localization/robot_localization/srv/detail/from_ll__builder.hpp
[0.581s] -- Symlinking: /home/g2909/WUTA1/WUTA-FSD/ros2_ws/install/robot_localization/include/robot_localization/robot_localization/srv/detail/from_ll__struct.hpp
[0.585s] -- Symlinking: /home/g2909/WUTA1/WUTA-FSD/ros2_ws/install/robot_localization/include/robot_localization/robot_localization/srv/detail/from_ll__traits.hpp
[0.590s] -- Symlinking: /home/g2909/WUTA1/WUTA-FSD/ros2_ws/install/robot_localization/include/robot_localization/robot_localization/srv/detail/from_ll__type_support.hpp
[0.594s] -- Symlinking: /home/g2909/WUTA1/WUTA-FSD/ros2_ws/install/robot_localization/include/robot_localization/robot_localization/srv/detail/get_state__builder.hpp
[0.598s] -- Symlinking: /home/g2909/WUTA1/WUTA-FSD/ros2_ws/install/robot_localization/include/robot_localization/robot_localization/srv/detail/get_state__struct.hpp
[0.602s] -- Symlinking: /home/g2909/WUTA1/WUTA-FSD/ros2_ws/install/robot_localization/include/robot_localization/robot_localization/srv/detail/get_state__traits.hpp
[0.606s] -- Symlinking: /home/g2909/WUTA1/WUTA-FSD/ros2_ws/install/robot_localization/include/robot_localization/robot_localization/srv/detail/get_state__type_support.hpp
[0.610s] -- Symlinking: /home/g2909/WUTA1/WUTA-FSD/ros2_ws/install/robot_localization/include/robot_localization/robot_localization/srv/detail/set_datum__builder.hpp
[0.614s] -- Symlinking: /home/g2909/WUTA1/WUTA-FSD/ros2_ws/install/robot_localization/include/robot_localization/robot_localization/srv/detail/set_datum__struct.hpp
[0.618s] -- Symlinking: /home/g2909/WUTA1/WUTA-FSD/ros2_ws/install/robot_localization/include/robot_localization/robot_localization/srv/detail/set_datum__traits.hpp
[0.622s] -- Symlinking: /home/g2909/WUTA1/WUTA-FSD/ros2_ws/install/robot_localization/include/robot_localization/robot_localization/srv/detail/set_datum__type_support.hpp
[0.625s] -- Symlinking: /home/g2909/WUTA1/WUTA-FSD/ros2_ws/install/robot_localization/include/robot_localization/robot_localization/srv/detail/set_pose__builder.hpp
[0.630s] -- Symlinking: /home/g2909/WUTA1/WUTA-FSD/ros2_ws/install/robot_localization/include/robot_localization/robot_localization/srv/detail/set_pose__struct.hpp
[0.633s] -- Symlinking: /home/g2909/WUTA1/WUTA-FSD/ros2_ws/install/robot_localization/include/robot_localization/robot_localization/srv/detail/set_pose__traits.hpp
[0.638s] -- Symlinking: /home/g2909/WUTA1/WUTA-FSD/ros2_ws/install/robot_localization/include/robot_localization/robot_localization/srv/detail/set_pose__type_support.hpp
[0.641s] -- Symlinking: /home/g2909/WUTA1/WUTA-FSD/ros2_ws/install/robot_localization/include/robot_localization/robot_localization/srv/detail/to_ll__builder.hpp
[0.644s] -- Symlinking: /home/g2909/WUTA1/WUTA-FSD/ros2_ws/install/robot_localization/include/robot_localization/robot_localization/srv/detail/to_ll__struct.hpp
[0.649s] -- Symlinking: /home/g2909/WUTA1/WUTA-FSD/ros2_ws/install/robot_localization/include/robot_localization/robot_localization/srv/detail/to_ll__traits.hpp
[0.655s] -- Symlinking: /home/g2909/WUTA1/WUTA-FSD/ros2_ws/install/robot_localization/include/robot_localization/robot_localization/srv/detail/to_ll__type_support.hpp
[0.659s] -- Symlinking: /home/g2909/WUTA1/WUTA-FSD/ros2_ws/install/robot_localization/include/robot_localization/robot_localization/srv/detail/toggle_filter_processing__builder.hpp
[0.662s] -- Symlinking: /home/g2909/WUTA1/WUTA-FSD/ros2_ws/install/robot_localization/include/robot_localization/robot_localization/srv/detail/toggle_filter_processing__struct.hpp
[0.667s] -- Symlinking: /home/g2909/WUTA1/WUTA-FSD/ros2_ws/install/robot_localization/include/robot_localization/robot_localization/srv/detail/toggle_filter_processing__traits.hpp
[0.673s] -- Symlinking: /home/g2909/WUTA1/WUTA-FSD/ros2_ws/install/robot_localization/include/robot_localization/robot_localization/srv/detail/toggle_filter_processing__type_support.hpp
[0.678s] -- Symlinking: /home/g2909/WUTA1/WUTA-FSD/ros2_ws/install/robot_localization/include/robot_localization/robot_localization/srv/from_ll.hpp
[0.682s] -- Symlinking: /home/g2909/WUTA1/WUTA-FSD/ros2_ws/install/robot_localization/include/robot_localization/robot_localization/srv/get_state.hpp
[0.687s] -- Symlinking: /home/g2909/WUTA1/WUTA-FSD/ros2_ws/install/robot_localization/include/robot_localization/robot_localization/srv/set_datum.hpp
[0.691s] -- Symlinking: /home/g2909/WUTA1/WUTA-FSD/ros2_ws/install/robot_localization/include/robot_localization/robot_localization/srv/set_pose.hpp
[0.695s] -- Symlinking: /home/g2909/WUTA1/WUTA-FSD/ros2_ws/install/robot_localization/include/robot_localization/robot_localization/srv/to_ll.hpp
[0.699s] -- Symlinking: /home/g2909/WUTA1/WUTA-FSD/ros2_ws/install/robot_localization/include/robot_localization/robot_localization/srv/toggle_filter_processing.hpp
[0.704s] -- Symlinking: /home/g2909/WUTA1/WUTA-FSD/ros2_ws/install/robot_localization/include/robot_localization/robot_localization/msg/rosidl_typesupport_fastrtps_cpp__visibility_control.h
[0.708s] -- Symlinking: /home/g2909/WUTA1/WUTA-FSD/ros2_ws/install/robot_localization/include/robot_localization/robot_localization/srv/detail/from_ll__rosidl_typesupport_fastrtps_cpp.hpp
[0.713s] -- Symlinking: /home/g2909/WUTA1/WUTA-FSD/ros2_ws/install/robot_localization/include/robot_localization/robot_localization/srv/detail/get_state__rosidl_typesupport_fastrtps_cpp.hpp
[0.718s] -- Symlinking: /home/g2909/WUTA1/WUTA-FSD/ros2_ws/install/robot_localization/include/robot_localization/robot_localization/srv/detail/set_datum__rosidl_typesupport_fastrtps_cpp.hpp
[0.722s] -- Symlinking: /home/g2909/WUTA1/WUTA-FSD/ros2_ws/install/robot_localization/include/robot_localization/robot_localization/srv/detail/set_pose__rosidl_typesupport_fastrtps_cpp.hpp
[0.725s] -- Symlinking: /home/g2909/WUTA1/WUTA-FSD/ros2_ws/install/robot_localization/include/robot_localization/robot_localization/srv/detail/to_ll__rosidl_typesupport_fastrtps_cpp.hpp
[0.732s] -- Symlinking: /home/g2909/WUTA1/WUTA-FSD/ros2_ws/install/robot_localization/include/robot_localization/robot_localization/srv/detail/toggle_filter_processing__rosidl_typesupport_fastrtps_cpp.hpp
[0.735s] -- Symlinking: /home/g2909/WUTA1/WUTA-FSD/ros2_ws/install/robot_localization/include/robot_localization/robot_localization/msg/rosidl_typesupport_introspection_c__visibility_control.h
[0.737s] -- Symlinking: /home/g2909/WUTA1/WUTA-FSD/ros2_ws/install/robot_localization/include/robot_localization/robot_localization/srv/detail/from_ll__rosidl_typesupport_introspection_c.h
[0.740s] -- Symlinking: /home/g2909/WUTA1/WUTA-FSD/ros2_ws/install/robot_localization/include/robot_localization/robot_localization/srv/detail/get_state__rosidl_typesupport_introspection_c.h
[0.751s] -- Symlinking: /home/g2909/WUTA1/WUTA-FSD/ros2_ws/install/robot_localization/include/robot_localization/robot_localization/srv/detail/set_datum__rosidl_typesupport_introspection_c.h
[0.825s] -- Symlinking: /home/g2909/WUTA1/WUTA-FSD/ros2_ws/install/robot_localization/include/robot_localization/robot_localization/srv/detail/set_pose__rosidl_typesupport_introspection_c.h
[0.825s] -- Symlinking: /home/g2909/WUTA1/WUTA-FSD/ros2_ws/install/robot_localization/include/robot_localization/robot_localization/srv/detail/to_ll__rosidl_typesupport_introspection_c.h
[0.825s] -- Symlinking: /home/g2909/WUTA1/WUTA-FSD/ros2_ws/install/robot_localization/include/robot_localization/robot_localization/srv/detail/toggle_filter_processing__rosidl_typesupport_introspection_c.h
[0.825s] -- Symlinking: /home/g2909/WUTA1/WUTA-FSD/ros2_ws/install/robot_localization/include/robot_localization/robot_localization/srv/detail/from_ll__rosidl_typesupport_introspection_cpp.hpp
[0.825s] -- Symlinking: /home/g2909/WUTA1/WUTA-FSD/ros2_ws/install/robot_localization/include/robot_localization/robot_localization/srv/detail/get_state__rosidl_typesupport_introspection_cpp.hpp
[0.825s] -- Symlinking: /home/g2909/WUTA1/WUTA-FSD/ros2_ws/install/robot_localization/include/robot_localization/robot_localization/srv/detail/set_datum__rosidl_typesupport_introspection_cpp.hpp
[0.825s] -- Symlinking: /home/g2909/WUTA1/WUTA-FSD/ros2_ws/install/robot_localization/include/robot_localization/robot_localization/srv/detail/set_pose__rosidl_typesupport_introspection_cpp.hpp
[0.825s] -- Symlinking: /home/g2909/WUTA1/WUTA-FSD/ros2_ws/install/robot_localization/include/robot_localization/robot_localization/srv/detail/to_ll__rosidl_typesupport_introspection_cpp.hpp
[0.825s] -- Symlinking: /home/g2909/WUTA1/WUTA-FSD/ros2_ws/install/robot_localization/include/robot_localization/robot_localization/srv/detail/toggle_filter_processing__rosidl_typesupport_introspection_cpp.hpp
[0.825s] -- Symlinking: /home/g2909/WUTA1/WUTA-FSD/ros2_ws/install/robot_localization/share/robot_localization/environment/pythonpath.sh
[0.825s] -- Symlinking: /home/g2909/WUTA1/WUTA-FSD/ros2_ws/install/robot_localization/share/robot_localization/environment/pythonpath.dsv
[0.825s] -- Symlinking: /home/g2909/WUTA1/WUTA-FSD/ros2_ws/install/robot_localization/local/lib/python3.10/dist-packages/robot_localization-3.5.4-py3.10.egg-info/PKG-INFO
[0.864s] -- Symlinking: /home/g2909/WUTA1/WUTA-FSD/ros2_ws/install/robot_localization/local/lib/python3.10/dist-packages/robot_localization-3.5.4-py3.10.egg-info/SOURCES.txt
[0.864s] -- Symlinking: /home/g2909/WUTA1/WUTA-FSD/ros2_ws/install/robot_localization/local/lib/python3.10/dist-packages/robot_localization-3.5.4-py3.10.egg-info/dependency_links.txt
[0.864s] -- Symlinking: /home/g2909/WUTA1/WUTA-FSD/ros2_ws/install/robot_localization/local/lib/python3.10/dist-packages/robot_localization-3.5.4-py3.10.egg-info/top_level.txt
[0.864s] -- Symlinking: /home/g2909/WUTA1/WUTA-FSD/ros2_ws/install/robot_localization/local/lib/python3.10/dist-packages/robot_localization/__init__.py
[0.864s] -- Symlinking: /home/g2909/WUTA1/WUTA-FSD/ros2_ws/install/robot_localization/local/lib/python3.10/dist-packages/robot_localization/_robot_localization_s.ep.rosidl_typesupport_c.c
[0.881s] -- Symlinking: /home/g2909/WUTA1/WUTA-FSD/ros2_ws/install/robot_localization/local/lib/python3.10/dist-packages/robot_localization/_robot_localization_s.ep.rosidl_typesupport_fastrtps_c.c
[0.883s] -- Symlinking: /home/g2909/WUTA1/WUTA-FSD/ros2_ws/install/robot_localization/local/lib/python3.10/dist-packages/robot_localization/_robot_localization_s.ep.rosidl_typesupport_introspection_c.c
[0.907s] -- Symlinking: /home/g2909/WUTA1/WUTA-FSD/ros2_ws/install/robot_localization/local/lib/python3.10/dist-packages/robot_localization/librobot_localization__rosidl_generator_py.so
[0.922s] -- Symlinking: /home/g2909/WUTA1/WUTA-FSD/ros2_ws/install/robot_localization/local/lib/python3.10/dist-packages/robot_localization/robot_localization_s__rosidl_typesupport_c.cpython-310-x86_64-linux-gnu.so
[0.954s] -- Symlinking: /home/g2909/WUTA1/WUTA-FSD/ros2_ws/install/robot_localization/local/lib/python3.10/dist-packages/robot_localization/robot_localization_s__rosidl_typesupport_fastrtps_c.cpython-310-x86_64-linux-gnu.so
[0.968s] -- Symlinking: /home/g2909/WUTA1/WUTA-FSD/ros2_ws/install/robot_localization/local/lib/python3.10/dist-packages/robot_localization/robot_localization_s__rosidl_typesupport_introspection_c.cpython-310-x86_64-linux-gnu.so
[0.986s] -- Symlinking: /home/g2909/WUTA1/WUTA-FSD/ros2_ws/install/robot_localization/local/lib/python3.10/dist-packages/robot_localization/srv/__init__.py
[1.005s] -- Symlinking: /home/g2909/WUTA1/WUTA-FSD/ros2_ws/install/robot_localization/local/lib/python3.10/dist-packages/robot_localization/srv/_from_ll.py
[1.015s] -- Symlinking: /home/g2909/WUTA1/WUTA-FSD/ros2_ws/install/robot_localization/local/lib/python3.10/dist-packages/robot_localization/srv/_from_ll_s.c
[1.023s] -- Symlinking: /home/g2909/WUTA1/WUTA-FSD/ros2_ws/install/robot_localization/local/lib/python3.10/dist-packages/robot_localization/srv/_get_state.py
[1.055s] -- Symlinking: /home/g2909/WUTA1/WUTA-FSD/ros2_ws/install/robot_localization/local/lib/python3.10/dist-packages/robot_localization/srv/_get_state_s.c
[1.055s] -- Symlinking: /home/g2909/WUTA1/WUTA-FSD/ros2_ws/install/robot_localization/local/lib/python3.10/dist-packages/robot_localization/srv/_set_datum.py
[1.095s] -- Symlinking: /home/g2909/WUTA1/WUTA-FSD/ros2_ws/install/robot_localization/local/lib/python3.10/dist-packages/robot_localization/srv/_set_datum_s.c
[1.095s] -- Symlinking: /home/g2909/WUTA1/WUTA-FSD/ros2_ws/install/robot_localization/local/lib/python3.10/dist-packages/robot_localization/srv/_set_pose.py
[1.095s] -- Symlinking: /home/g2909/WUTA1/WUTA-FSD/ros2_ws/install/robot_localization/local/lib/python3.10/dist-packages/robot_localization/srv/_set_pose_s.c
[1.096s] -- Symlinking: /home/g2909/WUTA1/WUTA-FSD/ros2_ws/install/robot_localization/local/lib/python3.10/dist-packages/robot_localization/srv/_to_ll.py
[1.100s] -- Symlinking: /home/g2909/WUTA1/WUTA-FSD/ros2_ws/install/robot_localization/local/lib/python3.10/dist-packages/robot_localization/srv/_to_ll_s.c
[1.145s] -- Symlinking: /home/g2909/WUTA1/WUTA-FSD/ros2_ws/install/robot_localization/local/lib/python3.10/dist-packages/robot_localization/srv/_toggle_filter_processing.py
[1.145s] -- Symlinking: /home/g2909/WUTA1/WUTA-FSD/ros2_ws/install/robot_localization/local/lib/python3.10/dist-packages/robot_localization/srv/_toggle_filter_processing_s.c
[1.145s] -- Up-to-date symlink: /home/g2909/WUTA1/WUTA-FSD/ros2_ws/install/robot_localization/local/lib/python3.10/dist-packages/robot_localization/robot_localization_s__rosidl_typesupport_fastrtps_c.cpython-310-x86_64-linux-gnu.so
[1.145s] -- Up-to-date symlink: /home/g2909/WUTA1/WUTA-FSD/ros2_ws/install/robot_localization/local/lib/python3.10/dist-packages/robot_localization/robot_localization_s__rosidl_typesupport_introspection_c.cpython-310-x86_64-linux-gnu.so
[1.145s] -- Up-to-date symlink: /home/g2909/WUTA1/WUTA-FSD/ros2_ws/install/robot_localization/local/lib/python3.10/dist-packages/robot_localization/robot_localization_s__rosidl_typesupport_c.cpython-310-x86_64-linux-gnu.so
[1.145s] -- Symlinking: /home/g2909/WUTA1/WUTA-FSD/ros2_ws/install/robot_localization/share/ament_index/resource_index/rust_packages/robot_localization
[1.185s] -- Symlinking: /home/g2909/WUTA1/WUTA-FSD/ros2_ws/install/robot_localization/share/robot_localization/rust/Cargo.toml
[1.185s] -- Symlinking: /home/g2909/WUTA1/WUTA-FSD/ros2_ws/install/robot_localization/share/robot_localization/rust/build.rs
[1.185s] -- Symlinking: /home/g2909/WUTA1/WUTA-FSD/ros2_ws/install/robot_localization/share/robot_localization/rust/src/lib.rs
[1.185s] -- Symlinking: /home/g2909/WUTA1/WUTA-FSD/ros2_ws/install/robot_localization/share/robot_localization/rust/src/srv.rs
[1.199s] -- Symlinking: /home/g2909/WUTA1/WUTA-FSD/ros2_ws/install/robot_localization/share/robot_localization/rust/src/srv/rmw.rs
[1.201s] -- Symlinking: /home/g2909/WUTA1/WUTA-FSD/ros2_ws/install/robot_localization/share/robot_localization/srv/FromLL.idl
[1.207s] -- Symlinking: /home/g2909/WUTA1/WUTA-FSD/ros2_ws/install/robot_localization/share/robot_localization/srv/GetState.idl
[1.214s] -- Symlinking: /home/g2909/WUTA1/WUTA-FSD/ros2_ws/install/robot_localization/share/robot_localization/srv/SetDatum.idl
[1.221s] -- Symlinking: /home/g2909/WUTA1/WUTA-FSD/ros2_ws/install/robot_localization/share/robot_localization/srv/SetPose.idl
[1.234s] -- Symlinking: /home/g2909/WUTA1/WUTA-FSD/ros2_ws/install/robot_localization/share/robot_localization/srv/ToggleFilterProcessing.idl
[1.249s] -- Symlinking: /home/g2909/WUTA1/WUTA-FSD/ros2_ws/install/robot_localization/share/robot_localization/srv/ToLL.idl
[1.250s] -- Symlinking: /home/g2909/WUTA1/WUTA-FSD/ros2_ws/install/robot_localization/share/robot_localization/srv/FromLL.srv
[1.254s] -- Symlinking: /home/g2909/WUTA1/WUTA-FSD/ros2_ws/install/robot_localization/share/robot_localization/srv/FromLL_Request.msg
[1.271s] -- Symlinking: /home/g2909/WUTA1/WUTA-FSD/ros2_ws/install/robot_localization/share/robot_localization/srv/FromLL_Response.msg
[1.272s] -- Symlinking: /home/g2909/WUTA1/WUTA-FSD/ros2_ws/install/robot_localization/share/robot_localization/srv/GetState.srv
[1.274s] -- Symlinking: /home/g2909/WUTA1/WUTA-FSD/ros2_ws/install/robot_localization/share/robot_localization/srv/GetState_Request.msg
[1.282s] -- Symlinking: /home/g2909/WUTA1/WUTA-FSD/ros2_ws/install/robot_localization/share/robot_localization/srv/GetState_Response.msg
[1.292s] -- Symlinking: /home/g2909/WUTA1/WUTA-FSD/ros2_ws/install/robot_localization/share/robot_localization/srv/SetDatum.srv
[1.296s] -- Symlinking: /home/g2909/WUTA1/WUTA-FSD/ros2_ws/install/robot_localization/share/robot_localization/srv/SetDatum_Request.msg
[1.303s] -- Symlinking: /home/g2909/WUTA1/WUTA-FSD/ros2_ws/install/robot_localization/share/robot_localization/srv/SetDatum_Response.msg
[1.313s] -- Symlinking: /home/g2909/WUTA1/WUTA-FSD/ros2_ws/install/robot_localization/share/robot_localization/srv/SetPose.srv
[1.322s] -- Symlinking: /home/g2909/WUTA1/WUTA-FSD/ros2_ws/install/robot_localization/share/robot_localization/srv/SetPose_Request.msg
[1.333s] -- Symlinking: /home/g2909/WUTA1/WUTA-FSD/ros2_ws/install/robot_localization/share/robot_localization/srv/SetPose_Response.msg
[1.343s] -- Symlinking: /home/g2909/WUTA1/WUTA-FSD/ros2_ws/install/robot_localization/share/robot_localization/srv/ToggleFilterProcessing.srv
[1.349s] -- Symlinking: /home/g2909/WUTA1/WUTA-FSD/ros2_ws/install/robot_localization/share/robot_localization/srv/ToggleFilterProcessing_Request.msg
[1.358s] -- Symlinking: /home/g2909/WUTA1/WUTA-FSD/ros2_ws/install/robot_localization/share/robot_localization/srv/ToggleFilterProcessing_Response.msg
[1.364s] -- Symlinking: /home/g2909/WUTA1/WUTA-FSD/ros2_ws/install/robot_localization/share/robot_localization/srv/ToLL.srv
[1.376s] -- Symlinking: /home/g2909/WUTA1/WUTA-FSD/ros2_ws/install/robot_localization/share/robot_localization/srv/ToLL_Request.msg
[1.385s] -- Symlinking: /home/g2909/WUTA1/WUTA-FSD/ros2_ws/install/robot_localization/share/robot_localization/srv/ToLL_Response.msg
[1.397s] -- Symlinking: /home/g2909/WUTA1/WUTA-FSD/ros2_ws/install/robot_localization/lib/robot_localization/filter_base-test
[1.407s] -- Symlinking: /home/g2909/WUTA1/WUTA-FSD/ros2_ws/install/robot_localization/lib/robot_localization/test_filter_base_diagnostics_timestamps
[1.419s] -- Symlinking: /home/g2909/WUTA1/WUTA-FSD/ros2_ws/install/robot_localization/lib/robot_localization/test_ekf
[1.440s] -- Symlinking: /home/g2909/WUTA1/WUTA-FSD/ros2_ws/install/robot_localization/lib/robot_localization/test_ekf_localization_node_interfaces
[1.443s] -- Symlinking: /home/g2909/WUTA1/WUTA-FSD/ros2_ws/install/robot_localization/lib/robot_localization/test_ukf
[1.449s] -- Symlinking: /home/g2909/WUTA1/WUTA-FSD/ros2_ws/install/robot_localization/lib/robot_localization/test_ukf_localization_node_interfaces
[1.464s] -- Symlinking: /home/g2909/WUTA1/WUTA-FSD/ros2_ws/install/robot_localization/lib/robot_localization/test_robot_localization_estimator
[1.470s] -- Symlinking: /home/g2909/WUTA1/WUTA-FSD/ros2_ws/install/robot_localization/lib/robot_localization/test_navsat_conversions
[1.483s] -- Symlinking: /home/g2909/WUTA1/WUTA-FSD/ros2_ws/install/robot_localization/lib/robot_localization/test_ros_robot_localization_listener
[1.497s] -- Symlinking: /home/g2909/WUTA1/WUTA-FSD/ros2_ws/install/robot_localization/lib/robot_localization/test_ros_robot_localization_listener_publisher
[1.505s] -- Symlinking: /home/g2909/WUTA1/WUTA-FSD/ros2_ws/install/robot_localization/lib/robot_localization/navsat_transform_node
[1.513s] -- Symlinking: /home/g2909/WUTA1/WUTA-FSD/ros2_ws/install/robot_localization/lib/robot_localization/ekf_node
[1.527s] -- Symlinking: /home/g2909/WUTA1/WUTA-FSD/ros2_ws/install/robot_localization/lib/robot_localization/ukf_node
[1.540s] -- Symlinking: /home/g2909/WUTA1/WUTA-FSD/ros2_ws/install/robot_localization/lib/robot_localization/robot_localization_listener_node
[1.542s] -- Symlinking: /home/g2909/WUTA1/WUTA-FSD/ros2_ws/install/robot_localization/lib/librl_lib.so
[1.550s] -- Symlinking: /home/g2909/WUTA1/WUTA-FSD/ros2_ws/install/robot_localization/share/ament_index/resource_index/package_run_dependencies/robot_localization
[1.566s] -- Symlinking: /home/g2909/WUTA1/WUTA-FSD/ros2_ws/install/robot_localization/share/ament_index/resource_index/parent_prefix_path/robot_localization
[1.579s] -- Symlinking: /home/g2909/WUTA1/WUTA-FSD/ros2_ws/install/robot_localization/share/robot_localization/environment/ament_prefix_path.sh
[1.584s] -- Symlinking: /home/g2909/WUTA1/WUTA-FSD/ros2_ws/install/robot_localization/share/robot_localization/environment/ament_prefix_path.dsv
[1.600s] -- Symlinking: /home/g2909/WUTA1/WUTA-FSD/ros2_ws/install/robot_localization/share/robot_localization/environment/path.sh
[1.606s] -- Symlinking: /home/g2909/WUTA1/WUTA-FSD/ros2_ws/install/robot_localization/share/robot_localization/environment/path.dsv
[1.620s] -- Symlinking: /home/g2909/WUTA1/WUTA-FSD/ros2_ws/install/robot_localization/share/robot_localization/local_setup.bash
[1.626s] -- Symlinking: /home/g2909/WUTA1/WUTA-FSD/ros2_ws/install/robot_localization/share/robot_localization/local_setup.sh
[1.635s] -- Symlinking: /home/g2909/WUTA1/WUTA-FSD/ros2_ws/install/robot_localization/share/robot_localization/local_setup.zsh
[1.644s] -- Symlinking: /home/g2909/WUTA1/WUTA-FSD/ros2_ws/install/robot_localization/share/robot_localization/local_setup.dsv
[1.656s] -- Symlinking: /home/g2909/WUTA1/WUTA-FSD/ros2_ws/install/robot_localization/share/robot_localization/package.dsv
[1.661s] -- Symlinking: /home/g2909/WUTA1/WUTA-FSD/ros2_ws/install/robot_localization/share/ament_index/resource_index/packages/robot_localization
[1.675s] -- Symlinking: /home/g2909/WUTA1/WUTA-FSD/ros2_ws/install/robot_localization/share/robot_localization/cmake/rosidl_cmake-extras.cmake
[1.680s] -- Symlinking: /home/g2909/WUTA1/WUTA-FSD/ros2_ws/install/robot_localization/share/robot_localization/cmake/ament_cmake_export_dependencies-extras.cmake
[1.687s] -- Symlinking: /home/g2909/WUTA1/WUTA-FSD/ros2_ws/install/robot_localization/share/robot_localization/cmake/ament_cmake_export_include_directories-extras.cmake
[1.712s] -- Symlinking: /home/g2909/WUTA1/WUTA-FSD/ros2_ws/install/robot_localization/share/robot_localization/cmake/ament_cmake_export_libraries-extras.cmake
[1.717s] -- Symlinking: /home/g2909/WUTA1/WUTA-FSD/ros2_ws/install/robot_localization/share/robot_localization/cmake/ament_cmake_export_targets-extras.cmake
[1.717s] -- Symlinking: /home/g2909/WUTA1/WUTA-FSD/ros2_ws/install/robot_localization/share/robot_localization/cmake/rosidl_cmake_export_typesupport_targets-extras.cmake
[1.729s] -- Symlinking: /home/g2909/WUTA1/WUTA-FSD/ros2_ws/install/robot_localization/share/robot_localization/cmake/rosidl_cmake_export_typesupport_libraries-extras.cmake
[1.750s] -- Symlinking: /home/g2909/WUTA1/WUTA-FSD/ros2_ws/install/robot_localization/share/robot_localization/cmake/rosidl_cmake_aggregate_target-extras.cmake
[1.764s] -- Symlinking: /home/g2909/WUTA1/WUTA-FSD/ros2_ws/install/robot_localization/share/robot_localization/cmake/robot_localizationConfig.cmake
[1.780s] -- Symlinking: /home/g2909/WUTA1/WUTA-FSD/ros2_ws/install/robot_localization/share/robot_localization/cmake/robot_localizationConfig-version.cmake
[1.796s] -- Symlinking: /home/g2909/WUTA1/WUTA-FSD/ros2_ws/install/robot_localization/share/robot_localization/package.xml
[1.808s] -- Installing: /home/g2909/WUTA1/WUTA-FSD/ros2_ws/install/robot_localization/lib/librobot_localization__rosidl_generator_c.so
[1.830s] -- Set non-toolchain portion of runtime path of "/home/g2909/WUTA1/WUTA-FSD/ros2_ws/install/robot_localization/lib/librobot_localization__rosidl_generator_c.so" to ""
[1.830s] -- Installing: /home/g2909/WUTA1/WUTA-FSD/ros2_ws/install/robot_localization/lib/librobot_localization__rosidl_typesupport_fastrtps_c.so
[1.830s] -- Set non-toolchain portion of runtime path of "/home/g2909/WUTA1/WUTA-FSD/ros2_ws/install/robot_localization/lib/librobot_localization__rosidl_typesupport_fastrtps_c.so" to ""
[1.830s] -- Installing: /home/g2909/WUTA1/WUTA-FSD/ros2_ws/install/robot_localization/lib/librobot_localization__rosidl_typesupport_fastrtps_cpp.so
[1.830s] -- Set non-toolchain portion of runtime path of "/home/g2909/WUTA1/WUTA-FSD/ros2_ws/install/robot_localization/lib/librobot_localization__rosidl_typesupport_fastrtps_cpp.so" to ""
[1.830s] -- Installing: /home/g2909/WUTA1/WUTA-FSD/ros2_ws/install/robot_localization/lib/librobot_localization__rosidl_typesupport_introspection_c.so
[1.830s] -- Set non-toolchain portion of runtime path of "/home/g2909/WUTA1/WUTA-FSD/ros2_ws/install/robot_localization/lib/librobot_localization__rosidl_typesupport_introspection_c.so" to ""
[1.830s] -- Installing: /home/g2909/WUTA1/WUTA-FSD/ros2_ws/install/robot_localization/lib/librobot_localization__rosidl_typesupport_c.so
[1.830s] -- Set non-toolchain portion of runtime path of "/home/g2909/WUTA1/WUTA-FSD/ros2_ws/install/robot_localization/lib/librobot_localization__rosidl_typesupport_c.so" to ""
[1.830s] -- Installing: /home/g2909/WUTA1/WUTA-FSD/ros2_ws/install/robot_localization/lib/librobot_localization__rosidl_typesupport_introspection_cpp.so
[1.830s] -- Set non-toolchain portion of runtime path of "/home/g2909/WUTA1/WUTA-FSD/ros2_ws/install/robot_localization/lib/librobot_localization__rosidl_typesupport_introspection_cpp.so" to ""
[1.831s] -- Installing: /home/g2909/WUTA1/WUTA-FSD/ros2_ws/install/robot_localization/lib/librobot_localization__rosidl_typesupport_cpp.so
[1.831s] -- Set non-toolchain portion of runtime path of "/home/g2909/WUTA1/WUTA-FSD/ros2_ws/install/robot_localization/lib/librobot_localization__rosidl_typesupport_cpp.so" to ""
[1.886s] Listing '/home/g2909/WUTA1/WUTA-FSD/ros2_ws/install/robot_localization/local/lib/python3.10/dist-packages/robot_localization'...
[1.886s] Compiling '/home/g2909/WUTA1/WUTA-FSD/ros2_ws/install/robot_localization/local/lib/python3.10/dist-packages/robot_localization/__init__.py'...
[1.886s] Listing '/home/g2909/WUTA1/WUTA-FSD/ros2_ws/install/robot_localization/local/lib/python3.10/dist-packages/robot_localization/srv'...
[1.886s] Compiling '/home/g2909/WUTA1/WUTA-FSD/ros2_ws/install/robot_localization/local/lib/python3.10/dist-packages/robot_localization/srv/__init__.py'...
[1.886s] Compiling '/home/g2909/WUTA1/WUTA-FSD/ros2_ws/install/robot_localization/local/lib/python3.10/dist-packages/robot_localization/srv/_from_ll.py'...
[1.886s] Compiling '/home/g2909/WUTA1/WUTA-FSD/ros2_ws/install/robot_localization/local/lib/python3.10/dist-packages/robot_localization/srv/_get_state.py'...
[1.886s] Compiling '/home/g2909/WUTA1/WUTA-FSD/ros2_ws/install/robot_localization/local/lib/python3.10/dist-packages/robot_localization/srv/_set_datum.py'...
[1.886s] Compiling '/home/g2909/WUTA1/WUTA-FSD/ros2_ws/install/robot_localization/local/lib/python3.10/dist-packages/robot_localization/srv/_set_pose.py'...
[1.886s] Compiling '/home/g2909/WUTA1/WUTA-FSD/ros2_ws/install/robot_localization/local/lib/python3.10/dist-packages/robot_localization/srv/_to_ll.py'...
[1.886s] Compiling '/home/g2909/WUTA1/WUTA-FSD/ros2_ws/install/robot_localization/local/lib/python3.10/dist-packages/robot_localization/srv/_toggle_filter_processing.py'...
[1.892s] -- Installing: /home/g2909/WUTA1/WUTA-FSD/ros2_ws/install/robot_localization/lib/librobot_localization__rosidl_generator_py.so
[1.897s] -- Set non-toolchain portion of runtime path of "/home/g2909/WUTA1/WUTA-FSD/ros2_ws/install/robot_localization/lib/librobot_localization__rosidl_generator_py.so" to ""
[1.897s] -- Installing: /home/g2909/WUTA1/WUTA-FSD/ros2_ws/install/robot_localization/share/robot_localization/test
[1.897s] -- Installing: /home/g2909/WUTA1/WUTA-FSD/ros2_ws/install/robot_localization/share/robot_localization/test/test_ekf_localization_node_bag1.launch.py
[1.897s] -- Installing: /home/g2909/WUTA1/WUTA-FSD/ros2_ws/install/robot_localization/share/robot_localization/test/test_ekf.cpp
[1.897s] -- Installing: /home/g2909/WUTA1/WUTA-FSD/ros2_ws/install/robot_localization/share/robot_localization/test/test_ukf_localization_node_interfaces.cpp
[1.904s] -- Installing: /home/g2909/WUTA1/WUTA-FSD/ros2_ws/install/robot_localization/share/robot_localization/test/test_ekf_localization_node_interfaces.launch.py
[1.908s] -- Installing: /home/g2909/WUTA1/WUTA-FSD/ros2_ws/install/robot_localization/share/robot_localization/test/test_ekf_localization_node_bag2.yaml
[1.908s] -- Installing: /home/g2909/WUTA1/WUTA-FSD/ros2_ws/install/robot_localization/share/robot_localization/test/test_filter_base_diagnostics_timestamps.cpp
[1.908s] -- Installing: /home/g2909/WUTA1/WUTA-FSD/ros2_ws/install/robot_localization/share/robot_localization/test/test_ukf_localization_node_bag1.sh
[1.908s] -- Installing: /home/g2909/WUTA1/WUTA-FSD/ros2_ws/install/robot_localization/share/robot_localization/test/test_ukf_localization_node_bag2.yaml
[1.908s] -- Installing: /home/g2909/WUTA1/WUTA-FSD/ros2_ws/install/robot_localization/share/robot_localization/test/test_ros_robot_localization_listener_publisher.cpp
[1.912s] -- Installing: /home/g2909/WUTA1/WUTA-FSD/ros2_ws/install/robot_localization/share/robot_localization/test/test_filter_base.cpp
[1.912s] -- Installing: /home/g2909/WUTA1/WUTA-FSD/ros2_ws/install/robot_localization/share/robot_localization/test/test_ukf_localization_node_interfaces.launch.py
[1.912s] -- Installing: /home/g2909/WUTA1/WUTA-FSD/ros2_ws/install/robot_localization/share/robot_localization/test/test_ekf_localization_node_bag2.launch.py
[1.912s] -- Installing: /home/g2909/WUTA1/WUTA-FSD/ros2_ws/install/robot_localization/share/robot_localization/test/test_ekf_localization_node_bag3.sh
[1.912s] -- Installing: /home/g2909/WUTA1/WUTA-FSD/ros2_ws/install/robot_localization/share/robot_localization/test/test_ukf_localization_node_bag3.sh
[1.912s] -- Installing: /home/g2909/WUTA1/WUTA-FSD/ros2_ws/install/robot_localization/share/robot_localization/test/test_ekf_localization_node_bag2.sh
[1.912s] -- Installing: /home/g2909/WUTA1/WUTA-FSD/ros2_ws/install/robot_localization/share/robot_localization/test/test_filter_base_diagnostics_timestamps.yaml
[1.912s] -- Installing: /home/g2909/WUTA1/WUTA-FSD/ros2_ws/install/robot_localization/share/robot_localization/test/test_ekf_localization_node_bag1.yaml
[1.912s] -- Installing: /home/g2909/WUTA1/WUTA-FSD/ros2_ws/install/robot_localization/share/robot_localization/test/test_ekf_localization_node_bag1.sh
[1.912s] -- Installing: /home/g2909/WUTA1/WUTA-FSD/ros2_ws/install/robot_localization/share/robot_localization/test/test_ros_robot_localization_listener.yaml
[1.912s] -- Installing: /home/g2909/WUTA1/WUTA-FSD/ros2_ws/install/robot_localization/share/robot_localization/test/test_ukf_localization_node_bag2.launch.py
[1.912s] -- Installing: /home/g2909/WUTA1/WUTA-FSD/ros2_ws/install/robot_localization/share/robot_localization/test/test_ukf_localization_node_bag3.launch.py
[1.912s] -- Installing: /home/g2909/WUTA1/WUTA-FSD/ros2_ws/install/robot_localization/share/robot_localization/test/test_robot_localization_estimator.cpp
[1.912s] -- Installing: /home/g2909/WUTA1/WUTA-FSD/ros2_ws/install/robot_localization/share/robot_localization/test/test_ukf_localization_node_interfaces.yaml
[1.912s] -- Installing: /home/g2909/WUTA1/WUTA-FSD/ros2_ws/install/robot_localization/share/robot_localization/test/test_localization_node_bag_pose_tester.cpp
[1.912s] -- Installing: /home/g2909/WUTA1/WUTA-FSD/ros2_ws/install/robot_localization/share/robot_localization/test/test_ros_robot_localization_listener.launch.py
[1.912s] -- Installing: /home/g2909/WUTA1/WUTA-FSD/ros2_ws/install/robot_localization/share/robot_localization/test/test_ekf_localization_node_bag3.launch.py
[1.912s] -- Installing: /home/g2909/WUTA1/WUTA-FSD/ros2_ws/install/robot_localization/share/robot_localization/test/test_navsat_conversions.cpp
[1.912s] -- Installing: /home/g2909/WUTA1/WUTA-FSD/ros2_ws/install/robot_localization/share/robot_localization/test/test_ukf.cpp
[1.913s] -- Installing: /home/g2909/WUTA1/WUTA-FSD/ros2_ws/install/robot_localization/share/robot_localization/test/test3.bag
[1.988s] -- Installing: /home/g2909/WUTA1/WUTA-FSD/ros2_ws/install/robot_localization/share/robot_localization/test/test_ros_robot_localization_listener.cpp
[1.988s] -- Installing: /home/g2909/WUTA1/WUTA-FSD/ros2_ws/install/robot_localization/share/robot_localization/test/test_ekf_localization_node_bag3.yaml
[1.988s] -- Installing: /home/g2909/WUTA1/WUTA-FSD/ros2_ws/install/robot_localization/share/robot_localization/test/test_ukf_localization_node_bag3.yaml
[1.988s] -- Installing: /home/g2909/WUTA1/WUTA-FSD/ros2_ws/install/robot_localization/share/robot_localization/test/test_ukf_localization_node_bag1.yaml
[1.996s] -- Installing: /home/g2909/WUTA1/WUTA-FSD/ros2_ws/install/robot_localization/share/robot_localization/test/test_ekf_localization_node_interfaces.yaml
[1.996s] -- Installing: /home/g2909/WUTA1/WUTA-FSD/ros2_ws/install/robot_localization/share/robot_localization/test/test_ukf_localization_node_bag1.launch.py
[1.996s] -- Installing: /home/g2909/WUTA1/WUTA-FSD/ros2_ws/install/robot_localization/share/robot_localization/test/test_filter_base_diagnostics_timestamps.launch.py
[1.996s] -- Installing: /home/g2909/WUTA1/WUTA-FSD/ros2_ws/install/robot_localization/share/robot_localization/test/test1.bag
[1.996s] -- Installing: /home/g2909/WUTA1/WUTA-FSD/ros2_ws/install/robot_localization/share/robot_localization/test/test_ekf_localization_node_interfaces.cpp
[1.996s] -- Installing: /home/g2909/WUTA1/WUTA-FSD/ros2_ws/install/robot_localization/share/robot_localization/test/test2.bag
[1.996s] -- Installing: /home/g2909/WUTA1/WUTA-FSD/ros2_ws/install/robot_localization/share/robot_localization/test/test_robot_localization_estimator.launch.py
[2.004s] -- Installing: /home/g2909/WUTA1/WUTA-FSD/ros2_ws/install/robot_localization/share/robot_localization/test/test_ukf_localization_node_bag2.sh
[2.004s] -- Up-to-date: /home/g2909/WUTA1/WUTA-FSD/ros2_ws/install/robot_localization/include/robot_localization
[2.004s] -- Up-to-date: /home/g2909/WUTA1/WUTA-FSD/ros2_ws/install/robot_localization/include/robot_localization/robot_localization
[2.004s] -- Installing: /home/g2909/WUTA1/WUTA-FSD/ros2_ws/install/robot_localization/include/robot_localization/robot_localization/ekf.hpp
[2.007s] -- Installing: /home/g2909/WUTA1/WUTA-FSD/ros2_ws/install/robot_localization/include/robot_localization/robot_localization/filter_common.hpp
[2.007s] -- Installing: /home/g2909/WUTA1/WUTA-FSD/ros2_ws/install/robot_localization/include/robot_localization/robot_localization/robot_localization_estimator.hpp
[2.008s] -- Installing: /home/g2909/WUTA1/WUTA-FSD/ros2_ws/install/robot_localization/include/robot_localization/robot_localization/ros_filter_utilities.hpp
[2.008s] -- Installing: /home/g2909/WUTA1/WUTA-FSD/ros2_ws/install/robot_localization/include/robot_localization/robot_localization/filter_state.hpp
[2.009s] -- Installing: /home/g2909/WUTA1/WUTA-FSD/ros2_ws/install/robot_localization/include/robot_localization/robot_localization/filter_base.hpp
[2.009s] -- Installing: /home/g2909/WUTA1/WUTA-FSD/ros2_ws/install/robot_localization/include/robot_localization/robot_localization/navsat_conversions.hpp
[2.013s] -- Installing: /home/g2909/WUTA1/WUTA-FSD/ros2_ws/install/robot_localization/include/robot_localization/robot_localization/ros_filter.hpp
[2.013s] -- Installing: /home/g2909/WUTA1/WUTA-FSD/ros2_ws/install/robot_localization/include/robot_localization/robot_localization/filter_utilities.hpp
[2.013s] -- Installing: /home/g2909/WUTA1/WUTA-FSD/ros2_ws/install/robot_localization/include/robot_localization/robot_localization/ros_filter_types.hpp
[2.013s] -- Installing: /home/g2909/WUTA1/WUTA-FSD/ros2_ws/install/robot_localization/include/robot_localization/robot_localization/ukf.hpp
[2.013s] -- Installing: /home/g2909/WUTA1/WUTA-FSD/ros2_ws/install/robot_localization/include/robot_localization/robot_localization/measurement.hpp
[2.013s] -- Installing: /home/g2909/WUTA1/WUTA-FSD/ros2_ws/install/robot_localization/include/robot_localization/robot_localization/ros_robot_localization_listener.hpp
[2.013s] -- Installing: /home/g2909/WUTA1/WUTA-FSD/ros2_ws/install/robot_localization/include/robot_localization/robot_localization/navsat_transform.hpp
[2.013s] -- Installing: /home/g2909/WUTA1/WUTA-FSD/ros2_ws/install/robot_localization/share/robot_localization/params
[2.013s] -- Installing: /home/g2909/WUTA1/WUTA-FSD/ros2_ws/install/robot_localization/share/robot_localization/params/dual_ekf_navsat_example.yaml
[2.013s] -- Installing: /home/g2909/WUTA1/WUTA-FSD/ros2_ws/install/robot_localization/share/robot_localization/params/ekf.yaml
[2.013s] -- Installing: /home/g2909/WUTA1/WUTA-FSD/ros2_ws/install/robot_localization/share/robot_localization/params/ukf.yaml
[2.013s] -- Installing: /home/g2909/WUTA1/WUTA-FSD/ros2_ws/install/robot_localization/share/robot_localization/params/navsat_transform.yaml
[2.013s] -- Installing: /home/g2909/WUTA1/WUTA-FSD/ros2_ws/install/robot_localization/share/robot_localization/launch
[2.013s] -- Installing: /home/g2909/WUTA1/WUTA-FSD/ros2_ws/install/robot_localization/share/robot_localization/launch/ukf.launch.py
[2.013s] -- Installing: /home/g2909/WUTA1/WUTA-FSD/ros2_ws/install/robot_localization/share/robot_localization/launch/navsat_transform.launch.py
[2.013s] -- Installing: /home/g2909/WUTA1/WUTA-FSD/ros2_ws/install/robot_localization/share/robot_localization/launch/dual_ekf_navsat_example.launch.py
[2.013s] -- Installing: /home/g2909/WUTA1/WUTA-FSD/ros2_ws/install/robot_localization/share/robot_localization/launch/ekf.launch.py
[2.013s] -- Installing: /home/g2909/WUTA1/WUTA-FSD/ros2_ws/install/robot_localization/share/robot_localization/cmake/export_robot_localization__rosidl_generator_cExport.cmake
[2.013s] -- Installing: /home/g2909/WUTA1/WUTA-FSD/ros2_ws/install/robot_localization/share/robot_localization/cmake/export_robot_localization__rosidl_generator_cExport-relwithdebinfo.cmake
[2.013s] -- Installing: /home/g2909/WUTA1/WUTA-FSD/ros2_ws/install/robot_localization/share/robot_localization/cmake/export_robot_localization__rosidl_typesupport_fastrtps_cExport.cmake
[2.028s] -- Installing: /home/g2909/WUTA1/WUTA-FSD/ros2_ws/install/robot_localization/share/robot_localization/cmake/export_robot_localization__rosidl_typesupport_fastrtps_cExport-relwithdebinfo.cmake
[2.028s] -- Installing: /home/g2909/WUTA1/WUTA-FSD/ros2_ws/install/robot_localization/share/robot_localization/cmake/export_robot_localization__rosidl_generator_cppExport.cmake
[2.028s] -- Installing: /home/g2909/WUTA1/WUTA-FSD/ros2_ws/install/robot_localization/share/robot_localization/cmake/export_robot_localization__rosidl_typesupport_fastrtps_cppExport.cmake
[2.028s] -- Installing: /home/g2909/WUTA1/WUTA-FSD/ros2_ws/install/robot_localization/share/robot_localization/cmake/export_robot_localization__rosidl_typesupport_fastrtps_cppExport-relwithdebinfo.cmake
[2.028s] -- Installing: /home/g2909/WUTA1/WUTA-FSD/ros2_ws/install/robot_localization/share/robot_localization/cmake/robot_localization__rosidl_typesupport_introspection_cExport.cmake
[2.028s] -- Installing: /home/g2909/WUTA1/WUTA-FSD/ros2_ws/install/robot_localization/share/robot_localization/cmake/robot_localization__rosidl_typesupport_introspection_cExport-relwithdebinfo.cmake
[2.028s] -- Installing: /home/g2909/WUTA1/WUTA-FSD/ros2_ws/install/robot_localization/share/robot_localization/cmake/robot_localization__rosidl_typesupport_cExport.cmake
[2.028s] -- Installing: /home/g2909/WUTA1/WUTA-FSD/ros2_ws/install/robot_localization/share/robot_localization/cmake/robot_localization__rosidl_typesupport_cExport-relwithdebinfo.cmake
[2.028s] -- Installing: /home/g2909/WUTA1/WUTA-FSD/ros2_ws/install/robot_localization/share/robot_localization/cmake/robot_localization__rosidl_typesupport_introspection_cppExport.cmake
[2.028s] -- Installing: /home/g2909/WUTA1/WUTA-FSD/ros2_ws/install/robot_localization/share/robot_localization/cmake/robot_localization__rosidl_typesupport_introspection_cppExport-relwithdebinfo.cmake
[2.028s] -- Installing: /home/g2909/WUTA1/WUTA-FSD/ros2_ws/install/robot_localization/share/robot_localization/cmake/robot_localization__rosidl_typesupport_cppExport.cmake
[2.029s] -- Installing: /home/g2909/WUTA1/WUTA-FSD/ros2_ws/install/robot_localization/share/robot_localization/cmake/robot_localization__rosidl_typesupport_cppExport-relwithdebinfo.cmake
[2.029s] -- Installing: /home/g2909/WUTA1/WUTA-FSD/ros2_ws/install/robot_localization/share/robot_localization/cmake/export_robot_localization__rosidl_generator_pyExport.cmake
[2.029s] -- Installing: /home/g2909/WUTA1/WUTA-FSD/ros2_ws/install/robot_localization/share/robot_localization/cmake/export_robot_localization__rosidl_generator_pyExport-relwithdebinfo.cmake
[2.037s] Invoked command in '/home/g2909/WUTA1/WUTA-FSD/ros2_ws/build/robot_localization' returned '0': CMAKE_PREFIX_PATH=/opt/ros/humble /home/g2909/.local/bin/cmake --install /home/g2909/WUTA1/WUTA-FSD/ros2_ws/build/robot_localization
