[0.031s] Invoking command in '/home/starry1n/WUTA/WUTA-FSD/ros2_ws/build/lidar_detection': AMENT_PREFIX_PATH=/home/starry1n/WUTA/WUTA-FSD/ros2_ws/install/wuta_msgs:${AMENT_PREFIX_PATH} CMAKE_PREFIX_PATH=/home/starry1n/WUTA/WUTA-FSD/ros2_ws/install/wuta_msgs:/opt/ros/humble LD_LIBRARY_PATH=/home/starry1n/WUTA/WUTA-FSD/ros2_ws/install/wuta_msgs/lib:${LD_LIBRARY_PATH} PYTHONPATH=/home/starry1n/WUTA/WUTA-FSD/ros2_ws/install/wuta_msgs/local/lib/python3.10/dist-packages:${PYTHONPATH} /usr/bin/cmake /home/starry1n/WUTA/WUTA-FSD/ros2_ws/src/perception/lidar_detection -DCMAKE_MODULE_PATH=/home/starry1n/WUTA/WUTA-FSD/ros2_ws/cmake -DAMENT_CMAKE_SYMLINK_INSTALL=1 -DCMAKE_INSTALL_PREFIX=/home/starry1n/WUTA/WUTA-FSD/ros2_ws/install/lidar_detection
[0.447s] -- The C compiler identification is GNU 11.4.0
[0.448s] [0mCMake Deprecation Warning at CMakeLists.txt:1 (cmake_minimum_required):
[0.448s]   Compatibility with CMake < 3.10 will be removed from a future version of
[0.448s]   CMake.
[0.448s] 
[0.448s]   Update the VERSION argument <min> value.  Or, use the <min>...<max> syntax
[0.448s]   to tell CMake that the project requires at least <min> but has been updated
[0.448s]   to work with policies introduced by <max> or earlier.
[0.448s] 
[0.448s] [0m
[0.534s] -- The CXX compiler identification is GNU 11.4.0
[0.569s] -- Detecting C compiler ABI info
[0.905s] -- Detecting C compiler ABI info - done
[0.953s] -- Check for working C compiler: /usr/bin/cc - skipped
[0.954s] -- Detecting C compile features
[0.958s] -- Detecting C compile features - done
[0.995s] -- Detecting CXX compiler ABI info
[1.316s] -- Detecting CXX compiler ABI info - done
[1.354s] -- Check for working CXX compiler: /usr/bin/c++ - skipped
[1.354s] -- Detecting CXX compile features
[1.354s] -- Detecting CXX compile features - done
[1.386s] -- Found ament_cmake: 1.3.14 (/opt/ros/humble/share/ament_cmake/cmake)
[1.648s] -- Found Python3: /usr/bin/python3 (found version "3.10.12") found components: Interpreter
[1.791s] -- Override CMake install command with custom implementation using symlinks instead of copying resources
[1.849s] -- Found rclcpp: 16.0.19 (/opt/ros/humble/share/rclcpp/cmake)
[1.942s] -- Found rosidl_generator_c: 3.1.9 (/opt/ros/humble/share/rosidl_generator_c/cmake)
[1.949s] -- Found rosidl_adapter: 3.1.9 (/opt/ros/humble/share/rosidl_adapter/cmake)
[1.966s] -- Found rosidl_generator_cpp: 3.1.9 (/opt/ros/humble/share/rosidl_generator_cpp/cmake)
[1.982s] -- Using all available rosidl_typesupport_c: rosidl_typesupport_fastrtps_c;rosidl_typesupport_introspection_c
[2.016s] -- Using all available rosidl_typesupport_cpp: rosidl_typesupport_fastrtps_cpp;rosidl_typesupport_introspection_cpp
[2.072s] -- Found rmw_implementation_cmake: 6.1.2 (/opt/ros/humble/share/rmw_implementation_cmake/cmake)
[2.073s] -- Found rmw_fastrtps_cpp: 6.2.10 (/opt/ros/humble/share/rmw_fastrtps_cpp/cmake)
[2.284s] -- Found OpenSSL: /usr/lib/x86_64-linux-gnu/libcrypto.so (found version "3.0.2")
[2.322s] -- Found FastRTPS: /opt/ros/humble/include
[2.390s] -- Using RMW implementation 'rmw_fastrtps_cpp' as default
[2.398s] -- Performing Test CMAKE_HAVE_LIBC_PTHREAD
[2.593s] -- Performing Test CMAKE_HAVE_LIBC_PTHREAD - Success
[2.602s] -- Found Threads: TRUE
[2.846s] -- Found sensor_msgs: 4.9.1 (/opt/ros/humble/share/sensor_msgs/cmake)
[3.143s] -- Found visualization_msgs: 4.9.1 (/opt/ros/humble/share/visualization_msgs/cmake)
[3.287s] -- Found wuta_msgs: 1.0.0 (/home/starry1n/WUTA/WUTA-FSD/ros2_ws/install/wuta_msgs/share/wuta_msgs/cmake)
[3.436s] [33mCMake Warning (dev) at /usr/lib/x86_64-linux-gnu/cmake/pcl/PCLConfig.cmake:146 (find_package):
[3.436s]   Policy CMP0144 is not set: find_package uses upper-case <PACKAGENAME>_ROOT
[3.437s]   variables.  Run "cmake --help-policy CMP0144" for policy details.  Use the
[3.437s]   cmake_policy command to set the policy and suppress this warning.
[3.437s] 
[3.437s]   CMake variable EIGEN_ROOT is set to:
[3.437s] 
[3.437s]     /usr/include/eigen3
[3.437s] 
[3.437s]   For compatibility, find_package is ignoring the variable, but code in a
[3.437s]   .cmake module might still use it.
[3.437s] Call Stack (most recent call first):
[3.437s]   /usr/lib/x86_64-linux-gnu/cmake/pcl/PCLConfig.cmake:299 (find_eigen)
[3.437s]   /usr/lib/x86_64-linux-gnu/cmake/pcl/PCLConfig.cmake:543 (find_external_library)
[3.437s]   CMakeLists.txt:11 (find_package)
[3.437s] This warning is for project developers.  Use -Wno-dev to suppress it.
[3.437s] [0m
[3.457s] -- Checking for module 'eigen3'
[3.534s] --   Found eigen3, version 3.4.0
[3.744s] -- Found Eigen: /usr/include/eigen3 (Required is at least version "3.1")
[3.744s] -- Eigen found (include: /usr/include/eigen3, version: 3.4.0)
[3.745s] [33mCMake Warning (dev) at /usr/lib/x86_64-linux-gnu/cmake/pcl/PCLConfig.cmake:128 (find_package):
[3.745s]   Policy CMP0167 is not set: The FindBoost module is removed.  Run "cmake
[3.745s]   --help-policy CMP0167" for policy details.  Use the cmake_policy command to
[3.745s]   set the policy and suppress this warning.
[3.745s] 
[3.745s] Call Stack (most recent call first):
[3.745s]   /usr/lib/x86_64-linux-gnu/cmake/pcl/PCLConfig.cmake:297 (find_boost)
[3.745s]   /usr/lib/x86_64-linux-gnu/cmake/pcl/PCLConfig.cmake:543 (find_external_library)
[3.745s]   CMakeLists.txt:11 (find_package)
[3.746s] This warning is for project developers.  Use -Wno-dev to suppress it.
[3.746s] [0m
[3.871s] -- Found Boost: /usr/lib/x86_64-linux-gnu/cmake/Boost-1.74.0/BoostConfig.cmake (found suitable version "1.74.0", minimum required is "1.65.0") found components: system filesystem date_time iostreams serialization
[4.012s] -- Found GLEW: /usr/lib/x86_64-linux-gnu/libGLEW.so
[4.056s] -- Found OpenGL: /usr/lib/x86_64-linux-gnu/libOpenGL.so  found components: OpenGL GLX
[4.748s] -- Found MPI: TRUE  found components: C
[5.111s] -- Found JsonCpp: /usr/lib/x86_64-linux-gnu/libjsoncpp.so (found suitable version "1.9.5", minimum required is "0.7.0")
[6.128s] -- Found ZLIB: /usr/lib/x86_64-linux-gnu/libz.so (found version "1.2.11")
[9.111s] -- Found PNG: /usr/lib/x86_64-linux-gnu/libpng.so (found version "1.6.37")
[12.542s] -- Found Eigen3: /usr/include/eigen3 (found version "3.4.0")
[13.513s] -- Found X11: /usr/include
[13.514s] -- Looking for XOpenDisplay in /usr/lib/x86_64-linux-gnu/libX11.so;/usr/lib/x86_64-linux-gnu/libXext.so
[13.886s] -- Looking for XOpenDisplay in /usr/lib/x86_64-linux-gnu/libX11.so;/usr/lib/x86_64-linux-gnu/libXext.so - found
[13.890s] -- Looking for gethostbyname
[14.097s] -- Looking for gethostbyname - found
[14.097s] -- Looking for connect
[14.244s] -- Looking for connect - found
[14.244s] -- Looking for remove
[14.460s] -- Looking for remove - found
[14.460s] -- Looking for shmat
[14.669s] -- Looking for shmat - found
[14.669s] -- Looking for IceConnectionNumber in ICE
[14.885s] -- Looking for IceConnectionNumber in ICE - found
[16.221s] -- Found EXPAT: /usr/lib/x86_64-linux-gnu/libexpat.so (found version "2.4.7")
[16.228s] -- Found double-conversion: /usr/lib/x86_64-linux-gnu/libdouble-conversion.so
[18.139s] -- Found LZ4: /usr/lib/x86_64-linux-gnu/liblz4.so (found version "1.9.3")
[18.162s] -- Found LZMA: /usr/lib/x86_64-linux-gnu/liblzma.so (found version "5.2.5")
[24.679s] -- Found JPEG: /usr/lib/x86_64-linux-gnu/libjpeg.so (found version "80")
[24.706s] -- Found TIFF: /usr/lib/x86_64-linux-gnu/libtiff.so (found version "4.3.0")
[24.715s] -- Found Freetype: /usr/lib/x86_64-linux-gnu/libfreetype.so (found version "2.11.1")
[24.730s] -- Found utf8cpp: /usr/include/utf8cpp
[25.087s] [33mCMake Warning (dev) at /usr/lib/x86_64-linux-gnu/cmake/pcl/Modules/FindFLANN.cmake:44 (find_package):
[25.088s]   Policy CMP0144 is not set: find_package uses upper-case <PACKAGENAME>_ROOT
[25.088s]   variables.  Run "cmake --help-policy CMP0144" for policy details.  Use the
[25.088s]   cmake_policy command to set the policy and suppress this warning.
[25.088s] 
[25.088s]   CMake variable FLANN_ROOT is set to:
[25.088s] 
[25.088s]     /usr
[25.088s] 
[25.089s]   For compatibility, find_package is ignoring the variable, but code in a
[25.089s]   .cmake module might still use it.
[25.091s] Call Stack (most recent call first):
[25.091s]   /usr/lib/x86_64-linux-gnu/cmake/pcl/PCLConfig.cmake:256 (find_package)
[25.091s]   /usr/lib/x86_64-linux-gnu/cmake/pcl/PCLConfig.cmake:301 (find_flann)
[25.091s]   /usr/lib/x86_64-linux-gnu/cmake/pcl/PCLConfig.cmake:543 (find_external_library)
[25.091s]   CMakeLists.txt:11 (find_package)
[25.091s] This warning is for project developers.  Use -Wno-dev to suppress it.
[25.091s] [0m
[25.111s] -- Checking for module 'flann'
[25.161s] --   Found flann, version 1.9.1
[25.314s] -- Found FLANN: /usr/lib/x86_64-linux-gnu/libflann_cpp.so
[25.314s] -- FLANN found (include: /usr/include, lib: /usr/lib/x86_64-linux-gnu/libflann_cpp.so)
[25.316s] -- looking for PCL_COMMON
[25.321s] -- Found PCL_COMMON: /usr/lib/x86_64-linux-gnu/libpcl_common.so
[25.321s] -- looking for PCL_SAMPLE_CONSENSUS
[25.326s] -- Found PCL_SAMPLE_CONSENSUS: /usr/lib/x86_64-linux-gnu/libpcl_sample_consensus.so
[25.326s] -- looking for PCL_OCTREE
[25.331s] -- Found PCL_OCTREE: /usr/lib/x86_64-linux-gnu/libpcl_octree.so
[25.332s] -- looking for PCL_FILTERS
[25.334s] -- Found PCL_FILTERS: /usr/lib/x86_64-linux-gnu/libpcl_filters.so
[25.334s] -- looking for PCL_GEOMETRY
[25.334s] -- Found PCL_GEOMETRY: /usr/include/pcl-1.12
[25.335s] -- looking for PCL_2D
[25.339s] -- Found PCL_2D: /usr/include/pcl-1.12
[25.341s] -- looking for PCL_FEATURES
[25.341s] -- Found PCL_FEATURES: /usr/lib/x86_64-linux-gnu/libpcl_features.so
[25.345s] -- looking for PCL_ML
[25.346s] -- Found PCL_ML: /usr/lib/x86_64-linux-gnu/libpcl_ml.so
[25.346s] -- looking for PCL_SEGMENTATION
[25.349s] -- Found PCL_SEGMENTATION: /usr/lib/x86_64-linux-gnu/libpcl_segmentation.so
[25.352s] -- looking for PCL_SEARCH
[25.352s] -- Found PCL_SEARCH: /usr/lib/x86_64-linux-gnu/libpcl_search.so
[25.352s] -- looking for PCL_KDTREE
[25.353s] -- Found PCL_KDTREE: /usr/lib/x86_64-linux-gnu/libpcl_kdtree.so
[25.354s] -- Found PCL: pcl_common;pcl_sample_consensus;pcl_octree;pcl_filters;pcl_features;pcl_ml;pcl_segmentation;pcl_search;pcl_kdtree;Boost::system;Boost::filesystem;Boost::date_time;Boost::iostreams;Boost::serialization;VTK::ChartsCore;VTK::CommonColor;VTK::CommonComputationalGeometry;VTK::CommonCore;VTK::CommonDataModel;VTK::CommonExecutionModel;VTK::CommonMath;VTK::CommonMisc;VTK::CommonTransforms;VTK::FiltersCore;VTK::FiltersExtraction;VTK::FiltersGeneral;VTK::FiltersGeometry;VTK::FiltersModeling;VTK::FiltersSources;VTK::ImagingCore;VTK::ImagingSources;VTK::InteractionImage;VTK::InteractionStyle;VTK::InteractionWidgets;VTK::IOCore;VTK::IOGeometry;VTK::IOImage;VTK::IOLegacy;VTK::IOPLY;VTK::RenderingAnnotation;VTK::RenderingCore;VTK::RenderingContext2D;VTK::RenderingLOD;VTK::RenderingFreeType;VTK::ViewsCore;VTK::ViewsContext2D;VTK::RenderingOpenGL2;VTK::GUISupportQt;FLANN::FLANN
[25.359s] -- Found pcl_conversions: 2.4.5 (/opt/ros/humble/share/pcl_conversions/cmake)
[25.643s] -- Configuring done (25.6s)
[26.020s] -- Generating done (0.4s)
[26.300s] -- Build files have been written to: /home/starry1n/WUTA/WUTA-FSD/ros2_ws/build/lidar_detection
[26.348s] Invoked command in '/home/starry1n/WUTA/WUTA-FSD/ros2_ws/build/lidar_detection' returned '0': AMENT_PREFIX_PATH=/home/starry1n/WUTA/WUTA-FSD/ros2_ws/install/wuta_msgs:${AMENT_PREFIX_PATH} CMAKE_PREFIX_PATH=/home/starry1n/WUTA/WUTA-FSD/ros2_ws/install/wuta_msgs:/opt/ros/humble LD_LIBRARY_PATH=/home/starry1n/WUTA/WUTA-FSD/ros2_ws/install/wuta_msgs/lib:${LD_LIBRARY_PATH} PYTHONPATH=/home/starry1n/WUTA/WUTA-FSD/ros2_ws/install/wuta_msgs/local/lib/python3.10/dist-packages:${PYTHONPATH} /usr/bin/cmake /home/starry1n/WUTA/WUTA-FSD/ros2_ws/src/perception/lidar_detection -DCMAKE_MODULE_PATH=/home/starry1n/WUTA/WUTA-FSD/ros2_ws/cmake -DAMENT_CMAKE_SYMLINK_INSTALL=1 -DCMAKE_INSTALL_PREFIX=/home/starry1n/WUTA/WUTA-FSD/ros2_ws/install/lidar_detection
[26.349s] Invoking command in '/home/starry1n/WUTA/WUTA-FSD/ros2_ws/build/lidar_detection': AMENT_PREFIX_PATH=/home/starry1n/WUTA/WUTA-FSD/ros2_ws/install/wuta_msgs:${AMENT_PREFIX_PATH} CMAKE_PREFIX_PATH=/home/starry1n/WUTA/WUTA-FSD/ros2_ws/install/wuta_msgs:/opt/ros/humble LD_LIBRARY_PATH=/home/starry1n/WUTA/WUTA-FSD/ros2_ws/install/wuta_msgs/lib:${LD_LIBRARY_PATH} PYTHONPATH=/home/starry1n/WUTA/WUTA-FSD/ros2_ws/install/wuta_msgs/local/lib/python3.10/dist-packages:${PYTHONPATH} /usr/bin/cmake --build /home/starry1n/WUTA/WUTA-FSD/ros2_ws/build/lidar_detection -- -j8 -l8
[27.011s] [ 25%] [32mBuilding CXX object CMakeFiles/lidar_detection_node.dir/src/lidar_detection_node.cpp.o[0m
[42.281s] [ 50%] [32mBuilding CXX object CMakeFiles/lidar_detection_node.dir/src/dl_detector.cpp.o[0m
[45.147s] [ 75%] [32mBuilding CXX object CMakeFiles/lidar_detection_node.dir/src/traditional_detector.cpp.o[0m
[48.707s] [100%] [1m[32mLinking CXX executable lidar_detection_node[0m
[50.011s] [100%] Built target lidar_detection_node
[50.021s] Invoked command in '/home/starry1n/WUTA/WUTA-FSD/ros2_ws/build/lidar_detection' returned '0': AMENT_PREFIX_PATH=/home/starry1n/WUTA/WUTA-FSD/ros2_ws/install/wuta_msgs:${AMENT_PREFIX_PATH} CMAKE_PREFIX_PATH=/home/starry1n/WUTA/WUTA-FSD/ros2_ws/install/wuta_msgs:/opt/ros/humble LD_LIBRARY_PATH=/home/starry1n/WUTA/WUTA-FSD/ros2_ws/install/wuta_msgs/lib:${LD_LIBRARY_PATH} PYTHONPATH=/home/starry1n/WUTA/WUTA-FSD/ros2_ws/install/wuta_msgs/local/lib/python3.10/dist-packages:${PYTHONPATH} /usr/bin/cmake --build /home/starry1n/WUTA/WUTA-FSD/ros2_ws/build/lidar_detection -- -j8 -l8
[50.024s] Invoking command in '/home/starry1n/WUTA/WUTA-FSD/ros2_ws/build/lidar_detection': AMENT_PREFIX_PATH=/home/starry1n/WUTA/WUTA-FSD/ros2_ws/install/wuta_msgs:${AMENT_PREFIX_PATH} CMAKE_PREFIX_PATH=/home/starry1n/WUTA/WUTA-FSD/ros2_ws/install/wuta_msgs:/opt/ros/humble LD_LIBRARY_PATH=/home/starry1n/WUTA/WUTA-FSD/ros2_ws/install/wuta_msgs/lib:${LD_LIBRARY_PATH} PYTHONPATH=/home/starry1n/WUTA/WUTA-FSD/ros2_ws/install/wuta_msgs/local/lib/python3.10/dist-packages:${PYTHONPATH} /usr/bin/cmake --install /home/starry1n/WUTA/WUTA-FSD/ros2_ws/build/lidar_detection
[50.031s] -- Install configuration: ""
[50.031s] -- Execute custom install script
[50.031s] -- Symlinking: /home/starry1n/WUTA/WUTA-FSD/ros2_ws/install/lidar_detection/lib/lidar_detection/lidar_detection_node
[50.039s] -- Symlinking: /home/starry1n/WUTA/WUTA-FSD/ros2_ws/install/lidar_detection/share/lidar_detection/config/lidar_detection.yaml
[50.050s] -- Symlinking: /home/starry1n/WUTA/WUTA-FSD/ros2_ws/install/lidar_detection/share/ament_index/resource_index/package_run_dependencies/lidar_detection
[50.059s] -- Symlinking: /home/starry1n/WUTA/WUTA-FSD/ros2_ws/install/lidar_detection/share/ament_index/resource_index/parent_prefix_path/lidar_detection
[50.067s] -- Symlinking: /home/starry1n/WUTA/WUTA-FSD/ros2_ws/install/lidar_detection/share/lidar_detection/environment/ament_prefix_path.sh
[50.075s] -- Symlinking: /home/starry1n/WUTA/WUTA-FSD/ros2_ws/install/lidar_detection/share/lidar_detection/environment/ament_prefix_path.dsv
[50.083s] -- Symlinking: /home/starry1n/WUTA/WUTA-FSD/ros2_ws/install/lidar_detection/share/lidar_detection/environment/path.sh
[50.096s] -- Symlinking: /home/starry1n/WUTA/WUTA-FSD/ros2_ws/install/lidar_detection/share/lidar_detection/environment/path.dsv
[50.104s] -- Symlinking: /home/starry1n/WUTA/WUTA-FSD/ros2_ws/install/lidar_detection/share/lidar_detection/local_setup.bash
[50.113s] -- Symlinking: /home/starry1n/WUTA/WUTA-FSD/ros2_ws/install/lidar_detection/share/lidar_detection/local_setup.sh
[50.120s] -- Symlinking: /home/starry1n/WUTA/WUTA-FSD/ros2_ws/install/lidar_detection/share/lidar_detection/local_setup.zsh
[50.128s] -- Symlinking: /home/starry1n/WUTA/WUTA-FSD/ros2_ws/install/lidar_detection/share/lidar_detection/local_setup.dsv
[50.136s] -- Symlinking: /home/starry1n/WUTA/WUTA-FSD/ros2_ws/install/lidar_detection/share/lidar_detection/package.dsv
[50.144s] -- Symlinking: /home/starry1n/WUTA/WUTA-FSD/ros2_ws/install/lidar_detection/share/ament_index/resource_index/packages/lidar_detection
[50.153s] -- Symlinking: /home/starry1n/WUTA/WUTA-FSD/ros2_ws/install/lidar_detection/share/lidar_detection/cmake/lidar_detectionConfig.cmake
[50.162s] -- Symlinking: /home/starry1n/WUTA/WUTA-FSD/ros2_ws/install/lidar_detection/share/lidar_detection/cmake/lidar_detectionConfig-version.cmake
[50.170s] -- Symlinking: /home/starry1n/WUTA/WUTA-FSD/ros2_ws/install/lidar_detection/share/lidar_detection/package.xml
[50.181s] Invoked command in '/home/starry1n/WUTA/WUTA-FSD/ros2_ws/build/lidar_detection' returned '0': AMENT_PREFIX_PATH=/home/starry1n/WUTA/WUTA-FSD/ros2_ws/install/wuta_msgs:${AMENT_PREFIX_PATH} CMAKE_PREFIX_PATH=/home/starry1n/WUTA/WUTA-FSD/ros2_ws/install/wuta_msgs:/opt/ros/humble LD_LIBRARY_PATH=/home/starry1n/WUTA/WUTA-FSD/ros2_ws/install/wuta_msgs/lib:${LD_LIBRARY_PATH} PYTHONPATH=/home/starry1n/WUTA/WUTA-FSD/ros2_ws/install/wuta_msgs/local/lib/python3.10/dist-packages:${PYTHONPATH} /usr/bin/cmake --install /home/starry1n/WUTA/WUTA-FSD/ros2_ws/build/lidar_detection
