CMake Deprecation Warning at CMakeLists.txt:1 (cmake_minimum_required):
  Compatibility with CMake < 3.10 will be removed from a future version of
  CMake.

  Update the VERSION argument <min> value.  Or, use the <min>...<max> syntax
  to tell CMake that the project requires at least <min> but has been updated
  to work with policies introduced by <max> or earlier.


In file included from /home/wuta/WUTA/WUTA-FSD/ros2_ws/src/control/controller/src/pure_pursuit.cpp:1:
/home/wuta/WUTA/WUTA-FSD/ros2_ws/src/control/controller/include/controller/pure_pursuit.hpp:3:10: fatal error: autoware_msgs/msg/lane.hpp: No such file or directory
    3 | #include <autoware_msgs/msg/lane.hpp>
      |          ^~~~~~~~~~~~~~~~~~~~~~~~~~~~
compilation terminated.
gmake[2]: *** [CMakeFiles/controller_node.dir/build.make:93: CMakeFiles/controller_node.dir/src/pure_pursuit.cpp.o] Error 1
gmake[2]: *** Waiting for unfinished jobs....
In file included from /home/wuta/WUTA/WUTA-FSD/ros2_ws/src/control/controller/src/controller_node.cpp:1:
/home/wuta/WUTA/WUTA-FSD/ros2_ws/src/control/controller/include/controller/controller_node.hpp:7:10: fatal error: autoware_msgs/msg/lane.hpp: No such file or directory
    7 | #include <autoware_msgs/msg/lane.hpp>
      |          ^~~~~~~~~~~~~~~~~~~~~~~~~~~~
compilation terminated.
gmake[2]: *** [CMakeFiles/controller_node.dir/build.make:79: CMakeFiles/controller_node.dir/src/controller_node.cpp.o] Error 1
gmake[1]: *** [CMakeFiles/Makefile2:153: CMakeFiles/controller_node.dir/all] Error 2
gmake: *** [Makefile:146: all] Error 2
