[0.065s] Invoking command in '/home/wuta/WUTA/WUTA-FSD/ros2_ws/build/controller': AMENT_PREFIX_PATH=/home/wuta/WUTA/WUTA-FSD/ros2_ws/install/wuta_msgs:${AMENT_PREFIX_PATH} CMAKE_PREFIX_PATH=/home/wuta/WUTA/WUTA-FSD/ros2_ws/install/wuta_msgs:/opt/ros/humble LD_LIBRARY_PATH=/home/wuta/WUTA/WUTA-FSD/ros2_ws/install/wuta_msgs/lib:${LD_LIBRARY_PATH} PYTHONPATH=/home/wuta/WUTA/WUTA-FSD/ros2_ws/install/wuta_msgs/local/lib/python3.10/dist-packages:${PYTHONPATH} /home/wuta/.local/bin/cmake /home/wuta/WUTA/WUTA-FSD/ros2_ws/src/control/controller -DAMENT_CMAKE_SYMLINK_INSTALL=1 -DCMAKE_INSTALL_PREFIX=/home/wuta/WUTA/WUTA-FSD/ros2_ws/install/controller
[0.230s] CMake Deprecation Warning at CMakeLists.txt:1 (cmake_minimum_required):
[0.231s]   Compatibility with CMake < 3.10 will be removed from a future version of
[0.231s]   CMake.
[0.231s] 
[0.231s]   Update the VERSION argument <min> value.  Or, use the <min>...<max> syntax
[0.231s]   to tell CMake that the project requires at least <min> but has been updated
[0.231s]   to work with policies introduced by <max> or earlier.
[0.231s] 
[0.232s] 
[0.418s] -- The C compiler identification is GNU 12.3.0
[0.683s] -- The CXX compiler identification is GNU 12.3.0
[0.711s] -- Detecting C compiler ABI info
[0.931s] -- Detecting C compiler ABI info - done
[1.013s] -- Check for working C compiler: /usr/bin/cc - skipped
[1.016s] -- Detecting C compile features
[1.019s] -- Detecting C compile features - done
[1.055s] -- Detecting CXX compiler ABI info
[1.299s] -- Detecting CXX compiler ABI info - done
[1.381s] -- Check for working CXX compiler: /usr/bin/c++ - skipped
[1.381s] -- Detecting CXX compile features
[1.381s] -- Detecting CXX compile features - done
[1.405s] -- Found ament_cmake: 1.3.14 (/opt/ros/humble/share/ament_cmake/cmake)
[1.899s] -- Found Python3: /usr/bin/python3 (found version "3.10.12") found components: Interpreter
[2.100s] -- Override CMake install command with custom implementation using symlinks instead of copying resources
[2.250s] -- Found rclcpp: 16.0.19 (/opt/ros/humble/share/rclcpp/cmake)
[2.485s] -- Found rosidl_generator_c: 3.1.8 (/opt/ros/humble/share/rosidl_generator_c/cmake)
[2.507s] -- Found rosidl_adapter: 3.1.8 (/opt/ros/humble/share/rosidl_adapter/cmake)
[2.554s] -- Found rosidl_generator_cpp: 3.1.8 (/opt/ros/humble/share/rosidl_generator_cpp/cmake)
[2.623s] -- Using all available rosidl_typesupport_c: rosidl_typesupport_fastrtps_c;rosidl_typesupport_introspection_c
[2.719s] -- Using all available rosidl_typesupport_cpp: rosidl_typesupport_fastrtps_cpp;rosidl_typesupport_introspection_cpp
[2.857s] -- Found rmw_implementation_cmake: 6.1.2 (/opt/ros/humble/share/rmw_implementation_cmake/cmake)
[2.863s] -- Found rmw_fastrtps_cpp: 6.2.10 (/opt/ros/humble/share/rmw_fastrtps_cpp/cmake)
[3.128s] -- Found OpenSSL: /usr/lib/x86_64-linux-gnu/libcrypto.so (found version "3.0.2")
[3.221s] -- Found FastRTPS: /opt/ros/humble/include
[3.345s] -- Using RMW implementation 'rmw_fastrtps_cpp' as default
[3.366s] -- Performing Test CMAKE_HAVE_LIBC_PTHREAD
[3.536s] -- Performing Test CMAKE_HAVE_LIBC_PTHREAD - Success
[3.540s] -- Found Threads: TRUE
[3.712s] -- Found geometry_msgs: 4.9.1 (/opt/ros/humble/share/geometry_msgs/cmake)
[3.768s] -- Found visualization_msgs: 4.9.1 (/opt/ros/humble/share/visualization_msgs/cmake)
[3.931s] -- Found autoware_msgs: 1.12.0 (/opt/ros/humble/share/autoware_msgs/cmake)
[3.932s] -- Found wuta_msgs: 1.0.0 (/home/wuta/WUTA/WUTA-FSD/ros2_ws/install/wuta_msgs/share/wuta_msgs/cmake)
[4.192s] -- Configuring done (4.0s)
[4.243s] -- Generating done (0.1s)
[4.367s] -- Build files have been written to: /home/wuta/WUTA/WUTA-FSD/ros2_ws/build/controller
[4.393s] Invoked command in '/home/wuta/WUTA/WUTA-FSD/ros2_ws/build/controller' returned '0': AMENT_PREFIX_PATH=/home/wuta/WUTA/WUTA-FSD/ros2_ws/install/wuta_msgs:${AMENT_PREFIX_PATH} CMAKE_PREFIX_PATH=/home/wuta/WUTA/WUTA-FSD/ros2_ws/install/wuta_msgs:/opt/ros/humble LD_LIBRARY_PATH=/home/wuta/WUTA/WUTA-FSD/ros2_ws/install/wuta_msgs/lib:${LD_LIBRARY_PATH} PYTHONPATH=/home/wuta/WUTA/WUTA-FSD/ros2_ws/install/wuta_msgs/local/lib/python3.10/dist-packages:${PYTHONPATH} /home/wuta/.local/bin/cmake /home/wuta/WUTA/WUTA-FSD/ros2_ws/src/control/controller -DAMENT_CMAKE_SYMLINK_INSTALL=1 -DCMAKE_INSTALL_PREFIX=/home/wuta/WUTA/WUTA-FSD/ros2_ws/install/controller
[4.396s] Invoking command in '/home/wuta/WUTA/WUTA-FSD/ros2_ws/build/controller': AMENT_PREFIX_PATH=/home/wuta/WUTA/WUTA-FSD/ros2_ws/install/wuta_msgs:${AMENT_PREFIX_PATH} CMAKE_PREFIX_PATH=/home/wuta/WUTA/WUTA-FSD/ros2_ws/install/wuta_msgs:/opt/ros/humble LD_LIBRARY_PATH=/home/wuta/WUTA/WUTA-FSD/ros2_ws/install/wuta_msgs/lib:${LD_LIBRARY_PATH} PYTHONPATH=/home/wuta/WUTA/WUTA-FSD/ros2_ws/install/wuta_msgs/local/lib/python3.10/dist-packages:${PYTHONPATH} /home/wuta/.local/bin/cmake --build /home/wuta/WUTA/WUTA-FSD/ros2_ws/build/controller -- -j12 -l12
[4.638s] [ 25%] Building CXX object CMakeFiles/controller_node.dir/src/controller_node.cpp.o
[4.639s] [ 50%] Building CXX object CMakeFiles/controller_node.dir/src/pure_pursuit.cpp.o
[4.639s] [ 75%] Building CXX object CMakeFiles/controller_node.dir/src/twist_filter.cpp.o
[4.664s] In file included from /home/wuta/WUTA/WUTA-FSD/ros2_ws/src/control/controller/src/pure_pursuit.cpp:1:
[4.665s] /home/wuta/WUTA/WUTA-FSD/ros2_ws/src/control/controller/include/controller/pure_pursuit.hpp:3:10: fatal error: autoware_msgs/msg/lane.hpp: No such file or directory
[4.665s]     3 | #include <autoware_msgs/msg/lane.hpp>
[4.665s]       |          ^~~~~~~~~~~~~~~~~~~~~~~~~~~~
[4.665s] compilation terminated.
[4.667s] gmake[2]: *** [CMakeFiles/controller_node.dir/build.make:93: CMakeFiles/controller_node.dir/src/pure_pursuit.cpp.o] Error 1
[4.668s] gmake[2]: *** Waiting for unfinished jobs....
[5.544s] In file included from /home/wuta/WUTA/WUTA-FSD/ros2_ws/src/control/controller/src/controller_node.cpp:1:
[5.545s] /home/wuta/WUTA/WUTA-FSD/ros2_ws/src/control/controller/include/controller/controller_node.hpp:7:10: fatal error: autoware_msgs/msg/lane.hpp: No such file or directory
[5.545s]     7 | #include <autoware_msgs/msg/lane.hpp>
[5.545s]       |          ^~~~~~~~~~~~~~~~~~~~~~~~~~~~
[5.545s] compilation terminated.
[5.549s] gmake[2]: *** [CMakeFiles/controller_node.dir/build.make:79: CMakeFiles/controller_node.dir/src/controller_node.cpp.o] Error 1
[5.587s] gmake[1]: *** [CMakeFiles/Makefile2:153: CMakeFiles/controller_node.dir/all] Error 2
[5.587s] gmake: *** [Makefile:146: all] Error 2
