[0.372s] Invoking command in '/home/g2909/WUTA1/WUTA-FSD/ros2_ws/build/boundary_detector': AMENT_PREFIX_PATH=/home/g2909/WUTA1/WUTA-FSD/ros2_ws/install/wuta_msgs:${AMENT_PREFIX_PATH} CMAKE_PREFIX_PATH=/home/g2909/WUTA1/WUTA-FSD/ros2_ws/install/wuta_msgs:/opt/ros/humble LD_LIBRARY_PATH=/home/g2909/WUTA1/WUTA-FSD/ros2_ws/install/wuta_msgs/lib:${LD_LIBRARY_PATH} PYTHONPATH=/home/g2909/WUTA1/WUTA-FSD/ros2_ws/install/wuta_msgs/local/lib/python3.10/dist-packages:${PYTHONPATH} /home/g2909/.local/bin/cmake /home/g2909/WUTA1/WUTA-FSD/ros2_ws/src/planning/boundary_detector -DCMAKE_VERBOSE_MAKEFILE=ON -DAMENT_CMAKE_SYMLINK_INSTALL=1 -DCMAKE_INSTALL_PREFIX=/home/g2909/WUTA1/WUTA-FSD/ros2_ws/install/boundary_detector
[0.421s] CMake Deprecation Warning at CMakeLists.txt:1 (cmake_minimum_required):
[0.421s]   Compatibility with CMake < 3.10 will be removed from a future version of
[0.421s]   CMake.
[0.421s] 
[0.421s]   Update the VERSION argument <min> value.  Or, use the <min>...<max> syntax
[0.421s]   to tell CMake that the project requires at least <min> but has been updated
[0.421s]   to work with policies introduced by <max> or earlier.
[0.421s] 
[0.421s] 
[0.426s] -- Found ament_cmake: 1.3.14 (/opt/ros/humble/share/ament_cmake/cmake)
[0.547s] -- Override CMake install command with custom implementation using symlinks instead of copying resources
[0.551s] -- Found rclcpp: 16.0.19 (/opt/ros/humble/share/rclcpp/cmake)
[0.935s] -- Found rosidl_generator_c: 3.1.9 (/opt/ros/humble/share/rosidl_generator_c/cmake)
[0.936s] -- Found rosidl_adapter: 3.1.9 (/opt/ros/humble/share/rosidl_adapter/cmake)
[0.940s] -- Found rosidl_generator_cpp: 3.1.9 (/opt/ros/humble/share/rosidl_generator_cpp/cmake)
[0.947s] -- Using all available rosidl_typesupport_c: rosidl_typesupport_fastrtps_c;rosidl_typesupport_introspection_c
[0.955s] -- Using all available rosidl_typesupport_cpp: rosidl_typesupport_fastrtps_cpp;rosidl_typesupport_introspection_cpp
[0.977s] -- Found rmw_implementation_cmake: 6.1.2 (/opt/ros/humble/share/rmw_implementation_cmake/cmake)
[0.978s] -- Found rmw_fastrtps_cpp: 6.2.10 (/opt/ros/humble/share/rmw_fastrtps_cpp/cmake)
[15.566s] -- Using RMW implementation 'rmw_fastrtps_cpp' as default
[15.603s] -- Found geometry_msgs: 4.9.1 (/opt/ros/humble/share/geometry_msgs/cmake)
[15.612s] -- Found visualization_msgs: 4.9.1 (/opt/ros/humble/share/visualization_msgs/cmake)
[15.639s] -- Found wuta_msgs: 1.0.0 (/home/g2909/WUTA1/WUTA-FSD/ros2_ws/install/wuta_msgs/share/wuta_msgs/cmake)
[15.649s] -- Found autoware_msgs: 1.12.0 (/opt/ros/humble/share/autoware_msgs/cmake)
[15.742s] -- Configuring done (15.3s)
[15.765s] -- Generating done (0.0s)
[15.788s] -- Build files have been written to: /home/g2909/WUTA1/WUTA-FSD/ros2_ws/build/boundary_detector
[15.797s] Invoked command in '/home/g2909/WUTA1/WUTA-FSD/ros2_ws/build/boundary_detector' returned '0': AMENT_PREFIX_PATH=/home/g2909/WUTA1/WUTA-FSD/ros2_ws/install/wuta_msgs:${AMENT_PREFIX_PATH} CMAKE_PREFIX_PATH=/home/g2909/WUTA1/WUTA-FSD/ros2_ws/install/wuta_msgs:/opt/ros/humble LD_LIBRARY_PATH=/home/g2909/WUTA1/WUTA-FSD/ros2_ws/install/wuta_msgs/lib:${LD_LIBRARY_PATH} PYTHONPATH=/home/g2909/WUTA1/WUTA-FSD/ros2_ws/install/wuta_msgs/local/lib/python3.10/dist-packages:${PYTHONPATH} /home/g2909/.local/bin/cmake /home/g2909/WUTA1/WUTA-FSD/ros2_ws/src/planning/boundary_detector -DCMAKE_VERBOSE_MAKEFILE=ON -DAMENT_CMAKE_SYMLINK_INSTALL=1 -DCMAKE_INSTALL_PREFIX=/home/g2909/WUTA1/WUTA-FSD/ros2_ws/install/boundary_detector
[15.798s] Invoking command in '/home/g2909/WUTA1/WUTA-FSD/ros2_ws/build/boundary_detector': AMENT_PREFIX_PATH=/home/g2909/WUTA1/WUTA-FSD/ros2_ws/install/wuta_msgs:${AMENT_PREFIX_PATH} CMAKE_PREFIX_PATH=/home/g2909/WUTA1/WUTA-FSD/ros2_ws/install/wuta_msgs:/opt/ros/humble LD_LIBRARY_PATH=/home/g2909/WUTA1/WUTA-FSD/ros2_ws/install/wuta_msgs/lib:${LD_LIBRARY_PATH} PYTHONPATH=/home/g2909/WUTA1/WUTA-FSD/ros2_ws/install/wuta_msgs/local/lib/python3.10/dist-packages:${PYTHONPATH} /home/g2909/.local/bin/cmake --build /home/g2909/WUTA1/WUTA-FSD/ros2_ws/build/boundary_detector -- -j16 -l16
[15.854s] Change Dir: '/home/g2909/WUTA1/WUTA-FSD/ros2_ws/build/boundary_detector'
[15.854s] 
[15.854s] Run Build Command(s): /home/g2909/.local/lib/python3.10/site-packages/cmake/data/bin/cmake -E env VERBOSE=1 /usr/bin/gmake -f Makefile -j16 -l16
[15.860s] /home/g2909/.local/lib/python3.10/site-packages/cmake/data/bin/cmake -S/home/g2909/WUTA1/WUTA-FSD/ros2_ws/src/planning/boundary_detector -B/home/g2909/WUTA1/WUTA-FSD/ros2_ws/build/boundary_detector --check-build-system CMakeFiles/Makefile.cmake 0
[15.867s] /home/g2909/.local/lib/python3.10/site-packages/cmake/data/bin/cmake -E cmake_progress_start /home/g2909/WUTA1/WUTA-FSD/ros2_ws/build/boundary_detector/CMakeFiles /home/g2909/WUTA1/WUTA-FSD/ros2_ws/build/boundary_detector//CMakeFiles/progress.marks
[15.872s] /usr/bin/gmake  -f CMakeFiles/Makefile2 all
[15.873s] gmake[1]: Entering directory '/home/g2909/WUTA1/WUTA-FSD/ros2_ws/build/boundary_detector'
[15.873s] /usr/bin/gmake  -f CMakeFiles/pathplanning.dir/build.make CMakeFiles/pathplanning.dir/depend
[15.875s] gmake[2]: Entering directory '/home/g2909/WUTA1/WUTA-FSD/ros2_ws/build/boundary_detector'
[15.875s] cd /home/g2909/WUTA1/WUTA-FSD/ros2_ws/build/boundary_detector && /home/g2909/.local/lib/python3.10/site-packages/cmake/data/bin/cmake -E cmake_depends "Unix Makefiles" /home/g2909/WUTA1/WUTA-FSD/ros2_ws/src/planning/boundary_detector /home/g2909/WUTA1/WUTA-FSD/ros2_ws/src/planning/boundary_detector /home/g2909/WUTA1/WUTA-FSD/ros2_ws/build/boundary_detector /home/g2909/WUTA1/WUTA-FSD/ros2_ws/build/boundary_detector /home/g2909/WUTA1/WUTA-FSD/ros2_ws/build/boundary_detector/CMakeFiles/pathplanning.dir/DependInfo.cmake "--color=" pathplanning
[15.879s] Dependencies file "CMakeFiles/pathplanning.dir/thirdparty/pathplanning/src/BowyerWatson.cpp.o.d" is newer than depends file "/home/g2909/WUTA1/WUTA-FSD/ros2_ws/build/boundary_detector/CMakeFiles/pathplanning.dir/compiler_depend.internal".
[15.879s] Dependencies file "CMakeFiles/pathplanning.dir/thirdparty/pathplanning/src/DelaunayTriangle.cpp.o.d" is newer than depends file "/home/g2909/WUTA1/WUTA-FSD/ros2_ws/build/boundary_detector/CMakeFiles/pathplanning.dir/compiler_depend.internal".
[15.880s] Dependencies file "CMakeFiles/pathplanning.dir/thirdparty/pathplanning/src/Divide.cpp.o.d" is newer than depends file "/home/g2909/WUTA1/WUTA-FSD/ros2_ws/build/boundary_detector/CMakeFiles/pathplanning.dir/compiler_depend.internal".
[15.880s] Dependencies file "CMakeFiles/pathplanning.dir/thirdparty/pathplanning/src/Evaluation.cpp.o.d" is newer than depends file "/home/g2909/WUTA1/WUTA-FSD/ros2_ws/build/boundary_detector/CMakeFiles/pathplanning.dir/compiler_depend.internal".
[15.880s] Dependencies file "CMakeFiles/pathplanning.dir/thirdparty/pathplanning/src/GlobalVariables.cpp.o.d" is newer than depends file "/home/g2909/WUTA1/WUTA-FSD/ros2_ws/build/boundary_detector/CMakeFiles/pathplanning.dir/compiler_depend.internal".
[15.880s] Dependencies file "CMakeFiles/pathplanning.dir/thirdparty/pathplanning/src/Line.cpp.o.d" is newer than depends file "/home/g2909/WUTA1/WUTA-FSD/ros2_ws/build/boundary_detector/CMakeFiles/pathplanning.dir/compiler_depend.internal".
[15.880s] Dependencies file "CMakeFiles/pathplanning.dir/thirdparty/pathplanning/src/MidPoint.cpp.o.d" is newer than depends file "/home/g2909/WUTA1/WUTA-FSD/ros2_ws/build/boundary_detector/CMakeFiles/pathplanning.dir/compiler_depend.internal".
[15.880s] Dependencies file "CMakeFiles/pathplanning.dir/thirdparty/pathplanning/src/Path.cpp.o.d" is newer than depends file "/home/g2909/WUTA1/WUTA-FSD/ros2_ws/build/boundary_detector/CMakeFiles/pathplanning.dir/compiler_depend.internal".
[15.880s] Dependencies file "CMakeFiles/pathplanning.dir/thirdparty/pathplanning/src/PathSearch.cpp.o.d" is newer than depends file "/home/g2909/WUTA1/WUTA-FSD/ros2_ws/build/boundary_detector/CMakeFiles/pathplanning.dir/compiler_depend.internal".
[15.881s] Dependencies file "CMakeFiles/pathplanning.dir/thirdparty/pathplanning/src/Point2d.cpp.o.d" is newer than depends file "/home/g2909/WUTA1/WUTA-FSD/ros2_ws/build/boundary_detector/CMakeFiles/pathplanning.dir/compiler_depend.internal".
[15.881s] Dependencies file "CMakeFiles/pathplanning.dir/thirdparty/pathplanning/src/Tool.cpp.o.d" is newer than depends file "/home/g2909/WUTA1/WUTA-FSD/ros2_ws/build/boundary_detector/CMakeFiles/pathplanning.dir/compiler_depend.internal".
[15.881s] Dependencies file "CMakeFiles/pathplanning.dir/thirdparty/pathplanning/src/Triangle.cpp.o.d" is newer than depends file "/home/g2909/WUTA1/WUTA-FSD/ros2_ws/build/boundary_detector/CMakeFiles/pathplanning.dir/compiler_depend.internal".
[15.881s] Dependencies file "CMakeFiles/pathplanning.dir/thirdparty/pathplanning/src/Vect.cpp.o.d" is newer than depends file "/home/g2909/WUTA1/WUTA-FSD/ros2_ws/build/boundary_detector/CMakeFiles/pathplanning.dir/compiler_depend.internal".
[15.881s] Consolidate compiler generated dependencies of target pathplanning
[15.886s] gmake[2]: Leaving directory '/home/g2909/WUTA1/WUTA-FSD/ros2_ws/build/boundary_detector'
[15.886s] /usr/bin/gmake  -f CMakeFiles/pathplanning.dir/build.make CMakeFiles/pathplanning.dir/build
[15.889s] gmake[2]: Entering directory '/home/g2909/WUTA1/WUTA-FSD/ros2_ws/build/boundary_detector'
[15.893s] [  6%] Linking CXX static library libpathplanning.a
[15.893s] /home/g2909/.local/lib/python3.10/site-packages/cmake/data/bin/cmake -P CMakeFiles/pathplanning.dir/cmake_clean_target.cmake
[15.897s] /home/g2909/.local/lib/python3.10/site-packages/cmake/data/bin/cmake -E cmake_link_script CMakeFiles/pathplanning.dir/link.txt --verbose=1
[15.924s] /usr/bin/ar qc libpathplanning.a CMakeFiles/pathplanning.dir/thirdparty/pathplanning/src/BowyerWatson.cpp.o CMakeFiles/pathplanning.dir/thirdparty/pathplanning/src/DelaunayTriangle.cpp.o CMakeFiles/pathplanning.dir/thirdparty/pathplanning/src/Divide.cpp.o CMakeFiles/pathplanning.dir/thirdparty/pathplanning/src/Evaluation.cpp.o CMakeFiles/pathplanning.dir/thirdparty/pathplanning/src/GlobalVariables.cpp.o CMakeFiles/pathplanning.dir/thirdparty/pathplanning/src/Line.cpp.o CMakeFiles/pathplanning.dir/thirdparty/pathplanning/src/MidPoint.cpp.o CMakeFiles/pathplanning.dir/thirdparty/pathplanning/src/Path.cpp.o CMakeFiles/pathplanning.dir/thirdparty/pathplanning/src/PathSearch.cpp.o CMakeFiles/pathplanning.dir/thirdparty/pathplanning/src/Point2d.cpp.o CMakeFiles/pathplanning.dir/thirdparty/pathplanning/src/Tool.cpp.o CMakeFiles/pathplanning.dir/thirdparty/pathplanning/src/Triangle.cpp.o CMakeFiles/pathplanning.dir/thirdparty/pathplanning/src/Vect.cpp.o
[15.924s] /usr/bin/ranlib libpathplanning.a
[15.924s] gmake[2]: Leaving directory '/home/g2909/WUTA1/WUTA-FSD/ros2_ws/build/boundary_detector'
[15.928s] [ 87%] Built target pathplanning
[15.929s] /usr/bin/gmake  -f CMakeFiles/boundary_detector_node.dir/build.make CMakeFiles/boundary_detector_node.dir/depend
[15.931s] gmake[2]: Entering directory '/home/g2909/WUTA1/WUTA-FSD/ros2_ws/build/boundary_detector'
[15.931s] cd /home/g2909/WUTA1/WUTA-FSD/ros2_ws/build/boundary_detector && /home/g2909/.local/lib/python3.10/site-packages/cmake/data/bin/cmake -E cmake_depends "Unix Makefiles" /home/g2909/WUTA1/WUTA-FSD/ros2_ws/src/planning/boundary_detector /home/g2909/WUTA1/WUTA-FSD/ros2_ws/src/planning/boundary_detector /home/g2909/WUTA1/WUTA-FSD/ros2_ws/build/boundary_detector /home/g2909/WUTA1/WUTA-FSD/ros2_ws/build/boundary_detector /home/g2909/WUTA1/WUTA-FSD/ros2_ws/build/boundary_detector/CMakeFiles/boundary_detector_node.dir/DependInfo.cmake "--color=" boundary_detector_node
[15.936s] gmake[2]: Leaving directory '/home/g2909/WUTA1/WUTA-FSD/ros2_ws/build/boundary_detector'
[15.936s] /usr/bin/gmake  -f CMakeFiles/boundary_detector_node.dir/build.make CMakeFiles/boundary_detector_node.dir/build
[15.938s] gmake[2]: Entering directory '/home/g2909/WUTA1/WUTA-FSD/ros2_ws/build/boundary_detector'
[15.942s] [ 93%] Building CXX object CMakeFiles/boundary_detector_node.dir/src/boundary_detector_node.cpp.o
[15.943s] /usr/bin/c++ -DDEFAULT_RMW_IMPLEMENTATION=rmw_fastrtps_cpp -DFASTCDR_DYN_LINK -DRCUTILS_ENABLE_FAULT_INJECTION -I/home/g2909/WUTA1/WUTA-FSD/ros2_ws/src/planning/boundary_detector/include -I/home/g2909/WUTA1/WUTA-FSD/ros2_ws/src/planning/boundary_detector/thirdparty/pathplanning/include -isystem /home/g2909/WUTA1/WUTA-FSD/ros2_ws/install/wuta_msgs/include/wuta_msgs -isystem /opt/ros/humble/include/rclcpp -isystem /opt/ros/humble/include/geometry_msgs -isystem /opt/ros/humble/include/visualization_msgs -isystem /opt/ros/humble/include/ament_index_cpp -isystem /opt/ros/humble/include/libstatistics_collector -isystem /opt/ros/humble/include/builtin_interfaces -isystem /opt/ros/humble/include/rosidl_runtime_c -isystem /opt/ros/humble/include/rcutils -isystem /opt/ros/humble/include/rosidl_typesupport_interface -isystem /opt/ros/humble/include/fastcdr -isystem /opt/ros/humble/include/rosidl_runtime_cpp -isystem /opt/ros/humble/include/rosidl_typesupport_fastrtps_cpp -isystem /opt/ros/humble/include/rmw -isystem /opt/ros/humble/include/rosidl_typesupport_fastrtps_c -isystem /opt/ros/humble/include/rosidl_typesupport_introspection_c -isystem /opt/ros/humble/include/rosidl_typesupport_introspection_cpp -isystem /opt/ros/humble/include/rcl -isystem /opt/ros/humble/include/rcl_interfaces -isystem /opt/ros/humble/include/rcl_logging_interface -isystem /opt/ros/humble/include/rcl_yaml_param_parser -isystem /opt/ros/humble/include/libyaml_vendor -isystem /opt/ros/humble/include/tracetools -isystem /opt/ros/humble/include/rcpputils -isystem /opt/ros/humble/include/statistics_msgs -isystem /opt/ros/humble/include/rosgraph_msgs -isystem /opt/ros/humble/include/rosidl_typesupport_cpp -isystem /opt/ros/humble/include/rosidl_typesupport_c -isystem /opt/ros/humble/include/std_msgs -isystem /opt/ros/humble/include/sensor_msgs -std=gnu++17 -MD -MT CMakeFiles/boundary_detector_node.dir/src/boundary_detector_node.cpp.o -MF CMakeFiles/boundary_detector_node.dir/src/boundary_detector_node.cpp.o.d -o CMakeFiles/boundary_detector_node.dir/src/boundary_detector_node.cpp.o -c /home/g2909/WUTA1/WUTA-FSD/ros2_ws/src/planning/boundary_detector/src/boundary_detector_node.cpp
[16.183s] In file included from /home/g2909/WUTA1/WUTA-FSD/ros2_ws/src/planning/boundary_detector/src/boundary_detector_node.cpp:1:
[16.183s] /home/g2909/WUTA1/WUTA-FSD/ros2_ws/src/planning/boundary_detector/include/boundary_detector/boundary_detector_node.hpp:15:10: fatal error: autoware_msgs/msg/lane.hpp: No such file or directory
[16.183s]    15 | #include <autoware_msgs/msg/lane.hpp>
[16.183s]       |          ^~~~~~~~~~~~~~~~~~~~~~~~~~~~
[16.183s] compilation terminated.
[16.185s] gmake[2]: *** [CMakeFiles/boundary_detector_node.dir/build.make:82: CMakeFiles/boundary_detector_node.dir/src/boundary_detector_node.cpp.o] Error 1
[16.185s] gmake[2]: Leaving directory '/home/g2909/WUTA1/WUTA-FSD/ros2_ws/build/boundary_detector'
[16.185s] gmake[1]: *** [CMakeFiles/Makefile2:191: CMakeFiles/boundary_detector_node.dir/all] Error 2
[16.185s] gmake[1]: Leaving directory '/home/g2909/WUTA1/WUTA-FSD/ros2_ws/build/boundary_detector'
[16.185s] gmake: *** [Makefile:149: all] Error 2
[16.186s] 
[16.188s] Invoked command in '/home/g2909/WUTA1/WUTA-FSD/ros2_ws/build/boundary_detector' returned '2': AMENT_PREFIX_PATH=/home/g2909/WUTA1/WUTA-FSD/ros2_ws/install/wuta_msgs:${AMENT_PREFIX_PATH} CMAKE_PREFIX_PATH=/home/g2909/WUTA1/WUTA-FSD/ros2_ws/install/wuta_msgs:/opt/ros/humble LD_LIBRARY_PATH=/home/g2909/WUTA1/WUTA-FSD/ros2_ws/install/wuta_msgs/lib:${LD_LIBRARY_PATH} PYTHONPATH=/home/g2909/WUTA1/WUTA-FSD/ros2_ws/install/wuta_msgs/local/lib/python3.10/dist-packages:${PYTHONPATH} /home/g2909/.local/bin/cmake --build /home/g2909/WUTA1/WUTA-FSD/ros2_ws/build/boundary_detector -- -j16 -l16
