[ 50%] Building CXX object CMakeFiles/cone_map_builder_node.dir/src/cone_map_builder.cpp.o
/home/starry1n/WUTA/WUTA-FSD/ros2_ws/src/mapping/cone_map_builder/src/cone_map_builder.cpp: In member function ‘void cone_map_builder::ConeMapBuilder::integrateDetections(const ConeArray&)’:
/home/starry1n/WUTA/WUTA-FSD/ros2_ws/src/mapping/cone_map_builder/src/cone_map_builder.cpp:111:46: error: no matching function for call to ‘tf2_ros::Buffer::lookupTransform(const string&, const string&, const TimePoint&, rclcpp::Duration)’
  111 |       transform = tf_buffer_->lookupTransform(
      |                   ~~~~~~~~~~~~~~~~~~~~~~~~~~~^
  112 |         target_frame, source_frame,
      |         ~~~~~~~~~~~~~~~~~~~~~~~~~~~           
  113 |         tf2::TimePointZero,
      |         ~~~~~~~~~~~~~~~~~~~                   
  114 |         rclcpp::Duration::from_seconds(tf_lookup_timeout_sec_));
      |         ~~~~~~~~~~~~~~~~~~~~~~~~~~~~~~~~~~~~~~~~~~~~~~~~~~~~~~~
In file included from /opt/ros/humble/include/tf2_ros/tf2_ros/buffer.h:35,
                 from /home/starry1n/WUTA/WUTA-FSD/ros2_ws/src/mapping/cone_map_builder/include/cone_map_builder/cone_map_builder.hpp:6,
                 from /home/starry1n/WUTA/WUTA-FSD/ros2_ws/src/mapping/cone_map_builder/src/cone_map_builder.cpp:1:
/opt/ros/humble/include/tf2_ros/tf2_ros/buffer.hpp:92:3: note: candidate: ‘virtual geometry_msgs::msg::TransformStamped tf2_ros::Buffer::lookupTransform(const string&, const string&, const TimePoint&, tf2::Duration) const’
   92 |   lookupTransform(
      |   ^~~~~~~~~~~~~~~
/opt/ros/humble/include/tf2_ros/tf2_ros/buffer.hpp:94:54: note:   no known conversion for argument 4 from ‘rclcpp::Duration’ to ‘tf2::Duration’ {aka ‘std::chrono::duration<long int, std::ratio<1, 1000000000> >’}
   94 |     const tf2::TimePoint & time, const tf2::Duration timeout) const override;
      |                                  ~~~~~~~~~~~~~~~~~~~~^~~~~~~
/opt/ros/humble/include/tf2_ros/tf2_ros/buffer.hpp:102:3: note: candidate: ‘geometry_msgs::msg::TransformStamped tf2_ros::Buffer::lookupTransform(const string&, const string&, const rclcpp::Time&, rclcpp::Duration) const’
  102 |   lookupTransform(
      |   ^~~~~~~~~~~~~~~
/opt/ros/humble/include/tf2_ros/tf2_ros/buffer.hpp:104:26: note:   no known conversion for argument 3 from ‘const TimePoint’ {aka ‘const std::chrono::time_point<std::chrono::_V2::system_clock, std::chrono::duration<long int, std::ratio<1, 1000000000> > >’} to ‘const rclcpp::Time&’
  104 |     const rclcpp::Time & time,
      |     ~~~~~~~~~~~~~~~~~~~~~^~~~
/opt/ros/humble/include/tf2_ros/tf2_ros/buffer.hpp:124:3: note: candidate: ‘virtual geometry_msgs::msg::TransformStamped tf2_ros::Buffer::lookupTransform(const string&, const TimePoint&, const string&, const TimePoint&, const string&, tf2::Duration) const’
  124 |   lookupTransform(
      |   ^~~~~~~~~~~~~~~
/opt/ros/humble/include/tf2_ros/tf2_ros/buffer.hpp:124:3: note:   candidate expects 6 arguments, 4 provided
/opt/ros/humble/include/tf2_ros/tf2_ros/buffer.hpp:136:3: note: candidate: ‘geometry_msgs::msg::TransformStamped tf2_ros::Buffer::lookupTransform(const string&, const rclcpp::Time&, const string&, const rclcpp::Time&, const string&, rclcpp::Duration) const’
  136 |   lookupTransform(
      |   ^~~~~~~~~~~~~~~
/opt/ros/humble/include/tf2_ros/tf2_ros/buffer.hpp:136:3: note:   candidate expects 6 arguments, 4 provided
In file included from /opt/ros/humble/include/tf2_ros/tf2_ros/async_buffer_interface.hpp:39,
                 from /opt/ros/humble/include/tf2_ros/tf2_ros/buffer.hpp:43,
                 from /opt/ros/humble/include/tf2_ros/tf2_ros/buffer.h:35,
                 from /home/starry1n/WUTA/WUTA-FSD/ros2_ws/src/mapping/cone_map_builder/include/cone_map_builder/cone_map_builder.hpp:6,
                 from /home/starry1n/WUTA/WUTA-FSD/ros2_ws/src/mapping/cone_map_builder/src/cone_map_builder.cpp:1:
/opt/ros/humble/include/tf2/tf2/buffer_core.hpp:158:3: note: candidate: ‘virtual geometry_msgs::msg::TransformStamped tf2::BufferCore::lookupTransform(const string&, const TimePoint&, const string&, const TimePoint&, const string&) const’
  158 |   lookupTransform(
      |   ^~~~~~~~~~~~~~~
/opt/ros/humble/include/tf2/tf2/buffer_core.hpp:158:3: note:   candidate expects 5 arguments, 4 provided
/opt/ros/humble/include/tf2/tf2/buffer_core.hpp:140:3: note: candidate: ‘virtual geometry_msgs::msg::TransformStamped tf2::BufferCore::lookupTransform(const string&, const string&, const TimePoint&) const’
  140 |   lookupTransform(
      |   ^~~~~~~~~~~~~~~
/opt/ros/humble/include/tf2/tf2/buffer_core.hpp:140:3: note:   candidate expects 3 arguments, 4 provided
gmake[2]: *** [CMakeFiles/cone_map_builder_node.dir/build.make:79：CMakeFiles/cone_map_builder_node.dir/src/cone_map_builder.cpp.o] 错误 1
gmake[1]: *** [CMakeFiles/Makefile2:153：CMakeFiles/cone_map_builder_node.dir/all] 错误 2
gmake: *** [Makefile:146：all] 错误 2
