[0.051s] Invoking command in '/home/starry1n/WUTA/WUTA-FSD/ros2_ws/build/cone_map_builder': AMENT_PREFIX_PATH=/home/starry1n/WUTA/WUTA-FSD/ros2_ws/install/wuta_msgs:${AMENT_PREFIX_PATH} CMAKE_PREFIX_PATH=/home/starry1n/WUTA/WUTA-FSD/ros2_ws/install/wuta_msgs:/opt/ros/humble LD_LIBRARY_PATH=/home/starry1n/WUTA/WUTA-FSD/ros2_ws/install/wuta_msgs/lib:${LD_LIBRARY_PATH} PYTHONPATH=/home/starry1n/WUTA/WUTA-FSD/ros2_ws/install/wuta_msgs/local/lib/python3.10/dist-packages:${PYTHONPATH} /usr/bin/cmake --build /home/starry1n/WUTA/WUTA-FSD/ros2_ws/build/cone_map_builder -- -j8 -l8
[0.120s] [ 50%] Building CXX object CMakeFiles/cone_map_builder_node.dir/src/cone_map_builder.cpp.o
[2.177s] /home/starry1n/WUTA/WUTA-FSD/ros2_ws/src/mapping/cone_map_builder/src/cone_map_builder.cpp: In member function ‘void cone_map_builder::ConeMapBuilder::integrateDetections(const ConeArray&)’:
[2.177s] /home/starry1n/WUTA/WUTA-FSD/ros2_ws/src/mapping/cone_map_builder/src/cone_map_builder.cpp:111:46: error: no matching function for call to ‘tf2_ros::Buffer::lookupTransform(const string&, const string&, const TimePoint&, rclcpp::Duration)’
[2.177s]   111 |       transform = tf_buffer_->lookupTransform(
[2.177s]       |                   ~~~~~~~~~~~~~~~~~~~~~~~~~~~^
[2.177s]   112 |         target_frame, source_frame,
[2.177s]       |         ~~~~~~~~~~~~~~~~~~~~~~~~~~~           
[2.177s]   113 |         tf2::TimePointZero,
[2.177s]       |         ~~~~~~~~~~~~~~~~~~~                   
[2.177s]   114 |         rclcpp::Duration::from_seconds(tf_lookup_timeout_sec_));
[2.177s]       |         ~~~~~~~~~~~~~~~~~~~~~~~~~~~~~~~~~~~~~~~~~~~~~~~~~~~~~~~
[2.177s] In file included from /opt/ros/humble/include/tf2_ros/tf2_ros/buffer.h:35,
[2.177s]                  from /home/starry1n/WUTA/WUTA-FSD/ros2_ws/src/mapping/cone_map_builder/include/cone_map_builder/cone_map_builder.hpp:6,
[2.177s]                  from /home/starry1n/WUTA/WUTA-FSD/ros2_ws/src/mapping/cone_map_builder/src/cone_map_builder.cpp:1:
[2.177s] /opt/ros/humble/include/tf2_ros/tf2_ros/buffer.hpp:92:3: note: candidate: ‘virtual geometry_msgs::msg::TransformStamped tf2_ros::Buffer::lookupTransform(const string&, const string&, const TimePoint&, tf2::Duration) const’
[2.178s]    92 |   lookupTransform(
[2.178s]       |   ^~~~~~~~~~~~~~~
[2.178s] /opt/ros/humble/include/tf2_ros/tf2_ros/buffer.hpp:94:54: note:   no known conversion for argument 4 from ‘rclcpp::Duration’ to ‘tf2::Duration’ {aka ‘std::chrono::duration<long int, std::ratio<1, 1000000000> >’}
[2.178s]    94 |     const tf2::TimePoint & time, const tf2::Duration timeout) const override;
[2.178s]       |                                  ~~~~~~~~~~~~~~~~~~~~^~~~~~~
[2.178s] /opt/ros/humble/include/tf2_ros/tf2_ros/buffer.hpp:102:3: note: candidate: ‘geometry_msgs::msg::TransformStamped tf2_ros::Buffer::lookupTransform(const string&, const string&, const rclcpp::Time&, rclcpp::Duration) const’
[2.178s]   102 |   lookupTransform(
[2.178s]       |   ^~~~~~~~~~~~~~~
[2.178s] /opt/ros/humble/include/tf2_ros/tf2_ros/buffer.hpp:104:26: note:   no known conversion for argument 3 from ‘const TimePoint’ {aka ‘const std::chrono::time_point<std::chrono::_V2::system_clock, std::chrono::duration<long int, std::ratio<1, 1000000000> > >’} to ‘const rclcpp::Time&’
[2.178s]   104 |     const rclcpp::Time & time,
[2.178s]       |     ~~~~~~~~~~~~~~~~~~~~~^~~~
[2.178s] /opt/ros/humble/include/tf2_ros/tf2_ros/buffer.hpp:124:3: note: candidate: ‘virtual geometry_msgs::msg::TransformStamped tf2_ros::Buffer::lookupTransform(const string&, const TimePoint&, const string&, const TimePoint&, const string&, tf2::Duration) const’
[2.179s]   124 |   lookupTransform(
[2.179s]       |   ^~~~~~~~~~~~~~~
[2.179s] /opt/ros/humble/include/tf2_ros/tf2_ros/buffer.hpp:124:3: note:   candidate expects 6 arguments, 4 provided
[2.179s] /opt/ros/humble/include/tf2_ros/tf2_ros/buffer.hpp:136:3: note: candidate: ‘geometry_msgs::msg::TransformStamped tf2_ros::Buffer::lookupTransform(const string&, const rclcpp::Time&, const string&, const rclcpp::Time&, const string&, rclcpp::Duration) const’
[2.179s]   136 |   lookupTransform(
[2.179s]       |   ^~~~~~~~~~~~~~~
[2.179s] /opt/ros/humble/include/tf2_ros/tf2_ros/buffer.hpp:136:3: note:   candidate expects 6 arguments, 4 provided
[2.179s] In file included from /opt/ros/humble/include/tf2_ros/tf2_ros/async_buffer_interface.hpp:39,
[2.179s]                  from /opt/ros/humble/include/tf2_ros/tf2_ros/buffer.hpp:43,
[2.179s]                  from /opt/ros/humble/include/tf2_ros/tf2_ros/buffer.h:35,
[2.179s]                  from /home/starry1n/WUTA/WUTA-FSD/ros2_ws/src/mapping/cone_map_builder/include/cone_map_builder/cone_map_builder.hpp:6,
[2.179s]                  from /home/starry1n/WUTA/WUTA-FSD/ros2_ws/src/mapping/cone_map_builder/src/cone_map_builder.cpp:1:
[2.179s] /opt/ros/humble/include/tf2/tf2/buffer_core.hpp:158:3: note: candidate: ‘virtual geometry_msgs::msg::TransformStamped tf2::BufferCore::lookupTransform(const string&, const TimePoint&, const string&, const TimePoint&, const string&) const’
[2.179s]   158 |   lookupTransform(
[2.179s]       |   ^~~~~~~~~~~~~~~
[2.179s] /opt/ros/humble/include/tf2/tf2/buffer_core.hpp:158:3: note:   candidate expects 5 arguments, 4 provided
[2.179s] /opt/ros/humble/include/tf2/tf2/buffer_core.hpp:140:3: note: candidate: ‘virtual geometry_msgs::msg::TransformStamped tf2::BufferCore::lookupTransform(const string&, const string&, const TimePoint&) const’
[2.179s]   140 |   lookupTransform(
[2.179s]       |   ^~~~~~~~~~~~~~~
[2.179s] /opt/ros/humble/include/tf2/tf2/buffer_core.hpp:140:3: note:   candidate expects 3 arguments, 4 provided
[4.860s] gmake[2]: *** [CMakeFiles/cone_map_builder_node.dir/build.make:79：CMakeFiles/cone_map_builder_node.dir/src/cone_map_builder.cpp.o] 错误 1
[4.860s] gmake[1]: *** [CMakeFiles/Makefile2:153：CMakeFiles/cone_map_builder_node.dir/all] 错误 2
[4.860s] gmake: *** [Makefile:146：all] 错误 2
[4.862s] Invoked command in '/home/starry1n/WUTA/WUTA-FSD/ros2_ws/build/cone_map_builder' returned '2': AMENT_PREFIX_PATH=/home/starry1n/WUTA/WUTA-FSD/ros2_ws/install/wuta_msgs:${AMENT_PREFIX_PATH} CMAKE_PREFIX_PATH=/home/starry1n/WUTA/WUTA-FSD/ros2_ws/install/wuta_msgs:/opt/ros/humble LD_LIBRARY_PATH=/home/starry1n/WUTA/WUTA-FSD/ros2_ws/install/wuta_msgs/lib:${LD_LIBRARY_PATH} PYTHONPATH=/home/starry1n/WUTA/WUTA-FSD/ros2_ws/install/wuta_msgs/local/lib/python3.10/dist-packages:${PYTHONPATH} /usr/bin/cmake --build /home/starry1n/WUTA/WUTA-FSD/ros2_ws/build/cone_map_builder -- -j8 -l8
