[0.095s] Invoking command in '/home/starry1n/WUTA-FSD1/ros2_ws/build/controller': AMENT_PREFIX_PATH=/home/starry1n/WUTA-FSD1/ros2_ws/install/wuta_msgs:/home/starry1n/WUTA-FSD1/ros2_ws/install/autoware_msgs:${AMENT_PREFIX_PATH} CMAKE_PREFIX_PATH=/home/starry1n/WUTA-FSD1/ros2_ws/install/wuta_msgs:/home/starry1n/WUTA-FSD1/ros2_ws/install/autoware_msgs:/opt/ros/humble LD_LIBRARY_PATH=/home/starry1n/WUTA-FSD1/ros2_ws/install/wuta_msgs/lib:/home/starry1n/WUTA-FSD1/ros2_ws/install/autoware_msgs/lib:${LD_LIBRARY_PATH} PYTHONPATH=/home/starry1n/WUTA-FSD1/ros2_ws/install/wuta_msgs/local/lib/python3.10/dist-packages:/home/starry1n/WUTA-FSD1/ros2_ws/install/autoware_msgs/local/lib/python3.10/dist-packages:${PYTHONPATH} /usr/bin/cmake /home/starry1n/WUTA-FSD1/ros2_ws/src/control/controller -DCMAKE_MODULE_PATH=/home/starry1n/WUTA-FSD1/ros2_ws/cmake -DAMENT_CMAKE_SYMLINK_INSTALL=1 -DCMAKE_INSTALL_PREFIX=/home/starry1n/WUTA-FSD1/ros2_ws/install/controller
[3.605s] -- The C compiler identification is GNU 11.4.0
[3.606s] -- The CXX compiler identification is GNU 11.4.0
[3.606s] -- Detecting C compiler ABI info
[3.606s] -- Detecting C compiler ABI info - done
[3.606s] -- Check for working C compiler: /usr/bin/cc - skipped
[3.606s] -- Detecting C compile features
[3.606s] -- Detecting C compile features - done
[3.606s] -- Detecting CXX compiler ABI info
[3.606s] -- Detecting CXX compiler ABI info - done
[3.606s] -- Check for working CXX compiler: /usr/bin/c++ - skipped
[3.606s] -- Detecting CXX compile features
[3.606s] -- Detecting CXX compile features - done
[3.606s] -- Found ament_cmake: 1.3.14 (/opt/ros/humble/share/ament_cmake/cmake)
[3.606s] -- Found Python3: /usr/bin/python3 (found version "3.10.12") found components: Interpreter
[3.606s] -- Override CMake install command with custom implementation using symlinks instead of copying resources
[3.607s] -- Found rclcpp: 16.0.19 (/opt/ros/humble/share/rclcpp/cmake)
[3.607s] -- Found rosidl_generator_c: 3.1.9 (/opt/ros/humble/share/rosidl_generator_c/cmake)
[3.607s] -- Found rosidl_adapter: 3.1.9 (/opt/ros/humble/share/rosidl_adapter/cmake)
[3.607s] -- Found rosidl_generator_cpp: 3.1.9 (/opt/ros/humble/share/rosidl_generator_cpp/cmake)
[3.607s] -- Using all available rosidl_typesupport_c: rosidl_typesupport_fastrtps_c;rosidl_typesupport_introspection_c
[3.607s] -- Using all available rosidl_typesupport_cpp: rosidl_typesupport_fastrtps_cpp;rosidl_typesupport_introspection_cpp
[3.607s] -- Found rmw_implementation_cmake: 6.1.2 (/opt/ros/humble/share/rmw_implementation_cmake/cmake)
[3.607s] -- Found rmw_fastrtps_cpp: 6.2.10 (/opt/ros/humble/share/rmw_fastrtps_cpp/cmake)
[3.607s] -- Found OpenSSL: /usr/lib/x86_64-linux-gnu/libcrypto.so (found version "3.0.2")
[3.607s] -- Found FastRTPS: /opt/ros/humble/include
[3.607s] -- Using RMW implementation 'rmw_fastrtps_cpp' as default
[3.607s] -- Performing Test CMAKE_HAVE_LIBC_PTHREAD
[3.607s] -- Performing Test CMAKE_HAVE_LIBC_PTHREAD - Success
[3.607s] -- Found Threads: TRUE
[3.607s] -- Found geometry_msgs: 4.9.1 (/opt/ros/humble/share/geometry_msgs/cmake)
[3.608s] [0mCMake Deprecation Warning at CMakeLists.txt:1 (cmake_minimum_required):
[3.608s]   Compatibility with CMake < 3.10 will be removed from a future version of
[3.614s]   CMake.
[3.615s] 
[3.615s]   Update the VERSION argument <min> value.  Or, use the <min>...<max> syntax
[3.615s]   to tell CMake that the project requires at least <min> but has been updated
[3.615s]   to work with policies introduced by <max> or earlier.
[3.615s] 
[3.615s] [0m
[3.631s] -- Found visualization_msgs: 4.9.1 (/opt/ros/humble/share/visualization_msgs/cmake)
[3.812s] -- Found autoware_msgs: 0.1.0 (/home/starry1n/WUTA-FSD1/ros2_ws/install/autoware_msgs/share/autoware_msgs/cmake)
[3.872s] -- Found wuta_msgs: 1.0.0 (/home/starry1n/WUTA-FSD1/ros2_ws/install/wuta_msgs/share/wuta_msgs/cmake)
[4.179s] -- Configuring done (4.1s)
[4.224s] -- Generating done (0.0s)
[4.314s] -- Build files have been written to: /home/starry1n/WUTA-FSD1/ros2_ws/build/controller
[4.405s] Invoked command in '/home/starry1n/WUTA-FSD1/ros2_ws/build/controller' returned '0': AMENT_PREFIX_PATH=/home/starry1n/WUTA-FSD1/ros2_ws/install/wuta_msgs:/home/starry1n/WUTA-FSD1/ros2_ws/install/autoware_msgs:${AMENT_PREFIX_PATH} CMAKE_PREFIX_PATH=/home/starry1n/WUTA-FSD1/ros2_ws/install/wuta_msgs:/home/starry1n/WUTA-FSD1/ros2_ws/install/autoware_msgs:/opt/ros/humble LD_LIBRARY_PATH=/home/starry1n/WUTA-FSD1/ros2_ws/install/wuta_msgs/lib:/home/starry1n/WUTA-FSD1/ros2_ws/install/autoware_msgs/lib:${LD_LIBRARY_PATH} PYTHONPATH=/home/starry1n/WUTA-FSD1/ros2_ws/install/wuta_msgs/local/lib/python3.10/dist-packages:/home/starry1n/WUTA-FSD1/ros2_ws/install/autoware_msgs/local/lib/python3.10/dist-packages:${PYTHONPATH} /usr/bin/cmake /home/starry1n/WUTA-FSD1/ros2_ws/src/control/controller -DCMAKE_MODULE_PATH=/home/starry1n/WUTA-FSD1/ros2_ws/cmake -DAMENT_CMAKE_SYMLINK_INSTALL=1 -DCMAKE_INSTALL_PREFIX=/home/starry1n/WUTA-FSD1/ros2_ws/install/controller
[4.422s] Invoking command in '/home/starry1n/WUTA-FSD1/ros2_ws/build/controller': AMENT_PREFIX_PATH=/home/starry1n/WUTA-FSD1/ros2_ws/install/wuta_msgs:/home/starry1n/WUTA-FSD1/ros2_ws/install/autoware_msgs:${AMENT_PREFIX_PATH} CMAKE_PREFIX_PATH=/home/starry1n/WUTA-FSD1/ros2_ws/install/wuta_msgs:/home/starry1n/WUTA-FSD1/ros2_ws/install/autoware_msgs:/opt/ros/humble LD_LIBRARY_PATH=/home/starry1n/WUTA-FSD1/ros2_ws/install/wuta_msgs/lib:/home/starry1n/WUTA-FSD1/ros2_ws/install/autoware_msgs/lib:${LD_LIBRARY_PATH} PYTHONPATH=/home/starry1n/WUTA-FSD1/ros2_ws/install/wuta_msgs/local/lib/python3.10/dist-packages:/home/starry1n/WUTA-FSD1/ros2_ws/install/autoware_msgs/local/lib/python3.10/dist-packages:${PYTHONPATH} /usr/bin/cmake --build /home/starry1n/WUTA-FSD1/ros2_ws/build/controller -- -j8 -l8
[4.698s] [ 25%] [32mBuilding CXX object CMakeFiles/controller_node.dir/src/controller_node.cpp.o[0m
[4.711s] [ 50%] [32mBuilding CXX object CMakeFiles/controller_node.dir/src/pure_pursuit.cpp.o[0m
[4.719s] [ 75%] [32mBuilding CXX object CMakeFiles/controller_node.dir/src/twist_filter.cpp.o[0m
[38.778s] [100%] [1m[32mLinking CXX executable controller_node[0m
[41.039s] [100%] Built target controller_node
[41.071s] Invoked command in '/home/starry1n/WUTA-FSD1/ros2_ws/build/controller' returned '0': AMENT_PREFIX_PATH=/home/starry1n/WUTA-FSD1/ros2_ws/install/wuta_msgs:/home/starry1n/WUTA-FSD1/ros2_ws/install/autoware_msgs:${AMENT_PREFIX_PATH} CMAKE_PREFIX_PATH=/home/starry1n/WUTA-FSD1/ros2_ws/install/wuta_msgs:/home/starry1n/WUTA-FSD1/ros2_ws/install/autoware_msgs:/opt/ros/humble LD_LIBRARY_PATH=/home/starry1n/WUTA-FSD1/ros2_ws/install/wuta_msgs/lib:/home/starry1n/WUTA-FSD1/ros2_ws/install/autoware_msgs/lib:${LD_LIBRARY_PATH} PYTHONPATH=/home/starry1n/WUTA-FSD1/ros2_ws/install/wuta_msgs/local/lib/python3.10/dist-packages:/home/starry1n/WUTA-FSD1/ros2_ws/install/autoware_msgs/local/lib/python3.10/dist-packages:${PYTHONPATH} /usr/bin/cmake --build /home/starry1n/WUTA-FSD1/ros2_ws/build/controller -- -j8 -l8
[41.080s] Invoking command in '/home/starry1n/WUTA-FSD1/ros2_ws/build/controller': AMENT_PREFIX_PATH=/home/starry1n/WUTA-FSD1/ros2_ws/install/wuta_msgs:/home/starry1n/WUTA-FSD1/ros2_ws/install/autoware_msgs:${AMENT_PREFIX_PATH} CMAKE_PREFIX_PATH=/home/starry1n/WUTA-FSD1/ros2_ws/install/wuta_msgs:/home/starry1n/WUTA-FSD1/ros2_ws/install/autoware_msgs:/opt/ros/humble LD_LIBRARY_PATH=/home/starry1n/WUTA-FSD1/ros2_ws/install/wuta_msgs/lib:/home/starry1n/WUTA-FSD1/ros2_ws/install/autoware_msgs/lib:${LD_LIBRARY_PATH} PYTHONPATH=/home/starry1n/WUTA-FSD1/ros2_ws/install/wuta_msgs/local/lib/python3.10/dist-packages:/home/starry1n/WUTA-FSD1/ros2_ws/install/autoware_msgs/local/lib/python3.10/dist-packages:${PYTHONPATH} /usr/bin/cmake --install /home/starry1n/WUTA-FSD1/ros2_ws/build/controller
[41.476s] -- Install configuration: ""
[41.476s] -- Execute custom install script
[41.476s] -- Symlinking: /home/starry1n/WUTA-FSD1/ros2_ws/install/controller/lib/controller/controller_node
[41.476s] -- Symlinking: /home/starry1n/WUTA-FSD1/ros2_ws/install/controller/share/controller/controller.yaml
[41.476s] -- Symlinking: /home/starry1n/WUTA-FSD1/ros2_ws/install/controller/share/ament_index/resource_index/package_run_dependencies/controller
[41.476s] -- Symlinking: /home/starry1n/WUTA-FSD1/ros2_ws/install/controller/share/ament_index/resource_index/parent_prefix_path/controller
[41.476s] -- Symlinking: /home/starry1n/WUTA-FSD1/ros2_ws/install/controller/share/controller/environment/ament_prefix_path.sh
[41.476s] -- Symlinking: /home/starry1n/WUTA-FSD1/ros2_ws/install/controller/share/controller/environment/ament_prefix_path.dsv
[41.476s] -- Symlinking: /home/starry1n/WUTA-FSD1/ros2_ws/install/controller/share/controller/environment/path.sh
[41.476s] -- Symlinking: /home/starry1n/WUTA-FSD1/ros2_ws/install/controller/share/controller/environment/path.dsv
[41.476s] -- Symlinking: /home/starry1n/WUTA-FSD1/ros2_ws/install/controller/share/controller/local_setup.bash
[41.476s] -- Symlinking: /home/starry1n/WUTA-FSD1/ros2_ws/install/controller/share/controller/local_setup.sh
[41.476s] -- Symlinking: /home/starry1n/WUTA-FSD1/ros2_ws/install/controller/share/controller/local_setup.zsh
[41.477s] -- Symlinking: /home/starry1n/WUTA-FSD1/ros2_ws/install/controller/share/controller/local_setup.dsv
[41.477s] -- Symlinking: /home/starry1n/WUTA-FSD1/ros2_ws/install/controller/share/controller/package.dsv
[41.477s] -- Symlinking: /home/starry1n/WUTA-FSD1/ros2_ws/install/controller/share/ament_index/resource_index/packages/controller
[41.477s] -- Symlinking: /home/starry1n/WUTA-FSD1/ros2_ws/install/controller/share/controller/cmake/controllerConfig.cmake
[41.477s] -- Symlinking: /home/starry1n/WUTA-FSD1/ros2_ws/install/controller/share/controller/cmake/controllerConfig-version.cmake
[41.477s] -- Symlinking: /home/starry1n/WUTA-FSD1/ros2_ws/install/controller/share/controller/package.xml
[41.753s] Invoked command in '/home/starry1n/WUTA-FSD1/ros2_ws/build/controller' returned '0': AMENT_PREFIX_PATH=/home/starry1n/WUTA-FSD1/ros2_ws/install/wuta_msgs:/home/starry1n/WUTA-FSD1/ros2_ws/install/autoware_msgs:${AMENT_PREFIX_PATH} CMAKE_PREFIX_PATH=/home/starry1n/WUTA-FSD1/ros2_ws/install/wuta_msgs:/home/starry1n/WUTA-FSD1/ros2_ws/install/autoware_msgs:/opt/ros/humble LD_LIBRARY_PATH=/home/starry1n/WUTA-FSD1/ros2_ws/install/wuta_msgs/lib:/home/starry1n/WUTA-FSD1/ros2_ws/install/autoware_msgs/lib:${LD_LIBRARY_PATH} PYTHONPATH=/home/starry1n/WUTA-FSD1/ros2_ws/install/wuta_msgs/local/lib/python3.10/dist-packages:/home/starry1n/WUTA-FSD1/ros2_ws/install/autoware_msgs/local/lib/python3.10/dist-packages:${PYTHONPATH} /usr/bin/cmake --install /home/starry1n/WUTA-FSD1/ros2_ws/build/controller
