[0.056s] Invoking command in '/home/wuta/WUTA/WUTA-FSD/ros2_ws/build/controller': CMAKE_PREFIX_PATH=/home/wuta/WUTA/WUTA-FSD/ros2_ws/install/wuta_msgs:/home/wuta/WUTA/WUTA-FSD/ros2_ws/install/autoware_msgs:/home/wuta/WUTA/WUTA-FSD/ros2_ws/install/detection_fusion:/home/wuta/WUTA/WUTA-FSD/ros2_ws/install/camera_detection:/opt/ros/humble /home/wuta/.local/bin/cmake --build /home/wuta/WUTA/WUTA-FSD/ros2_ws/build/controller -- -j12 -l12
[0.240s] CMake Deprecation Warning at CMakeLists.txt:1 (cmake_minimum_required):
[0.240s]   Compatibility with CMake < 3.10 will be removed from a future version of
[0.240s]   CMake.
[0.240s] 
[0.240s]   Update the VERSION argument <min> value.  Or, use the <min>...<max> syntax
[0.240s]   to tell CMake that the project requires at least <min> but has been updated
[0.240s]   to work with policies introduced by <max> or earlier.
[0.240s] 
[0.242s] 
[0.254s] -- Found ament_cmake: 1.3.14 (/opt/ros/humble/share/ament_cmake/cmake)
[1.007s] -- Override CMake install command with custom implementation using symlinks instead of copying resources
[1.034s] -- Found rclcpp: 16.0.19 (/opt/ros/humble/share/rclcpp/cmake)
[1.190s] -- Found rosidl_generator_c: 3.1.8 (/opt/ros/humble/share/rosidl_generator_c/cmake)
[1.199s] -- Found rosidl_adapter: 3.1.8 (/opt/ros/humble/share/rosidl_adapter/cmake)
[1.231s] -- Found rosidl_generator_cpp: 3.1.8 (/opt/ros/humble/share/rosidl_generator_cpp/cmake)
[1.288s] -- Using all available rosidl_typesupport_c: rosidl_typesupport_fastrtps_c;rosidl_typesupport_introspection_c
[1.360s] -- Using all available rosidl_typesupport_cpp: rosidl_typesupport_fastrtps_cpp;rosidl_typesupport_introspection_cpp
[1.463s] -- Found rmw_implementation_cmake: 6.1.2 (/opt/ros/humble/share/rmw_implementation_cmake/cmake)
[1.466s] -- Found rmw_fastrtps_cpp: 6.2.10 (/opt/ros/humble/share/rmw_fastrtps_cpp/cmake)
[1.789s] -- Using RMW implementation 'rmw_fastrtps_cpp' as default
[1.967s] -- Found geometry_msgs: 4.9.1 (/opt/ros/humble/share/geometry_msgs/cmake)
[2.013s] -- Found visualization_msgs: 4.9.1 (/opt/ros/humble/share/visualization_msgs/cmake)
[2.157s] -- Found autoware_msgs: 0.1.0 (/home/wuta/WUTA/WUTA-FSD/ros2_ws/install/autoware_msgs/share/autoware_msgs/cmake)
[2.212s] -- Found wuta_msgs: 1.0.0 (/home/wuta/WUTA/WUTA-FSD/ros2_ws/install/wuta_msgs/share/wuta_msgs/cmake)
[2.414s] -- Configuring done (2.2s)
[2.487s] -- Generating done (0.1s)
[2.631s] -- Build files have been written to: /home/wuta/WUTA/WUTA-FSD/ros2_ws/build/controller
[2.706s] [ 25%] Building CXX object CMakeFiles/controller_node.dir/src/controller_node.cpp.o
[2.715s] [ 50%] Building CXX object CMakeFiles/controller_node.dir/src/pure_pursuit.cpp.o
[2.720s] [ 75%] Building CXX object CMakeFiles/controller_node.dir/src/twist_filter.cpp.o
[39.245s] [100%] Linking CXX executable controller_node
[40.338s] [100%] Built target controller_node
