[0.133s] Invoking command in '/home/g2909/WUTA1/WUTA-FSD/ros2_ws/build/mission_manager': AMENT_PREFIX_PATH=/home/g2909/WUTA1/WUTA-FSD/ros2_ws/install/wuta_msgs:${AMENT_PREFIX_PATH} CMAKE_PREFIX_PATH=/home/g2909/WUTA1/WUTA-FSD/ros2_ws/install/wuta_msgs:/opt/ros/humble LD_LIBRARY_PATH=/home/g2909/WUTA1/WUTA-FSD/ros2_ws/install/wuta_msgs/lib:${LD_LIBRARY_PATH} PYTHONPATH=/home/g2909/WUTA1/WUTA-FSD/ros2_ws/install/wuta_msgs/local/lib/python3.10/dist-packages:${PYTHONPATH} /home/g2909/.local/bin/cmake --build /home/g2909/WUTA1/WUTA-FSD/ros2_ws/build/mission_manager -- -j16 -l16
[0.217s] [100%] Built target mission_manager_node
[0.224s] Invoked command in '/home/g2909/WUTA1/WUTA-FSD/ros2_ws/build/mission_manager' returned '0': AMENT_PREFIX_PATH=/home/g2909/WUTA1/WUTA-FSD/ros2_ws/install/wuta_msgs:${AMENT_PREFIX_PATH} CMAKE_PREFIX_PATH=/home/g2909/WUTA1/WUTA-FSD/ros2_ws/install/wuta_msgs:/opt/ros/humble LD_LIBRARY_PATH=/home/g2909/WUTA1/WUTA-FSD/ros2_ws/install/wuta_msgs/lib:${LD_LIBRARY_PATH} PYTHONPATH=/home/g2909/WUTA1/WUTA-FSD/ros2_ws/install/wuta_msgs/local/lib/python3.10/dist-packages:${PYTHONPATH} /home/g2909/.local/bin/cmake --build /home/g2909/WUTA1/WUTA-FSD/ros2_ws/build/mission_manager -- -j16 -l16
[0.226s] Invoking command in '/home/g2909/WUTA1/WUTA-FSD/ros2_ws/build/mission_manager': AMENT_PREFIX_PATH=/home/g2909/WUTA1/WUTA-FSD/ros2_ws/install/wuta_msgs:${AMENT_PREFIX_PATH} CMAKE_PREFIX_PATH=/home/g2909/WUTA1/WUTA-FSD/ros2_ws/install/wuta_msgs:/opt/ros/humble LD_LIBRARY_PATH=/home/g2909/WUTA1/WUTA-FSD/ros2_ws/install/wuta_msgs/lib:${LD_LIBRARY_PATH} PYTHONPATH=/home/g2909/WUTA1/WUTA-FSD/ros2_ws/install/wuta_msgs/local/lib/python3.10/dist-packages:${PYTHONPATH} /home/g2909/.local/bin/cmake --install /home/g2909/WUTA1/WUTA-FSD/ros2_ws/build/mission_manager
[0.295s] -- Install configuration: ""
[0.295s] -- Execute custom install script
[0.295s] -- Up-to-date symlink: /home/g2909/WUTA1/WUTA-FSD/ros2_ws/install/mission_manager/lib/mission_manager/mission_manager_node
[0.295s] -- Up-to-date symlink: /home/g2909/WUTA1/WUTA-FSD/ros2_ws/install/mission_manager/share/mission_manager/config/.gitkeep
[0.295s] -- Up-to-date symlink: /home/g2909/WUTA1/WUTA-FSD/ros2_ws/install/mission_manager/share/ament_index/resource_index/package_run_dependencies/mission_manager
[0.296s] -- Up-to-date symlink: /home/g2909/WUTA1/WUTA-FSD/ros2_ws/install/mission_manager/share/ament_index/resource_index/parent_prefix_path/mission_manager
[0.296s] -- Up-to-date symlink: /home/g2909/WUTA1/WUTA-FSD/ros2_ws/install/mission_manager/share/mission_manager/environment/ament_prefix_path.sh
[0.296s] -- Up-to-date symlink: /home/g2909/WUTA1/WUTA-FSD/ros2_ws/install/mission_manager/share/mission_manager/environment/ament_prefix_path.dsv
[0.296s] -- Up-to-date symlink: /home/g2909/WUTA1/WUTA-FSD/ros2_ws/install/mission_manager/share/mission_manager/environment/path.sh
[0.296s] -- Up-to-date symlink: /home/g2909/WUTA1/WUTA-FSD/ros2_ws/install/mission_manager/share/mission_manager/environment/path.dsv
[0.296s] -- Up-to-date symlink: /home/g2909/WUTA1/WUTA-FSD/ros2_ws/install/mission_manager/share/mission_manager/local_setup.bash
[0.296s] -- Up-to-date symlink: /home/g2909/WUTA1/WUTA-FSD/ros2_ws/install/mission_manager/share/mission_manager/local_setup.sh
[0.296s] -- Up-to-date symlink: /home/g2909/WUTA1/WUTA-FSD/ros2_ws/install/mission_manager/share/mission_manager/local_setup.zsh
[0.297s] -- Up-to-date symlink: /home/g2909/WUTA1/WUTA-FSD/ros2_ws/install/mission_manager/share/mission_manager/local_setup.dsv
[0.297s] -- Symlinking: /home/g2909/WUTA1/WUTA-FSD/ros2_ws/install/mission_manager/share/mission_manager/package.dsv
[0.300s] -- Up-to-date symlink: /home/g2909/WUTA1/WUTA-FSD/ros2_ws/install/mission_manager/share/ament_index/resource_index/packages/mission_manager
[0.301s] -- Up-to-date symlink: /home/g2909/WUTA1/WUTA-FSD/ros2_ws/install/mission_manager/share/mission_manager/cmake/mission_managerConfig.cmake
[0.302s] -- Up-to-date symlink: /home/g2909/WUTA1/WUTA-FSD/ros2_ws/install/mission_manager/share/mission_manager/cmake/mission_managerConfig-version.cmake
[0.302s] -- Up-to-date symlink: /home/g2909/WUTA1/WUTA-FSD/ros2_ws/install/mission_manager/share/mission_manager/package.xml
[0.351s] Invoked command in '/home/g2909/WUTA1/WUTA-FSD/ros2_ws/build/mission_manager' returned '0': AMENT_PREFIX_PATH=/home/g2909/WUTA1/WUTA-FSD/ros2_ws/install/wuta_msgs:${AMENT_PREFIX_PATH} CMAKE_PREFIX_PATH=/home/g2909/WUTA1/WUTA-FSD/ros2_ws/install/wuta_msgs:/opt/ros/humble LD_LIBRARY_PATH=/home/g2909/WUTA1/WUTA-FSD/ros2_ws/install/wuta_msgs/lib:${LD_LIBRARY_PATH} PYTHONPATH=/home/g2909/WUTA1/WUTA-FSD/ros2_ws/install/wuta_msgs/local/lib/python3.10/dist-packages:${PYTHONPATH} /home/g2909/.local/bin/cmake --install /home/g2909/WUTA1/WUTA-FSD/ros2_ws/build/mission_manager
