[0.092s] Invoking command in '/home/wuta/WUTA/WUTA-FSD/ros2_ws/build/ndt_localization': AMENT_PREFIX_PATH=/home/wuta/WUTA/WUTA-FSD/ros2_ws/install/wuta_msgs:${AMENT_PREFIX_PATH} CMAKE_PREFIX_PATH=/home/wuta/WUTA/WUTA-FSD/ros2_ws/install/wuta_msgs:/opt/ros/humble LD_LIBRARY_PATH=/home/wuta/WUTA/WUTA-FSD/ros2_ws/install/wuta_msgs/lib:${LD_LIBRARY_PATH} PYTHONPATH=/home/wuta/WUTA/WUTA-FSD/ros2_ws/install/wuta_msgs/local/lib/python3.10/dist-packages:${PYTHONPATH} /home/wuta/.local/bin/cmake /home/wuta/WUTA/WUTA-FSD/ros2_ws/src/localization/ndt_localization -DAMENT_CMAKE_SYMLINK_INSTALL=1 -DCMAKE_INSTALL_PREFIX=/home/wuta/WUTA/WUTA-FSD/ros2_ws/install/ndt_localization
[0.357s] CMake Deprecation Warning at CMakeLists.txt:1 (cmake_minimum_required):
[0.357s]   Compatibility with CMake < 3.10 will be removed from a future version of
[0.357s]   CMake.
[0.357s] 
[0.357s]   Update the VERSION argument <min> value.  Or, use the <min>...<max> syntax
[0.357s]   to tell CMake that the project requires at least <min> but has been updated
[0.357s]   to work with policies introduced by <max> or earlier.
[0.357s] 
[0.358s] 
[0.546s] -- The C compiler identification is GNU 12.3.0
[0.760s] -- The CXX compiler identification is GNU 12.3.0
[0.803s] -- Detecting C compiler ABI info
[1.024s] -- Detecting C compiler ABI info - done
[1.103s] -- Check for working C compiler: /usr/bin/cc - skipped
[1.109s] -- Detecting C compile features
[1.112s] -- Detecting C compile features - done
[1.146s] -- Detecting CXX compiler ABI info
[1.357s] -- Detecting CXX compiler ABI info - done
[1.427s] -- Check for working CXX compiler: /usr/bin/c++ - skipped
[1.429s] -- Detecting CXX compile features
[1.430s] -- Detecting CXX compile features - done
[1.458s] -- Found ament_cmake: 1.3.14 (/opt/ros/humble/share/ament_cmake/cmake)
[1.941s] -- Found Python3: /usr/bin/python3 (found version "3.10.12") found components: Interpreter
[2.125s] -- Override CMake install command with custom implementation using symlinks instead of copying resources
[2.206s] -- Found rclcpp: 16.0.19 (/opt/ros/humble/share/rclcpp/cmake)
[2.443s] -- Found rosidl_generator_c: 3.1.8 (/opt/ros/humble/share/rosidl_generator_c/cmake)
[2.470s] -- Found rosidl_adapter: 3.1.8 (/opt/ros/humble/share/rosidl_adapter/cmake)
[2.521s] -- Found rosidl_generator_cpp: 3.1.8 (/opt/ros/humble/share/rosidl_generator_cpp/cmake)
[2.588s] -- Using all available rosidl_typesupport_c: rosidl_typesupport_fastrtps_c;rosidl_typesupport_introspection_c
[2.680s] -- Using all available rosidl_typesupport_cpp: rosidl_typesupport_fastrtps_cpp;rosidl_typesupport_introspection_cpp
[2.935s] -- Found rmw_implementation_cmake: 6.1.2 (/opt/ros/humble/share/rmw_implementation_cmake/cmake)
[2.940s] -- Found rmw_fastrtps_cpp: 6.2.10 (/opt/ros/humble/share/rmw_fastrtps_cpp/cmake)
[3.188s] -- Found OpenSSL: /usr/lib/x86_64-linux-gnu/libcrypto.so (found version "3.0.2")
[3.301s] -- Found FastRTPS: /opt/ros/humble/include
[3.453s] -- Using RMW implementation 'rmw_fastrtps_cpp' as default
[3.493s] -- Performing Test CMAKE_HAVE_LIBC_PTHREAD
[3.715s] -- Performing Test CMAKE_HAVE_LIBC_PTHREAD - Success
[3.720s] -- Found Threads: TRUE
[3.930s] -- Found sensor_msgs: 4.9.1 (/opt/ros/humble/share/sensor_msgs/cmake)
[4.034s] -- Found nav_msgs: 4.9.1 (/opt/ros/humble/share/nav_msgs/cmake)
[4.094s] -- Found visualization_msgs: 4.9.1 (/opt/ros/humble/share/visualization_msgs/cmake)
[4.182s] -- Found wuta_msgs: 1.0.0 (/home/wuta/WUTA/WUTA-FSD/ros2_ws/install/wuta_msgs/share/wuta_msgs/cmake)
[4.272s] CMake Warning (dev) at /usr/lib/x86_64-linux-gnu/cmake/pcl/PCLConfig.cmake:146 (find_package):
[4.272s]   Policy CMP0144 is not set: find_package uses upper-case <PACKAGENAME>_ROOT
[4.272s]   variables.  Run "cmake --help-policy CMP0144" for policy details.  Use the
[4.272s]   cmake_policy command to set the policy and suppress this warning.
[4.273s] 
[4.273s]   CMake variable EIGEN_ROOT is set to:
[4.273s] 
[4.273s]     /usr/include/eigen3
[4.273s] 
[4.273s]   For compatibility, find_package is ignoring the variable, but code in a
[4.273s]   .cmake module might still use it.
[4.273s] Call Stack (most recent call first):
[4.274s]   /usr/lib/x86_64-linux-gnu/cmake/pcl/PCLConfig.cmake:299 (find_eigen)
[4.274s]   /usr/lib/x86_64-linux-gnu/cmake/pcl/PCLConfig.cmake:543 (find_external_library)
[4.274s]   CMakeLists.txt:14 (find_package)
[4.274s] This warning is for project developers.  Use -Wno-dev to suppress it.
[4.274s] 
[4.294s] -- Checking for module 'eigen3'
[4.316s] --   Found eigen3, version 3.4.0
[4.390s] -- Found Eigen: /usr/include/eigen3 (Required is at least version "3.1")
[4.390s] -- Eigen found (include: /usr/include/eigen3, version: 3.4.0)
[4.391s] CMake Warning (dev) at /usr/lib/x86_64-linux-gnu/cmake/pcl/PCLConfig.cmake:128 (find_package):
[4.391s]   Policy CMP0167 is not set: The FindBoost module is removed.  Run "cmake
[4.391s]   --help-policy CMP0167" for policy details.  Use the cmake_policy command to
[4.391s]   set the policy and suppress this warning.
[4.391s] 
[4.391s] Call Stack (most recent call first):
[4.391s]   /usr/lib/x86_64-linux-gnu/cmake/pcl/PCLConfig.cmake:297 (find_boost)
[4.392s]   /usr/lib/x86_64-linux-gnu/cmake/pcl/PCLConfig.cmake:543 (find_external_library)
[4.392s]   CMakeLists.txt:14 (find_package)
[4.392s] This warning is for project developers.  Use -Wno-dev to suppress it.
[4.392s] 
[4.445s] -- Found Boost: /usr/lib/x86_64-linux-gnu/cmake/Boost-1.74.0/BoostConfig.cmake (found suitable version "1.74.0", minimum required is "1.65.0") found components: system filesystem date_time iostreams serialization
[4.571s] -- Checking for module 'libusb-1.0'
[4.601s] --   Found libusb-1.0, version 1.0.25
[4.682s] -- Found libusb: /usr/lib/x86_64-linux-gnu/libusb-1.0.so
[4.685s] -- Found OpenNI: /usr/lib/libOpenNI.so;libusb::libusb (found version "1.5.4.0")
[4.686s] -- OpenNI found (version: 1.5.4.0, include: /usr/include/ni, lib: /usr/lib/libOpenNI.so;libusb::libusb)
[4.905s] -- Found OpenNI2: /usr/lib/x86_64-linux-gnu/libOpenNI2.so;libusb::libusb (found version "2.2.0.33")
[4.913s] -- OpenNI2 found (version: 2.2.0.33, include: /usr/include/openni2, lib: /usr/lib/x86_64-linux-gnu/libOpenNI2.so;libusb::libusb)
[4.913s] ** WARNING ** io features related to pcap will be disabled
[4.913s] ** WARNING ** io features related to png will be disabled
[5.144s] -- Found GLEW: /usr/lib/x86_64-linux-gnu/libGLEW.so
[5.169s] -- Found OpenGL: /usr/lib/x86_64-linux-gnu/libOpenGL.so  found components: OpenGL GLX
[5.696s] -- Found MPI_C: /usr/lib/x86_64-linux-gnu/libmpi.so (found version "3.1")
[5.697s] -- Found MPI: TRUE (found version "3.1") found components: C
[5.708s] -- Found JsonCpp: /usr/lib/x86_64-linux-gnu/libjsoncpp.so (found suitable version "1.9.5", minimum required is "0.7.0")
[5.807s] -- Found ZLIB: /usr/lib/x86_64-linux-gnu/libz.so (found version "1.2.11")
[5.922s] -- Found PNG: /usr/lib/x86_64-linux-gnu/libpng.so (found version "1.6.37")
[5.958s] -- Found Eigen3: /usr/include/eigen3 (found version "3.4.0")
[6.408s] -- Found X11: /usr/include
[6.413s] -- Looking for XOpenDisplay in /usr/lib/x86_64-linux-gnu/libX11.so;/usr/lib/x86_64-linux-gnu/libXext.so
[6.594s] -- Looking for XOpenDisplay in /usr/lib/x86_64-linux-gnu/libX11.so;/usr/lib/x86_64-linux-gnu/libXext.so - found
[6.594s] -- Looking for gethostbyname
[6.733s] -- Looking for gethostbyname - found
[6.741s] -- Looking for connect
[6.909s] -- Looking for connect - found
[6.910s] -- Looking for remove
[7.048s] -- Looking for remove - found
[7.048s] -- Looking for shmat
[7.166s] -- Looking for shmat - found
[7.167s] -- Looking for IceConnectionNumber in ICE
[7.292s] -- Looking for IceConnectionNumber in ICE - found
[7.595s] -- Found EXPAT: /usr/lib/x86_64-linux-gnu/libexpat.so (found version "2.4.7")
[7.600s] -- Found double-conversion: /usr/lib/x86_64-linux-gnu/libdouble-conversion.so
[7.608s] -- Found LZ4: /usr/lib/x86_64-linux-gnu/liblz4.so (found version "1.9.3")
[7.613s] -- Found LZMA: /usr/lib/x86_64-linux-gnu/liblzma.so (found version "5.2.5")
[7.647s] -- Found JPEG: /usr/lib/x86_64-linux-gnu/libjpeg.so (found version "80")
[7.683s] -- Found TIFF: /usr/lib/x86_64-linux-gnu/libtiff.so (found version "4.3.0")
[7.706s] -- Found Freetype: /usr/lib/x86_64-linux-gnu/libfreetype.so (found version "2.11.1")
[7.718s] -- Found utf8cpp: /usr/include/utf8cpp
[7.769s] CMake Warning (dev) at /usr/lib/x86_64-linux-gnu/cmake/pcl/PCLConfig.cmake:128 (find_package):
[7.769s]   Policy CMP0167 is not set: The FindBoost module is removed.  Run "cmake
[7.769s]   --help-policy CMP0167" for policy details.  Use the cmake_policy command to
[7.769s]   set the policy and suppress this warning.
[7.769s] 
[7.769s] Call Stack (most recent call first):
[7.769s]   /usr/lib/x86_64-linux-gnu/cmake/pcl/PCLConfig.cmake:297 (find_boost)
[7.769s]   /usr/lib/x86_64-linux-gnu/cmake/pcl/PCLConfig.cmake:543 (find_external_library)
[7.770s]   CMakeLists.txt:14 (find_package)
[7.770s] This warning is for project developers.  Use -Wno-dev to suppress it.
[7.770s] 
[7.795s] -- Eigen found (include: /usr/include/eigen3, version: 3.4.0)
[7.796s] CMake Warning (dev) at /usr/lib/x86_64-linux-gnu/cmake/pcl/Modules/FindFLANN.cmake:44 (find_package):
[7.796s]   Policy CMP0144 is not set: find_package uses upper-case <PACKAGENAME>_ROOT
[7.797s]   variables.  Run "cmake --help-policy CMP0144" for policy details.  Use the
[7.797s]   cmake_policy command to set the policy and suppress this warning.
[7.797s] 
[7.797s]   CMake variable FLANN_ROOT is set to:
[7.797s] 
[7.797s]     /usr
[7.797s] 
[7.797s]   For compatibility, find_package is ignoring the variable, but code in a
[7.797s]   .cmake module might still use it.
[7.797s] Call Stack (most recent call first):
[7.798s]   /usr/lib/x86_64-linux-gnu/cmake/pcl/PCLConfig.cmake:256 (find_package)
[7.798s]   /usr/lib/x86_64-linux-gnu/cmake/pcl/PCLConfig.cmake:301 (find_flann)
[7.798s]   /usr/lib/x86_64-linux-gnu/cmake/pcl/PCLConfig.cmake:543 (find_external_library)
[7.798s]   CMakeLists.txt:14 (find_package)
[7.798s] This warning is for project developers.  Use -Wno-dev to suppress it.
[7.798s] 
[7.825s] -- Checking for module 'flann'
[7.845s] --   Found flann, version 1.9.1
[7.912s] -- Found FLANN: /usr/lib/x86_64-linux-gnu/libflann_cpp.so
[7.912s] -- FLANN found (include: /usr/include, lib: /usr/lib/x86_64-linux-gnu/libflann_cpp.so)
[8.796s] -- looking for PCL_COMMON
[8.798s] -- Found PCL_COMMON: /usr/lib/x86_64-linux-gnu/libpcl_common.so
[8.798s] -- looking for PCL_OCTREE
[8.799s] -- Found PCL_OCTREE: /usr/lib/x86_64-linux-gnu/libpcl_octree.so
[8.800s] -- looking for PCL_IO
[8.801s] -- Found PCL_IO: /usr/lib/x86_64-linux-gnu/libpcl_io.so
[8.801s] -- looking for PCL_KDTREE
[8.803s] -- Found PCL_KDTREE: /usr/lib/x86_64-linux-gnu/libpcl_kdtree.so
[8.803s] -- looking for PCL_SEARCH
[8.804s] -- Found PCL_SEARCH: /usr/lib/x86_64-linux-gnu/libpcl_search.so
[8.805s] -- looking for PCL_SAMPLE_CONSENSUS
[8.806s] -- Found PCL_SAMPLE_CONSENSUS: /usr/lib/x86_64-linux-gnu/libpcl_sample_consensus.so
[8.806s] -- looking for PCL_FILTERS
[8.808s] -- Found PCL_FILTERS: /usr/lib/x86_64-linux-gnu/libpcl_filters.so
[8.808s] -- looking for PCL_2D
[8.809s] -- Found PCL_2D: /usr/include/pcl-1.12
[8.809s] -- looking for PCL_FEATURES
[8.810s] -- Found PCL_FEATURES: /usr/lib/x86_64-linux-gnu/libpcl_features.so
[8.811s] -- looking for PCL_REGISTRATION
[8.812s] -- Found PCL_REGISTRATION: /usr/lib/x86_64-linux-gnu/libpcl_registration.so
[8.813s] -- Found PCL: pcl_common;pcl_octree;pcl_io;pcl_kdtree;pcl_search;pcl_sample_consensus;pcl_filters;pcl_features;pcl_registration;Boost::system;Boost::filesystem;Boost::date_time;Boost::iostreams;Boost::serialization;/usr/lib/libOpenNI.so;libusb::libusb;/usr/lib/x86_64-linux-gnu/libOpenNI2.so;libusb::libusb;VTK::ChartsCore;VTK::CommonColor;VTK::CommonComputationalGeometry;VTK::CommonCore;VTK::CommonDataModel;VTK::CommonExecutionModel;VTK::CommonMath;VTK::CommonMisc;VTK::CommonTransforms;VTK::FiltersCore;VTK::FiltersExtraction;VTK::FiltersGeneral;VTK::FiltersGeometry;VTK::FiltersModeling;VTK::FiltersSources;VTK::ImagingCore;VTK::ImagingSources;VTK::InteractionImage;VTK::InteractionStyle;VTK::InteractionWidgets;VTK::IOCore;VTK::IOGeometry;VTK::IOImage;VTK::IOLegacy;VTK::IOPLY;VTK::RenderingAnnotation;VTK::RenderingCore;VTK::RenderingContext2D;VTK::RenderingLOD;VTK::RenderingFreeType;VTK::ViewsCore;VTK::ViewsContext2D;VTK::RenderingOpenGL2;VTK::GUISupportQt;FLANN::FLANN
[8.816s] -- Found pcl_conversions: 2.4.5 (/opt/ros/humble/share/pcl_conversions/cmake)
[8.974s] -- Configuring done (8.6s)
[9.059s] -- Generating done (0.1s)
[9.191s] -- Build files have been written to: /home/wuta/WUTA/WUTA-FSD/ros2_ws/build/ndt_localization
