[0.047s] Invoking command in '/home/starry1n/WUTA/WUTA-FSD/ros2_ws/build/lidar_detection': AMENT_PREFIX_PATH=/home/starry1n/WUTA/WUTA-FSD/ros2_ws/install/wuta_msgs:${AMENT_PREFIX_PATH} CMAKE_PREFIX_PATH=/home/starry1n/WUTA/WUTA-FSD/ros2_ws/install/wuta_msgs:/opt/ros/humble LD_LIBRARY_PATH=/home/starry1n/WUTA/WUTA-FSD/ros2_ws/install/wuta_msgs/lib:${LD_LIBRARY_PATH} PYTHONPATH=/home/starry1n/WUTA/WUTA-FSD/ros2_ws/install/wuta_msgs/local/lib/python3.10/dist-packages:${PYTHONPATH} /usr/bin/cmake /home/starry1n/WUTA/WUTA-FSD/ros2_ws/src/perception/lidar_detection -DCMAKE_MODULE_PATH=/home/starry1n/WUTA/WUTA-FSD/ros2_ws/cmake -DAMENT_CMAKE_SYMLINK_INSTALL=1 -DCMAKE_INSTALL_PREFIX=/home/starry1n/WUTA/WUTA-FSD/ros2_ws/install/lidar_detection
[0.130s] [0mCMake Deprecation Warning at CMakeLists.txt:1 (cmake_minimum_required):
[0.131s]   Compatibility with CMake < 3.10 will be removed from a future version of
[0.131s]   CMake.
[0.131s] 
[0.131s]   Update the VERSION argument <min> value.  Or, use the <min>...<max> syntax
[0.131s]   to tell CMake that the project requires at least <min> but has been updated
[0.131s]   to work with policies introduced by <max> or earlier.
[0.131s] 
[0.131s] [0m
[0.246s] -- The C compiler identification is GNU 11.4.0
[0.505s] -- The CXX compiler identification is GNU 11.4.0
[0.551s] -- Detecting C compiler ABI info
[0.846s] -- Detecting C compiler ABI info - done
[0.888s] -- Check for working C compiler: /usr/bin/cc - skipped
[0.888s] -- Detecting C compile features
[0.888s] -- Detecting C compile features - done
[0.927s] -- Detecting CXX compiler ABI info
[1.329s] -- Detecting CXX compiler ABI info - done
[1.369s] -- Check for working CXX compiler: /usr/bin/c++ - skipped
[1.369s] -- Detecting CXX compile features
[1.374s] -- Detecting CXX compile features - done
[1.410s] -- Found ament_cmake: 1.3.14 (/opt/ros/humble/share/ament_cmake/cmake)
[1.852s] -- Found Python3: /usr/bin/python3 (found version "3.10.12") found components: Interpreter
[2.068s] -- Override CMake install command with custom implementation using symlinks instead of copying resources
[2.122s] -- Found rclcpp: 16.0.19 (/opt/ros/humble/share/rclcpp/cmake)
[2.258s] -- Found rosidl_generator_c: 3.1.9 (/opt/ros/humble/share/rosidl_generator_c/cmake)
[2.274s] -- Found rosidl_adapter: 3.1.9 (/opt/ros/humble/share/rosidl_adapter/cmake)
[2.295s] -- Found rosidl_generator_cpp: 3.1.9 (/opt/ros/humble/share/rosidl_generator_cpp/cmake)
[2.326s] -- Using all available rosidl_typesupport_c: rosidl_typesupport_fastrtps_c;rosidl_typesupport_introspection_c
[2.372s] -- Using all available rosidl_typesupport_cpp: rosidl_typesupport_fastrtps_cpp;rosidl_typesupport_introspection_cpp
[2.479s] -- Found rmw_implementation_cmake: 6.1.2 (/opt/ros/humble/share/rmw_implementation_cmake/cmake)
[2.491s] -- Found rmw_fastrtps_cpp: 6.2.10 (/opt/ros/humble/share/rmw_fastrtps_cpp/cmake)
[2.774s] -- Found OpenSSL: /usr/lib/x86_64-linux-gnu/libcrypto.so (found version "3.0.2")
[2.835s] -- Found FastRTPS: /opt/ros/humble/include
[2.935s] -- Using RMW implementation 'rmw_fastrtps_cpp' as default
[2.960s] -- Performing Test CMAKE_HAVE_LIBC_PTHREAD
[3.207s] -- Performing Test CMAKE_HAVE_LIBC_PTHREAD - Success
[3.211s] -- Found Threads: TRUE
[3.439s] -- Found sensor_msgs: 4.9.1 (/opt/ros/humble/share/sensor_msgs/cmake)
[3.537s] -- Found visualization_msgs: 4.9.1 (/opt/ros/humble/share/visualization_msgs/cmake)
[3.593s] -- Found wuta_msgs: 1.0.0 (/home/starry1n/WUTA/WUTA-FSD/ros2_ws/install/wuta_msgs/share/wuta_msgs/cmake)
[3.671s] [33mCMake Warning (dev) at /usr/lib/x86_64-linux-gnu/cmake/pcl/PCLConfig.cmake:146 (find_package):
[3.671s]   Policy CMP0144 is not set: find_package uses upper-case <PACKAGENAME>_ROOT
[3.673s]   variables.  Run "cmake --help-policy CMP0144" for policy details.  Use the
[3.673s]   cmake_policy command to set the policy and suppress this warning.
[3.673s] 
[3.673s]   CMake variable EIGEN_ROOT is set to:
[3.673s] 
[3.673s]     /usr/include/eigen3
[3.673s] 
[3.673s]   For compatibility, find_package is ignoring the variable, but code in a
[3.673s]   .cmake module might still use it.
[3.673s] Call Stack (most recent call first):
[3.673s]   /usr/lib/x86_64-linux-gnu/cmake/pcl/PCLConfig.cmake:299 (find_eigen)
[3.673s]   /usr/lib/x86_64-linux-gnu/cmake/pcl/PCLConfig.cmake:543 (find_external_library)
[3.673s]   CMakeLists.txt:11 (find_package)
[3.673s] This warning is for project developers.  Use -Wno-dev to suppress it.
[3.673s] [0m
[3.692s] -- Checking for module 'eigen3'
[3.748s] --   Found eigen3, version 3.4.0
[3.867s] -- Found Eigen: /usr/include/eigen3 (Required is at least version "3.1")
[3.868s] -- Eigen found (include: /usr/include/eigen3, version: 3.4.0)
[3.870s] [33mCMake Warning (dev) at /usr/lib/x86_64-linux-gnu/cmake/pcl/PCLConfig.cmake:128 (find_package):
[3.870s]   Policy CMP0167 is not set: The FindBoost module is removed.  Run "cmake
[3.870s]   --help-policy CMP0167" for policy details.  Use the cmake_policy command to
[3.870s]   set the policy and suppress this warning.
[3.870s] 
[3.870s] Call Stack (most recent call first):
[3.870s]   /usr/lib/x86_64-linux-gnu/cmake/pcl/PCLConfig.cmake:297 (find_boost)
[3.870s]   /usr/lib/x86_64-linux-gnu/cmake/pcl/PCLConfig.cmake:543 (find_external_library)
[3.870s]   CMakeLists.txt:11 (find_package)
[3.870s] This warning is for project developers.  Use -Wno-dev to suppress it.
[3.870s] [0m
[3.912s] -- Found Boost: /usr/lib/x86_64-linux-gnu/cmake/Boost-1.74.0/BoostConfig.cmake (found suitable version "1.74.0", minimum required is "1.65.0") found components: system filesystem date_time iostreams serialization
[3.990s] -- Found GLEW: /usr/lib/x86_64-linux-gnu/libGLEW.so
[4.004s] -- Found OpenGL: /usr/lib/x86_64-linux-gnu/libOpenGL.so  found components: OpenGL GLX
[4.374s] -- Found MPI: TRUE  found components: C
[4.377s] -- Found JsonCpp: /usr/lib/x86_64-linux-gnu/libjsoncpp.so (found suitable version "1.9.5", minimum required is "0.7.0")
[4.419s] -- Found ZLIB: /usr/lib/x86_64-linux-gnu/libz.so (found version "1.2.11")
[4.470s] -- Found PNG: /usr/lib/x86_64-linux-gnu/libpng.so (found version "1.6.37")
[4.512s] -- Found Eigen3: /usr/include/eigen3 (found version "3.4.0")
[5.472s] -- Found X11: /usr/include
[5.472s] -- Looking for XOpenDisplay in /usr/lib/x86_64-linux-gnu/libX11.so;/usr/lib/x86_64-linux-gnu/libXext.so
[5.702s] -- Looking for XOpenDisplay in /usr/lib/x86_64-linux-gnu/libX11.so;/usr/lib/x86_64-linux-gnu/libXext.so - found
[5.702s] -- Looking for gethostbyname
[5.942s] -- Looking for gethostbyname - found
[5.942s] -- Looking for connect
[6.262s] -- Looking for connect - found
[6.262s] -- Looking for remove
[6.506s] -- Looking for remove - found
[6.507s] -- Looking for shmat
[6.768s] -- Looking for shmat - found
[6.768s] -- Looking for IceConnectionNumber in ICE
[6.998s] -- Looking for IceConnectionNumber in ICE - found
[7.438s] -- Found EXPAT: /usr/lib/x86_64-linux-gnu/libexpat.so (found version "2.4.7")
[7.444s] -- Found double-conversion: /usr/lib/x86_64-linux-gnu/libdouble-conversion.so
[7.453s] -- Found LZ4: /usr/lib/x86_64-linux-gnu/liblz4.so (found version "1.9.3")
[7.458s] -- Found LZMA: /usr/lib/x86_64-linux-gnu/liblzma.so (found version "5.2.5")
[8.125s] -- Found JPEG: /usr/lib/x86_64-linux-gnu/libjpeg.so (found version "80")
[8.177s] -- Found TIFF: /usr/lib/x86_64-linux-gnu/libtiff.so (found version "4.3.0")
[8.190s] -- Found Freetype: /usr/lib/x86_64-linux-gnu/libfreetype.so (found version "2.11.1")
[8.205s] -- Found utf8cpp: /usr/include/utf8cpp
[8.667s] [33mCMake Warning (dev) at /usr/lib/x86_64-linux-gnu/cmake/pcl/Modules/FindFLANN.cmake:44 (find_package):
[8.667s]   Policy CMP0144 is not set: find_package uses upper-case <PACKAGENAME>_ROOT
[8.667s]   variables.  Run "cmake --help-policy CMP0144" for policy details.  Use the
[8.667s]   cmake_policy command to set the policy and suppress this warning.
[8.667s] 
[8.667s]   CMake variable FLANN_ROOT is set to:
[8.667s] 
[8.667s]     /usr
[8.667s] 
[8.667s]   For compatibility, find_package is ignoring the variable, but code in a
[8.667s]   .cmake module might still use it.
[8.667s] Call Stack (most recent call first):
[8.667s]   /usr/lib/x86_64-linux-gnu/cmake/pcl/PCLConfig.cmake:256 (find_package)
[8.667s]   /usr/lib/x86_64-linux-gnu/cmake/pcl/PCLConfig.cmake:301 (find_flann)
[8.667s]   /usr/lib/x86_64-linux-gnu/cmake/pcl/PCLConfig.cmake:543 (find_external_library)
[8.667s]   CMakeLists.txt:11 (find_package)
[8.667s] This warning is for project developers.  Use -Wno-dev to suppress it.
[8.667s] [0m
[8.694s] -- Checking for module 'flann'
[8.738s] --   Found flann, version 1.9.1
[8.871s] -- Found FLANN: /usr/lib/x86_64-linux-gnu/libflann_cpp.so
[8.872s] -- FLANN found (include: /usr/include, lib: /usr/lib/x86_64-linux-gnu/libflann_cpp.so)
[8.876s] -- looking for PCL_COMMON
[8.878s] -- Found PCL_COMMON: /usr/lib/x86_64-linux-gnu/libpcl_common.so
[8.882s] -- looking for PCL_SAMPLE_CONSENSUS
[8.884s] -- Found PCL_SAMPLE_CONSENSUS: /usr/lib/x86_64-linux-gnu/libpcl_sample_consensus.so
[8.884s] -- looking for PCL_OCTREE
[8.890s] -- Found PCL_OCTREE: /usr/lib/x86_64-linux-gnu/libpcl_octree.so
[8.890s] -- looking for PCL_FILTERS
[8.896s] -- Found PCL_FILTERS: /usr/lib/x86_64-linux-gnu/libpcl_filters.so
[8.899s] -- looking for PCL_GEOMETRY
[8.899s] -- Found PCL_GEOMETRY: /usr/include/pcl-1.12
[8.899s] -- looking for PCL_2D
[8.899s] -- Found PCL_2D: /usr/include/pcl-1.12
[8.899s] -- looking for PCL_FEATURES
[8.903s] -- Found PCL_FEATURES: /usr/lib/x86_64-linux-gnu/libpcl_features.so
[8.903s] -- looking for PCL_ML
[8.909s] -- Found PCL_ML: /usr/lib/x86_64-linux-gnu/libpcl_ml.so
[8.909s] -- looking for PCL_SEGMENTATION
[8.912s] -- Found PCL_SEGMENTATION: /usr/lib/x86_64-linux-gnu/libpcl_segmentation.so
[8.915s] -- looking for PCL_SEARCH
[8.917s] -- Found PCL_SEARCH: /usr/lib/x86_64-linux-gnu/libpcl_search.so
[8.919s] -- looking for PCL_KDTREE
[8.926s] -- Found PCL_KDTREE: /usr/lib/x86_64-linux-gnu/libpcl_kdtree.so
[8.926s] -- Found PCL: pcl_common;pcl_sample_consensus;pcl_octree;pcl_filters;pcl_features;pcl_ml;pcl_segmentation;pcl_search;pcl_kdtree;Boost::system;Boost::filesystem;Boost::date_time;Boost::iostreams;Boost::serialization;VTK::ChartsCore;VTK::CommonColor;VTK::CommonComputationalGeometry;VTK::CommonCore;VTK::CommonDataModel;VTK::CommonExecutionModel;VTK::CommonMath;VTK::CommonMisc;VTK::CommonTransforms;VTK::FiltersCore;VTK::FiltersExtraction;VTK::FiltersGeneral;VTK::FiltersGeometry;VTK::FiltersModeling;VTK::FiltersSources;VTK::ImagingCore;VTK::ImagingSources;VTK::InteractionImage;VTK::InteractionStyle;VTK::InteractionWidgets;VTK::IOCore;VTK::IOGeometry;VTK::IOImage;VTK::IOLegacy;VTK::IOPLY;VTK::RenderingAnnotation;VTK::RenderingCore;VTK::RenderingContext2D;VTK::RenderingLOD;VTK::RenderingFreeType;VTK::ViewsCore;VTK::ViewsContext2D;VTK::RenderingOpenGL2;VTK::GUISupportQt;FLANN::FLANN
[8.929s] -- Found pcl_conversions: 2.4.5 (/opt/ros/humble/share/pcl_conversions/cmake)
[9.081s] -- Configuring done (9.0s)
[9.147s] -- Generating done (0.1s)
[9.391s] -- Build files have been written to: /home/starry1n/WUTA/WUTA-FSD/ros2_ws/build/lidar_detection
[9.441s] Invoked command in '/home/starry1n/WUTA/WUTA-FSD/ros2_ws/build/lidar_detection' returned '0': AMENT_PREFIX_PATH=/home/starry1n/WUTA/WUTA-FSD/ros2_ws/install/wuta_msgs:${AMENT_PREFIX_PATH} CMAKE_PREFIX_PATH=/home/starry1n/WUTA/WUTA-FSD/ros2_ws/install/wuta_msgs:/opt/ros/humble LD_LIBRARY_PATH=/home/starry1n/WUTA/WUTA-FSD/ros2_ws/install/wuta_msgs/lib:${LD_LIBRARY_PATH} PYTHONPATH=/home/starry1n/WUTA/WUTA-FSD/ros2_ws/install/wuta_msgs/local/lib/python3.10/dist-packages:${PYTHONPATH} /usr/bin/cmake /home/starry1n/WUTA/WUTA-FSD/ros2_ws/src/perception/lidar_detection -DCMAKE_MODULE_PATH=/home/starry1n/WUTA/WUTA-FSD/ros2_ws/cmake -DAMENT_CMAKE_SYMLINK_INSTALL=1 -DCMAKE_INSTALL_PREFIX=/home/starry1n/WUTA/WUTA-FSD/ros2_ws/install/lidar_detection
[9.441s] Invoking command in '/home/starry1n/WUTA/WUTA-FSD/ros2_ws/build/lidar_detection': AMENT_PREFIX_PATH=/home/starry1n/WUTA/WUTA-FSD/ros2_ws/install/wuta_msgs:${AMENT_PREFIX_PATH} CMAKE_PREFIX_PATH=/home/starry1n/WUTA/WUTA-FSD/ros2_ws/install/wuta_msgs:/opt/ros/humble LD_LIBRARY_PATH=/home/starry1n/WUTA/WUTA-FSD/ros2_ws/install/wuta_msgs/lib:${LD_LIBRARY_PATH} PYTHONPATH=/home/starry1n/WUTA/WUTA-FSD/ros2_ws/install/wuta_msgs/local/lib/python3.10/dist-packages:${PYTHONPATH} /usr/bin/cmake --build /home/starry1n/WUTA/WUTA-FSD/ros2_ws/build/lidar_detection -- -j8 -l8
[18.847s] [ 25%] [32mBuilding CXX object CMakeFiles/lidar_detection_node.dir/src/traditional_detector.cpp.o[0m
[18.847s] [ 50%] [32mBuilding CXX object CMakeFiles/lidar_detection_node.dir/src/dl_detector.cpp.o[0m
[18.847s] [ 75%] [32mBuilding CXX object CMakeFiles/lidar_detection_node.dir/src/lidar_detection_node.cpp.o[0m
[46.942s] [100%] [1m[32mLinking CXX executable lidar_detection_node[0m
[50.327s] [100%] Built target lidar_detection_node
[50.355s] Invoked command in '/home/starry1n/WUTA/WUTA-FSD/ros2_ws/build/lidar_detection' returned '0': AMENT_PREFIX_PATH=/home/starry1n/WUTA/WUTA-FSD/ros2_ws/install/wuta_msgs:${AMENT_PREFIX_PATH} CMAKE_PREFIX_PATH=/home/starry1n/WUTA/WUTA-FSD/ros2_ws/install/wuta_msgs:/opt/ros/humble LD_LIBRARY_PATH=/home/starry1n/WUTA/WUTA-FSD/ros2_ws/install/wuta_msgs/lib:${LD_LIBRARY_PATH} PYTHONPATH=/home/starry1n/WUTA/WUTA-FSD/ros2_ws/install/wuta_msgs/local/lib/python3.10/dist-packages:${PYTHONPATH} /usr/bin/cmake --build /home/starry1n/WUTA/WUTA-FSD/ros2_ws/build/lidar_detection -- -j8 -l8
[50.362s] Invoking command in '/home/starry1n/WUTA/WUTA-FSD/ros2_ws/build/lidar_detection': AMENT_PREFIX_PATH=/home/starry1n/WUTA/WUTA-FSD/ros2_ws/install/wuta_msgs:${AMENT_PREFIX_PATH} CMAKE_PREFIX_PATH=/home/starry1n/WUTA/WUTA-FSD/ros2_ws/install/wuta_msgs:/opt/ros/humble LD_LIBRARY_PATH=/home/starry1n/WUTA/WUTA-FSD/ros2_ws/install/wuta_msgs/lib:${LD_LIBRARY_PATH} PYTHONPATH=/home/starry1n/WUTA/WUTA-FSD/ros2_ws/install/wuta_msgs/local/lib/python3.10/dist-packages:${PYTHONPATH} /usr/bin/cmake --install /home/starry1n/WUTA/WUTA-FSD/ros2_ws/build/lidar_detection
[50.377s] -- Install configuration: ""
[50.377s] -- Execute custom install script
[50.379s] -- Symlinking: /home/starry1n/WUTA/WUTA-FSD/ros2_ws/install/lidar_detection/lib/lidar_detection/lidar_detection_node
[50.403s] -- Symlinking: /home/starry1n/WUTA/WUTA-FSD/ros2_ws/install/lidar_detection/share/lidar_detection/config/lidar_detection.yaml
[50.416s] -- Symlinking: /home/starry1n/WUTA/WUTA-FSD/ros2_ws/install/lidar_detection/share/ament_index/resource_index/package_run_dependencies/lidar_detection
[50.428s] -- Symlinking: /home/starry1n/WUTA/WUTA-FSD/ros2_ws/install/lidar_detection/share/ament_index/resource_index/parent_prefix_path/lidar_detection
[50.448s] -- Symlinking: /home/starry1n/WUTA/WUTA-FSD/ros2_ws/install/lidar_detection/share/lidar_detection/environment/ament_prefix_path.sh
[50.467s] -- Symlinking: /home/starry1n/WUTA/WUTA-FSD/ros2_ws/install/lidar_detection/share/lidar_detection/environment/ament_prefix_path.dsv
[50.486s] -- Symlinking: /home/starry1n/WUTA/WUTA-FSD/ros2_ws/install/lidar_detection/share/lidar_detection/environment/path.sh
[50.504s] -- Symlinking: /home/starry1n/WUTA/WUTA-FSD/ros2_ws/install/lidar_detection/share/lidar_detection/environment/path.dsv
[50.524s] -- Symlinking: /home/starry1n/WUTA/WUTA-FSD/ros2_ws/install/lidar_detection/share/lidar_detection/local_setup.bash
[50.540s] -- Symlinking: /home/starry1n/WUTA/WUTA-FSD/ros2_ws/install/lidar_detection/share/lidar_detection/local_setup.sh
[50.558s] -- Symlinking: /home/starry1n/WUTA/WUTA-FSD/ros2_ws/install/lidar_detection/share/lidar_detection/local_setup.zsh
[50.571s] -- Symlinking: /home/starry1n/WUTA/WUTA-FSD/ros2_ws/install/lidar_detection/share/lidar_detection/local_setup.dsv
[50.588s] -- Symlinking: /home/starry1n/WUTA/WUTA-FSD/ros2_ws/install/lidar_detection/share/lidar_detection/package.dsv
[50.600s] -- Symlinking: /home/starry1n/WUTA/WUTA-FSD/ros2_ws/install/lidar_detection/share/ament_index/resource_index/packages/lidar_detection
[50.616s] -- Symlinking: /home/starry1n/WUTA/WUTA-FSD/ros2_ws/install/lidar_detection/share/lidar_detection/cmake/lidar_detectionConfig.cmake
[50.631s] -- Symlinking: /home/starry1n/WUTA/WUTA-FSD/ros2_ws/install/lidar_detection/share/lidar_detection/cmake/lidar_detectionConfig-version.cmake
[50.645s] -- Symlinking: /home/starry1n/WUTA/WUTA-FSD/ros2_ws/install/lidar_detection/share/lidar_detection/package.xml
[50.674s] Invoked command in '/home/starry1n/WUTA/WUTA-FSD/ros2_ws/build/lidar_detection' returned '0': AMENT_PREFIX_PATH=/home/starry1n/WUTA/WUTA-FSD/ros2_ws/install/wuta_msgs:${AMENT_PREFIX_PATH} CMAKE_PREFIX_PATH=/home/starry1n/WUTA/WUTA-FSD/ros2_ws/install/wuta_msgs:/opt/ros/humble LD_LIBRARY_PATH=/home/starry1n/WUTA/WUTA-FSD/ros2_ws/install/wuta_msgs/lib:${LD_LIBRARY_PATH} PYTHONPATH=/home/starry1n/WUTA/WUTA-FSD/ros2_ws/install/wuta_msgs/local/lib/python3.10/dist-packages:${PYTHONPATH} /usr/bin/cmake --install /home/starry1n/WUTA/WUTA-FSD/ros2_ws/build/lidar_detection
