[0.102s] Invoking command in '/home/wuta/WUTA/WUTA-FSD/ros2_ws/build/path_generator': AMENT_PREFIX_PATH=/home/wuta/WUTA/WUTA-FSD/ros2_ws/install/wuta_msgs:${AMENT_PREFIX_PATH} CMAKE_PREFIX_PATH=/home/wuta/WUTA/WUTA-FSD/ros2_ws/install/wuta_msgs:/opt/ros/humble LD_LIBRARY_PATH=/home/wuta/WUTA/WUTA-FSD/ros2_ws/install/wuta_msgs/lib:${LD_LIBRARY_PATH} PYTHONPATH=/home/wuta/WUTA/WUTA-FSD/ros2_ws/install/wuta_msgs/local/lib/python3.10/dist-packages:${PYTHONPATH} /home/wuta/.local/bin/cmake /home/wuta/WUTA/WUTA-FSD/ros2_ws/src/planning/path_generator -DAMENT_CMAKE_SYMLINK_INSTALL=1 -DCMAKE_INSTALL_PREFIX=/home/wuta/WUTA/WUTA-FSD/ros2_ws/install/path_generator
[0.449s] CMake Deprecation Warning at CMakeLists.txt:1 (cmake_minimum_required):
[0.449s]   Compatibility with CMake < 3.10 will be removed from a future version of
[0.449s]   CMake.
[0.449s] 
[0.449s]   Update the VERSION argument <min> value.  Or, use the <min>...<max> syntax
[0.449s]   to tell CMake that the project requires at least <min> but has been updated
[0.449s]   to work with policies introduced by <max> or earlier.
[0.449s] 
[0.450s] 
[0.616s] -- The C compiler identification is GNU 12.3.0
[0.834s] -- The CXX compiler identification is GNU 12.3.0
[0.853s] -- Detecting C compiler ABI info
[1.049s] -- Detecting C compiler ABI info - done
[1.137s] -- Check for working C compiler: /usr/bin/cc - skipped
[1.147s] -- Detecting C compile features
[1.147s] -- Detecting C compile features - done
[1.191s] -- Detecting CXX compiler ABI info
[1.391s] -- Detecting CXX compiler ABI info - done
[1.461s] -- Check for working CXX compiler: /usr/bin/c++ - skipped
[1.465s] -- Detecting CXX compile features
[1.466s] -- Detecting CXX compile features - done
[1.505s] -- Found ament_cmake: 1.3.14 (/opt/ros/humble/share/ament_cmake/cmake)
[2.015s] -- Found Python3: /usr/bin/python3 (found version "3.10.12") found components: Interpreter
[2.264s] -- Override CMake install command with custom implementation using symlinks instead of copying resources
[2.376s] -- Found rclcpp: 16.0.19 (/opt/ros/humble/share/rclcpp/cmake)
[2.513s] -- Found rosidl_generator_c: 3.1.8 (/opt/ros/humble/share/rosidl_generator_c/cmake)
[2.525s] -- Found rosidl_adapter: 3.1.8 (/opt/ros/humble/share/rosidl_adapter/cmake)
[2.550s] -- Found rosidl_generator_cpp: 3.1.8 (/opt/ros/humble/share/rosidl_generator_cpp/cmake)
[2.585s] -- Using all available rosidl_typesupport_c: rosidl_typesupport_fastrtps_c;rosidl_typesupport_introspection_c
[2.631s] -- Using all available rosidl_typesupport_cpp: rosidl_typesupport_fastrtps_cpp;rosidl_typesupport_introspection_cpp
[2.806s] -- Found rmw_implementation_cmake: 6.1.2 (/opt/ros/humble/share/rmw_implementation_cmake/cmake)
[2.814s] -- Found rmw_fastrtps_cpp: 6.2.10 (/opt/ros/humble/share/rmw_fastrtps_cpp/cmake)
[3.100s] -- Found OpenSSL: /usr/lib/x86_64-linux-gnu/libcrypto.so (found version "3.0.2")
[3.195s] -- Found FastRTPS: /opt/ros/humble/include
[3.328s] -- Using RMW implementation 'rmw_fastrtps_cpp' as default
[3.367s] -- Performing Test CMAKE_HAVE_LIBC_PTHREAD
[3.563s] -- Performing Test CMAKE_HAVE_LIBC_PTHREAD - Success
[3.573s] -- Found Threads: TRUE
[3.786s] -- Found geometry_msgs: 4.9.1 (/opt/ros/humble/share/geometry_msgs/cmake)
[3.828s] -- Found wuta_msgs: 1.0.0 (/home/wuta/WUTA/WUTA-FSD/ros2_ws/install/wuta_msgs/share/wuta_msgs/cmake)
[3.880s] -- Found autoware_msgs: 1.12.0 (/opt/ros/humble/share/autoware_msgs/cmake)
[4.060s] -- Configuring done (3.6s)
[4.082s] -- Generating done (0.0s)
[4.155s] -- Build files have been written to: /home/wuta/WUTA/WUTA-FSD/ros2_ws/build/path_generator
[4.158s] Invoked command in '/home/wuta/WUTA/WUTA-FSD/ros2_ws/build/path_generator' returned '0': AMENT_PREFIX_PATH=/home/wuta/WUTA/WUTA-FSD/ros2_ws/install/wuta_msgs:${AMENT_PREFIX_PATH} CMAKE_PREFIX_PATH=/home/wuta/WUTA/WUTA-FSD/ros2_ws/install/wuta_msgs:/opt/ros/humble LD_LIBRARY_PATH=/home/wuta/WUTA/WUTA-FSD/ros2_ws/install/wuta_msgs/lib:${LD_LIBRARY_PATH} PYTHONPATH=/home/wuta/WUTA/WUTA-FSD/ros2_ws/install/wuta_msgs/local/lib/python3.10/dist-packages:${PYTHONPATH} /home/wuta/.local/bin/cmake /home/wuta/WUTA/WUTA-FSD/ros2_ws/src/planning/path_generator -DAMENT_CMAKE_SYMLINK_INSTALL=1 -DCMAKE_INSTALL_PREFIX=/home/wuta/WUTA/WUTA-FSD/ros2_ws/install/path_generator
[4.160s] Invoking command in '/home/wuta/WUTA/WUTA-FSD/ros2_ws/build/path_generator': AMENT_PREFIX_PATH=/home/wuta/WUTA/WUTA-FSD/ros2_ws/install/wuta_msgs:${AMENT_PREFIX_PATH} CMAKE_PREFIX_PATH=/home/wuta/WUTA/WUTA-FSD/ros2_ws/install/wuta_msgs:/opt/ros/humble LD_LIBRARY_PATH=/home/wuta/WUTA/WUTA-FSD/ros2_ws/install/wuta_msgs/lib:${LD_LIBRARY_PATH} PYTHONPATH=/home/wuta/WUTA/WUTA-FSD/ros2_ws/install/wuta_msgs/local/lib/python3.10/dist-packages:${PYTHONPATH} /home/wuta/.local/bin/cmake --build /home/wuta/WUTA/WUTA-FSD/ros2_ws/build/path_generator -- -j12 -l12
[4.403s] [ 50%] Building CXX object CMakeFiles/path_generator_node.dir/src/path_generator_node.cpp.o
[5.049s] In file included from /home/wuta/WUTA/WUTA-FSD/ros2_ws/src/planning/path_generator/src/path_generator_node.cpp:1:
[5.049s] /home/wuta/WUTA/WUTA-FSD/ros2_ws/src/planning/path_generator/include/path_generator/path_generator_node.hpp:5:10: fatal error: autoware_msgs/msg/lane.hpp: No such file or directory
[5.049s]     5 | #include <autoware_msgs/msg/lane.hpp>
[5.049s]       |          ^~~~~~~~~~~~~~~~~~~~~~~~~~~~
[5.049s] compilation terminated.
[5.066s] gmake[2]: *** [CMakeFiles/path_generator_node.dir/build.make:79: CMakeFiles/path_generator_node.dir/src/path_generator_node.cpp.o] Error 1
[5.066s] gmake[1]: *** [CMakeFiles/Makefile2:153: CMakeFiles/path_generator_node.dir/all] Error 2
[5.068s] gmake: *** [Makefile:146: all] Error 2
[5.083s] Invoked command in '/home/wuta/WUTA/WUTA-FSD/ros2_ws/build/path_generator' returned '2': AMENT_PREFIX_PATH=/home/wuta/WUTA/WUTA-FSD/ros2_ws/install/wuta_msgs:${AMENT_PREFIX_PATH} CMAKE_PREFIX_PATH=/home/wuta/WUTA/WUTA-FSD/ros2_ws/install/wuta_msgs:/opt/ros/humble LD_LIBRARY_PATH=/home/wuta/WUTA/WUTA-FSD/ros2_ws/install/wuta_msgs/lib:${LD_LIBRARY_PATH} PYTHONPATH=/home/wuta/WUTA/WUTA-FSD/ros2_ws/install/wuta_msgs/local/lib/python3.10/dist-packages:${PYTHONPATH} /home/wuta/.local/bin/cmake --build /home/wuta/WUTA/WUTA-FSD/ros2_ws/build/path_generator -- -j12 -l12
