[0.009s] Invoking command in '/home/wuta/WUTA/WUTA-FSD/ros2_ws/build/kiss_icp': CMAKE_PREFIX_PATH=/opt/ros/humble /home/wuta/.local/bin/cmake /home/wuta/WUTA/WUTA-FSD/ros2_ws/src/localization/kiss-icp/ros -DAMENT_CMAKE_SYMLINK_INSTALL=1 -DCMAKE_INSTALL_PREFIX=/home/wuta/WUTA/WUTA-FSD/ros2_ws/install/kiss_icp
[0.172s] -- The CXX compiler identification is GNU 12.3.0
[0.182s] -- Detecting CXX compiler ABI info
[0.266s] -- Detecting CXX compiler ABI info - done
[0.286s] -- Check for working CXX compiler: /usr/bin/c++ - skipped
[0.286s] -- Detecting CXX compile features
[0.287s] -- Detecting CXX compile features - done
[0.296s] CMake Deprecation Warning at /home/wuta/WUTA/WUTA-FSD/ros2_ws/src/localization/kiss-icp/cpp/kiss_icp/3rdparty/find_dependencies.cmake:25 (cmake_policy):
[0.296s]   The OLD behavior for policy CMP0135 will be removed from a future version
[0.296s]   of CMake.
[0.296s] 
[0.296s]   The cmake-policies(7) manual explains that the OLD behaviors of all
[0.296s]   policies are deprecated and that a policy should be set to OLD only under
[0.296s]   specific short-term circumstances.  Projects should be ported to the NEW
[0.296s]   behavior and not rely on setting a policy to OLD.
[0.296s] Call Stack (most recent call first):
[0.297s]   /home/wuta/WUTA/WUTA-FSD/ros2_ws/src/localization/kiss-icp/cpp/kiss_icp/CMakeLists.txt:48 (include)
[0.297s] 
[0.297s] 
[1.612s] -- The C compiler identification is GNU 12.3.0
[1.619s] -- Detecting C compiler ABI info
[1.677s] -- Detecting C compiler ABI info - done
[1.693s] -- Check for working C compiler: /usr/bin/cc - skipped
[1.693s] -- Detecting C compile features
[1.694s] -- Detecting C compile features - done
[3.151s] CMake Deprecation Warning at /home/wuta/WUTA/WUTA-FSD/ros2_ws/build/kiss_icp/_deps/tessil-src/CMakeLists.txt:1 (cmake_minimum_required):
[3.151s]   Compatibility with CMake < 3.10 will be removed from a future version of
[3.151s]   CMake.
[3.151s] 
[3.151s]   Update the VERSION argument <min> value.  Or, use the <min>...<max> syntax
[3.151s]   to tell CMake that the project requires at least <min> but has been updated
[3.151s]   to work with policies introduced by <max> or earlier.
[3.151s] 
[3.152s] 
[3.156s] -- Found ament_cmake: 1.3.14 (/opt/ros/humble/share/ament_cmake/cmake)
[3.268s] -- Found Python3: /usr/bin/python3 (found version "3.10.12") found components: Interpreter
[3.318s] -- Override CMake install command with custom implementation using symlinks instead of copying resources
[3.338s] -- Found geometry_msgs: 4.9.1 (/opt/ros/humble/share/geometry_msgs/cmake)
[3.375s] -- Found rosidl_generator_c: 3.1.8 (/opt/ros/humble/share/rosidl_generator_c/cmake)
[3.380s] -- Found rosidl_adapter: 3.1.8 (/opt/ros/humble/share/rosidl_adapter/cmake)
[3.389s] -- Found rosidl_generator_cpp: 3.1.8 (/opt/ros/humble/share/rosidl_generator_cpp/cmake)
[3.402s] -- Using all available rosidl_typesupport_c: rosidl_typesupport_fastrtps_c;rosidl_typesupport_introspection_c
[3.420s] -- Using all available rosidl_typesupport_cpp: rosidl_typesupport_fastrtps_cpp;rosidl_typesupport_introspection_cpp
[3.469s] -- Found nav_msgs: 4.9.1 (/opt/ros/humble/share/nav_msgs/cmake)
[3.495s] -- Found rclcpp: 16.0.19 (/opt/ros/humble/share/rclcpp/cmake)
[3.536s] -- Found rmw_implementation_cmake: 6.1.2 (/opt/ros/humble/share/rmw_implementation_cmake/cmake)
[3.539s] -- Found rmw_fastrtps_cpp: 6.2.10 (/opt/ros/humble/share/rmw_fastrtps_cpp/cmake)
[3.617s] -- Found OpenSSL: /usr/lib/x86_64-linux-gnu/libcrypto.so (found version "3.0.2")
[3.649s] -- Found FastRTPS: /opt/ros/humble/include
[3.695s] -- Using RMW implementation 'rmw_fastrtps_cpp' as default
[3.703s] -- Performing Test CMAKE_HAVE_LIBC_PTHREAD
[3.776s] -- Performing Test CMAKE_HAVE_LIBC_PTHREAD - Success
[3.777s] -- Found Threads: TRUE
[3.832s] -- Found rclcpp_components: 16.0.19 (/opt/ros/humble/share/rclcpp_components/cmake)
[3.874s] -- Found sensor_msgs: 4.9.1 (/opt/ros/humble/share/sensor_msgs/cmake)
[3.901s] -- Found tf2_ros: 0.25.20 (/opt/ros/humble/share/tf2_ros/cmake)
[4.006s] -- Found std_srvs: 4.9.1 (/opt/ros/humble/share/std_srvs/cmake)
[4.077s] -- Configuring done (4.0s)
[4.105s] -- Generating done (0.0s)
[4.145s] -- Build files have been written to: /home/wuta/WUTA/WUTA-FSD/ros2_ws/build/kiss_icp
