[0.083s] Invoking command in '/home/wuta/WUTA/WUTA-FSD/ros2_ws/build/path_generator': CMAKE_PREFIX_PATH=/home/wuta/WUTA/WUTA-FSD/ros2_ws/install/wuta_msgs:/home/wuta/WUTA/WUTA-FSD/ros2_ws/install/detection_fusion:/home/wuta/WUTA/WUTA-FSD/ros2_ws/install/camera_detection:/home/wuta/WUTA/WUTA-FSD/ros2_ws/install/autoware_msgs:/opt/ros/humble /home/wuta/.local/bin/cmake --build /home/wuta/WUTA/WUTA-FSD/ros2_ws/build/path_generator -- -j12 -l12
[0.393s] CMake Deprecation Warning at CMakeLists.txt:1 (cmake_minimum_required):
[0.394s]   Compatibility with CMake < 3.10 will be removed from a future version of
[0.394s]   CMake.
[0.394s] 
[0.394s]   Update the VERSION argument <min> value.  Or, use the <min>...<max> syntax
[0.394s]   to tell CMake that the project requires at least <min> but has been updated
[0.394s]   to work with policies introduced by <max> or earlier.
[0.394s] 
[0.394s] 
[0.421s] -- Found ament_cmake: 1.3.14 (/opt/ros/humble/share/ament_cmake/cmake)
[1.161s] -- Override CMake install command with custom implementation using symlinks instead of copying resources
[1.193s] -- Found rclcpp: 16.0.19 (/opt/ros/humble/share/rclcpp/cmake)
[1.274s] -- Found rosidl_generator_c: 3.1.8 (/opt/ros/humble/share/rosidl_generator_c/cmake)
[1.285s] -- Found rosidl_adapter: 3.1.8 (/opt/ros/humble/share/rosidl_adapter/cmake)
[1.312s] -- Found rosidl_generator_cpp: 3.1.8 (/opt/ros/humble/share/rosidl_generator_cpp/cmake)
[1.340s] -- Using all available rosidl_typesupport_c: rosidl_typesupport_fastrtps_c;rosidl_typesupport_introspection_c
[1.375s] -- Using all available rosidl_typesupport_cpp: rosidl_typesupport_fastrtps_cpp;rosidl_typesupport_introspection_cpp
[1.471s] -- Found rmw_implementation_cmake: 6.1.2 (/opt/ros/humble/share/rmw_implementation_cmake/cmake)
[1.474s] -- Found rmw_fastrtps_cpp: 6.2.10 (/opt/ros/humble/share/rmw_fastrtps_cpp/cmake)
[1.890s] -- Using RMW implementation 'rmw_fastrtps_cpp' as default
[2.081s] -- Found geometry_msgs: 4.9.1 (/opt/ros/humble/share/geometry_msgs/cmake)
[2.121s] -- Found wuta_msgs: 1.0.0 (/home/wuta/WUTA/WUTA-FSD/ros2_ws/install/wuta_msgs/share/wuta_msgs/cmake)
[2.194s] -- Found autoware_msgs: 0.1.0 (/home/wuta/WUTA/WUTA-FSD/ros2_ws/install/autoware_msgs/share/autoware_msgs/cmake)
[2.519s] -- Configuring done (2.1s)
[2.591s] -- Generating done (0.1s)
[2.767s] -- Build files have been written to: /home/wuta/WUTA/WUTA-FSD/ros2_ws/build/path_generator
[2.866s] [ 50%] Building CXX object CMakeFiles/path_generator_node.dir/src/path_generator_node.cpp.o
[33.269s] [100%] Linking CXX executable path_generator_node
[34.208s] [100%] Built target path_generator_node
