[0.064s] Invoking command in '/home/wuta/WUTA/WUTA-FSD/ros2_ws/build/boundary_detector': AMENT_PREFIX_PATH=/home/wuta/WUTA/WUTA-FSD/ros2_ws/install/wuta_msgs:${AMENT_PREFIX_PATH} CMAKE_PREFIX_PATH=/home/wuta/WUTA/WUTA-FSD/ros2_ws/install/wuta_msgs:/opt/ros/humble LD_LIBRARY_PATH=/home/wuta/WUTA/WUTA-FSD/ros2_ws/install/wuta_msgs/lib:${LD_LIBRARY_PATH} PYTHONPATH=/home/wuta/WUTA/WUTA-FSD/ros2_ws/install/wuta_msgs/local/lib/python3.10/dist-packages:${PYTHONPATH} /home/wuta/.local/bin/cmake /home/wuta/WUTA/WUTA-FSD/ros2_ws/src/planning/boundary_detector -DAMENT_CMAKE_SYMLINK_INSTALL=1 -DCMAKE_INSTALL_PREFIX=/home/wuta/WUTA/WUTA-FSD/ros2_ws/install/boundary_detector
[0.372s] CMake Deprecation Warning at CMakeLists.txt:1 (cmake_minimum_required):
[0.372s]   Compatibility with CMake < 3.10 will be removed from a future version of
[0.372s]   CMake.
[0.372s] 
[0.372s]   Update the VERSION argument <min> value.  Or, use the <min>...<max> syntax
[0.372s]   to tell CMake that the project requires at least <min> but has been updated
[0.373s]   to work with policies introduced by <max> or earlier.
[0.373s] 
[0.373s] 
[0.540s] -- The C compiler identification is GNU 12.3.0
[0.790s] -- The CXX compiler identification is GNU 12.3.0
[0.820s] -- Detecting C compiler ABI info
[1.026s] -- Detecting C compiler ABI info - done
[1.105s] -- Check for working C compiler: /usr/bin/cc - skipped
[1.105s] -- Detecting C compile features
[1.106s] -- Detecting C compile features - done
[1.147s] -- Detecting CXX compiler ABI info
[1.390s] -- Detecting CXX compiler ABI info - done
[1.467s] -- Check for working CXX compiler: /usr/bin/c++ - skipped
[1.467s] -- Detecting CXX compile features
[1.468s] -- Detecting CXX compile features - done
[1.502s] -- Found ament_cmake: 1.3.14 (/opt/ros/humble/share/ament_cmake/cmake)
[1.998s] -- Found Python3: /usr/bin/python3 (found version "3.10.12") found components: Interpreter
[2.193s] -- Override CMake install command with custom implementation using symlinks instead of copying resources
[2.308s] -- Found rclcpp: 16.0.19 (/opt/ros/humble/share/rclcpp/cmake)
[2.514s] -- Found rosidl_generator_c: 3.1.8 (/opt/ros/humble/share/rosidl_generator_c/cmake)
[2.536s] -- Found rosidl_adapter: 3.1.8 (/opt/ros/humble/share/rosidl_adapter/cmake)
[2.583s] -- Found rosidl_generator_cpp: 3.1.8 (/opt/ros/humble/share/rosidl_generator_cpp/cmake)
[2.654s] -- Using all available rosidl_typesupport_c: rosidl_typesupport_fastrtps_c;rosidl_typesupport_introspection_c
[2.720s] -- Using all available rosidl_typesupport_cpp: rosidl_typesupport_fastrtps_cpp;rosidl_typesupport_introspection_cpp
[2.859s] -- Found rmw_implementation_cmake: 6.1.2 (/opt/ros/humble/share/rmw_implementation_cmake/cmake)
[2.870s] -- Found rmw_fastrtps_cpp: 6.2.10 (/opt/ros/humble/share/rmw_fastrtps_cpp/cmake)
[3.185s] -- Found OpenSSL: /usr/lib/x86_64-linux-gnu/libcrypto.so (found version "3.0.2")
[3.310s] -- Found FastRTPS: /opt/ros/humble/include
[3.491s] -- Using RMW implementation 'rmw_fastrtps_cpp' as default
[3.526s] -- Performing Test CMAKE_HAVE_LIBC_PTHREAD
[3.766s] -- Performing Test CMAKE_HAVE_LIBC_PTHREAD - Success
[3.777s] -- Found Threads: TRUE
[3.984s] -- Found geometry_msgs: 4.9.1 (/opt/ros/humble/share/geometry_msgs/cmake)
[4.031s] -- Found visualization_msgs: 4.9.1 (/opt/ros/humble/share/visualization_msgs/cmake)
[4.187s] -- Found wuta_msgs: 1.0.0 (/home/wuta/WUTA/WUTA-FSD/ros2_ws/install/wuta_msgs/share/wuta_msgs/cmake)
[4.238s] -- Found autoware_msgs: 1.12.0 (/opt/ros/humble/share/autoware_msgs/cmake)
[4.379s] -- Configuring done (4.0s)
[4.420s] -- Generating done (0.0s)
[4.490s] -- Build files have been written to: /home/wuta/WUTA/WUTA-FSD/ros2_ws/build/boundary_detector
[4.518s] Invoked command in '/home/wuta/WUTA/WUTA-FSD/ros2_ws/build/boundary_detector' returned '0': AMENT_PREFIX_PATH=/home/wuta/WUTA/WUTA-FSD/ros2_ws/install/wuta_msgs:${AMENT_PREFIX_PATH} CMAKE_PREFIX_PATH=/home/wuta/WUTA/WUTA-FSD/ros2_ws/install/wuta_msgs:/opt/ros/humble LD_LIBRARY_PATH=/home/wuta/WUTA/WUTA-FSD/ros2_ws/install/wuta_msgs/lib:${LD_LIBRARY_PATH} PYTHONPATH=/home/wuta/WUTA/WUTA-FSD/ros2_ws/install/wuta_msgs/local/lib/python3.10/dist-packages:${PYTHONPATH} /home/wuta/.local/bin/cmake /home/wuta/WUTA/WUTA-FSD/ros2_ws/src/planning/boundary_detector -DAMENT_CMAKE_SYMLINK_INSTALL=1 -DCMAKE_INSTALL_PREFIX=/home/wuta/WUTA/WUTA-FSD/ros2_ws/install/boundary_detector
[4.520s] Invoking command in '/home/wuta/WUTA/WUTA-FSD/ros2_ws/build/boundary_detector': AMENT_PREFIX_PATH=/home/wuta/WUTA/WUTA-FSD/ros2_ws/install/wuta_msgs:${AMENT_PREFIX_PATH} CMAKE_PREFIX_PATH=/home/wuta/WUTA/WUTA-FSD/ros2_ws/install/wuta_msgs:/opt/ros/humble LD_LIBRARY_PATH=/home/wuta/WUTA/WUTA-FSD/ros2_ws/install/wuta_msgs/lib:${LD_LIBRARY_PATH} PYTHONPATH=/home/wuta/WUTA/WUTA-FSD/ros2_ws/install/wuta_msgs/local/lib/python3.10/dist-packages:${PYTHONPATH} /home/wuta/.local/bin/cmake --build /home/wuta/WUTA/WUTA-FSD/ros2_ws/build/boundary_detector -- -j12 -l12
[4.818s] [  6%] Building CXX object CMakeFiles/pathplanning.dir/thirdparty/pathplanning/src/DelaunayTriangle.cpp.o
[4.818s] [ 12%] Building CXX object CMakeFiles/pathplanning.dir/thirdparty/pathplanning/src/Divide.cpp.o
[4.818s] [ 18%] Building CXX object CMakeFiles/pathplanning.dir/thirdparty/pathplanning/src/BowyerWatson.cpp.o
[4.818s] [ 25%] Building CXX object CMakeFiles/pathplanning.dir/thirdparty/pathplanning/src/Line.cpp.o
[4.831s] [ 31%] Building CXX object CMakeFiles/pathplanning.dir/thirdparty/pathplanning/src/Evaluation.cpp.o
[4.832s] [ 37%] Building CXX object CMakeFiles/pathplanning.dir/thirdparty/pathplanning/src/GlobalVariables.cpp.o
[4.832s] [ 43%] Building CXX object CMakeFiles/pathplanning.dir/thirdparty/pathplanning/src/MidPoint.cpp.o
[4.836s] [ 50%] Building CXX object CMakeFiles/pathplanning.dir/thirdparty/pathplanning/src/Path.cpp.o
[4.860s] [ 56%] Building CXX object CMakeFiles/pathplanning.dir/thirdparty/pathplanning/src/PathSearch.cpp.o
[4.864s] [ 62%] Building CXX object CMakeFiles/pathplanning.dir/thirdparty/pathplanning/src/Tool.cpp.o
[4.864s] [ 68%] Building CXX object CMakeFiles/pathplanning.dir/thirdparty/pathplanning/src/Point2d.cpp.o
[4.866s] [ 75%] Building CXX object CMakeFiles/pathplanning.dir/thirdparty/pathplanning/src/Triangle.cpp.o
[4.876s] /home/wuta/WUTA/WUTA-FSD/ros2_ws/src/planning/boundary_detector/thirdparty/pathplanning/src/GlobalVariables.cpp:1:10: fatal error: hpl/hpl_param.hpp: No such file or directory
[4.876s]     1 | #include "hpl/hpl_param.hpp"
[4.877s]       |          ^~~~~~~~~~~~~~~~~~~
[4.877s] compilation terminated.
[4.879s] gmake[2]: *** [CMakeFiles/pathplanning.dir/build.make:135: CMakeFiles/pathplanning.dir/thirdparty/pathplanning/src/GlobalVariables.cpp.o] Error 1
[4.879s] gmake[2]: *** Waiting for unfinished jobs....
[4.895s] [ 81%] Building CXX object CMakeFiles/pathplanning.dir/thirdparty/pathplanning/src/Vect.cpp.o
[5.938s] /home/wuta/WUTA/WUTA-FSD/ros2_ws/src/planning/boundary_detector/thirdparty/pathplanning/src/Path.cpp: In constructor ‘Path::Path()’:
[5.938s] /home/wuta/WUTA/WUTA-FSD/ros2_ws/src/planning/boundary_detector/thirdparty/pathplanning/src/Path.cpp:20:36: error: ‘class GlobalVariables’ has no member named ‘GetStartPointRedundancy’
[5.939s]    20 |     startPointRedundancy = single->GetStartPointRedundancy();
[5.939s]       |                                    ^~~~~~~~~~~~~~~~~~~~~~~
[5.948s] /home/wuta/WUTA/WUTA-FSD/ros2_ws/src/planning/boundary_detector/thirdparty/pathplanning/src/Path.cpp: In member function ‘void Path::SetDirectionVector(double)’:
[5.949s] /home/wuta/WUTA/WUTA-FSD/ros2_ws/src/planning/boundary_detector/thirdparty/pathplanning/src/Path.cpp:103:16: error: ‘cos’ was not declared in this scope
[5.949s]   103 |     double x = cos(yaw);
[5.949s]       |                ^~~
[5.951s] /home/wuta/WUTA/WUTA-FSD/ros2_ws/src/planning/boundary_detector/thirdparty/pathplanning/src/Path.cpp:104:16: error: ‘sin’ was not declared in this scope
[5.951s]   104 |     double y = sin(yaw);
[5.952s]       |                ^~~
[5.954s] /home/wuta/WUTA/WUTA-FSD/ros2_ws/src/planning/boundary_detector/thirdparty/pathplanning/src/Path.cpp: In member function ‘void Path::Init()’:
[5.955s] /home/wuta/WUTA/WUTA-FSD/ros2_ws/src/planning/boundary_detector/thirdparty/pathplanning/src/Path.cpp:110:9: error: ‘assert’ was not declared in this scope
[5.955s]   110 |         assert(!isSetPoints);
[5.955s]       |         ^~~~~~
[5.955s] /home/wuta/WUTA/WUTA-FSD/ros2_ws/src/planning/boundary_detector/thirdparty/pathplanning/src/Path.cpp:8:1: note: ‘assert’ is defined in header ‘<cassert>’; did you forget to ‘#include <cassert>’?
[5.955s]     7 | #include "pathplanning/GlobalVariables.h"
[5.955s]   +++ |+#include <cassert>
[5.955s]     8 | 
[5.956s] /home/wuta/WUTA/WUTA-FSD/ros2_ws/src/planning/boundary_detector/thirdparty/pathplanning/src/Path.cpp:114:9: error: ‘assert’ was not declared in this scope
[5.956s]   114 |         assert(!isSetStartPoint);
[5.956s]       |         ^~~~~~
[5.956s] /home/wuta/WUTA/WUTA-FSD/ros2_ws/src/planning/boundary_detector/thirdparty/pathplanning/src/Path.cpp:114:9: note: ‘assert’ is defined in header ‘<cassert>’; did you forget to ‘#include <cassert>’?
[5.956s] /home/wuta/WUTA/WUTA-FSD/ros2_ws/src/planning/boundary_detector/thirdparty/pathplanning/src/Path.cpp:118:9: error: ‘assert’ was not declared in this scope
[5.956s]   118 |         assert(!isSetDirectionVector);
[5.956s]       |         ^~~~~~
[5.956s] /home/wuta/WUTA/WUTA-FSD/ros2_ws/src/planning/boundary_detector/thirdparty/pathplanning/src/Path.cpp:118:9: note: ‘assert’ is defined in header ‘<cassert>’; did you forget to ‘#include <cassert>’?
[5.957s] /home/wuta/WUTA/WUTA-FSD/ros2_ws/src/planning/boundary_detector/thirdparty/pathplanning/src/Path.cpp:122:9: error: ‘assert’ was not declared in this scope
[5.957s]   122 |         assert(!isSetPathSearchStartPoint);
[5.957s]       |         ^~~~~~
[5.957s] /home/wuta/WUTA/WUTA-FSD/ros2_ws/src/planning/boundary_detector/thirdparty/pathplanning/src/Path.cpp:122:9: note: ‘assert’ is defined in header ‘<cassert>’; did you forget to ‘#include <cassert>’?
[6.111s] gmake[2]: *** [CMakeFiles/pathplanning.dir/build.make:177: CMakeFiles/pathplanning.dir/thirdparty/pathplanning/src/Path.cpp.o] Error 1
[7.578s] gmake[1]: *** [CMakeFiles/Makefile2:156: CMakeFiles/pathplanning.dir/all] Error 2
[7.578s] gmake: *** [Makefile:146: all] Error 2
