[0.219s] Invoking command in '/home/g2909/WUTA1/WUTA-FSD/ros2_ws/build/path_generator': AMENT_PREFIX_PATH=/home/g2909/WUTA1/WUTA-FSD/ros2_ws/install/wuta_msgs:${AMENT_PREFIX_PATH} CMAKE_PREFIX_PATH=/home/g2909/WUTA1/WUTA-FSD/ros2_ws/install/wuta_msgs:/opt/ros/humble LD_LIBRARY_PATH=/home/g2909/WUTA1/WUTA-FSD/ros2_ws/install/wuta_msgs/lib:${LD_LIBRARY_PATH} PYTHONPATH=/home/g2909/WUTA1/WUTA-FSD/ros2_ws/install/wuta_msgs/local/lib/python3.10/dist-packages:${PYTHONPATH} /home/g2909/.local/bin/cmake /home/g2909/WUTA1/WUTA-FSD/ros2_ws/src/planning/path_generator -DAMENT_CMAKE_SYMLINK_INSTALL=1 -DCMAKE_INSTALL_PREFIX=/home/g2909/WUTA1/WUTA-FSD/ros2_ws/install/path_generator
[0.274s] CMake Deprecation Warning at CMakeLists.txt:1 (cmake_minimum_required):
[0.274s]   Compatibility with CMake < 3.10 will be removed from a future version of
[0.274s]   CMake.
[0.274s] 
[0.274s]   Update the VERSION argument <min> value.  Or, use the <min>...<max> syntax
[0.274s]   to tell CMake that the project requires at least <min> but has been updated
[0.274s]   to work with policies introduced by <max> or earlier.
[0.274s] 
[0.274s] 
[0.486s] -- The C compiler identification is GNU 11.4.0
[1.327s] -- The CXX compiler identification is GNU 11.4.0
[1.924s] -- Detecting C compiler ABI info
[2.175s] -- Detecting C compiler ABI info - done
[2.184s] -- Check for working C compiler: /usr/bin/cc - skipped
[2.184s] -- Detecting C compile features
[2.184s] -- Detecting C compile features - done
[2.193s] -- Detecting CXX compiler ABI info
[2.422s] -- Detecting CXX compiler ABI info - done
[2.436s] -- Check for working CXX compiler: /usr/bin/c++ - skipped
[2.436s] -- Detecting CXX compile features
[2.437s] -- Detecting CXX compile features - done
[2.446s] -- Found ament_cmake: 1.3.14 (/opt/ros/humble/share/ament_cmake/cmake)
[2.552s] -- Found Python3: /usr/bin/python3 (found version "3.10.12") found components: Interpreter
[2.604s] -- Override CMake install command with custom implementation using symlinks instead of copying resources
[2.623s] -- Found rclcpp: 16.0.19 (/opt/ros/humble/share/rclcpp/cmake)
[2.876s] -- Found rosidl_generator_c: 3.1.9 (/opt/ros/humble/share/rosidl_generator_c/cmake)
[2.880s] -- Found rosidl_adapter: 3.1.9 (/opt/ros/humble/share/rosidl_adapter/cmake)
[2.887s] -- Found rosidl_generator_cpp: 3.1.9 (/opt/ros/humble/share/rosidl_generator_cpp/cmake)
[2.896s] -- Using all available rosidl_typesupport_c: rosidl_typesupport_fastrtps_c;rosidl_typesupport_introspection_c
[2.910s] -- Using all available rosidl_typesupport_cpp: rosidl_typesupport_fastrtps_cpp;rosidl_typesupport_introspection_cpp
[2.949s] -- Found rmw_implementation_cmake: 6.1.2 (/opt/ros/humble/share/rmw_implementation_cmake/cmake)
[2.951s] -- Found rmw_fastrtps_cpp: 6.2.10 (/opt/ros/humble/share/rmw_fastrtps_cpp/cmake)
[5.930s] -- Found OpenSSL: /usr/lib/x86_64-linux-gnu/libcrypto.so (found version "3.0.2")
[9.588s] -- Found FastRTPS: /opt/ros/humble/include
[24.310s] -- Using RMW implementation 'rmw_fastrtps_cpp' as default
[24.317s] -- Performing Test CMAKE_HAVE_LIBC_PTHREAD
[24.668s] -- Performing Test CMAKE_HAVE_LIBC_PTHREAD - Success
[24.669s] -- Found Threads: TRUE
[24.726s] -- Found geometry_msgs: 4.9.1 (/opt/ros/humble/share/geometry_msgs/cmake)
[24.738s] -- Found wuta_msgs: 1.0.0 (/home/g2909/WUTA1/WUTA-FSD/ros2_ws/install/wuta_msgs/share/wuta_msgs/cmake)
[24.754s] -- Found autoware_msgs: 1.12.0 (/opt/ros/humble/share/autoware_msgs/cmake)
[24.809s] -- Configuring done (24.5s)
[24.823s] -- Generating done (0.0s)
[24.845s] -- Build files have been written to: /home/g2909/WUTA1/WUTA-FSD/ros2_ws/build/path_generator
