[0.007s] Invoking command in '/home/wuta/WUTA/WUTA-FSD/ros2_ws/build/autoware_msgs': CMAKE_PREFIX_PATH=/opt/ros/humble /home/wuta/.local/bin/cmake /home/wuta/WUTA/WUTA-FSD/ros2_ws/src/common/autoware_msgs -DAMENT_CMAKE_SYMLINK_INSTALL=1 -DCMAKE_INSTALL_PREFIX=/home/wuta/WUTA/WUTA-FSD/ros2_ws/install/autoware_msgs
[0.076s] CMake Deprecation Warning at CMakeLists.txt:1 (cmake_minimum_required):
[0.076s]   Compatibility with CMake < 3.10 will be removed from a future version of
[0.076s]   CMake.
[0.077s] 
[0.077s]   Update the VERSION argument <min> value.  Or, use the <min>...<max> syntax
[0.077s]   to tell CMake that the project requires at least <min> but has been updated
[0.077s]   to work with policies introduced by <max> or earlier.
[0.077s] 
[0.077s] 
[0.116s] -- The C compiler identification is GNU 12.3.0
[0.173s] -- The CXX compiler identification is GNU 12.3.0
[0.180s] -- Detecting C compiler ABI info
[0.230s] -- Detecting C compiler ABI info - done
[0.244s] -- Check for working C compiler: /usr/bin/cc - skipped
[0.244s] -- Detecting C compile features
[0.245s] -- Detecting C compile features - done
[0.254s] -- Detecting CXX compiler ABI info
[0.313s] -- Detecting CXX compiler ABI info - done
[0.327s] -- Check for working CXX compiler: /usr/bin/c++ - skipped
[0.327s] -- Detecting CXX compile features
[0.327s] -- Detecting CXX compile features - done
[0.334s] -- Found ament_cmake: 1.3.14 (/opt/ros/humble/share/ament_cmake/cmake)
[0.443s] -- Found Python3: /usr/bin/python3 (found version "3.10.12") found components: Interpreter
[0.494s] -- Override CMake install command with custom implementation using symlinks instead of copying resources
[0.519s] -- Found rosidl_default_generators: 1.2.1 (/opt/ros/humble/share/rosidl_default_generators/cmake)
[0.521s] -- Using all available rosidl_typesupport_c: rosidl_typesupport_fastrtps_c;rosidl_typesupport_introspection_c
[0.527s] -- Found rosidl_adapter: 3.1.8 (/opt/ros/humble/share/rosidl_adapter/cmake)
[0.566s] -- Using all available rosidl_typesupport_cpp: rosidl_typesupport_fastrtps_cpp;rosidl_typesupport_introspection_cpp
[0.604s] -- Found std_msgs: 4.9.1 (/opt/ros/humble/share/std_msgs/cmake)
[0.634s] -- Found geometry_msgs: 4.9.1 (/opt/ros/humble/share/geometry_msgs/cmake)
[1.021s] -- Found ament_cmake_ros: 0.10.0 (/opt/ros/humble/share/ament_cmake_ros/cmake)
[1.429s] -- Using all available rosidl_typesupport_c: rosidl_typesupport_fastrtps_c;rosidl_typesupport_introspection_c
[2.000s] -- Using all available rosidl_typesupport_cpp: rosidl_typesupport_fastrtps_cpp;rosidl_typesupport_introspection_cpp
[2.002s] CMake Warning (dev) at /opt/ros/humble/share/rosidl_generator_py/cmake/rosidl_generator_py_generate_interfaces.cmake:20 (find_package):
[2.002s]   Policy CMP0148 is not set: The FindPythonInterp and FindPythonLibs modules
[2.002s]   are removed.  Run "cmake --help-policy CMP0148" for policy details.  Use
[2.002s]   the cmake_policy command to set the policy and suppress this warning.
[2.002s] 
[2.003s] Call Stack (most recent call first):
[2.003s]   /opt/ros/humble/share/ament_cmake_core/cmake/core/ament_execute_extensions.cmake:48 (include)
[2.003s]   /opt/ros/humble/share/rosidl_cmake/cmake/rosidl_generate_interfaces.cmake:286 (ament_execute_extensions)
[2.003s]   CMakeLists.txt:13 (rosidl_generate_interfaces)
[2.003s] This warning is for project developers.  Use -Wno-dev to suppress it.
[2.003s] 
[2.019s] -- Found PythonInterp: /usr/bin/python3 (found suitable version "3.10.12", minimum required is "3.6")
[2.020s] -- Found python_cmake_module: 0.10.0 (/opt/ros/humble/share/python_cmake_module/cmake)
[2.021s] CMake Warning (dev) at /opt/ros/humble/share/python_cmake_module/cmake/Modules/FindPythonExtra.cmake:52 (find_package):
[2.021s]   Policy CMP0148 is not set: The FindPythonInterp and FindPythonLibs modules
[2.021s]   are removed.  Run "cmake --help-policy CMP0148" for policy details.  Use
[2.021s]   the cmake_policy command to set the policy and suppress this warning.
[2.021s] 
[2.021s] Call Stack (most recent call first):
[2.021s]   /opt/ros/humble/share/rosidl_generator_py/cmake/rosidl_generator_py_generate_interfaces.cmake:23 (find_package)
[2.021s]   /opt/ros/humble/share/ament_cmake_core/cmake/core/ament_execute_extensions.cmake:48 (include)
[2.021s]   /opt/ros/humble/share/rosidl_cmake/cmake/rosidl_generate_interfaces.cmake:286 (ament_execute_extensions)
[2.021s]   CMakeLists.txt:13 (rosidl_generate_interfaces)
[2.021s] This warning is for project developers.  Use -Wno-dev to suppress it.
[2.021s] 
[2.042s] CMake Warning (dev) at /opt/ros/humble/share/python_cmake_module/cmake/Modules/FindPythonExtra.cmake:140 (find_package):
[2.042s]   Policy CMP0148 is not set: The FindPythonInterp and FindPythonLibs modules
[2.042s]   are removed.  Run "cmake --help-policy CMP0148" for policy details.  Use
[2.042s]   the cmake_policy command to set the policy and suppress this warning.
[2.042s] 
[2.042s] Call Stack (most recent call first):
[2.042s]   /opt/ros/humble/share/rosidl_generator_py/cmake/rosidl_generator_py_generate_interfaces.cmake:23 (find_package)
[2.043s]   /opt/ros/humble/share/ament_cmake_core/cmake/core/ament_execute_extensions.cmake:48 (include)
[2.043s]   /opt/ros/humble/share/rosidl_cmake/cmake/rosidl_generate_interfaces.cmake:286 (ament_execute_extensions)
[2.043s]   CMakeLists.txt:13 (rosidl_generate_interfaces)
[2.043s] This warning is for project developers.  Use -Wno-dev to suppress it.
[2.043s] 
[2.051s] -- Found PythonLibs: /usr/lib/x86_64-linux-gnu/libpython3.10.so (found suitable version "3.10.12", minimum required is "3.5")
[2.051s] -- Using PYTHON_EXECUTABLE: /usr/bin/python3
[2.051s] -- Using PYTHON_INCLUDE_DIRS: /usr/include/python3.10
[2.051s] -- Using PYTHON_LIBRARIES: /usr/lib/x86_64-linux-gnu/libpython3.10.so
[2.073s] -- Found PythonExtra: .so
[2.287s] -- Configuring done (2.2s)
[2.330s] -- Generating done (0.0s)
[2.346s] -- Build files have been written to: /home/wuta/WUTA/WUTA-FSD/ros2_ws/build/autoware_msgs
[2.355s] Invoked command in '/home/wuta/WUTA/WUTA-FSD/ros2_ws/build/autoware_msgs' returned '0': CMAKE_PREFIX_PATH=/opt/ros/humble /home/wuta/.local/bin/cmake /home/wuta/WUTA/WUTA-FSD/ros2_ws/src/common/autoware_msgs -DAMENT_CMAKE_SYMLINK_INSTALL=1 -DCMAKE_INSTALL_PREFIX=/home/wuta/WUTA/WUTA-FSD/ros2_ws/install/autoware_msgs
[2.356s] Invoking command in '/home/wuta/WUTA/WUTA-FSD/ros2_ws/build/autoware_msgs': CMAKE_PREFIX_PATH=/opt/ros/humble /home/wuta/.local/bin/cmake --build /home/wuta/WUTA/WUTA-FSD/ros2_ws/build/autoware_msgs -- -j12 -l12
[2.443s] [  2%] Generating C code for ROS interfaces
[2.447s] [  4%] Generating Rust code for ROS interfaces
[2.448s] [  6%] Generating C++ code for ROS interfaces
[2.451s] [  6%] Built target ament_cmake_python_symlink_autoware_msgs
[2.706s] running egg_info
[2.706s] creating autoware_msgs.egg-info
[2.707s] writing autoware_msgs.egg-info/PKG-INFO
[2.707s] writing dependency_links to autoware_msgs.egg-info/dependency_links.txt
[2.707s] writing top-level names to autoware_msgs.egg-info/top_level.txt
[2.707s] writing manifest file 'autoware_msgs.egg-info/SOURCES.txt'
[2.709s] reading manifest file 'autoware_msgs.egg-info/SOURCES.txt'
[2.709s] writing manifest file 'autoware_msgs.egg-info/SOURCES.txt'
[2.730s] [  6%] Built target autoware_msgs__rs
[2.733s] [  6%] Built target ament_cmake_python_build_autoware_msgs_egg
[2.804s] [  6%] Built target autoware_msgs__cpp
[2.811s] [ 10%] Generating C++ type support for eProsima Fast-RTPS
[2.811s] [ 10%] Generating C++ introspection for ROS interfaces
[2.811s] [ 12%] Generating C++ type support dispatch for ROS interfaces
[2.834s] [ 14%] Building C object CMakeFiles/autoware_msgs__rosidl_generator_c.dir/rosidl_generator_c/autoware_msgs/msg/detail/waypoint__functions.c.o
[2.835s] [ 16%] Building C object CMakeFiles/autoware_msgs__rosidl_generator_c.dir/rosidl_generator_c/autoware_msgs/msg/detail/lane__functions.c.o
[2.835s] [ 18%] Building C object CMakeFiles/autoware_msgs__rosidl_generator_c.dir/rosidl_generator_c/autoware_msgs/msg/detail/command__functions.c.o
[2.896s] [ 20%] Linking C shared library libautoware_msgs__rosidl_generator_c.so
[2.927s] [ 20%] Built target autoware_msgs__rosidl_generator_c
[2.934s] [ 25%] Generating C type support for eProsima Fast-RTPS
[2.934s] [ 25%] Generating C introspection for ROS interfaces
[2.934s] [ 27%] Generating C type support dispatch for ROS interfaces
[3.119s] [ 29%] Building CXX object CMakeFiles/autoware_msgs__rosidl_typesupport_cpp.dir/rosidl_typesupport_cpp/autoware_msgs/msg/waypoint__type_support.cpp.o
[3.119s] [ 31%] Building CXX object CMakeFiles/autoware_msgs__rosidl_typesupport_cpp.dir/rosidl_typesupport_cpp/autoware_msgs/msg/lane__type_support.cpp.o
[3.119s] [ 33%] Building CXX object CMakeFiles/autoware_msgs__rosidl_typesupport_cpp.dir/rosidl_typesupport_cpp/autoware_msgs/msg/command__type_support.cpp.o
[3.157s] [ 37%] Building CXX object CMakeFiles/autoware_msgs__rosidl_typesupport_introspection_cpp.dir/rosidl_typesupport_introspection_cpp/autoware_msgs/msg/detail/lane__type_support.cpp.o
[3.157s] [ 37%] Building CXX object CMakeFiles/autoware_msgs__rosidl_typesupport_introspection_cpp.dir/rosidl_typesupport_introspection_cpp/autoware_msgs/msg/detail/waypoint__type_support.cpp.o
[3.158s] [ 39%] Building CXX object CMakeFiles/autoware_msgs__rosidl_typesupport_introspection_cpp.dir/rosidl_typesupport_introspection_cpp/autoware_msgs/msg/detail/command__type_support.cpp.o
[3.201s] [ 41%] Building CXX object CMakeFiles/autoware_msgs__rosidl_typesupport_fastrtps_cpp.dir/rosidl_typesupport_fastrtps_cpp/autoware_msgs/msg/detail/dds_fastrtps/waypoint__type_support.cpp.o
[3.201s] [ 43%] Building CXX object CMakeFiles/autoware_msgs__rosidl_typesupport_fastrtps_cpp.dir/rosidl_typesupport_fastrtps_cpp/autoware_msgs/msg/detail/dds_fastrtps/lane__type_support.cpp.o
[3.202s] [ 45%] Building CXX object CMakeFiles/autoware_msgs__rosidl_typesupport_fastrtps_cpp.dir/rosidl_typesupport_fastrtps_cpp/autoware_msgs/msg/detail/dds_fastrtps/command__type_support.cpp.o
[3.336s] [ 47%] Building CXX object CMakeFiles/autoware_msgs__rosidl_typesupport_c.dir/rosidl_typesupport_c/autoware_msgs/msg/waypoint__type_support.cpp.o
[3.394s] [ 50%] Building CXX object CMakeFiles/autoware_msgs__rosidl_typesupport_c.dir/rosidl_typesupport_c/autoware_msgs/msg/lane__type_support.cpp.o
[3.451s] [ 52%] Building CXX object CMakeFiles/autoware_msgs__rosidl_typesupport_c.dir/rosidl_typesupport_c/autoware_msgs/msg/command__type_support.cpp.o
[3.468s] [ 54%] Building CXX object CMakeFiles/autoware_msgs__rosidl_typesupport_fastrtps_c.dir/rosidl_typesupport_fastrtps_c/autoware_msgs/msg/detail/waypoint__type_support_c.cpp.o
[3.482s] [ 56%] Building C object CMakeFiles/autoware_msgs__rosidl_typesupport_introspection_c.dir/rosidl_typesupport_introspection_c/autoware_msgs/msg/detail/waypoint__type_support.c.o
[3.507s] [ 58%] Linking CXX shared library libautoware_msgs__rosidl_typesupport_c.so
[3.553s] [ 60%] Building C object CMakeFiles/autoware_msgs__rosidl_typesupport_introspection_c.dir/rosidl_typesupport_introspection_c/autoware_msgs/msg/detail/lane__type_support.c.o
[3.576s] [ 60%] Built target autoware_msgs__rosidl_typesupport_c
[3.587s] [ 62%] Building C object CMakeFiles/autoware_msgs__rosidl_typesupport_introspection_c.dir/rosidl_typesupport_introspection_c/autoware_msgs/msg/detail/command__type_support.c.o
[3.627s] [ 64%] Building CXX object CMakeFiles/autoware_msgs__rosidl_typesupport_fastrtps_c.dir/rosidl_typesupport_fastrtps_c/autoware_msgs/msg/detail/lane__type_support_c.cpp.o
[3.657s] [ 66%] Linking C shared library libautoware_msgs__rosidl_typesupport_introspection_c.so
[3.731s] [ 66%] Built target autoware_msgs__rosidl_typesupport_introspection_c
[3.739s] [ 68%] Building CXX object CMakeFiles/autoware_msgs__rosidl_typesupport_fastrtps_c.dir/rosidl_typesupport_fastrtps_c/autoware_msgs/msg/detail/command__type_support_c.cpp.o
[3.780s] [ 70%] Linking CXX shared library libautoware_msgs__rosidl_typesupport_cpp.so
[3.819s] [ 70%] Built target autoware_msgs__rosidl_typesupport_cpp
[3.989s] [ 72%] Linking CXX shared library libautoware_msgs__rosidl_typesupport_introspection_cpp.so
[4.071s] [ 72%] Built target autoware_msgs__rosidl_typesupport_introspection_cpp
[4.136s] [ 75%] Linking CXX shared library libautoware_msgs__rosidl_typesupport_fastrtps_cpp.so
[4.202s] [ 75%] Built target autoware_msgs__rosidl_typesupport_fastrtps_cpp
[4.242s] [ 77%] Linking CXX shared library libautoware_msgs__rosidl_typesupport_fastrtps_c.so
[4.302s] [ 77%] Built target autoware_msgs__rosidl_typesupport_fastrtps_c
[4.312s] [ 77%] Built target autoware_msgs
[4.322s] [ 79%] Generating Python code for ROS interfaces
[4.714s] [ 79%] Built target autoware_msgs__py
[4.733s] [ 81%] Building C object CMakeFiles/autoware_msgs__rosidl_generator_py.dir/rosidl_generator_py/autoware_msgs/msg/_waypoint_s.c.o
[4.734s] [ 83%] Building C object CMakeFiles/autoware_msgs__rosidl_generator_py.dir/rosidl_generator_py/autoware_msgs/msg/_lane_s.c.o
[4.734s] [ 85%] Building C object CMakeFiles/autoware_msgs__rosidl_generator_py.dir/rosidl_generator_py/autoware_msgs/msg/_command_s.c.o
[4.854s] [ 87%] Linking C shared library rosidl_generator_py/autoware_msgs/libautoware_msgs__rosidl_generator_py.so
[4.886s] [ 87%] Built target autoware_msgs__rosidl_generator_py
[4.896s] [ 89%] Building C object CMakeFiles/autoware_msgs__rosidl_typesupport_fastrtps_c__pyext.dir/rosidl_generator_py/autoware_msgs/_autoware_msgs_s.ep.rosidl_typesupport_fastrtps_c.c.o
[4.897s] [ 91%] Building C object CMakeFiles/autoware_msgs__rosidl_typesupport_introspection_c__pyext.dir/rosidl_generator_py/autoware_msgs/_autoware_msgs_s.ep.rosidl_typesupport_introspection_c.c.o
[4.897s] [ 93%] Building C object CMakeFiles/autoware_msgs__rosidl_typesupport_c__pyext.dir/rosidl_generator_py/autoware_msgs/_autoware_msgs_s.ep.rosidl_typesupport_c.c.o
[5.006s] [ 97%] Linking C shared library rosidl_generator_py/autoware_msgs/autoware_msgs_s__rosidl_typesupport_introspection_c.cpython-310-x86_64-linux-gnu.so
[5.006s] [ 97%] Linking C shared library rosidl_generator_py/autoware_msgs/autoware_msgs_s__rosidl_typesupport_c.cpython-310-x86_64-linux-gnu.so
[5.016s] [100%] Linking C shared library rosidl_generator_py/autoware_msgs/autoware_msgs_s__rosidl_typesupport_fastrtps_c.cpython-310-x86_64-linux-gnu.so
[5.037s] [100%] Built target autoware_msgs__rosidl_typesupport_introspection_c__pyext
[5.038s] [100%] Built target autoware_msgs__rosidl_typesupport_c__pyext
[5.049s] [100%] Built target autoware_msgs__rosidl_typesupport_fastrtps_c__pyext
[5.054s] Invoked command in '/home/wuta/WUTA/WUTA-FSD/ros2_ws/build/autoware_msgs' returned '0': CMAKE_PREFIX_PATH=/opt/ros/humble /home/wuta/.local/bin/cmake --build /home/wuta/WUTA/WUTA-FSD/ros2_ws/build/autoware_msgs -- -j12 -l12
[5.135s] Invoking command in '/home/wuta/WUTA/WUTA-FSD/ros2_ws/build/autoware_msgs': CMAKE_PREFIX_PATH=/opt/ros/humble /home/wuta/.local/bin/cmake --install /home/wuta/WUTA/WUTA-FSD/ros2_ws/build/autoware_msgs
[5.206s] -- Install configuration: ""
[5.207s] -- Execute custom install script
[5.207s] -- Symlinking: /home/wuta/WUTA/WUTA-FSD/ros2_ws/install/autoware_msgs/share/ament_index/resource_index/rosidl_interfaces/autoware_msgs
[5.211s] -- Symlinking: /home/wuta/WUTA/WUTA-FSD/ros2_ws/install/autoware_msgs/include/autoware_msgs/autoware_msgs/msg/command.h
[5.214s] -- Symlinking: /home/wuta/WUTA/WUTA-FSD/ros2_ws/install/autoware_msgs/include/autoware_msgs/autoware_msgs/msg/detail/command__functions.h
[5.217s] -- Symlinking: /home/wuta/WUTA/WUTA-FSD/ros2_ws/install/autoware_msgs/include/autoware_msgs/autoware_msgs/msg/detail/command__struct.h
[5.220s] -- Symlinking: /home/wuta/WUTA/WUTA-FSD/ros2_ws/install/autoware_msgs/include/autoware_msgs/autoware_msgs/msg/detail/command__type_support.h
[5.223s] -- Symlinking: /home/wuta/WUTA/WUTA-FSD/ros2_ws/install/autoware_msgs/include/autoware_msgs/autoware_msgs/msg/detail/lane__functions.h
[5.226s] -- Symlinking: /home/wuta/WUTA/WUTA-FSD/ros2_ws/install/autoware_msgs/include/autoware_msgs/autoware_msgs/msg/detail/lane__struct.h
[5.229s] -- Symlinking: /home/wuta/WUTA/WUTA-FSD/ros2_ws/install/autoware_msgs/include/autoware_msgs/autoware_msgs/msg/detail/lane__type_support.h
[5.232s] -- Symlinking: /home/wuta/WUTA/WUTA-FSD/ros2_ws/install/autoware_msgs/include/autoware_msgs/autoware_msgs/msg/detail/waypoint__functions.h
[5.235s] -- Symlinking: /home/wuta/WUTA/WUTA-FSD/ros2_ws/install/autoware_msgs/include/autoware_msgs/autoware_msgs/msg/detail/waypoint__struct.h
[5.238s] -- Symlinking: /home/wuta/WUTA/WUTA-FSD/ros2_ws/install/autoware_msgs/include/autoware_msgs/autoware_msgs/msg/detail/waypoint__type_support.h
[5.241s] -- Symlinking: /home/wuta/WUTA/WUTA-FSD/ros2_ws/install/autoware_msgs/include/autoware_msgs/autoware_msgs/msg/lane.h
[5.244s] -- Symlinking: /home/wuta/WUTA/WUTA-FSD/ros2_ws/install/autoware_msgs/include/autoware_msgs/autoware_msgs/msg/rosidl_generator_c__visibility_control.h
[5.247s] -- Symlinking: /home/wuta/WUTA/WUTA-FSD/ros2_ws/install/autoware_msgs/include/autoware_msgs/autoware_msgs/msg/waypoint.h
[5.250s] -- Symlinking: /home/wuta/WUTA/WUTA-FSD/ros2_ws/install/autoware_msgs/share/autoware_msgs/environment/library_path.sh
[5.254s] -- Symlinking: /home/wuta/WUTA/WUTA-FSD/ros2_ws/install/autoware_msgs/share/autoware_msgs/environment/library_path.dsv
[5.257s] -- Symlinking: /home/wuta/WUTA/WUTA-FSD/ros2_ws/install/autoware_msgs/include/autoware_msgs/autoware_msgs/msg/detail/command__rosidl_typesupport_fastrtps_c.h
[5.260s] -- Symlinking: /home/wuta/WUTA/WUTA-FSD/ros2_ws/install/autoware_msgs/include/autoware_msgs/autoware_msgs/msg/detail/lane__rosidl_typesupport_fastrtps_c.h
[5.263s] -- Symlinking: /home/wuta/WUTA/WUTA-FSD/ros2_ws/install/autoware_msgs/include/autoware_msgs/autoware_msgs/msg/detail/waypoint__rosidl_typesupport_fastrtps_c.h
[5.266s] -- Symlinking: /home/wuta/WUTA/WUTA-FSD/ros2_ws/install/autoware_msgs/include/autoware_msgs/autoware_msgs/msg/rosidl_typesupport_fastrtps_c__visibility_control.h
[5.270s] -- Symlinking: /home/wuta/WUTA/WUTA-FSD/ros2_ws/install/autoware_msgs/include/autoware_msgs/autoware_msgs/msg/detail/command__rosidl_typesupport_introspection_c.h
[5.273s] -- Symlinking: /home/wuta/WUTA/WUTA-FSD/ros2_ws/install/autoware_msgs/include/autoware_msgs/autoware_msgs/msg/detail/lane__rosidl_typesupport_introspection_c.h
[5.276s] -- Symlinking: /home/wuta/WUTA/WUTA-FSD/ros2_ws/install/autoware_msgs/include/autoware_msgs/autoware_msgs/msg/detail/waypoint__rosidl_typesupport_introspection_c.h
[5.279s] -- Symlinking: /home/wuta/WUTA/WUTA-FSD/ros2_ws/install/autoware_msgs/include/autoware_msgs/autoware_msgs/msg/rosidl_typesupport_introspection_c__visibility_control.h
[5.282s] -- Symlinking: /home/wuta/WUTA/WUTA-FSD/ros2_ws/install/autoware_msgs/include/autoware_msgs/autoware_msgs/msg/command.hpp
[5.285s] -- Symlinking: /home/wuta/WUTA/WUTA-FSD/ros2_ws/install/autoware_msgs/include/autoware_msgs/autoware_msgs/msg/detail/command__builder.hpp
[5.288s] -- Symlinking: /home/wuta/WUTA/WUTA-FSD/ros2_ws/install/autoware_msgs/include/autoware_msgs/autoware_msgs/msg/detail/command__struct.hpp
[5.291s] -- Symlinking: /home/wuta/WUTA/WUTA-FSD/ros2_ws/install/autoware_msgs/include/autoware_msgs/autoware_msgs/msg/detail/command__traits.hpp
[5.294s] -- Symlinking: /home/wuta/WUTA/WUTA-FSD/ros2_ws/install/autoware_msgs/include/autoware_msgs/autoware_msgs/msg/detail/command__type_support.hpp
[5.297s] -- Symlinking: /home/wuta/WUTA/WUTA-FSD/ros2_ws/install/autoware_msgs/include/autoware_msgs/autoware_msgs/msg/detail/lane__builder.hpp
[5.300s] -- Symlinking: /home/wuta/WUTA/WUTA-FSD/ros2_ws/install/autoware_msgs/include/autoware_msgs/autoware_msgs/msg/detail/lane__struct.hpp
[5.304s] -- Symlinking: /home/wuta/WUTA/WUTA-FSD/ros2_ws/install/autoware_msgs/include/autoware_msgs/autoware_msgs/msg/detail/lane__traits.hpp
[5.307s] -- Symlinking: /home/wuta/WUTA/WUTA-FSD/ros2_ws/install/autoware_msgs/include/autoware_msgs/autoware_msgs/msg/detail/lane__type_support.hpp
[5.310s] -- Symlinking: /home/wuta/WUTA/WUTA-FSD/ros2_ws/install/autoware_msgs/include/autoware_msgs/autoware_msgs/msg/detail/waypoint__builder.hpp
[5.313s] -- Symlinking: /home/wuta/WUTA/WUTA-FSD/ros2_ws/install/autoware_msgs/include/autoware_msgs/autoware_msgs/msg/detail/waypoint__struct.hpp
[5.316s] -- Symlinking: /home/wuta/WUTA/WUTA-FSD/ros2_ws/install/autoware_msgs/include/autoware_msgs/autoware_msgs/msg/detail/waypoint__traits.hpp
[5.319s] -- Symlinking: /home/wuta/WUTA/WUTA-FSD/ros2_ws/install/autoware_msgs/include/autoware_msgs/autoware_msgs/msg/detail/waypoint__type_support.hpp
[5.322s] -- Symlinking: /home/wuta/WUTA/WUTA-FSD/ros2_ws/install/autoware_msgs/include/autoware_msgs/autoware_msgs/msg/lane.hpp
[5.325s] -- Symlinking: /home/wuta/WUTA/WUTA-FSD/ros2_ws/install/autoware_msgs/include/autoware_msgs/autoware_msgs/msg/rosidl_generator_cpp__visibility_control.hpp
[5.328s] -- Symlinking: /home/wuta/WUTA/WUTA-FSD/ros2_ws/install/autoware_msgs/include/autoware_msgs/autoware_msgs/msg/waypoint.hpp
[5.332s] -- Symlinking: /home/wuta/WUTA/WUTA-FSD/ros2_ws/install/autoware_msgs/include/autoware_msgs/autoware_msgs/msg/detail/command__rosidl_typesupport_fastrtps_cpp.hpp
[5.335s] -- Symlinking: /home/wuta/WUTA/WUTA-FSD/ros2_ws/install/autoware_msgs/include/autoware_msgs/autoware_msgs/msg/detail/lane__rosidl_typesupport_fastrtps_cpp.hpp
[5.338s] -- Symlinking: /home/wuta/WUTA/WUTA-FSD/ros2_ws/install/autoware_msgs/include/autoware_msgs/autoware_msgs/msg/detail/waypoint__rosidl_typesupport_fastrtps_cpp.hpp
[5.341s] -- Symlinking: /home/wuta/WUTA/WUTA-FSD/ros2_ws/install/autoware_msgs/include/autoware_msgs/autoware_msgs/msg/rosidl_typesupport_fastrtps_cpp__visibility_control.h
[5.344s] -- Symlinking: /home/wuta/WUTA/WUTA-FSD/ros2_ws/install/autoware_msgs/include/autoware_msgs/autoware_msgs/msg/detail/command__rosidl_typesupport_introspection_cpp.hpp
[5.347s] -- Symlinking: /home/wuta/WUTA/WUTA-FSD/ros2_ws/install/autoware_msgs/include/autoware_msgs/autoware_msgs/msg/detail/lane__rosidl_typesupport_introspection_cpp.hpp
[5.350s] -- Symlinking: /home/wuta/WUTA/WUTA-FSD/ros2_ws/install/autoware_msgs/include/autoware_msgs/autoware_msgs/msg/detail/waypoint__rosidl_typesupport_introspection_cpp.hpp
[5.353s] -- Symlinking: /home/wuta/WUTA/WUTA-FSD/ros2_ws/install/autoware_msgs/share/autoware_msgs/environment/pythonpath.sh
[5.356s] -- Symlinking: /home/wuta/WUTA/WUTA-FSD/ros2_ws/install/autoware_msgs/share/autoware_msgs/environment/pythonpath.dsv
[5.359s] -- Symlinking: /home/wuta/WUTA/WUTA-FSD/ros2_ws/install/autoware_msgs/local/lib/python3.10/dist-packages/autoware_msgs-0.1.0-py3.10.egg-info/PKG-INFO
[5.362s] -- Symlinking: /home/wuta/WUTA/WUTA-FSD/ros2_ws/install/autoware_msgs/local/lib/python3.10/dist-packages/autoware_msgs-0.1.0-py3.10.egg-info/SOURCES.txt
[5.365s] -- Symlinking: /home/wuta/WUTA/WUTA-FSD/ros2_ws/install/autoware_msgs/local/lib/python3.10/dist-packages/autoware_msgs-0.1.0-py3.10.egg-info/dependency_links.txt
[5.368s] -- Symlinking: /home/wuta/WUTA/WUTA-FSD/ros2_ws/install/autoware_msgs/local/lib/python3.10/dist-packages/autoware_msgs-0.1.0-py3.10.egg-info/top_level.txt
[5.372s] -- Symlinking: /home/wuta/WUTA/WUTA-FSD/ros2_ws/install/autoware_msgs/local/lib/python3.10/dist-packages/autoware_msgs/__init__.py
[5.375s] -- Symlinking: /home/wuta/WUTA/WUTA-FSD/ros2_ws/install/autoware_msgs/local/lib/python3.10/dist-packages/autoware_msgs/_autoware_msgs_s.ep.rosidl_typesupport_c.c
[5.378s] -- Symlinking: /home/wuta/WUTA/WUTA-FSD/ros2_ws/install/autoware_msgs/local/lib/python3.10/dist-packages/autoware_msgs/_autoware_msgs_s.ep.rosidl_typesupport_fastrtps_c.c
[5.381s] -- Symlinking: /home/wuta/WUTA/WUTA-FSD/ros2_ws/install/autoware_msgs/local/lib/python3.10/dist-packages/autoware_msgs/_autoware_msgs_s.ep.rosidl_typesupport_introspection_c.c
[5.384s] -- Symlinking: /home/wuta/WUTA/WUTA-FSD/ros2_ws/install/autoware_msgs/local/lib/python3.10/dist-packages/autoware_msgs/autoware_msgs_s__rosidl_typesupport_c.cpython-310-x86_64-linux-gnu.so
[5.387s] -- Symlinking: /home/wuta/WUTA/WUTA-FSD/ros2_ws/install/autoware_msgs/local/lib/python3.10/dist-packages/autoware_msgs/autoware_msgs_s__rosidl_typesupport_fastrtps_c.cpython-310-x86_64-linux-gnu.so
[5.390s] -- Symlinking: /home/wuta/WUTA/WUTA-FSD/ros2_ws/install/autoware_msgs/local/lib/python3.10/dist-packages/autoware_msgs/autoware_msgs_s__rosidl_typesupport_introspection_c.cpython-310-x86_64-linux-gnu.so
[5.393s] -- Symlinking: /home/wuta/WUTA/WUTA-FSD/ros2_ws/install/autoware_msgs/local/lib/python3.10/dist-packages/autoware_msgs/libautoware_msgs__rosidl_generator_py.so
[5.397s] -- Symlinking: /home/wuta/WUTA/WUTA-FSD/ros2_ws/install/autoware_msgs/local/lib/python3.10/dist-packages/autoware_msgs/msg/__init__.py
[5.400s] -- Symlinking: /home/wuta/WUTA/WUTA-FSD/ros2_ws/install/autoware_msgs/local/lib/python3.10/dist-packages/autoware_msgs/msg/_command.py
[5.403s] -- Symlinking: /home/wuta/WUTA/WUTA-FSD/ros2_ws/install/autoware_msgs/local/lib/python3.10/dist-packages/autoware_msgs/msg/_command_s.c
[5.406s] -- Symlinking: /home/wuta/WUTA/WUTA-FSD/ros2_ws/install/autoware_msgs/local/lib/python3.10/dist-packages/autoware_msgs/msg/_lane.py
[5.409s] -- Symlinking: /home/wuta/WUTA/WUTA-FSD/ros2_ws/install/autoware_msgs/local/lib/python3.10/dist-packages/autoware_msgs/msg/_lane_s.c
[5.413s] -- Symlinking: /home/wuta/WUTA/WUTA-FSD/ros2_ws/install/autoware_msgs/local/lib/python3.10/dist-packages/autoware_msgs/msg/_waypoint.py
[5.416s] -- Symlinking: /home/wuta/WUTA/WUTA-FSD/ros2_ws/install/autoware_msgs/local/lib/python3.10/dist-packages/autoware_msgs/msg/_waypoint_s.c
[5.420s] -- Up-to-date symlink: /home/wuta/WUTA/WUTA-FSD/ros2_ws/install/autoware_msgs/local/lib/python3.10/dist-packages/autoware_msgs/autoware_msgs_s__rosidl_typesupport_fastrtps_c.cpython-310-x86_64-linux-gnu.so
[5.421s] -- Up-to-date symlink: /home/wuta/WUTA/WUTA-FSD/ros2_ws/install/autoware_msgs/local/lib/python3.10/dist-packages/autoware_msgs/autoware_msgs_s__rosidl_typesupport_introspection_c.cpython-310-x86_64-linux-gnu.so
[5.421s] -- Up-to-date symlink: /home/wuta/WUTA/WUTA-FSD/ros2_ws/install/autoware_msgs/local/lib/python3.10/dist-packages/autoware_msgs/autoware_msgs_s__rosidl_typesupport_c.cpython-310-x86_64-linux-gnu.so
[5.421s] -- Symlinking: /home/wuta/WUTA/WUTA-FSD/ros2_ws/install/autoware_msgs/share/ament_index/resource_index/rust_packages/autoware_msgs
[5.425s] -- Symlinking: /home/wuta/WUTA/WUTA-FSD/ros2_ws/install/autoware_msgs/share/autoware_msgs/rust/Cargo.toml
[5.429s] -- Symlinking: /home/wuta/WUTA/WUTA-FSD/ros2_ws/install/autoware_msgs/share/autoware_msgs/rust/build.rs
[5.432s] -- Symlinking: /home/wuta/WUTA/WUTA-FSD/ros2_ws/install/autoware_msgs/share/autoware_msgs/rust/src/lib.rs
[5.436s] -- Symlinking: /home/wuta/WUTA/WUTA-FSD/ros2_ws/install/autoware_msgs/share/autoware_msgs/rust/src/msg.rs
[5.439s] -- Symlinking: /home/wuta/WUTA/WUTA-FSD/ros2_ws/install/autoware_msgs/share/autoware_msgs/rust/src/msg/rmw.rs
[5.443s] -- Symlinking: /home/wuta/WUTA/WUTA-FSD/ros2_ws/install/autoware_msgs/share/autoware_msgs/msg/Waypoint.idl
[5.447s] -- Symlinking: /home/wuta/WUTA/WUTA-FSD/ros2_ws/install/autoware_msgs/share/autoware_msgs/msg/Lane.idl
[5.450s] -- Symlinking: /home/wuta/WUTA/WUTA-FSD/ros2_ws/install/autoware_msgs/share/autoware_msgs/msg/Command.idl
[5.454s] -- Symlinking: /home/wuta/WUTA/WUTA-FSD/ros2_ws/install/autoware_msgs/share/autoware_msgs/msg/Waypoint.msg
[5.458s] -- Symlinking: /home/wuta/WUTA/WUTA-FSD/ros2_ws/install/autoware_msgs/share/autoware_msgs/msg/Lane.msg
[5.461s] -- Symlinking: /home/wuta/WUTA/WUTA-FSD/ros2_ws/install/autoware_msgs/share/autoware_msgs/msg/Command.msg
[5.465s] -- Symlinking: /home/wuta/WUTA/WUTA-FSD/ros2_ws/install/autoware_msgs/share/ament_index/resource_index/package_run_dependencies/autoware_msgs
[5.469s] -- Symlinking: /home/wuta/WUTA/WUTA-FSD/ros2_ws/install/autoware_msgs/share/ament_index/resource_index/parent_prefix_path/autoware_msgs
[5.472s] -- Symlinking: /home/wuta/WUTA/WUTA-FSD/ros2_ws/install/autoware_msgs/share/autoware_msgs/environment/ament_prefix_path.sh
[5.476s] -- Symlinking: /home/wuta/WUTA/WUTA-FSD/ros2_ws/install/autoware_msgs/share/autoware_msgs/environment/ament_prefix_path.dsv
[5.480s] -- Symlinking: /home/wuta/WUTA/WUTA-FSD/ros2_ws/install/autoware_msgs/share/autoware_msgs/environment/path.sh
[5.483s] -- Symlinking: /home/wuta/WUTA/WUTA-FSD/ros2_ws/install/autoware_msgs/share/autoware_msgs/environment/path.dsv
[5.487s] -- Symlinking: /home/wuta/WUTA/WUTA-FSD/ros2_ws/install/autoware_msgs/share/autoware_msgs/local_setup.bash
[5.490s] -- Symlinking: /home/wuta/WUTA/WUTA-FSD/ros2_ws/install/autoware_msgs/share/autoware_msgs/local_setup.sh
[5.494s] -- Symlinking: /home/wuta/WUTA/WUTA-FSD/ros2_ws/install/autoware_msgs/share/autoware_msgs/local_setup.zsh
[5.498s] -- Symlinking: /home/wuta/WUTA/WUTA-FSD/ros2_ws/install/autoware_msgs/share/autoware_msgs/local_setup.dsv
[5.501s] -- Symlinking: /home/wuta/WUTA/WUTA-FSD/ros2_ws/install/autoware_msgs/share/autoware_msgs/package.dsv
[5.505s] -- Symlinking: /home/wuta/WUTA/WUTA-FSD/ros2_ws/install/autoware_msgs/share/ament_index/resource_index/packages/autoware_msgs
[5.509s] -- Symlinking: /home/wuta/WUTA/WUTA-FSD/ros2_ws/install/autoware_msgs/share/autoware_msgs/cmake/rosidl_cmake-extras.cmake
[5.512s] -- Symlinking: /home/wuta/WUTA/WUTA-FSD/ros2_ws/install/autoware_msgs/share/autoware_msgs/cmake/ament_cmake_export_dependencies-extras.cmake
[5.516s] -- Symlinking: /home/wuta/WUTA/WUTA-FSD/ros2_ws/install/autoware_msgs/share/autoware_msgs/cmake/ament_cmake_export_include_directories-extras.cmake
[5.519s] -- Symlinking: /home/wuta/WUTA/WUTA-FSD/ros2_ws/install/autoware_msgs/share/autoware_msgs/cmake/ament_cmake_export_libraries-extras.cmake
[5.523s] -- Symlinking: /home/wuta/WUTA/WUTA-FSD/ros2_ws/install/autoware_msgs/share/autoware_msgs/cmake/ament_cmake_export_targets-extras.cmake
[5.527s] -- Symlinking: /home/wuta/WUTA/WUTA-FSD/ros2_ws/install/autoware_msgs/share/autoware_msgs/cmake/rosidl_cmake_export_typesupport_targets-extras.cmake
[5.531s] -- Symlinking: /home/wuta/WUTA/WUTA-FSD/ros2_ws/install/autoware_msgs/share/autoware_msgs/cmake/rosidl_cmake_export_typesupport_libraries-extras.cmake
[5.534s] -- Symlinking: /home/wuta/WUTA/WUTA-FSD/ros2_ws/install/autoware_msgs/share/autoware_msgs/cmake/autoware_msgsConfig.cmake
[5.538s] -- Symlinking: /home/wuta/WUTA/WUTA-FSD/ros2_ws/install/autoware_msgs/share/autoware_msgs/cmake/autoware_msgsConfig-version.cmake
[5.542s] -- Symlinking: /home/wuta/WUTA/WUTA-FSD/ros2_ws/install/autoware_msgs/share/autoware_msgs/package.xml
[5.545s] -- Installing: /home/wuta/WUTA/WUTA-FSD/ros2_ws/install/autoware_msgs/lib/libautoware_msgs__rosidl_generator_c.so
[5.546s] -- Set non-toolchain portion of runtime path of "/home/wuta/WUTA/WUTA-FSD/ros2_ws/install/autoware_msgs/lib/libautoware_msgs__rosidl_generator_c.so" to ""
[5.546s] -- Installing: /home/wuta/WUTA/WUTA-FSD/ros2_ws/install/autoware_msgs/lib/libautoware_msgs__rosidl_typesupport_fastrtps_c.so
[5.546s] -- Set non-toolchain portion of runtime path of "/home/wuta/WUTA/WUTA-FSD/ros2_ws/install/autoware_msgs/lib/libautoware_msgs__rosidl_typesupport_fastrtps_c.so" to ""
[5.546s] -- Installing: /home/wuta/WUTA/WUTA-FSD/ros2_ws/install/autoware_msgs/lib/libautoware_msgs__rosidl_typesupport_introspection_c.so
[5.547s] -- Set non-toolchain portion of runtime path of "/home/wuta/WUTA/WUTA-FSD/ros2_ws/install/autoware_msgs/lib/libautoware_msgs__rosidl_typesupport_introspection_c.so" to ""
[5.547s] -- Installing: /home/wuta/WUTA/WUTA-FSD/ros2_ws/install/autoware_msgs/lib/libautoware_msgs__rosidl_typesupport_c.so
[5.547s] -- Set non-toolchain portion of runtime path of "/home/wuta/WUTA/WUTA-FSD/ros2_ws/install/autoware_msgs/lib/libautoware_msgs__rosidl_typesupport_c.so" to ""
[5.547s] -- Installing: /home/wuta/WUTA/WUTA-FSD/ros2_ws/install/autoware_msgs/lib/libautoware_msgs__rosidl_typesupport_fastrtps_cpp.so
[5.548s] -- Set non-toolchain portion of runtime path of "/home/wuta/WUTA/WUTA-FSD/ros2_ws/install/autoware_msgs/lib/libautoware_msgs__rosidl_typesupport_fastrtps_cpp.so" to ""
[5.548s] -- Installing: /home/wuta/WUTA/WUTA-FSD/ros2_ws/install/autoware_msgs/lib/libautoware_msgs__rosidl_typesupport_introspection_cpp.so
[5.548s] -- Set non-toolchain portion of runtime path of "/home/wuta/WUTA/WUTA-FSD/ros2_ws/install/autoware_msgs/lib/libautoware_msgs__rosidl_typesupport_introspection_cpp.so" to ""
[5.548s] -- Installing: /home/wuta/WUTA/WUTA-FSD/ros2_ws/install/autoware_msgs/lib/libautoware_msgs__rosidl_typesupport_cpp.so
[5.549s] -- Set non-toolchain portion of runtime path of "/home/wuta/WUTA/WUTA-FSD/ros2_ws/install/autoware_msgs/lib/libautoware_msgs__rosidl_typesupport_cpp.so" to ""
[5.579s] Listing '/home/wuta/WUTA/WUTA-FSD/ros2_ws/install/autoware_msgs/local/lib/python3.10/dist-packages/autoware_msgs'...
[5.579s] Compiling '/home/wuta/WUTA/WUTA-FSD/ros2_ws/install/autoware_msgs/local/lib/python3.10/dist-packages/autoware_msgs/__init__.py'...
[5.579s] Listing '/home/wuta/WUTA/WUTA-FSD/ros2_ws/install/autoware_msgs/local/lib/python3.10/dist-packages/autoware_msgs/msg'...
[5.579s] Compiling '/home/wuta/WUTA/WUTA-FSD/ros2_ws/install/autoware_msgs/local/lib/python3.10/dist-packages/autoware_msgs/msg/__init__.py'...
[5.579s] Compiling '/home/wuta/WUTA/WUTA-FSD/ros2_ws/install/autoware_msgs/local/lib/python3.10/dist-packages/autoware_msgs/msg/_command.py'...
[5.579s] Compiling '/home/wuta/WUTA/WUTA-FSD/ros2_ws/install/autoware_msgs/local/lib/python3.10/dist-packages/autoware_msgs/msg/_lane.py'...
[5.579s] Compiling '/home/wuta/WUTA/WUTA-FSD/ros2_ws/install/autoware_msgs/local/lib/python3.10/dist-packages/autoware_msgs/msg/_waypoint.py'...
[5.583s] -- Installing: /home/wuta/WUTA/WUTA-FSD/ros2_ws/install/autoware_msgs/lib/libautoware_msgs__rosidl_generator_py.so
[5.583s] -- Set non-toolchain portion of runtime path of "/home/wuta/WUTA/WUTA-FSD/ros2_ws/install/autoware_msgs/lib/libautoware_msgs__rosidl_generator_py.so" to ""
[5.583s] -- Installing: /home/wuta/WUTA/WUTA-FSD/ros2_ws/install/autoware_msgs/share/autoware_msgs/cmake/export_autoware_msgs__rosidl_generator_cExport.cmake
[5.583s] -- Installing: /home/wuta/WUTA/WUTA-FSD/ros2_ws/install/autoware_msgs/share/autoware_msgs/cmake/export_autoware_msgs__rosidl_generator_cExport-noconfig.cmake
[5.584s] -- Installing: /home/wuta/WUTA/WUTA-FSD/ros2_ws/install/autoware_msgs/share/autoware_msgs/cmake/export_autoware_msgs__rosidl_typesupport_fastrtps_cExport.cmake
[5.584s] -- Installing: /home/wuta/WUTA/WUTA-FSD/ros2_ws/install/autoware_msgs/share/autoware_msgs/cmake/export_autoware_msgs__rosidl_typesupport_fastrtps_cExport-noconfig.cmake
[5.584s] -- Installing: /home/wuta/WUTA/WUTA-FSD/ros2_ws/install/autoware_msgs/share/autoware_msgs/cmake/autoware_msgs__rosidl_typesupport_introspection_cExport.cmake
[5.584s] -- Installing: /home/wuta/WUTA/WUTA-FSD/ros2_ws/install/autoware_msgs/share/autoware_msgs/cmake/autoware_msgs__rosidl_typesupport_introspection_cExport-noconfig.cmake
[5.584s] -- Installing: /home/wuta/WUTA/WUTA-FSD/ros2_ws/install/autoware_msgs/share/autoware_msgs/cmake/autoware_msgs__rosidl_typesupport_cExport.cmake
[5.584s] -- Installing: /home/wuta/WUTA/WUTA-FSD/ros2_ws/install/autoware_msgs/share/autoware_msgs/cmake/autoware_msgs__rosidl_typesupport_cExport-noconfig.cmake
[5.584s] -- Installing: /home/wuta/WUTA/WUTA-FSD/ros2_ws/install/autoware_msgs/share/autoware_msgs/cmake/export_autoware_msgs__rosidl_generator_cppExport.cmake
[5.584s] -- Installing: /home/wuta/WUTA/WUTA-FSD/ros2_ws/install/autoware_msgs/share/autoware_msgs/cmake/export_autoware_msgs__rosidl_typesupport_fastrtps_cppExport.cmake
[5.584s] -- Installing: /home/wuta/WUTA/WUTA-FSD/ros2_ws/install/autoware_msgs/share/autoware_msgs/cmake/export_autoware_msgs__rosidl_typesupport_fastrtps_cppExport-noconfig.cmake
[5.585s] -- Installing: /home/wuta/WUTA/WUTA-FSD/ros2_ws/install/autoware_msgs/share/autoware_msgs/cmake/autoware_msgs__rosidl_typesupport_introspection_cppExport.cmake
[5.585s] -- Installing: /home/wuta/WUTA/WUTA-FSD/ros2_ws/install/autoware_msgs/share/autoware_msgs/cmake/autoware_msgs__rosidl_typesupport_introspection_cppExport-noconfig.cmake
[5.585s] -- Installing: /home/wuta/WUTA/WUTA-FSD/ros2_ws/install/autoware_msgs/share/autoware_msgs/cmake/autoware_msgs__rosidl_typesupport_cppExport.cmake
[5.585s] -- Installing: /home/wuta/WUTA/WUTA-FSD/ros2_ws/install/autoware_msgs/share/autoware_msgs/cmake/autoware_msgs__rosidl_typesupport_cppExport-noconfig.cmake
[5.585s] -- Installing: /home/wuta/WUTA/WUTA-FSD/ros2_ws/install/autoware_msgs/share/autoware_msgs/cmake/export_autoware_msgs__rosidl_generator_pyExport.cmake
[5.585s] -- Installing: /home/wuta/WUTA/WUTA-FSD/ros2_ws/install/autoware_msgs/share/autoware_msgs/cmake/export_autoware_msgs__rosidl_generator_pyExport-noconfig.cmake
[5.587s] Invoked command in '/home/wuta/WUTA/WUTA-FSD/ros2_ws/build/autoware_msgs' returned '0': CMAKE_PREFIX_PATH=/opt/ros/humble /home/wuta/.local/bin/cmake --install /home/wuta/WUTA/WUTA-FSD/ros2_ws/build/autoware_msgs
