[0.012s] Invoking command in '/home/wuta/WUTA/WUTA-FSD/ros2_ws/build/robot_localization': CMAKE_PREFIX_PATH=/opt/ros/humble /usr/bin/cmake /home/wuta/WUTA/WUTA-FSD/ros2_ws/src/localization/robot_localization -DAMENT_CMAKE_SYMLINK_INSTALL=1 -DCMAKE_INSTALL_PREFIX=/home/wuta/WUTA/WUTA-FSD/ros2_ws/install/robot_localization
[0.279s] -- The C compiler identification is GNU 12.3.0
[0.331s] -- The CXX compiler identification is GNU 12.3.0
[0.338s] -- Detecting C compiler ABI info
[0.400s] -- Detecting C compiler ABI info - done
[0.407s] -- Check for working C compiler: /usr/bin/cc - skipped
[0.407s] -- Detecting C compile features
[0.408s] -- Detecting C compile features - done
[0.410s] -- Detecting CXX compiler ABI info
[0.488s] -- Detecting CXX compiler ABI info - done
[0.495s] -- Check for working CXX compiler: /usr/bin/c++ - skipped
[0.496s] -- Detecting CXX compile features
[0.496s] -- Detecting CXX compile features - done
[0.497s] -- robot_localization: You did not request a specific build type: selecting 'RelWithDebInfo'.
[0.502s] -- Found ament_cmake: 1.3.14 (/opt/ros/humble/share/ament_cmake/cmake)
[0.633s] -- Found Python3: /usr/bin/python3 (found version "3.10.12") found components: Interpreter 
[0.694s] -- Override CMake install command with custom implementation using symlinks instead of copying resources
[0.725s] -- Found angles: 1.15.0 (/opt/ros/humble/share/angles/cmake)
[0.728s] -- Found rclcpp: 16.0.19 (/opt/ros/humble/share/rclcpp/cmake)
[0.770s] -- Found rosidl_generator_c: 3.1.8 (/opt/ros/humble/share/rosidl_generator_c/cmake)
[0.773s] -- Found rosidl_adapter: 3.1.8 (/opt/ros/humble/share/rosidl_adapter/cmake)
[0.781s] -- Found rosidl_generator_cpp: 3.1.8 (/opt/ros/humble/share/rosidl_generator_cpp/cmake)
[0.793s] -- Using all available rosidl_typesupport_c: rosidl_typesupport_fastrtps_c;rosidl_typesupport_introspection_c
[0.806s] -- Using all available rosidl_typesupport_cpp: rosidl_typesupport_fastrtps_cpp;rosidl_typesupport_introspection_cpp
[0.851s] -- Found rmw_implementation_cmake: 6.1.2 (/opt/ros/humble/share/rmw_implementation_cmake/cmake)
[0.854s] -- Found rmw_fastrtps_cpp: 6.2.10 (/opt/ros/humble/share/rmw_fastrtps_cpp/cmake)
[0.931s] -- Found OpenSSL: /usr/lib/x86_64-linux-gnu/libcrypto.so (found version "3.0.2")  
[0.952s] -- Found FastRTPS: /opt/ros/humble/include  
[0.983s] -- Using RMW implementation 'rmw_fastrtps_cpp' as default
[0.992s] -- Looking for pthread.h
[1.060s] -- Looking for pthread.h - found
[1.061s] -- Performing Test CMAKE_HAVE_LIBC_PTHREAD
[1.122s] -- Performing Test CMAKE_HAVE_LIBC_PTHREAD - Success
[1.123s] -- Found Threads: TRUE  
[1.180s] -- Found diagnostic_msgs: 4.9.1 (/opt/ros/humble/share/diagnostic_msgs/cmake)
[1.203s] [31mCMake Error at CMakeLists.txt:21 (find_package):
[1.203s]   By not providing "Finddiagnostic_updater.cmake" in CMAKE_MODULE_PATH this
[1.203s]   project has asked CMake to find a package configuration file provided by
[1.203s]   "diagnostic_updater", but CMake did not find one.
[1.203s] 
[1.203s]   Could not find a package configuration file provided by
[1.203s]   "diagnostic_updater" with any of the following names:
[1.203s] 
[1.203s]     diagnostic_updaterConfig.cmake
[1.203s]     diagnostic_updater-config.cmake
[1.203s] 
[1.203s]   Add the installation prefix of "diagnostic_updater" to CMAKE_PREFIX_PATH or
[1.203s]   set "diagnostic_updater_DIR" to a directory containing one of the above
[1.203s]   files.  If "diagnostic_updater" provides a separate development package or
[1.203s]   SDK, be sure it has been installed.
[1.203s] 
[1.203s] [0m
[1.203s] -- Configuring incomplete, errors occurred!
[1.203s] See also "/home/wuta/WUTA/WUTA-FSD/ros2_ws/build/robot_localization/CMakeFiles/CMakeOutput.log".
[1.209s] Invoked command in '/home/wuta/WUTA/WUTA-FSD/ros2_ws/build/robot_localization' returned '1': CMAKE_PREFIX_PATH=/opt/ros/humble /usr/bin/cmake /home/wuta/WUTA/WUTA-FSD/ros2_ws/src/localization/robot_localization -DAMENT_CMAKE_SYMLINK_INSTALL=1 -DCMAKE_INSTALL_PREFIX=/home/wuta/WUTA/WUTA-FSD/ros2_ws/install/robot_localization
