[0.010s] Invoking command in '/home/g2909/WUTA1/WUTA-FSD/ros2_ws/build/kiss_icp': CMAKE_PREFIX_PATH=/opt/ros/humble /home/g2909/.local/bin/cmake /home/g2909/WUTA1/WUTA-FSD/ros2_ws/src/localization/kiss-icp/ros -DAMENT_CMAKE_SYMLINK_INSTALL=1 -DCMAKE_INSTALL_PREFIX=/home/g2909/WUTA1/WUTA-FSD/ros2_ws/install/kiss_icp
[0.322s] -- The CXX compiler identification is GNU 11.4.0
[0.782s] -- Detecting CXX compiler ABI info
[1.019s] -- Detecting CXX compiler ABI info - done
[1.028s] -- Check for working CXX compiler: /usr/bin/c++ - skipped
[1.028s] -- Detecting CXX compile features
[1.028s] -- Detecting CXX compile features - done
[1.141s] CMake Deprecation Warning at /home/g2909/WUTA1/WUTA-FSD/ros2_ws/src/localization/kiss-icp/cpp/kiss_icp/3rdparty/find_dependencies.cmake:25 (cmake_policy):
[1.142s]   The OLD behavior for policy CMP0135 will be removed from a future version
[1.142s]   of CMake.
[1.142s] 
[1.142s]   The cmake-policies(7) manual explains that the OLD behaviors of all
[1.142s]   policies are deprecated and that a policy should be set to OLD only under
[1.142s]   specific short-term circumstances.  Projects should be ported to the NEW
[1.142s]   behavior and not rely on setting a policy to OLD.
[1.142s] Call Stack (most recent call first):
[1.142s]   /home/g2909/WUTA1/WUTA-FSD/ros2_ws/src/localization/kiss-icp/cpp/kiss_icp/CMakeLists.txt:48 (include)
[1.142s] 
[1.142s] 
[6.363s] -- The C compiler identification is GNU 11.4.0
[6.925s] -- Detecting C compiler ABI info
[7.136s] -- Detecting C compiler ABI info - done
[7.148s] -- Check for working C compiler: /usr/bin/cc - skipped
[7.148s] -- Detecting C compile features
[7.149s] -- Detecting C compile features - done
[11.731s] CMake Deprecation Warning at /home/g2909/WUTA1/WUTA-FSD/ros2_ws/build/kiss_icp/_deps/tessil-src/CMakeLists.txt:1 (cmake_minimum_required):
[11.731s]   Compatibility with CMake < 3.10 will be removed from a future version of
[11.731s]   CMake.
[11.731s] 
[11.731s]   Update the VERSION argument <min> value.  Or, use the <min>...<max> syntax
[11.731s]   to tell CMake that the project requires at least <min> but has been updated
[11.731s]   to work with policies introduced by <max> or earlier.
[11.731s] 
[11.731s] 
[11.735s] -- Found ament_cmake: 1.3.14 (/opt/ros/humble/share/ament_cmake/cmake)
[11.819s] -- Found Python3: /usr/bin/python3 (found version "3.10.12") found components: Interpreter
[11.864s] -- Override CMake install command with custom implementation using symlinks instead of copying resources
[11.883s] -- Found geometry_msgs: 4.9.1 (/opt/ros/humble/share/geometry_msgs/cmake)
[12.263s] -- Found rosidl_generator_c: 3.1.9 (/opt/ros/humble/share/rosidl_generator_c/cmake)
[12.266s] -- Found rosidl_adapter: 3.1.9 (/opt/ros/humble/share/rosidl_adapter/cmake)
[12.272s] -- Found rosidl_generator_cpp: 3.1.9 (/opt/ros/humble/share/rosidl_generator_cpp/cmake)
[12.282s] -- Using all available rosidl_typesupport_c: rosidl_typesupport_fastrtps_c;rosidl_typesupport_introspection_c
[12.293s] -- Using all available rosidl_typesupport_cpp: rosidl_typesupport_fastrtps_cpp;rosidl_typesupport_introspection_cpp
[12.327s] -- Found nav_msgs: 4.9.1 (/opt/ros/humble/share/nav_msgs/cmake)
[12.350s] -- Found rclcpp: 16.0.19 (/opt/ros/humble/share/rclcpp/cmake)
[12.377s] -- Found rmw_implementation_cmake: 6.1.2 (/opt/ros/humble/share/rmw_implementation_cmake/cmake)
[12.379s] -- Found rmw_fastrtps_cpp: 6.2.10 (/opt/ros/humble/share/rmw_fastrtps_cpp/cmake)
[14.677s] -- Found OpenSSL: /usr/lib/x86_64-linux-gnu/libcrypto.so (found version "3.0.2")
[18.179s] -- Found FastRTPS: /opt/ros/humble/include
[32.777s] -- Using RMW implementation 'rmw_fastrtps_cpp' as default
[32.784s] -- Performing Test CMAKE_HAVE_LIBC_PTHREAD
[33.125s] -- Performing Test CMAKE_HAVE_LIBC_PTHREAD - Success
[33.126s] -- Found Threads: TRUE
[33.176s] -- Found rclcpp_components: 16.0.19 (/opt/ros/humble/share/rclcpp_components/cmake)
[33.200s] -- Found sensor_msgs: 4.9.1 (/opt/ros/humble/share/sensor_msgs/cmake)
[33.222s] -- Found tf2_ros: 0.25.20 (/opt/ros/humble/share/tf2_ros/cmake)
[33.293s] -- Found std_srvs: 4.9.1 (/opt/ros/humble/share/std_srvs/cmake)
[33.374s] -- Configuring done (33.3s)
[33.415s] -- Generating done (0.0s)
[33.461s] -- Build files have been written to: /home/g2909/WUTA1/WUTA-FSD/ros2_ws/build/kiss_icp
