[0.010s] Invoking command in '/home/g2909/WUTA1/WUTA-FSD/ros2_ws/build/robot_localization': CMAKE_PREFIX_PATH=/opt/ros/humble /home/g2909/.local/bin/cmake /home/g2909/WUTA1/WUTA-FSD/ros2_ws/src/localization/robot_localization -DAMENT_CMAKE_SYMLINK_INSTALL=1 -DCMAKE_INSTALL_PREFIX=/home/g2909/WUTA1/WUTA-FSD/ros2_ws/install/robot_localization
[0.058s] CMake Deprecation Warning at CMakeLists.txt:1 (cmake_minimum_required):
[0.058s]   Compatibility with CMake < 3.10 will be removed from a future version of
[0.058s]   CMake.
[0.058s] 
[0.058s]   Update the VERSION argument <min> value.  Or, use the <min>...<max> syntax
[0.058s]   to tell CMake that the project requires at least <min> but has been updated
[0.058s]   to work with policies introduced by <max> or earlier.
[0.058s] 
[0.058s] 
[0.283s] -- The C compiler identification is GNU 11.4.0
[1.021s] -- The CXX compiler identification is GNU 11.4.0
[1.566s] -- Detecting C compiler ABI info
[1.739s] -- Detecting C compiler ABI info - done
[1.748s] -- Check for working C compiler: /usr/bin/cc - skipped
[1.748s] -- Detecting C compile features
[1.748s] -- Detecting C compile features - done
[1.755s] -- Detecting CXX compiler ABI info
[1.954s] -- Detecting CXX compiler ABI info - done
[1.963s] -- Check for working CXX compiler: /usr/bin/c++ - skipped
[1.963s] -- Detecting CXX compile features
[1.963s] -- Detecting CXX compile features - done
[1.968s] -- robot_localization: You did not request a specific build type: selecting 'RelWithDebInfo'.
[1.970s] -- Found ament_cmake: 1.3.14 (/opt/ros/humble/share/ament_cmake/cmake)
[2.053s] -- Found Python3: /usr/bin/python3 (found version "3.10.12") found components: Interpreter
[2.100s] -- Override CMake install command with custom implementation using symlinks instead of copying resources
[2.133s] -- Found angles: 1.15.0 (/opt/ros/humble/share/angles/cmake)
[2.136s] -- Found rclcpp: 16.0.19 (/opt/ros/humble/share/rclcpp/cmake)
[2.343s] -- Found rosidl_generator_c: 3.1.9 (/opt/ros/humble/share/rosidl_generator_c/cmake)
[2.346s] -- Found rosidl_adapter: 3.1.9 (/opt/ros/humble/share/rosidl_adapter/cmake)
[2.353s] -- Found rosidl_generator_cpp: 3.1.9 (/opt/ros/humble/share/rosidl_generator_cpp/cmake)
[2.368s] -- Using all available rosidl_typesupport_c: rosidl_typesupport_fastrtps_c;rosidl_typesupport_introspection_c
[2.379s] -- Using all available rosidl_typesupport_cpp: rosidl_typesupport_fastrtps_cpp;rosidl_typesupport_introspection_cpp
[2.429s] -- Found rmw_implementation_cmake: 6.1.2 (/opt/ros/humble/share/rmw_implementation_cmake/cmake)
[2.432s] -- Found rmw_fastrtps_cpp: 6.2.10 (/opt/ros/humble/share/rmw_fastrtps_cpp/cmake)
[5.444s] -- Found OpenSSL: /usr/lib/x86_64-linux-gnu/libcrypto.so (found version "3.0.2")
[10.033s] -- Found FastRTPS: /opt/ros/humble/include
[14.915s] -- Using RMW implementation 'rmw_fastrtps_cpp' as default
[14.925s] -- Performing Test CMAKE_HAVE_LIBC_PTHREAD
[15.155s] -- Performing Test CMAKE_HAVE_LIBC_PTHREAD - Success
[15.156s] -- Found Threads: TRUE
[15.220s] -- Found diagnostic_msgs: 4.9.1 (/opt/ros/humble/share/diagnostic_msgs/cmake)
[15.241s] -- Found diagnostic_updater: 4.0.7 (/opt/ros/humble/share/diagnostic_updater/cmake)
[15.249s] -- Found geographic_msgs: 1.0.6 (/opt/ros/humble/share/geographic_msgs/cmake)
[15.299s] -- Found message_filters: 4.3.18 (/opt/ros/humble/share/message_filters/cmake)
[15.303s] -- Found nav_msgs: 4.9.1 (/opt/ros/humble/share/nav_msgs/cmake)
[15.318s] -- Found rosidl_default_generators: 1.2.1 (/opt/ros/humble/share/rosidl_default_generators/cmake)
[15.329s] -- Found sensor_msgs: 4.9.1 (/opt/ros/humble/share/sensor_msgs/cmake)
[15.351s] -- Found std_srvs: 4.9.1 (/opt/ros/humble/share/std_srvs/cmake)
[15.366s] -- Found tf2: 0.25.20 (/opt/ros/humble/share/tf2/cmake)
[15.376s] -- Found tf2_eigen: 0.25.20 (/opt/ros/humble/share/tf2_eigen/cmake)
[15.491s] -- Found tf2_geometry_msgs: 0.25.20 (/opt/ros/humble/share/tf2_geometry_msgs/cmake)
[15.661s] -- Found eigen3_cmake_module: 0.1.1 (/opt/ros/humble/share/eigen3_cmake_module/cmake)
[15.663s] -- Found Eigen3: TRUE (found version "3.4.0")
[15.663s] -- Ensuring Eigen3 include directory is part of orocos-kdl CMake target
[15.665s] CMake Warning (dev) at CMakeLists.txt:34 (find_package):
[15.665s]   Policy CMP0167 is not set: The FindBoost module is removed.  Run "cmake
[15.665s]   --help-policy CMP0167" for policy details.  Use the cmake_policy command to
[15.665s]   set the policy and suppress this warning.
[15.665s] 
[15.665s] This warning is for project developers.  Use -Wno-dev to suppress it.
[15.665s] 
[15.674s] -- Found Boost: /usr/lib/x86_64-linux-gnu/cmake/Boost-1.74.0/BoostConfig.cmake (found version "1.74.0")
[15.679s] -- Found yaml_cpp_vendor: 8.0.2 (/opt/ros/humble/share/yaml_cpp_vendor/cmake)
[15.851s] -- Found GeographicLib: /usr/lib/x86_64-linux-gnu
[16.217s] -- Found ament_cmake_cppcheck: 0.12.15 (/opt/ros/humble/share/ament_cmake_cppcheck/cmake)
[16.220s] -- Found ament_cmake_cpplint: 0.12.15 (/opt/ros/humble/share/ament_cmake_cpplint/cmake)
[16.223s] -- Found ament_cmake_uncrustify: 0.12.15 (/opt/ros/humble/share/ament_cmake_uncrustify/cmake)
[16.226s] -- Found ament_cmake_ros: 0.10.0 (/opt/ros/humble/share/ament_cmake_ros/cmake)
[16.831s] -- Using all available rosidl_typesupport_c: rosidl_typesupport_fastrtps_c;rosidl_typesupport_introspection_c
[17.045s] -- Using all available rosidl_typesupport_cpp: rosidl_typesupport_fastrtps_cpp;rosidl_typesupport_introspection_cpp
[17.048s] CMake Warning (dev) at /opt/ros/humble/share/rosidl_generator_py/cmake/rosidl_generator_py_generate_interfaces.cmake:20 (find_package):
[17.048s]   Policy CMP0148 is not set: The FindPythonInterp and FindPythonLibs modules
[17.048s]   are removed.  Run "cmake --help-policy CMP0148" for policy details.  Use
[17.048s]   the cmake_policy command to set the policy and suppress this warning.
[17.048s] 
[17.048s] Call Stack (most recent call first):
[17.048s]   /opt/ros/humble/share/ament_cmake_core/cmake/core/ament_execute_extensions.cmake:48 (include)
[17.048s]   /opt/ros/humble/share/rosidl_cmake/cmake/rosidl_generate_interfaces.cmake:286 (ament_execute_extensions)
[17.048s]   CMakeLists.txt:43 (rosidl_generate_interfaces)
[17.048s] This warning is for project developers.  Use -Wno-dev to suppress it.
[17.048s] 
[17.213s] -- Found PythonInterp: /usr/bin/python3 (found suitable version "3.10.12", minimum required is "3.6")
[17.214s] -- Found python_cmake_module: 0.10.0 (/opt/ros/humble/share/python_cmake_module/cmake)
[17.214s] CMake Warning (dev) at /opt/ros/humble/share/python_cmake_module/cmake/Modules/FindPythonExtra.cmake:52 (find_package):
[17.214s]   Policy CMP0148 is not set: The FindPythonInterp and FindPythonLibs modules
[17.214s]   are removed.  Run "cmake --help-policy CMP0148" for policy details.  Use
[17.214s]   the cmake_policy command to set the policy and suppress this warning.
[17.214s] 
[17.214s] Call Stack (most recent call first):
[17.214s]   /opt/ros/humble/share/rosidl_generator_py/cmake/rosidl_generator_py_generate_interfaces.cmake:23 (find_package)
[17.214s]   /opt/ros/humble/share/ament_cmake_core/cmake/core/ament_execute_extensions.cmake:48 (include)
[17.214s]   /opt/ros/humble/share/rosidl_cmake/cmake/rosidl_generate_interfaces.cmake:286 (ament_execute_extensions)
[17.214s]   CMakeLists.txt:43 (rosidl_generate_interfaces)
[17.214s] This warning is for project developers.  Use -Wno-dev to suppress it.
[17.214s] 
[17.227s] CMake Warning (dev) at /opt/ros/humble/share/python_cmake_module/cmake/Modules/FindPythonExtra.cmake:140 (find_package):
[17.227s]   Policy CMP0148 is not set: The FindPythonInterp and FindPythonLibs modules
[17.228s]   are removed.  Run "cmake --help-policy CMP0148" for policy details.  Use
[17.228s]   the cmake_policy command to set the policy and suppress this warning.
[17.228s] 
[17.228s] Call Stack (most recent call first):
[17.228s]   /opt/ros/humble/share/rosidl_generator_py/cmake/rosidl_generator_py_generate_interfaces.cmake:23 (find_package)
[17.228s]   /opt/ros/humble/share/ament_cmake_core/cmake/core/ament_execute_extensions.cmake:48 (include)
[17.228s]   /opt/ros/humble/share/rosidl_cmake/cmake/rosidl_generate_interfaces.cmake:286 (ament_execute_extensions)
[17.228s]   CMakeLists.txt:43 (rosidl_generate_interfaces)
[17.228s] This warning is for project developers.  Use -Wno-dev to suppress it.
[17.228s] 
[18.271s] -- Found PythonLibs: /usr/lib/x86_64-linux-gnu/libpython3.10.so (found suitable version "3.10.12", minimum required is "3.5")
[18.271s] -- Using PYTHON_EXECUTABLE: /usr/bin/python3
[18.271s] -- Using PYTHON_INCLUDE_DIRS: /usr/include/python3.10
[18.272s] -- Using PYTHON_LIBRARIES: /usr/lib/x86_64-linux-gnu/libpython3.10.so
[18.290s] -- Found PythonExtra: .so
[18.402s] -- Found ament_cmake_flake8: 0.12.15 (/opt/ros/humble/share/ament_cmake_flake8/cmake)
[18.405s] -- Found ament_cmake_pep257: 0.12.15 (/opt/ros/humble/share/ament_cmake_pep257/cmake)
[18.537s] -- Found ament_cmake_lint_cmake: 0.12.15 (/opt/ros/humble/share/ament_cmake_lint_cmake/cmake)
[18.539s] -- Found launch_testing_ament_cmake: 1.0.14 (/opt/ros/humble/share/launch_testing_ament_cmake/cmake)
[18.540s] CMake Warning (dev) at /opt/ros/humble/share/python_cmake_module/cmake/Modules/FindPythonExtra.cmake:52 (find_package):
[18.540s]   Policy CMP0148 is not set: The FindPythonInterp and FindPythonLibs modules
[18.540s]   are removed.  Run "cmake --help-policy CMP0148" for policy details.  Use
[18.540s]   the cmake_policy command to set the policy and suppress this warning.
[18.540s] 
[18.540s] Call Stack (most recent call first):
[18.540s]   /opt/ros/humble/share/launch_testing_ament_cmake/cmake/launch_testing_ament_cmake-extras.cmake:18 (find_package)
[18.540s]   /opt/ros/humble/share/launch_testing_ament_cmake/cmake/launch_testing_ament_cmakeConfig.cmake:41 (include)
[18.540s]   CMakeLists.txt:172 (find_package)
[18.540s] This warning is for project developers.  Use -Wno-dev to suppress it.
[18.540s] 
[18.553s] CMake Warning (dev) at /opt/ros/humble/share/python_cmake_module/cmake/Modules/FindPythonExtra.cmake:140 (find_package):
[18.554s]   Policy CMP0148 is not set: The FindPythonInterp and FindPythonLibs modules
[18.554s]   are removed.  Run "cmake --help-policy CMP0148" for policy details.  Use
[18.554s]   the cmake_policy command to set the policy and suppress this warning.
[18.554s] 
[18.554s] Call Stack (most recent call first):
[18.554s]   /opt/ros/humble/share/launch_testing_ament_cmake/cmake/launch_testing_ament_cmake-extras.cmake:18 (find_package)
[18.554s]   /opt/ros/humble/share/launch_testing_ament_cmake/cmake/launch_testing_ament_cmakeConfig.cmake:41 (include)
[18.554s]   CMakeLists.txt:172 (find_package)
[18.554s] This warning is for project developers.  Use -Wno-dev to suppress it.
[18.554s] 
[18.555s] -- Using PYTHON_EXECUTABLE: /usr/bin/python3
[18.555s] -- Using PYTHON_INCLUDE_DIRS: /usr/include/python3.10
[18.555s] -- Using PYTHON_LIBRARIES: /usr/lib/x86_64-linux-gnu/libpython3.10.so
[18.558s] -- Found gtest sources under '/opt/ros/humble/src/gtest_vendor': C++ tests using 'Google Test' will be built
[18.561s] CMake Deprecation Warning at /opt/ros/humble/src/gtest_vendor/CMakeLists.txt:2 (cmake_minimum_required):
[18.561s]   Compatibility with CMake < 3.10 will be removed from a future version of
[18.561s]   CMake.
[18.561s] 
[18.561s]   Update the VERSION argument <min> value.  Or, use the <min>...<max> syntax
[18.561s]   to tell CMake that the project requires at least <min> but has been updated
[18.561s]   to work with policies introduced by <max> or earlier.
[18.561s] 
[18.561s] 
[18.581s] -- Configuring done (18.5s)
[18.707s] -- Generating done (0.1s)
[18.773s] -- Build files have been written to: /home/g2909/WUTA1/WUTA-FSD/ros2_ws/build/robot_localization
[18.791s] Invoked command in '/home/g2909/WUTA1/WUTA-FSD/ros2_ws/build/robot_localization' returned '0': CMAKE_PREFIX_PATH=/opt/ros/humble /home/g2909/.local/bin/cmake /home/g2909/WUTA1/WUTA-FSD/ros2_ws/src/localization/robot_localization -DAMENT_CMAKE_SYMLINK_INSTALL=1 -DCMAKE_INSTALL_PREFIX=/home/g2909/WUTA1/WUTA-FSD/ros2_ws/install/robot_localization
[18.792s] Invoking command in '/home/g2909/WUTA1/WUTA-FSD/ros2_ws/build/robot_localization': CMAKE_PREFIX_PATH=/opt/ros/humble /home/g2909/.local/bin/cmake --build /home/g2909/WUTA1/WUTA-FSD/ros2_ws/build/robot_localization -- -j16 -l16
[18.858s] [  1%] Generating C code for ROS interfaces
[18.862s] [  2%] Building CXX object gtest/CMakeFiles/gtest_main.dir/src/gtest_main.cc.o
[18.862s] [  3%] Generating Rust code for ROS interfaces
[18.862s] [  4%] Generating C++ code for ROS interfaces
[18.864s] [  5%] Building CXX object gtest/CMakeFiles/gtest.dir/src/gtest-all.cc.o
[18.866s] [  5%] Built target ament_cmake_python_symlink_robot_localization
[19.056s] running egg_info
[19.057s] creating robot_localization.egg-info
[19.058s] writing robot_localization.egg-info/PKG-INFO
[19.058s] writing dependency_links to robot_localization.egg-info/dependency_links.txt
[19.058s] writing top-level names to robot_localization.egg-info/top_level.txt
[19.058s] writing manifest file 'robot_localization.egg-info/SOURCES.txt'
[19.060s] reading manifest file 'robot_localization.egg-info/SOURCES.txt'
[19.061s] writing manifest file 'robot_localization.egg-info/SOURCES.txt'
[19.088s] [  5%] Built target robot_localization__rs
[19.088s] [  5%] Built target ament_cmake_python_build_robot_localization_egg
[19.303s] [  7%] Building C object CMakeFiles/robot_localization__rosidl_generator_c.dir/rosidl_generator_c/robot_localization/srv/detail/from_ll__functions.c.o
[19.304s] [  7%] Building C object CMakeFiles/robot_localization__rosidl_generator_c.dir/rosidl_generator_c/robot_localization/srv/detail/get_state__functions.c.o
[19.304s] [  7%] Building C object CMakeFiles/robot_localization__rosidl_generator_c.dir/rosidl_generator_c/robot_localization/srv/detail/set_datum__functions.c.o
[19.304s] [  9%] Building C object CMakeFiles/robot_localization__rosidl_generator_c.dir/rosidl_generator_c/robot_localization/srv/detail/set_pose__functions.c.o
[19.304s] [  9%] Building C object CMakeFiles/robot_localization__rosidl_generator_c.dir/rosidl_generator_c/robot_localization/srv/detail/toggle_filter_processing__functions.c.o
[19.308s] [ 10%] Building C object CMakeFiles/robot_localization__rosidl_generator_c.dir/rosidl_generator_c/robot_localization/srv/detail/to_ll__functions.c.o
[19.351s] [ 10%] Built target robot_localization__cpp
[19.358s] [ 11%] Generating C++ introspection for ROS interfaces
[19.358s] [ 11%] Generating C++ type support for eProsima Fast-RTPS
[19.359s] [ 12%] Generating C++ type support dispatch for ROS interfaces
[19.441s] [ 13%] Linking C shared library librobot_localization__rosidl_generator_c.so
[19.626s] [ 15%] Building CXX object CMakeFiles/robot_localization__rosidl_typesupport_cpp.dir/rosidl_typesupport_cpp/robot_localization/srv/get_state__type_support.cpp.o
[19.626s] [ 15%] Building CXX object CMakeFiles/robot_localization__rosidl_typesupport_cpp.dir/rosidl_typesupport_cpp/robot_localization/srv/set_pose__type_support.cpp.o
[19.627s] [ 16%] Building CXX object CMakeFiles/robot_localization__rosidl_typesupport_cpp.dir/rosidl_typesupport_cpp/robot_localization/srv/from_ll__type_support.cpp.o
[19.627s] [ 16%] Building CXX object CMakeFiles/robot_localization__rosidl_typesupport_cpp.dir/rosidl_typesupport_cpp/robot_localization/srv/set_datum__type_support.cpp.o
[19.627s] [ 17%] Building CXX object CMakeFiles/robot_localization__rosidl_typesupport_cpp.dir/rosidl_typesupport_cpp/robot_localization/srv/toggle_filter_processing__type_support.cpp.o
[19.627s] [ 18%] Building CXX object CMakeFiles/robot_localization__rosidl_typesupport_cpp.dir/rosidl_typesupport_cpp/robot_localization/srv/to_ll__type_support.cpp.o
[19.687s] [ 19%] Building CXX object CMakeFiles/robot_localization__rosidl_typesupport_introspection_cpp.dir/rosidl_typesupport_introspection_cpp/robot_localization/srv/detail/get_state__type_support.cpp.o
[19.687s] [ 20%] Building CXX object CMakeFiles/robot_localization__rosidl_typesupport_introspection_cpp.dir/rosidl_typesupport_introspection_cpp/robot_localization/srv/detail/set_pose__type_support.cpp.o
[19.688s] [ 21%] Building CXX object CMakeFiles/robot_localization__rosidl_typesupport_introspection_cpp.dir/rosidl_typesupport_introspection_cpp/robot_localization/srv/detail/set_datum__type_support.cpp.o
[19.689s] [ 22%] Building CXX object CMakeFiles/robot_localization__rosidl_typesupport_introspection_cpp.dir/rosidl_typesupport_introspection_cpp/robot_localization/srv/detail/from_ll__type_support.cpp.o
[19.696s] [ 22%] Building CXX object CMakeFiles/robot_localization__rosidl_typesupport_introspection_cpp.dir/rosidl_typesupport_introspection_cpp/robot_localization/srv/detail/to_ll__type_support.cpp.o
[19.696s] [ 23%] Building CXX object CMakeFiles/robot_localization__rosidl_typesupport_introspection_cpp.dir/rosidl_typesupport_introspection_cpp/robot_localization/srv/detail/toggle_filter_processing__type_support.cpp.o
[19.826s] [ 24%] Linking CXX static library libgtest_main.a
[19.840s] [ 25%] Building CXX object CMakeFiles/robot_localization__rosidl_typesupport_fastrtps_cpp.dir/rosidl_typesupport_fastrtps_cpp/robot_localization/srv/detail/dds_fastrtps/from_ll__type_support.cpp.o
[19.860s] [ 25%] Built target gtest_main
[19.865s] [ 26%] Building CXX object CMakeFiles/robot_localization__rosidl_typesupport_fastrtps_cpp.dir/rosidl_typesupport_fastrtps_cpp/robot_localization/srv/detail/dds_fastrtps/get_state__type_support.cpp.o
[19.921s] [ 27%] Building CXX object CMakeFiles/robot_localization__rosidl_typesupport_fastrtps_cpp.dir/rosidl_typesupport_fastrtps_cpp/robot_localization/srv/detail/dds_fastrtps/set_datum__type_support.cpp.o
[19.934s] [ 28%] Building CXX object CMakeFiles/robot_localization__rosidl_typesupport_fastrtps_cpp.dir/rosidl_typesupport_fastrtps_cpp/robot_localization/srv/detail/dds_fastrtps/set_pose__type_support.cpp.o
[19.941s] [ 29%] Building CXX object CMakeFiles/robot_localization__rosidl_typesupport_fastrtps_cpp.dir/rosidl_typesupport_fastrtps_cpp/robot_localization/srv/detail/dds_fastrtps/toggle_filter_processing__type_support.cpp.o
[19.961s] [ 30%] Building CXX object CMakeFiles/robot_localization__rosidl_typesupport_fastrtps_cpp.dir/rosidl_typesupport_fastrtps_cpp/robot_localization/srv/detail/dds_fastrtps/to_ll__type_support.cpp.o
[19.997s] [ 31%] Linking CXX shared library librobot_localization__rosidl_typesupport_cpp.so
[20.198s] [ 31%] Built target robot_localization__rosidl_generator_c
[20.209s] [ 32%] Generating C type support for eProsima Fast-RTPS
[20.209s] [ 32%] Generating C introspection for ROS interfaces
[20.209s] [ 33%] Generating C type support dispatch for ROS interfaces
[20.234s] [ 34%] Linking CXX shared library librobot_localization__rosidl_typesupport_introspection_cpp.so
[20.395s] [ 35%] Linking CXX shared library librobot_localization__rosidl_typesupport_fastrtps_cpp.so
[20.466s] [ 36%] Building CXX object CMakeFiles/robot_localization__rosidl_typesupport_c.dir/rosidl_typesupport_c/robot_localization/srv/set_pose__type_support.cpp.o
[20.466s] [ 38%] Building CXX object CMakeFiles/robot_localization__rosidl_typesupport_c.dir/rosidl_typesupport_c/robot_localization/srv/from_ll__type_support.cpp.o
[20.466s] [ 38%] Building CXX object CMakeFiles/robot_localization__rosidl_typesupport_c.dir/rosidl_typesupport_c/robot_localization/srv/get_state__type_support.cpp.o
[20.466s] [ 39%] Building CXX object CMakeFiles/robot_localization__rosidl_typesupport_c.dir/rosidl_typesupport_c/robot_localization/srv/toggle_filter_processing__type_support.cpp.o
[20.466s] [ 40%] Building CXX object CMakeFiles/robot_localization__rosidl_typesupport_c.dir/rosidl_typesupport_c/robot_localization/srv/to_ll__type_support.cpp.o
[20.467s] [ 40%] Building CXX object CMakeFiles/robot_localization__rosidl_typesupport_c.dir/rosidl_typesupport_c/robot_localization/srv/set_datum__type_support.cpp.o
[20.491s] [ 41%] Linking CXX shared library librobot_localization__rosidl_typesupport_c.so
[20.495s] [ 41%] Built target robot_localization__rosidl_typesupport_cpp
[20.507s] [ 43%] Building CXX object CMakeFiles/rl_lib.dir/src/ukf.cpp.o
[20.507s] [ 44%] Building CXX object CMakeFiles/rl_lib.dir/src/navsat_transform.cpp.o
[20.507s] [ 43%] Building CXX object CMakeFiles/rl_lib.dir/src/ekf.cpp.o
[20.507s] [ 46%] Building CXX object CMakeFiles/rl_lib.dir/src/filter_base.cpp.o
[20.507s] [ 46%] Building CXX object CMakeFiles/rl_lib.dir/src/filter_utilities.cpp.o
[20.508s] [ 46%] Building CXX object CMakeFiles/rl_lib.dir/src/ros_filter.cpp.o
[20.508s] [ 47%] Building CXX object CMakeFiles/rl_lib.dir/src/ros_filter_utilities.cpp.o
[20.508s] [ 48%] Building CXX object CMakeFiles/rl_lib.dir/src/robot_localization_estimator.cpp.o
[20.508s] [ 49%] Building CXX object CMakeFiles/rl_lib.dir/src/ros_robot_localization_listener.cpp.o
[20.571s] [ 50%] Building CXX object CMakeFiles/robot_localization__rosidl_typesupport_fastrtps_c.dir/rosidl_typesupport_fastrtps_c/robot_localization/srv/detail/from_ll__type_support_c.cpp.o
[20.571s] [ 50%] Building CXX object CMakeFiles/robot_localization__rosidl_typesupport_fastrtps_c.dir/rosidl_typesupport_fastrtps_c/robot_localization/srv/detail/get_state__type_support_c.cpp.o
[20.618s] [ 51%] Building C object CMakeFiles/robot_localization__rosidl_typesupport_introspection_c.dir/rosidl_typesupport_introspection_c/robot_localization/srv/detail/from_ll__type_support.c.o
[20.664s] [ 52%] Building C object CMakeFiles/robot_localization__rosidl_typesupport_introspection_c.dir/rosidl_typesupport_introspection_c/robot_localization/srv/detail/get_state__type_support.c.o
[20.719s] [ 53%] Building C object CMakeFiles/robot_localization__rosidl_typesupport_introspection_c.dir/rosidl_typesupport_introspection_c/robot_localization/srv/detail/set_datum__type_support.c.o
[20.769s] [ 54%] Building C object CMakeFiles/robot_localization__rosidl_typesupport_introspection_c.dir/rosidl_typesupport_introspection_c/robot_localization/srv/detail/set_pose__type_support.c.o
[20.789s] [ 54%] Built target robot_localization__rosidl_typesupport_introspection_cpp
[20.796s] [ 55%] Building C object CMakeFiles/robot_localization__rosidl_typesupport_introspection_c.dir/rosidl_typesupport_introspection_c/robot_localization/srv/detail/toggle_filter_processing__type_support.c.o
[20.832s] [ 56%] Building C object CMakeFiles/robot_localization__rosidl_typesupport_introspection_c.dir/rosidl_typesupport_introspection_c/robot_localization/srv/detail/to_ll__type_support.c.o
[20.855s] [ 57%] Building CXX object CMakeFiles/robot_localization__rosidl_typesupport_fastrtps_c.dir/rosidl_typesupport_fastrtps_c/robot_localization/srv/detail/set_datum__type_support_c.cpp.o
[20.900s] [ 58%] Linking C shared library librobot_localization__rosidl_typesupport_introspection_c.so
[20.952s] [ 59%] Building CXX object CMakeFiles/robot_localization__rosidl_typesupport_fastrtps_c.dir/rosidl_typesupport_fastrtps_c/robot_localization/srv/detail/set_pose__type_support_c.cpp.o
[21.082s] [ 60%] Building CXX object CMakeFiles/robot_localization__rosidl_typesupport_fastrtps_c.dir/rosidl_typesupport_fastrtps_c/robot_localization/srv/detail/toggle_filter_processing__type_support_c.cpp.o
[21.278s] [ 60%] Built target robot_localization__rosidl_typesupport_fastrtps_cpp
[21.286s] [ 61%] Building CXX object CMakeFiles/robot_localization__rosidl_typesupport_fastrtps_c.dir/rosidl_typesupport_fastrtps_c/robot_localization/srv/detail/to_ll__type_support_c.cpp.o
[21.329s] [ 61%] Built target robot_localization__rosidl_typesupport_c
[21.626s] [ 61%] Built target robot_localization__rosidl_typesupport_introspection_c
[21.824s] [ 62%] Linking CXX shared library librobot_localization__rosidl_typesupport_fastrtps_c.so
[22.849s] [ 62%] Built target robot_localization__rosidl_typesupport_fastrtps_c
[22.871s] [ 62%] Built target robot_localization
[22.888s] [ 63%] Generating Python code for ROS interfaces
[23.784s] [ 63%] Built target robot_localization__py
[23.800s] [ 65%] Building C object CMakeFiles/robot_localization__rosidl_generator_py.dir/rosidl_generator_py/robot_localization/srv/_from_ll_s.c.o
[23.800s] [ 65%] Building C object CMakeFiles/robot_localization__rosidl_generator_py.dir/rosidl_generator_py/robot_localization/srv/_get_state_s.c.o
[23.800s] [ 65%] Building C object CMakeFiles/robot_localization__rosidl_generator_py.dir/rosidl_generator_py/robot_localization/srv/_set_datum_s.c.o
[23.800s] [ 66%] Building C object CMakeFiles/robot_localization__rosidl_generator_py.dir/rosidl_generator_py/robot_localization/srv/_set_pose_s.c.o
[23.811s] [ 67%] Building C object CMakeFiles/robot_localization__rosidl_generator_py.dir/rosidl_generator_py/robot_localization/srv/_toggle_filter_processing_s.c.o
[23.820s] [ 68%] Building C object CMakeFiles/robot_localization__rosidl_generator_py.dir/rosidl_generator_py/robot_localization/srv/_to_ll_s.c.o
[24.035s] [ 69%] Linking C shared library rosidl_generator_py/robot_localization/librobot_localization__rosidl_generator_py.so
[24.524s] [ 69%] Built target robot_localization__rosidl_generator_py
[24.548s] [ 69%] Building C object CMakeFiles/robot_localization__rosidl_typesupport_introspection_c__pyext.dir/rosidl_generator_py/robot_localization/_robot_localization_s.ep.rosidl_typesupport_introspection_c.c.o
[24.548s] [ 70%] Building C object CMakeFiles/robot_localization__rosidl_typesupport_c__pyext.dir/rosidl_generator_py/robot_localization/_robot_localization_s.ep.rosidl_typesupport_c.c.o
[24.550s] [ 71%] Building C object CMakeFiles/robot_localization__rosidl_typesupport_fastrtps_c__pyext.dir/rosidl_generator_py/robot_localization/_robot_localization_s.ep.rosidl_typesupport_fastrtps_c.c.o
[24.863s] [ 72%] Linking C shared library rosidl_generator_py/robot_localization/robot_localization_s__rosidl_typesupport_c.cpython-310-x86_64-linux-gnu.so
[24.889s] [ 73%] Linking C shared library rosidl_generator_py/robot_localization/robot_localization_s__rosidl_typesupport_introspection_c.cpython-310-x86_64-linux-gnu.so
[24.943s] [ 74%] Linking C shared library rosidl_generator_py/robot_localization/robot_localization_s__rosidl_typesupport_fastrtps_c.cpython-310-x86_64-linux-gnu.so
[25.460s] [ 74%] Built target robot_localization__rosidl_typesupport_c__pyext
[25.462s] [ 74%] Built target robot_localization__rosidl_typesupport_introspection_c__pyext
[25.597s] [ 74%] Built target robot_localization__rosidl_typesupport_fastrtps_c__pyext
[29.426s] [ 75%] Linking CXX static library libgtest.a
[29.495s] [ 75%] Built target gtest
[79.139s] [ 76%] Linking CXX shared library librl_lib.so
[80.920s] [ 76%] Built target rl_lib
[80.929s] [ 76%] Building CXX object CMakeFiles/ekf_node.dir/src/ekf_node.cpp.o
[80.929s] [ 77%] Building CXX object CMakeFiles/filter_base-test.dir/test/test_filter_base.cpp.o
[80.929s] [ 78%] Building CXX object CMakeFiles/robot_localization_listener_node.dir/src/robot_localization_listener_node.cpp.o
[80.930s] [ 80%] Building CXX object CMakeFiles/ukf_node.dir/src/ukf_node.cpp.o
[80.930s] [ 80%] Building CXX object CMakeFiles/test_ukf.dir/test/test_ukf.cpp.o
[80.930s] [ 80%] Building CXX object CMakeFiles/navsat_transform_node.dir/src/navsat_transform_node.cpp.o
[80.930s] [ 81%] Building CXX object CMakeFiles/test_robot_localization_estimator.dir/test/test_robot_localization_estimator.cpp.o
[80.930s] [ 82%] Building CXX object CMakeFiles/test_ekf.dir/test/test_ekf.cpp.o
[80.931s] [ 83%] Building CXX object CMakeFiles/test_ros_robot_localization_listener.dir/test/test_ros_robot_localization_listener.cpp.o
[80.931s] [ 84%] Building CXX object CMakeFiles/test_ros_robot_localization_listener_publisher.dir/test/test_ros_robot_localization_listener_publisher.cpp.o
[80.931s] [ 85%] Building CXX object CMakeFiles/test_navsat_conversions.dir/test/test_navsat_conversions.cpp.o
[82.411s] [ 86%] Linking CXX executable test_navsat_conversions
[83.072s] [ 86%] Built target test_navsat_conversions
[84.994s] [ 87%] Linking CXX executable filter_base-test
[85.673s] [ 87%] Built target filter_base-test
[88.351s] [ 88%] Linking CXX executable navsat_transform_node
[88.849s] [ 88%] Built target navsat_transform_node
[88.865s] [ 89%] Linking CXX executable ekf_node
[88.921s] [ 90%] Linking CXX executable ukf_node
[89.361s] [ 90%] Built target ekf_node
[89.375s] [ 92%] Building CXX object CMakeFiles/test_ekf_localization_node_interfaces.dir/test/test_ekf_localization_node_interfaces.cpp.o
[89.375s] [ 92%] Building CXX object CMakeFiles/test_filter_base_diagnostics_timestamps.dir/test/test_filter_base_diagnostics_timestamps.cpp.o
[89.440s] [ 92%] Built target ukf_node
[89.453s] [ 93%] Building CXX object CMakeFiles/test_ukf_localization_node_interfaces.dir/test/test_ukf_localization_node_interfaces.cpp.o
[89.681s] [ 94%] Linking CXX executable test_robot_localization_estimator
[90.313s] [ 94%] Linking CXX executable test_ros_robot_localization_listener
[90.341s] [ 94%] Built target test_robot_localization_estimator
[90.520s] [ 95%] Linking CXX executable robot_localization_listener_node
[90.706s] [ 96%] Linking CXX executable test_ukf
[90.731s] [ 97%] Linking CXX executable test_ekf
[90.911s] [ 97%] Built target test_ros_robot_localization_listener
[91.072s] [ 97%] Built target robot_localization_listener_node
[91.284s] [ 97%] Built target test_ukf
[91.301s] [ 97%] Built target test_ekf
[91.871s] [ 98%] Linking CXX executable test_ros_robot_localization_listener_publisher
[92.281s] [ 98%] Built target test_ros_robot_localization_listener_publisher
[107.131s] [ 99%] Linking CXX executable test_filter_base_diagnostics_timestamps
[107.648s] [ 99%] Built target test_filter_base_diagnostics_timestamps
[108.555s] [100%] Linking CXX executable test_ukf_localization_node_interfaces
[108.563s] [100%] Linking CXX executable test_ekf_localization_node_interfaces
[108.977s] [100%] Built target test_ekf_localization_node_interfaces
[108.977s] [100%] Built target test_ukf_localization_node_interfaces
