[0.162s] Invoking command in '/home/g2909/WUTA1/WUTA-FSD/ros2_ws/build/cone_map_builder': AMENT_PREFIX_PATH=/home/g2909/WUTA1/WUTA-FSD/ros2_ws/install/wuta_msgs:${AMENT_PREFIX_PATH} CMAKE_PREFIX_PATH=/home/g2909/WUTA1/WUTA-FSD/ros2_ws/install/wuta_msgs:/opt/ros/humble LD_LIBRARY_PATH=/home/g2909/WUTA1/WUTA-FSD/ros2_ws/install/wuta_msgs/lib:${LD_LIBRARY_PATH} PYTHONPATH=/home/g2909/WUTA1/WUTA-FSD/ros2_ws/install/wuta_msgs/local/lib/python3.10/dist-packages:${PYTHONPATH} /home/g2909/.local/bin/cmake /home/g2909/WUTA1/WUTA-FSD/ros2_ws/src/mapping/cone_map_builder -DAMENT_CMAKE_SYMLINK_INSTALL=1 -DCMAKE_INSTALL_PREFIX=/home/g2909/WUTA1/WUTA-FSD/ros2_ws/install/cone_map_builder
[0.223s] CMake Deprecation Warning at CMakeLists.txt:1 (cmake_minimum_required):
[0.223s]   Compatibility with CMake < 3.10 will be removed from a future version of
[0.223s]   CMake.
[0.223s] 
[0.223s]   Update the VERSION argument <min> value.  Or, use the <min>...<max> syntax
[0.223s]   to tell CMake that the project requires at least <min> but has been updated
[0.223s]   to work with policies introduced by <max> or earlier.
[0.223s] 
[0.223s] 
[0.481s] -- The C compiler identification is GNU 11.4.0
[1.407s] -- The CXX compiler identification is GNU 11.4.0
[1.984s] -- Detecting C compiler ABI info
[2.192s] -- Detecting C compiler ABI info - done
[2.202s] -- Check for working C compiler: /usr/bin/cc - skipped
[2.202s] -- Detecting C compile features
[2.202s] -- Detecting C compile features - done
[2.210s] -- Detecting CXX compiler ABI info
[2.497s] -- Detecting CXX compiler ABI info - done
[2.510s] -- Check for working CXX compiler: /usr/bin/c++ - skipped
[2.510s] -- Detecting CXX compile features
[2.511s] -- Detecting CXX compile features - done
[2.519s] -- Found ament_cmake: 1.3.14 (/opt/ros/humble/share/ament_cmake/cmake)
[2.622s] -- Found Python3: /usr/bin/python3 (found version "3.10.12") found components: Interpreter
[2.663s] -- Override CMake install command with custom implementation using symlinks instead of copying resources
[2.683s] -- Found rclcpp: 16.0.19 (/opt/ros/humble/share/rclcpp/cmake)
[2.892s] -- Found rosidl_generator_c: 3.1.9 (/opt/ros/humble/share/rosidl_generator_c/cmake)
[2.896s] -- Found rosidl_adapter: 3.1.9 (/opt/ros/humble/share/rosidl_adapter/cmake)
[2.903s] -- Found rosidl_generator_cpp: 3.1.9 (/opt/ros/humble/share/rosidl_generator_cpp/cmake)
[2.912s] -- Using all available rosidl_typesupport_c: rosidl_typesupport_fastrtps_c;rosidl_typesupport_introspection_c
[2.925s] -- Using all available rosidl_typesupport_cpp: rosidl_typesupport_fastrtps_cpp;rosidl_typesupport_introspection_cpp
[2.962s] -- Found rmw_implementation_cmake: 6.1.2 (/opt/ros/humble/share/rmw_implementation_cmake/cmake)
[2.964s] -- Found rmw_fastrtps_cpp: 6.2.10 (/opt/ros/humble/share/rmw_fastrtps_cpp/cmake)
[5.096s] -- Found OpenSSL: /usr/lib/x86_64-linux-gnu/libcrypto.so (found version "3.0.2")
[7.707s] -- Found FastRTPS: /opt/ros/humble/include
[20.580s] -- Using RMW implementation 'rmw_fastrtps_cpp' as default
[20.591s] -- Performing Test CMAKE_HAVE_LIBC_PTHREAD
[20.986s] -- Performing Test CMAKE_HAVE_LIBC_PTHREAD - Success
[20.988s] -- Found Threads: TRUE
[21.065s] -- Found geometry_msgs: 4.9.1 (/opt/ros/humble/share/geometry_msgs/cmake)
[21.082s] -- Found visualization_msgs: 4.9.1 (/opt/ros/humble/share/visualization_msgs/cmake)
[21.141s] -- Found tf2_ros: 0.25.20 (/opt/ros/humble/share/tf2_ros/cmake)
[21.270s] -- Found tf2_geometry_msgs: 0.25.20 (/opt/ros/humble/share/tf2_geometry_msgs/cmake)
[21.636s] -- Found eigen3_cmake_module: 0.1.1 (/opt/ros/humble/share/eigen3_cmake_module/cmake)
[21.636s] -- Found Eigen3: TRUE (found version "3.4.0")
[21.636s] -- Ensuring Eigen3 include directory is part of orocos-kdl CMake target
[21.638s] -- Found wuta_msgs: 1.0.0 (/home/g2909/WUTA1/WUTA-FSD/ros2_ws/install/wuta_msgs/share/wuta_msgs/cmake)
[21.729s] -- Configuring done (21.5s)
[21.749s] -- Generating done (0.0s)
[21.810s] -- Build files have been written to: /home/g2909/WUTA1/WUTA-FSD/ros2_ws/build/cone_map_builder
