[0.280s] Invoking command in '/home/g2909/WUTA1/WUTA-FSD/ros2_ws/build/boundary_detector': AMENT_PREFIX_PATH=/home/g2909/WUTA1/WUTA-FSD/ros2_ws/install/wuta_msgs:/home/g2909/WUTA1/WUTA-FSD/ros2_ws/install/autoware_msgs:${AMENT_PREFIX_PATH} CMAKE_PREFIX_PATH=/home/g2909/WUTA1/WUTA-FSD/ros2_ws/install/wuta_msgs:/home/g2909/WUTA1/WUTA-FSD/ros2_ws/install/autoware_msgs:/opt/ros/humble LD_LIBRARY_PATH=/home/g2909/WUTA1/WUTA-FSD/ros2_ws/install/wuta_msgs/lib:/home/g2909/WUTA1/WUTA-FSD/ros2_ws/install/autoware_msgs/lib:${LD_LIBRARY_PATH} PYTHONPATH=/home/g2909/WUTA1/WUTA-FSD/ros2_ws/install/wuta_msgs/local/lib/python3.10/dist-packages:/home/g2909/WUTA1/WUTA-FSD/ros2_ws/install/autoware_msgs/local/lib/python3.10/dist-packages:${PYTHONPATH} /home/g2909/.local/bin/cmake /home/g2909/WUTA1/WUTA-FSD/ros2_ws/src/planning/boundary_detector -DAMENT_CMAKE_SYMLINK_INSTALL=1 -DCMAKE_INSTALL_PREFIX=/home/g2909/WUTA1/WUTA-FSD/ros2_ws/install/boundary_detector
[0.324s] CMake Deprecation Warning at CMakeLists.txt:1 (cmake_minimum_required):
[0.324s]   Compatibility with CMake < 3.10 will be removed from a future version of
[0.324s]   CMake.
[0.324s] 
[0.324s]   Update the VERSION argument <min> value.  Or, use the <min>...<max> syntax
[0.324s]   to tell CMake that the project requires at least <min> but has been updated
[0.324s]   to work with policies introduced by <max> or earlier.
[0.324s] 
[0.324s] 
[0.512s] -- The C compiler identification is GNU 11.4.0
[1.238s] -- The CXX compiler identification is GNU 11.4.0
[1.733s] -- Detecting C compiler ABI info
[1.917s] -- Detecting C compiler ABI info - done
[1.926s] -- Check for working C compiler: /usr/bin/cc - skipped
[1.926s] -- Detecting C compile features
[1.926s] -- Detecting C compile features - done
[1.933s] -- Detecting CXX compiler ABI info
[2.160s] -- Detecting CXX compiler ABI info - done
[2.168s] -- Check for working CXX compiler: /usr/bin/c++ - skipped
[2.169s] -- Detecting CXX compile features
[2.169s] -- Detecting CXX compile features - done
[2.174s] -- Found ament_cmake: 1.3.14 (/opt/ros/humble/share/ament_cmake/cmake)
[2.251s] -- Found Python3: /usr/bin/python3 (found version "3.10.12") found components: Interpreter
[2.286s] -- Override CMake install command with custom implementation using symlinks instead of copying resources
[2.302s] -- Found rclcpp: 16.0.19 (/opt/ros/humble/share/rclcpp/cmake)
[2.529s] -- Found rosidl_generator_c: 3.1.9 (/opt/ros/humble/share/rosidl_generator_c/cmake)
[2.531s] -- Found rosidl_adapter: 3.1.9 (/opt/ros/humble/share/rosidl_adapter/cmake)
[2.537s] -- Found rosidl_generator_cpp: 3.1.9 (/opt/ros/humble/share/rosidl_generator_cpp/cmake)
[2.545s] -- Using all available rosidl_typesupport_c: rosidl_typesupport_fastrtps_c;rosidl_typesupport_introspection_c
[2.555s] -- Using all available rosidl_typesupport_cpp: rosidl_typesupport_fastrtps_cpp;rosidl_typesupport_introspection_cpp
[2.584s] -- Found rmw_implementation_cmake: 6.1.2 (/opt/ros/humble/share/rmw_implementation_cmake/cmake)
[2.586s] -- Found rmw_fastrtps_cpp: 6.2.10 (/opt/ros/humble/share/rmw_fastrtps_cpp/cmake)
[5.311s] -- Found OpenSSL: /usr/lib/x86_64-linux-gnu/libcrypto.so (found version "3.0.2")
[8.782s] -- Found FastRTPS: /opt/ros/humble/include
[14.956s] -- Using RMW implementation 'rmw_fastrtps_cpp' as default
[14.961s] -- Performing Test CMAKE_HAVE_LIBC_PTHREAD
[15.340s] -- Performing Test CMAKE_HAVE_LIBC_PTHREAD - Success
[15.341s] -- Found Threads: TRUE
[15.382s] -- Found geometry_msgs: 4.9.1 (/opt/ros/humble/share/geometry_msgs/cmake)
[15.392s] -- Found visualization_msgs: 4.9.1 (/opt/ros/humble/share/visualization_msgs/cmake)
[15.422s] -- Found wuta_msgs: 1.0.0 (/home/g2909/WUTA1/WUTA-FSD/ros2_ws/install/wuta_msgs/share/wuta_msgs/cmake)
[15.434s] -- Found autoware_msgs: 0.1.0 (/home/g2909/WUTA1/WUTA-FSD/ros2_ws/install/autoware_msgs/share/autoware_msgs/cmake)
[15.487s] -- Configuring done (15.2s)
[15.500s] -- Generating done (0.0s)
[15.519s] -- Build files have been written to: /home/g2909/WUTA1/WUTA-FSD/ros2_ws/build/boundary_detector
[15.528s] Invoked command in '/home/g2909/WUTA1/WUTA-FSD/ros2_ws/build/boundary_detector' returned '0': AMENT_PREFIX_PATH=/home/g2909/WUTA1/WUTA-FSD/ros2_ws/install/wuta_msgs:/home/g2909/WUTA1/WUTA-FSD/ros2_ws/install/autoware_msgs:${AMENT_PREFIX_PATH} CMAKE_PREFIX_PATH=/home/g2909/WUTA1/WUTA-FSD/ros2_ws/install/wuta_msgs:/home/g2909/WUTA1/WUTA-FSD/ros2_ws/install/autoware_msgs:/opt/ros/humble LD_LIBRARY_PATH=/home/g2909/WUTA1/WUTA-FSD/ros2_ws/install/wuta_msgs/lib:/home/g2909/WUTA1/WUTA-FSD/ros2_ws/install/autoware_msgs/lib:${LD_LIBRARY_PATH} PYTHONPATH=/home/g2909/WUTA1/WUTA-FSD/ros2_ws/install/wuta_msgs/local/lib/python3.10/dist-packages:/home/g2909/WUTA1/WUTA-FSD/ros2_ws/install/autoware_msgs/local/lib/python3.10/dist-packages:${PYTHONPATH} /home/g2909/.local/bin/cmake /home/g2909/WUTA1/WUTA-FSD/ros2_ws/src/planning/boundary_detector -DAMENT_CMAKE_SYMLINK_INSTALL=1 -DCMAKE_INSTALL_PREFIX=/home/g2909/WUTA1/WUTA-FSD/ros2_ws/install/boundary_detector
[15.529s] Invoking command in '/home/g2909/WUTA1/WUTA-FSD/ros2_ws/build/boundary_detector': AMENT_PREFIX_PATH=/home/g2909/WUTA1/WUTA-FSD/ros2_ws/install/wuta_msgs:/home/g2909/WUTA1/WUTA-FSD/ros2_ws/install/autoware_msgs:${AMENT_PREFIX_PATH} CMAKE_PREFIX_PATH=/home/g2909/WUTA1/WUTA-FSD/ros2_ws/install/wuta_msgs:/home/g2909/WUTA1/WUTA-FSD/ros2_ws/install/autoware_msgs:/opt/ros/humble LD_LIBRARY_PATH=/home/g2909/WUTA1/WUTA-FSD/ros2_ws/install/wuta_msgs/lib:/home/g2909/WUTA1/WUTA-FSD/ros2_ws/install/autoware_msgs/lib:${LD_LIBRARY_PATH} PYTHONPATH=/home/g2909/WUTA1/WUTA-FSD/ros2_ws/install/wuta_msgs/local/lib/python3.10/dist-packages:/home/g2909/WUTA1/WUTA-FSD/ros2_ws/install/autoware_msgs/local/lib/python3.10/dist-packages:${PYTHONPATH} /home/g2909/.local/bin/cmake --build /home/g2909/WUTA1/WUTA-FSD/ros2_ws/build/boundary_detector -- -j16 -l16
[15.594s] [ 18%] Building CXX object CMakeFiles/pathplanning.dir/thirdparty/pathplanning/src/Divide.cpp.o
[15.594s] [ 25%] Building CXX object CMakeFiles/pathplanning.dir/thirdparty/pathplanning/src/BowyerWatson.cpp.o
[15.594s] [ 25%] Building CXX object CMakeFiles/pathplanning.dir/thirdparty/pathplanning/src/DelaunayTriangle.cpp.o
[15.594s] [ 25%] Building CXX object CMakeFiles/pathplanning.dir/thirdparty/pathplanning/src/GlobalVariables.cpp.o
[15.594s] [ 31%] Building CXX object CMakeFiles/pathplanning.dir/thirdparty/pathplanning/src/Evaluation.cpp.o
[15.594s] [ 37%] Building CXX object CMakeFiles/pathplanning.dir/thirdparty/pathplanning/src/Point2d.cpp.o
[15.594s] [ 43%] Building CXX object CMakeFiles/pathplanning.dir/thirdparty/pathplanning/src/PathSearch.cpp.o
[15.594s] [ 56%] Building CXX object CMakeFiles/pathplanning.dir/thirdparty/pathplanning/src/Line.cpp.o
[15.594s] [ 56%] Building CXX object CMakeFiles/pathplanning.dir/thirdparty/pathplanning/src/MidPoint.cpp.o
[15.595s] [ 62%] Building CXX object CMakeFiles/pathplanning.dir/thirdparty/pathplanning/src/Path.cpp.o
[15.596s] [ 75%] Building CXX object CMakeFiles/pathplanning.dir/thirdparty/pathplanning/src/Triangle.cpp.o
[15.596s] [ 75%] Building CXX object CMakeFiles/pathplanning.dir/thirdparty/pathplanning/src/Tool.cpp.o
[15.596s] [ 81%] Building CXX object CMakeFiles/pathplanning.dir/thirdparty/pathplanning/src/Vect.cpp.o
[16.256s] [ 87%] Linking CXX static library libpathplanning.a
[16.281s] [ 87%] Built target pathplanning
[16.289s] [ 93%] Building CXX object CMakeFiles/boundary_detector_node.dir/src/boundary_detector_node.cpp.o
[25.712s] [100%] Linking CXX executable boundary_detector_node
[26.447s] [100%] Built target boundary_detector_node
[26.452s] Invoked command in '/home/g2909/WUTA1/WUTA-FSD/ros2_ws/build/boundary_detector' returned '0': AMENT_PREFIX_PATH=/home/g2909/WUTA1/WUTA-FSD/ros2_ws/install/wuta_msgs:/home/g2909/WUTA1/WUTA-FSD/ros2_ws/install/autoware_msgs:${AMENT_PREFIX_PATH} CMAKE_PREFIX_PATH=/home/g2909/WUTA1/WUTA-FSD/ros2_ws/install/wuta_msgs:/home/g2909/WUTA1/WUTA-FSD/ros2_ws/install/autoware_msgs:/opt/ros/humble LD_LIBRARY_PATH=/home/g2909/WUTA1/WUTA-FSD/ros2_ws/install/wuta_msgs/lib:/home/g2909/WUTA1/WUTA-FSD/ros2_ws/install/autoware_msgs/lib:${LD_LIBRARY_PATH} PYTHONPATH=/home/g2909/WUTA1/WUTA-FSD/ros2_ws/install/wuta_msgs/local/lib/python3.10/dist-packages:/home/g2909/WUTA1/WUTA-FSD/ros2_ws/install/autoware_msgs/local/lib/python3.10/dist-packages:${PYTHONPATH} /home/g2909/.local/bin/cmake --build /home/g2909/WUTA1/WUTA-FSD/ros2_ws/build/boundary_detector -- -j16 -l16
[26.453s] Invoking command in '/home/g2909/WUTA1/WUTA-FSD/ros2_ws/build/boundary_detector': AMENT_PREFIX_PATH=/home/g2909/WUTA1/WUTA-FSD/ros2_ws/install/wuta_msgs:/home/g2909/WUTA1/WUTA-FSD/ros2_ws/install/autoware_msgs:${AMENT_PREFIX_PATH} CMAKE_PREFIX_PATH=/home/g2909/WUTA1/WUTA-FSD/ros2_ws/install/wuta_msgs:/home/g2909/WUTA1/WUTA-FSD/ros2_ws/install/autoware_msgs:/opt/ros/humble LD_LIBRARY_PATH=/home/g2909/WUTA1/WUTA-FSD/ros2_ws/install/wuta_msgs/lib:/home/g2909/WUTA1/WUTA-FSD/ros2_ws/install/autoware_msgs/lib:${LD_LIBRARY_PATH} PYTHONPATH=/home/g2909/WUTA1/WUTA-FSD/ros2_ws/install/wuta_msgs/local/lib/python3.10/dist-packages:/home/g2909/WUTA1/WUTA-FSD/ros2_ws/install/autoware_msgs/local/lib/python3.10/dist-packages:${PYTHONPATH} /home/g2909/.local/bin/cmake --install /home/g2909/WUTA1/WUTA-FSD/ros2_ws/build/boundary_detector
[26.495s] -- Install configuration: ""
[26.496s] -- Execute custom install script
[26.496s] -- Symlinking: /home/g2909/WUTA1/WUTA-FSD/ros2_ws/install/boundary_detector/lib/boundary_detector/boundary_detector_node
[26.499s] -- Symlinking: /home/g2909/WUTA1/WUTA-FSD/ros2_ws/install/boundary_detector/share/boundary_detector/config/boundary_detector.yaml
[26.502s] -- Symlinking: /home/g2909/WUTA1/WUTA-FSD/ros2_ws/install/boundary_detector/share/ament_index/resource_index/package_run_dependencies/boundary_detector
[26.505s] -- Symlinking: /home/g2909/WUTA1/WUTA-FSD/ros2_ws/install/boundary_detector/share/ament_index/resource_index/parent_prefix_path/boundary_detector
[26.507s] -- Symlinking: /home/g2909/WUTA1/WUTA-FSD/ros2_ws/install/boundary_detector/share/boundary_detector/environment/ament_prefix_path.sh
[26.509s] -- Symlinking: /home/g2909/WUTA1/WUTA-FSD/ros2_ws/install/boundary_detector/share/boundary_detector/environment/ament_prefix_path.dsv
[26.512s] -- Symlinking: /home/g2909/WUTA1/WUTA-FSD/ros2_ws/install/boundary_detector/share/boundary_detector/environment/path.sh
[26.515s] -- Symlinking: /home/g2909/WUTA1/WUTA-FSD/ros2_ws/install/boundary_detector/share/boundary_detector/environment/path.dsv
[26.517s] -- Symlinking: /home/g2909/WUTA1/WUTA-FSD/ros2_ws/install/boundary_detector/share/boundary_detector/local_setup.bash
[26.520s] -- Symlinking: /home/g2909/WUTA1/WUTA-FSD/ros2_ws/install/boundary_detector/share/boundary_detector/local_setup.sh
[26.523s] -- Symlinking: /home/g2909/WUTA1/WUTA-FSD/ros2_ws/install/boundary_detector/share/boundary_detector/local_setup.zsh
[26.526s] -- Symlinking: /home/g2909/WUTA1/WUTA-FSD/ros2_ws/install/boundary_detector/share/boundary_detector/local_setup.dsv
[26.529s] -- Symlinking: /home/g2909/WUTA1/WUTA-FSD/ros2_ws/install/boundary_detector/share/boundary_detector/package.dsv
[26.533s] -- Symlinking: /home/g2909/WUTA1/WUTA-FSD/ros2_ws/install/boundary_detector/share/ament_index/resource_index/packages/boundary_detector
[26.536s] -- Symlinking: /home/g2909/WUTA1/WUTA-FSD/ros2_ws/install/boundary_detector/share/boundary_detector/cmake/boundary_detectorConfig.cmake
[26.538s] -- Symlinking: /home/g2909/WUTA1/WUTA-FSD/ros2_ws/install/boundary_detector/share/boundary_detector/cmake/boundary_detectorConfig-version.cmake
[26.541s] -- Symlinking: /home/g2909/WUTA1/WUTA-FSD/ros2_ws/install/boundary_detector/share/boundary_detector/package.xml
[26.545s] Invoked command in '/home/g2909/WUTA1/WUTA-FSD/ros2_ws/build/boundary_detector' returned '0': AMENT_PREFIX_PATH=/home/g2909/WUTA1/WUTA-FSD/ros2_ws/install/wuta_msgs:/home/g2909/WUTA1/WUTA-FSD/ros2_ws/install/autoware_msgs:${AMENT_PREFIX_PATH} CMAKE_PREFIX_PATH=/home/g2909/WUTA1/WUTA-FSD/ros2_ws/install/wuta_msgs:/home/g2909/WUTA1/WUTA-FSD/ros2_ws/install/autoware_msgs:/opt/ros/humble LD_LIBRARY_PATH=/home/g2909/WUTA1/WUTA-FSD/ros2_ws/install/wuta_msgs/lib:/home/g2909/WUTA1/WUTA-FSD/ros2_ws/install/autoware_msgs/lib:${LD_LIBRARY_PATH} PYTHONPATH=/home/g2909/WUTA1/WUTA-FSD/ros2_ws/install/wuta_msgs/local/lib/python3.10/dist-packages:/home/g2909/WUTA1/WUTA-FSD/ros2_ws/install/autoware_msgs/local/lib/python3.10/dist-packages:${PYTHONPATH} /home/g2909/.local/bin/cmake --install /home/g2909/WUTA1/WUTA-FSD/ros2_ws/build/boundary_detector
