[0.018s] Invoking command in '/home/starry1n/WUTA-FSD1/ros2_ws/build/autoware_msgs': CMAKE_PREFIX_PATH=/opt/ros/humble /usr/bin/cmake /home/starry1n/WUTA-FSD1/ros2_ws/src/common/autoware_msgs -DCMAKE_MODULE_PATH=/home/starry1n/WUTA-FSD1/ros2_ws/cmake -DAMENT_CMAKE_SYMLINK_INSTALL=1 -DCMAKE_INSTALL_PREFIX=/home/starry1n/WUTA-FSD1/ros2_ws/install/autoware_msgs
[0.032s] [0mCMake Deprecation Warning at CMakeLists.txt:1 (cmake_minimum_required):
[0.032s]   Compatibility with CMake < 3.10 will be removed from a future version of
[0.032s]   CMake.
[0.032s] 
[0.032s]   Update the VERSION argument <min> value.  Or, use the <min>...<max> syntax
[0.032s]   to tell CMake that the project requires at least <min> but has been updated
[0.032s]   to work with policies introduced by <max> or earlier.
[0.032s] 
[0.032s] [0m
[0.091s] -- The C compiler identification is GNU 11.4.0
[0.178s] -- The CXX compiler identification is GNU 11.4.0
[0.189s] -- Detecting C compiler ABI info
[0.301s] -- Detecting C compiler ABI info - done
[0.318s] -- Check for working C compiler: /usr/bin/cc - skipped
[0.319s] -- Detecting C compile features
[0.319s] -- Detecting C compile features - done
[0.338s] -- Detecting CXX compiler ABI info
[0.480s] -- Detecting CXX compiler ABI info - done
[0.501s] -- Check for working CXX compiler: /usr/bin/c++ - skipped
[0.501s] -- Detecting CXX compile features
[0.502s] -- Detecting CXX compile features - done
[0.515s] -- Found ament_cmake: 1.3.14 (/opt/ros/humble/share/ament_cmake/cmake)
[0.684s] -- Found Python3: /usr/bin/python3 (found version "3.10.12") found components: Interpreter
[0.763s] -- Override CMake install command with custom implementation using symlinks instead of copying resources
[0.788s] -- Found rosidl_default_generators: 1.2.1 (/opt/ros/humble/share/rosidl_default_generators/cmake)
[0.790s] -- Using all available rosidl_typesupport_c: rosidl_typesupport_fastrtps_c;rosidl_typesupport_introspection_c
[0.796s] -- Found rosidl_adapter: 3.1.9 (/opt/ros/humble/share/rosidl_adapter/cmake)
[0.834s] -- Using all available rosidl_typesupport_cpp: rosidl_typesupport_fastrtps_cpp;rosidl_typesupport_introspection_cpp
[0.876s] -- Found std_msgs: 4.9.1 (/opt/ros/humble/share/std_msgs/cmake)
[0.913s] -- Found geometry_msgs: 4.9.1 (/opt/ros/humble/share/geometry_msgs/cmake)
[1.444s] -- Found ament_cmake_ros: 0.10.0 (/opt/ros/humble/share/ament_cmake_ros/cmake)
[2.042s] -- Using all available rosidl_typesupport_c: rosidl_typesupport_fastrtps_c;rosidl_typesupport_introspection_c
[2.837s] -- Using all available rosidl_typesupport_cpp: rosidl_typesupport_fastrtps_cpp;rosidl_typesupport_introspection_cpp
[2.840s] [33mCMake Warning (dev) at /opt/ros/humble/share/rosidl_generator_py/cmake/rosidl_generator_py_generate_interfaces.cmake:20 (find_package):
[2.840s]   Policy CMP0148 is not set: The FindPythonInterp and FindPythonLibs modules
[2.840s]   are removed.  Run "cmake --help-policy CMP0148" for policy details.  Use
[2.840s]   the cmake_policy command to set the policy and suppress this warning.
[2.840s] 
[2.840s] Call Stack (most recent call first):
[2.840s]   /opt/ros/humble/share/ament_cmake_core/cmake/core/ament_execute_extensions.cmake:48 (include)
[2.840s]   /opt/ros/humble/share/rosidl_cmake/cmake/rosidl_generate_interfaces.cmake:286 (ament_execute_extensions)
[2.840s]   CMakeLists.txt:13 (rosidl_generate_interfaces)
[2.840s] This warning is for project developers.  Use -Wno-dev to suppress it.
[2.840s] [0m
[2.867s] -- Found PythonInterp: /usr/bin/python3 (found suitable version "3.10.12", minimum required is "3.6")
[2.868s] -- Found python_cmake_module: 0.10.0 (/opt/ros/humble/share/python_cmake_module/cmake)
[2.869s] [33mCMake Warning (dev) at /opt/ros/humble/share/python_cmake_module/cmake/Modules/FindPythonExtra.cmake:52 (find_package):
[2.869s]   Policy CMP0148 is not set: The FindPythonInterp and FindPythonLibs modules
[2.869s]   are removed.  Run "cmake --help-policy CMP0148" for policy details.  Use
[2.869s]   the cmake_policy command to set the policy and suppress this warning.
[2.869s] 
[2.869s] Call Stack (most recent call first):
[2.869s]   /opt/ros/humble/share/rosidl_generator_py/cmake/rosidl_generator_py_generate_interfaces.cmake:23 (find_package)
[2.869s]   /opt/ros/humble/share/ament_cmake_core/cmake/core/ament_execute_extensions.cmake:48 (include)
[2.869s]   /opt/ros/humble/share/rosidl_cmake/cmake/rosidl_generate_interfaces.cmake:286 (ament_execute_extensions)
[2.869s]   CMakeLists.txt:13 (rosidl_generate_interfaces)
[2.869s] This warning is for project developers.  Use -Wno-dev to suppress it.
[2.869s] [0m
[2.894s] [33mCMake Warning (dev) at /opt/ros/humble/share/python_cmake_module/cmake/Modules/FindPythonExtra.cmake:140 (find_package):
[2.895s]   Policy CMP0148 is not set: The FindPythonInterp and FindPythonLibs modules
[2.895s]   are removed.  Run "cmake --help-policy CMP0148" for policy details.  Use
[2.895s]   the cmake_policy command to set the policy and suppress this warning.
[2.895s] 
[2.895s] Call Stack (most recent call first):
[2.895s]   /opt/ros/humble/share/rosidl_generator_py/cmake/rosidl_generator_py_generate_interfaces.cmake:23 (find_package)
[2.895s]   /opt/ros/humble/share/ament_cmake_core/cmake/core/ament_execute_extensions.cmake:48 (include)
[2.895s]   /opt/ros/humble/share/rosidl_cmake/cmake/rosidl_generate_interfaces.cmake:286 (ament_execute_extensions)
[2.895s]   CMakeLists.txt:13 (rosidl_generate_interfaces)
[2.895s] This warning is for project developers.  Use -Wno-dev to suppress it.
[2.895s] [0m
[2.907s] -- Found PythonLibs: /usr/lib/x86_64-linux-gnu/libpython3.10.so (found suitable version "3.10.12", minimum required is "3.5")
[2.907s] -- Using PYTHON_EXECUTABLE: /usr/bin/python3
[2.908s] -- Using PYTHON_INCLUDE_DIRS: /usr/include/python3.10
[2.908s] -- Using PYTHON_LIBRARIES: /usr/lib/x86_64-linux-gnu/libpython3.10.so
[2.942s] -- Found PythonExtra: .so
[3.236s] -- Configuring done (3.2s)
[3.291s] -- Generating done (0.1s)
[3.316s] -- Build files have been written to: /home/starry1n/WUTA-FSD1/ros2_ws/build/autoware_msgs
[3.336s] Invoked command in '/home/starry1n/WUTA-FSD1/ros2_ws/build/autoware_msgs' returned '0': CMAKE_PREFIX_PATH=/opt/ros/humble /usr/bin/cmake /home/starry1n/WUTA-FSD1/ros2_ws/src/common/autoware_msgs -DCMAKE_MODULE_PATH=/home/starry1n/WUTA-FSD1/ros2_ws/cmake -DAMENT_CMAKE_SYMLINK_INSTALL=1 -DCMAKE_INSTALL_PREFIX=/home/starry1n/WUTA-FSD1/ros2_ws/install/autoware_msgs
[3.338s] Invoking command in '/home/starry1n/WUTA-FSD1/ros2_ws/build/autoware_msgs': CMAKE_PREFIX_PATH=/opt/ros/humble /usr/bin/cmake --build /home/starry1n/WUTA-FSD1/ros2_ws/build/autoware_msgs -- -j8 -l8
[3.388s] [  2%] [1m[34mGenerating C code for ROS interfaces[0m
[3.402s] [  4%] [1m[34mGenerating Rust code for ROS interfaces[0m
[3.409s] [  6%] [1m[34mGenerating C++ code for ROS interfaces[0m
[3.421s] [  6%] Built target ament_cmake_python_symlink_autoware_msgs
[3.851s] [  6%] Built target autoware_msgs__rs
[3.864s] running egg_info
[3.865s] creating autoware_msgs.egg-info
[3.865s] writing autoware_msgs.egg-info/PKG-INFO
[3.866s] writing dependency_links to autoware_msgs.egg-info/dependency_links.txt
[3.866s] writing top-level names to autoware_msgs.egg-info/top_level.txt
[3.868s] writing manifest file 'autoware_msgs.egg-info/SOURCES.txt'
[3.868s] reading manifest file 'autoware_msgs.egg-info/SOURCES.txt'
[3.868s] writing manifest file 'autoware_msgs.egg-info/SOURCES.txt'
[3.947s] [  8%] [32mBuilding C object CMakeFiles/autoware_msgs__rosidl_generator_c.dir/rosidl_generator_c/autoware_msgs/msg/detail/waypoint__functions.c.o[0m
[3.950s] [  8%] Built target ament_cmake_python_build_autoware_msgs_egg
[3.950s] [ 10%] [32mBuilding C object CMakeFiles/autoware_msgs__rosidl_generator_c.dir/rosidl_generator_c/autoware_msgs/msg/detail/command__functions.c.o[0m
[3.961s] [ 12%] [32mBuilding C object CMakeFiles/autoware_msgs__rosidl_generator_c.dir/rosidl_generator_c/autoware_msgs/msg/detail/lane__functions.c.o[0m
[3.964s] [ 12%] Built target autoware_msgs__cpp
[3.998s] [ 14%] [1m[34mGenerating C++ type support for eProsima Fast-RTPS[0m
[4.003s] [ 16%] [1m[34mGenerating C++ introspection for ROS interfaces[0m
[4.004s] [ 18%] [1m[34mGenerating C++ type support dispatch for ROS interfaces[0m
[4.058s] [ 20%] [1m[32mLinking C shared library libautoware_msgs__rosidl_generator_c.so[0m
[4.124s] [ 20%] Built target autoware_msgs__rosidl_generator_c
[4.163s] [ 25%] [1m[34mGenerating C type support dispatch for ROS interfaces[0m
[4.163s] [ 25%] [1m[34mGenerating C type support for eProsima Fast-RTPS[0m
[4.174s] [ 27%] [1m[34mGenerating C introspection for ROS interfaces[0m
[4.381s] [ 31%] [32mBuilding CXX object CMakeFiles/autoware_msgs__rosidl_typesupport_cpp.dir/rosidl_typesupport_cpp/autoware_msgs/msg/lane__type_support.cpp.o[0m
[4.381s] [ 31%] [32mBuilding CXX object CMakeFiles/autoware_msgs__rosidl_typesupport_cpp.dir/rosidl_typesupport_cpp/autoware_msgs/msg/command__type_support.cpp.o[0m
[4.398s] [ 33%] [32mBuilding CXX object CMakeFiles/autoware_msgs__rosidl_typesupport_cpp.dir/rosidl_typesupport_cpp/autoware_msgs/msg/waypoint__type_support.cpp.o[0m
[4.447s] [ 35%] [32mBuilding CXX object CMakeFiles/autoware_msgs__rosidl_typesupport_fastrtps_cpp.dir/rosidl_typesupport_fastrtps_cpp/autoware_msgs/msg/detail/dds_fastrtps/waypoint__type_support.cpp.o[0m
[4.617s] [ 37%] [32mBuilding CXX object CMakeFiles/autoware_msgs__rosidl_typesupport_introspection_cpp.dir/rosidl_typesupport_introspection_cpp/autoware_msgs/msg/detail/waypoint__type_support.cpp.o[0m
[4.623s] [ 39%] [32mBuilding CXX object CMakeFiles/autoware_msgs__rosidl_typesupport_c.dir/rosidl_typesupport_c/autoware_msgs/msg/waypoint__type_support.cpp.o[0m
[4.745s] [ 41%] [32mBuilding CXX object CMakeFiles/autoware_msgs__rosidl_typesupport_c.dir/rosidl_typesupport_c/autoware_msgs/msg/lane__type_support.cpp.o[0m
[4.858s] [ 43%] [32mBuilding CXX object CMakeFiles/autoware_msgs__rosidl_typesupport_c.dir/rosidl_typesupport_c/autoware_msgs/msg/command__type_support.cpp.o[0m
[4.876s] [ 45%] [32mBuilding C object CMakeFiles/autoware_msgs__rosidl_typesupport_introspection_c.dir/rosidl_typesupport_introspection_c/autoware_msgs/msg/detail/waypoint__type_support.c.o[0m
[4.880s] [ 47%] [32mBuilding CXX object CMakeFiles/autoware_msgs__rosidl_typesupport_fastrtps_c.dir/rosidl_typesupport_fastrtps_c/autoware_msgs/msg/detail/waypoint__type_support_c.cpp.o[0m
[4.909s] [ 50%] [32mBuilding CXX object CMakeFiles/autoware_msgs__rosidl_typesupport_introspection_cpp.dir/rosidl_typesupport_introspection_cpp/autoware_msgs/msg/detail/lane__type_support.cpp.o[0m
[4.963s] [ 52%] [1m[32mLinking CXX shared library libautoware_msgs__rosidl_typesupport_c.so[0m
[4.975s] [ 54%] [32mBuilding C object CMakeFiles/autoware_msgs__rosidl_typesupport_introspection_c.dir/rosidl_typesupport_introspection_c/autoware_msgs/msg/detail/lane__type_support.c.o[0m
[5.029s] [ 56%] [32mBuilding CXX object CMakeFiles/autoware_msgs__rosidl_typesupport_fastrtps_cpp.dir/rosidl_typesupport_fastrtps_cpp/autoware_msgs/msg/detail/dds_fastrtps/lane__type_support.cpp.o[0m
[5.079s] [ 58%] [32mBuilding C object CMakeFiles/autoware_msgs__rosidl_typesupport_introspection_c.dir/rosidl_typesupport_introspection_c/autoware_msgs/msg/detail/command__type_support.c.o[0m
[5.111s] [ 58%] Built target autoware_msgs__rosidl_typesupport_c
[5.120s] [ 60%] [32mBuilding CXX object CMakeFiles/autoware_msgs__rosidl_typesupport_fastrtps_cpp.dir/rosidl_typesupport_fastrtps_cpp/autoware_msgs/msg/detail/dds_fastrtps/command__type_support.cpp.o[0m
[5.141s] [ 62%] [32mBuilding CXX object CMakeFiles/autoware_msgs__rosidl_typesupport_fastrtps_c.dir/rosidl_typesupport_fastrtps_c/autoware_msgs/msg/detail/lane__type_support_c.cpp.o[0m
[5.180s] [ 64%] [1m[32mLinking CXX shared library libautoware_msgs__rosidl_typesupport_cpp.so[0m
[5.185s] [ 66%] [1m[32mLinking C shared library libautoware_msgs__rosidl_typesupport_introspection_c.so[0m
[5.254s] [ 66%] Built target autoware_msgs__rosidl_typesupport_introspection_c
[5.267s] [ 68%] [32mBuilding CXX object CMakeFiles/autoware_msgs__rosidl_typesupport_introspection_cpp.dir/rosidl_typesupport_introspection_cpp/autoware_msgs/msg/detail/command__type_support.cpp.o[0m
[5.320s] [ 68%] Built target autoware_msgs__rosidl_typesupport_cpp
[5.332s] [ 70%] [32mBuilding CXX object CMakeFiles/autoware_msgs__rosidl_typesupport_fastrtps_c.dir/rosidl_typesupport_fastrtps_c/autoware_msgs/msg/detail/command__type_support_c.cpp.o[0m
[6.271s] [ 72%] [1m[32mLinking CXX shared library libautoware_msgs__rosidl_typesupport_introspection_cpp.so[0m
[6.389s] [ 75%] [1m[32mLinking CXX shared library libautoware_msgs__rosidl_typesupport_fastrtps_c.so[0m
[6.478s] [ 75%] Built target autoware_msgs__rosidl_typesupport_introspection_cpp
[6.484s] [ 77%] [1m[32mLinking CXX shared library libautoware_msgs__rosidl_typesupport_fastrtps_cpp.so[0m
[6.633s] [ 77%] Built target autoware_msgs__rosidl_typesupport_fastrtps_c
[6.737s] [ 77%] Built target autoware_msgs__rosidl_typesupport_fastrtps_cpp
[6.811s] [ 77%] Built target autoware_msgs
[6.886s] [ 79%] [1m[34mGenerating Python code for ROS interfaces[0m
[7.756s] [ 79%] Built target autoware_msgs__py
[7.833s] [ 81%] [32mBuilding C object CMakeFiles/autoware_msgs__rosidl_generator_py.dir/rosidl_generator_py/autoware_msgs/msg/_lane_s.c.o[0m
[7.843s] [ 83%] [32mBuilding C object CMakeFiles/autoware_msgs__rosidl_generator_py.dir/rosidl_generator_py/autoware_msgs/msg/_waypoint_s.c.o[0m
[7.853s] [ 85%] [32mBuilding C object CMakeFiles/autoware_msgs__rosidl_generator_py.dir/rosidl_generator_py/autoware_msgs/msg/_command_s.c.o[0m
[8.122s] [ 87%] [1m[32mLinking C shared library rosidl_generator_py/autoware_msgs/libautoware_msgs__rosidl_generator_py.so[0m
[8.199s] [ 87%] Built target autoware_msgs__rosidl_generator_py
[8.261s] [ 89%] [32mBuilding C object CMakeFiles/autoware_msgs__rosidl_typesupport_introspection_c__pyext.dir/rosidl_generator_py/autoware_msgs/_autoware_msgs_s.ep.rosidl_typesupport_introspection_c.c.o[0m
[8.266s] [ 91%] [32mBuilding C object CMakeFiles/autoware_msgs__rosidl_typesupport_fastrtps_c__pyext.dir/rosidl_generator_py/autoware_msgs/_autoware_msgs_s.ep.rosidl_typesupport_fastrtps_c.c.o[0m
[8.299s] [ 93%] [32mBuilding C object CMakeFiles/autoware_msgs__rosidl_typesupport_c__pyext.dir/rosidl_generator_py/autoware_msgs/_autoware_msgs_s.ep.rosidl_typesupport_c.c.o[0m
[8.434s] [ 95%] [1m[32mLinking C shared library rosidl_generator_py/autoware_msgs/autoware_msgs_s__rosidl_typesupport_introspection_c.cpython-310-x86_64-linux-gnu.so[0m
[8.479s] [ 97%] [1m[32mLinking C shared library rosidl_generator_py/autoware_msgs/autoware_msgs_s__rosidl_typesupport_c.cpython-310-x86_64-linux-gnu.so[0m
[8.602s] [ 97%] Built target autoware_msgs__rosidl_typesupport_introspection_c__pyext
[8.632s] [100%] [1m[32mLinking C shared library rosidl_generator_py/autoware_msgs/autoware_msgs_s__rosidl_typesupport_fastrtps_c.cpython-310-x86_64-linux-gnu.so[0m
[8.657s] [100%] Built target autoware_msgs__rosidl_typesupport_c__pyext
[8.763s] [100%] Built target autoware_msgs__rosidl_typesupport_fastrtps_c__pyext
[8.810s] Invoked command in '/home/starry1n/WUTA-FSD1/ros2_ws/build/autoware_msgs' returned '0': CMAKE_PREFIX_PATH=/opt/ros/humble /usr/bin/cmake --build /home/starry1n/WUTA-FSD1/ros2_ws/build/autoware_msgs -- -j8 -l8
[8.829s] Invoking command in '/home/starry1n/WUTA-FSD1/ros2_ws/build/autoware_msgs': CMAKE_PREFIX_PATH=/opt/ros/humble /usr/bin/cmake --install /home/starry1n/WUTA-FSD1/ros2_ws/build/autoware_msgs
[8.842s] -- Install configuration: ""
[8.843s] -- Execute custom install script
[8.844s] -- Symlinking: /home/starry1n/WUTA-FSD1/ros2_ws/install/autoware_msgs/share/ament_index/resource_index/rosidl_interfaces/autoware_msgs
[8.861s] -- Symlinking: /home/starry1n/WUTA-FSD1/ros2_ws/install/autoware_msgs/include/autoware_msgs/autoware_msgs/msg/command.h
[8.877s] -- Symlinking: /home/starry1n/WUTA-FSD1/ros2_ws/install/autoware_msgs/include/autoware_msgs/autoware_msgs/msg/detail/command__functions.h
[8.891s] -- Symlinking: /home/starry1n/WUTA-FSD1/ros2_ws/install/autoware_msgs/include/autoware_msgs/autoware_msgs/msg/detail/command__struct.h
[8.902s] -- Symlinking: /home/starry1n/WUTA-FSD1/ros2_ws/install/autoware_msgs/include/autoware_msgs/autoware_msgs/msg/detail/command__type_support.h
[8.912s] -- Symlinking: /home/starry1n/WUTA-FSD1/ros2_ws/install/autoware_msgs/include/autoware_msgs/autoware_msgs/msg/detail/lane__functions.h
[8.931s] -- Symlinking: /home/starry1n/WUTA-FSD1/ros2_ws/install/autoware_msgs/include/autoware_msgs/autoware_msgs/msg/detail/lane__struct.h
[8.953s] -- Symlinking: /home/starry1n/WUTA-FSD1/ros2_ws/install/autoware_msgs/include/autoware_msgs/autoware_msgs/msg/detail/lane__type_support.h
[8.972s] -- Symlinking: /home/starry1n/WUTA-FSD1/ros2_ws/install/autoware_msgs/include/autoware_msgs/autoware_msgs/msg/detail/waypoint__functions.h
[8.979s] -- Symlinking: /home/starry1n/WUTA-FSD1/ros2_ws/install/autoware_msgs/include/autoware_msgs/autoware_msgs/msg/detail/waypoint__struct.h
[8.986s] -- Symlinking: /home/starry1n/WUTA-FSD1/ros2_ws/install/autoware_msgs/include/autoware_msgs/autoware_msgs/msg/detail/waypoint__type_support.h
[9.009s] -- Symlinking: /home/starry1n/WUTA-FSD1/ros2_ws/install/autoware_msgs/include/autoware_msgs/autoware_msgs/msg/lane.h
[9.020s] -- Symlinking: /home/starry1n/WUTA-FSD1/ros2_ws/install/autoware_msgs/include/autoware_msgs/autoware_msgs/msg/rosidl_generator_c__visibility_control.h
[9.028s] -- Symlinking: /home/starry1n/WUTA-FSD1/ros2_ws/install/autoware_msgs/include/autoware_msgs/autoware_msgs/msg/waypoint.h
[9.036s] -- Symlinking: /home/starry1n/WUTA-FSD1/ros2_ws/install/autoware_msgs/share/autoware_msgs/environment/library_path.sh
[9.047s] -- Symlinking: /home/starry1n/WUTA-FSD1/ros2_ws/install/autoware_msgs/share/autoware_msgs/environment/library_path.dsv
[9.058s] -- Symlinking: /home/starry1n/WUTA-FSD1/ros2_ws/install/autoware_msgs/include/autoware_msgs/autoware_msgs/msg/detail/command__rosidl_typesupport_fastrtps_c.h
[9.088s] -- Symlinking: /home/starry1n/WUTA-FSD1/ros2_ws/install/autoware_msgs/include/autoware_msgs/autoware_msgs/msg/detail/lane__rosidl_typesupport_fastrtps_c.h
[9.119s] -- Symlinking: /home/starry1n/WUTA-FSD1/ros2_ws/install/autoware_msgs/include/autoware_msgs/autoware_msgs/msg/detail/waypoint__rosidl_typesupport_fastrtps_c.h
[9.141s] -- Symlinking: /home/starry1n/WUTA-FSD1/ros2_ws/install/autoware_msgs/include/autoware_msgs/autoware_msgs/msg/rosidl_typesupport_fastrtps_c__visibility_control.h
[9.163s] -- Symlinking: /home/starry1n/WUTA-FSD1/ros2_ws/install/autoware_msgs/include/autoware_msgs/autoware_msgs/msg/detail/command__rosidl_typesupport_introspection_c.h
[9.194s] -- Symlinking: /home/starry1n/WUTA-FSD1/ros2_ws/install/autoware_msgs/include/autoware_msgs/autoware_msgs/msg/detail/lane__rosidl_typesupport_introspection_c.h
[9.219s] -- Symlinking: /home/starry1n/WUTA-FSD1/ros2_ws/install/autoware_msgs/include/autoware_msgs/autoware_msgs/msg/detail/waypoint__rosidl_typesupport_introspection_c.h
[9.232s] -- Symlinking: /home/starry1n/WUTA-FSD1/ros2_ws/install/autoware_msgs/include/autoware_msgs/autoware_msgs/msg/rosidl_typesupport_introspection_c__visibility_control.h
[9.248s] -- Symlinking: /home/starry1n/WUTA-FSD1/ros2_ws/install/autoware_msgs/include/autoware_msgs/autoware_msgs/msg/command.hpp
[9.255s] -- Symlinking: /home/starry1n/WUTA-FSD1/ros2_ws/install/autoware_msgs/include/autoware_msgs/autoware_msgs/msg/detail/command__builder.hpp
[9.270s] -- Symlinking: /home/starry1n/WUTA-FSD1/ros2_ws/install/autoware_msgs/include/autoware_msgs/autoware_msgs/msg/detail/command__struct.hpp
[9.284s] -- Symlinking: /home/starry1n/WUTA-FSD1/ros2_ws/install/autoware_msgs/include/autoware_msgs/autoware_msgs/msg/detail/command__traits.hpp
[9.293s] -- Symlinking: /home/starry1n/WUTA-FSD1/ros2_ws/install/autoware_msgs/include/autoware_msgs/autoware_msgs/msg/detail/command__type_support.hpp
[9.310s] -- Symlinking: /home/starry1n/WUTA-FSD1/ros2_ws/install/autoware_msgs/include/autoware_msgs/autoware_msgs/msg/detail/lane__builder.hpp
[9.326s] -- Symlinking: /home/starry1n/WUTA-FSD1/ros2_ws/install/autoware_msgs/include/autoware_msgs/autoware_msgs/msg/detail/lane__struct.hpp
[9.341s] -- Symlinking: /home/starry1n/WUTA-FSD1/ros2_ws/install/autoware_msgs/include/autoware_msgs/autoware_msgs/msg/detail/lane__traits.hpp
[9.349s] -- Symlinking: /home/starry1n/WUTA-FSD1/ros2_ws/install/autoware_msgs/include/autoware_msgs/autoware_msgs/msg/detail/lane__type_support.hpp
[9.364s] -- Symlinking: /home/starry1n/WUTA-FSD1/ros2_ws/install/autoware_msgs/include/autoware_msgs/autoware_msgs/msg/detail/waypoint__builder.hpp
[9.394s] -- Symlinking: /home/starry1n/WUTA-FSD1/ros2_ws/install/autoware_msgs/include/autoware_msgs/autoware_msgs/msg/detail/waypoint__struct.hpp
[9.414s] -- Symlinking: /home/starry1n/WUTA-FSD1/ros2_ws/install/autoware_msgs/include/autoware_msgs/autoware_msgs/msg/detail/waypoint__traits.hpp
[9.432s] -- Symlinking: /home/starry1n/WUTA-FSD1/ros2_ws/install/autoware_msgs/include/autoware_msgs/autoware_msgs/msg/detail/waypoint__type_support.hpp
[9.455s] -- Symlinking: /home/starry1n/WUTA-FSD1/ros2_ws/install/autoware_msgs/include/autoware_msgs/autoware_msgs/msg/lane.hpp
[9.489s] -- Symlinking: /home/starry1n/WUTA-FSD1/ros2_ws/install/autoware_msgs/include/autoware_msgs/autoware_msgs/msg/rosidl_generator_cpp__visibility_control.hpp
[9.522s] -- Symlinking: /home/starry1n/WUTA-FSD1/ros2_ws/install/autoware_msgs/include/autoware_msgs/autoware_msgs/msg/waypoint.hpp
[9.549s] -- Symlinking: /home/starry1n/WUTA-FSD1/ros2_ws/install/autoware_msgs/include/autoware_msgs/autoware_msgs/msg/detail/command__rosidl_typesupport_fastrtps_cpp.hpp
[9.578s] -- Symlinking: /home/starry1n/WUTA-FSD1/ros2_ws/install/autoware_msgs/include/autoware_msgs/autoware_msgs/msg/detail/lane__rosidl_typesupport_fastrtps_cpp.hpp
[9.593s] -- Symlinking: /home/starry1n/WUTA-FSD1/ros2_ws/install/autoware_msgs/include/autoware_msgs/autoware_msgs/msg/detail/waypoint__rosidl_typesupport_fastrtps_cpp.hpp
[9.612s] -- Symlinking: /home/starry1n/WUTA-FSD1/ros2_ws/install/autoware_msgs/include/autoware_msgs/autoware_msgs/msg/rosidl_typesupport_fastrtps_cpp__visibility_control.h
[9.636s] -- Symlinking: /home/starry1n/WUTA-FSD1/ros2_ws/install/autoware_msgs/include/autoware_msgs/autoware_msgs/msg/detail/command__rosidl_typesupport_introspection_cpp.hpp
[9.661s] -- Symlinking: /home/starry1n/WUTA-FSD1/ros2_ws/install/autoware_msgs/include/autoware_msgs/autoware_msgs/msg/detail/lane__rosidl_typesupport_introspection_cpp.hpp
[9.681s] -- Symlinking: /home/starry1n/WUTA-FSD1/ros2_ws/install/autoware_msgs/include/autoware_msgs/autoware_msgs/msg/detail/waypoint__rosidl_typesupport_introspection_cpp.hpp
[9.696s] -- Symlinking: /home/starry1n/WUTA-FSD1/ros2_ws/install/autoware_msgs/share/autoware_msgs/environment/pythonpath.sh
[9.713s] -- Symlinking: /home/starry1n/WUTA-FSD1/ros2_ws/install/autoware_msgs/share/autoware_msgs/environment/pythonpath.dsv
[9.737s] -- Symlinking: /home/starry1n/WUTA-FSD1/ros2_ws/install/autoware_msgs/local/lib/python3.10/dist-packages/autoware_msgs-0.1.0-py3.10.egg-info/PKG-INFO
[9.751s] -- Symlinking: /home/starry1n/WUTA-FSD1/ros2_ws/install/autoware_msgs/local/lib/python3.10/dist-packages/autoware_msgs-0.1.0-py3.10.egg-info/SOURCES.txt
[9.769s] -- Symlinking: /home/starry1n/WUTA-FSD1/ros2_ws/install/autoware_msgs/local/lib/python3.10/dist-packages/autoware_msgs-0.1.0-py3.10.egg-info/dependency_links.txt
[9.786s] -- Symlinking: /home/starry1n/WUTA-FSD1/ros2_ws/install/autoware_msgs/local/lib/python3.10/dist-packages/autoware_msgs-0.1.0-py3.10.egg-info/top_level.txt
[9.804s] -- Symlinking: /home/starry1n/WUTA-FSD1/ros2_ws/install/autoware_msgs/local/lib/python3.10/dist-packages/autoware_msgs/__init__.py
[9.832s] -- Symlinking: /home/starry1n/WUTA-FSD1/ros2_ws/install/autoware_msgs/local/lib/python3.10/dist-packages/autoware_msgs/_autoware_msgs_s.ep.rosidl_typesupport_c.c
[9.861s] -- Symlinking: /home/starry1n/WUTA-FSD1/ros2_ws/install/autoware_msgs/local/lib/python3.10/dist-packages/autoware_msgs/_autoware_msgs_s.ep.rosidl_typesupport_fastrtps_c.c
[9.877s] -- Symlinking: /home/starry1n/WUTA-FSD1/ros2_ws/install/autoware_msgs/local/lib/python3.10/dist-packages/autoware_msgs/_autoware_msgs_s.ep.rosidl_typesupport_introspection_c.c
[9.885s] -- Symlinking: /home/starry1n/WUTA-FSD1/ros2_ws/install/autoware_msgs/local/lib/python3.10/dist-packages/autoware_msgs/autoware_msgs_s__rosidl_typesupport_c.cpython-310-x86_64-linux-gnu.so
[9.898s] -- Symlinking: /home/starry1n/WUTA-FSD1/ros2_ws/install/autoware_msgs/local/lib/python3.10/dist-packages/autoware_msgs/autoware_msgs_s__rosidl_typesupport_fastrtps_c.cpython-310-x86_64-linux-gnu.so
[9.907s] -- Symlinking: /home/starry1n/WUTA-FSD1/ros2_ws/install/autoware_msgs/local/lib/python3.10/dist-packages/autoware_msgs/autoware_msgs_s__rosidl_typesupport_introspection_c.cpython-310-x86_64-linux-gnu.so
[9.917s] -- Symlinking: /home/starry1n/WUTA-FSD1/ros2_ws/install/autoware_msgs/local/lib/python3.10/dist-packages/autoware_msgs/libautoware_msgs__rosidl_generator_py.so
[9.930s] -- Symlinking: /home/starry1n/WUTA-FSD1/ros2_ws/install/autoware_msgs/local/lib/python3.10/dist-packages/autoware_msgs/msg/__init__.py
[9.944s] -- Symlinking: /home/starry1n/WUTA-FSD1/ros2_ws/install/autoware_msgs/local/lib/python3.10/dist-packages/autoware_msgs/msg/_command.py
[9.970s] -- Symlinking: /home/starry1n/WUTA-FSD1/ros2_ws/install/autoware_msgs/local/lib/python3.10/dist-packages/autoware_msgs/msg/_command_s.c
[9.995s] -- Symlinking: /home/starry1n/WUTA-FSD1/ros2_ws/install/autoware_msgs/local/lib/python3.10/dist-packages/autoware_msgs/msg/_lane.py
[10.006s] -- Symlinking: /home/starry1n/WUTA-FSD1/ros2_ws/install/autoware_msgs/local/lib/python3.10/dist-packages/autoware_msgs/msg/_lane_s.c
[10.015s] -- Symlinking: /home/starry1n/WUTA-FSD1/ros2_ws/install/autoware_msgs/local/lib/python3.10/dist-packages/autoware_msgs/msg/_waypoint.py
[10.026s] -- Symlinking: /home/starry1n/WUTA-FSD1/ros2_ws/install/autoware_msgs/local/lib/python3.10/dist-packages/autoware_msgs/msg/_waypoint_s.c
[10.038s] -- Up-to-date symlink: /home/starry1n/WUTA-FSD1/ros2_ws/install/autoware_msgs/local/lib/python3.10/dist-packages/autoware_msgs/autoware_msgs_s__rosidl_typesupport_fastrtps_c.cpython-310-x86_64-linux-gnu.so
[10.042s] -- Up-to-date symlink: /home/starry1n/WUTA-FSD1/ros2_ws/install/autoware_msgs/local/lib/python3.10/dist-packages/autoware_msgs/autoware_msgs_s__rosidl_typesupport_introspection_c.cpython-310-x86_64-linux-gnu.so
[10.042s] -- Up-to-date symlink: /home/starry1n/WUTA-FSD1/ros2_ws/install/autoware_msgs/local/lib/python3.10/dist-packages/autoware_msgs/autoware_msgs_s__rosidl_typesupport_c.cpython-310-x86_64-linux-gnu.so
[10.046s] -- Symlinking: /home/starry1n/WUTA-FSD1/ros2_ws/install/autoware_msgs/share/ament_index/resource_index/rust_packages/autoware_msgs
[10.068s] -- Symlinking: /home/starry1n/WUTA-FSD1/ros2_ws/install/autoware_msgs/share/autoware_msgs/rust/Cargo.toml
[10.082s] -- Symlinking: /home/starry1n/WUTA-FSD1/ros2_ws/install/autoware_msgs/share/autoware_msgs/rust/build.rs
[10.091s] -- Symlinking: /home/starry1n/WUTA-FSD1/ros2_ws/install/autoware_msgs/share/autoware_msgs/rust/src/lib.rs
[10.117s] -- Symlinking: /home/starry1n/WUTA-FSD1/ros2_ws/install/autoware_msgs/share/autoware_msgs/rust/src/msg.rs
[10.142s] -- Symlinking: /home/starry1n/WUTA-FSD1/ros2_ws/install/autoware_msgs/share/autoware_msgs/rust/src/msg/rmw.rs
[10.173s] -- Symlinking: /home/starry1n/WUTA-FSD1/ros2_ws/install/autoware_msgs/share/autoware_msgs/msg/Waypoint.idl
[10.193s] -- Symlinking: /home/starry1n/WUTA-FSD1/ros2_ws/install/autoware_msgs/share/autoware_msgs/msg/Lane.idl
[10.224s] -- Symlinking: /home/starry1n/WUTA-FSD1/ros2_ws/install/autoware_msgs/share/autoware_msgs/msg/Command.idl
[10.252s] -- Symlinking: /home/starry1n/WUTA-FSD1/ros2_ws/install/autoware_msgs/share/autoware_msgs/msg/Waypoint.msg
[10.282s] -- Symlinking: /home/starry1n/WUTA-FSD1/ros2_ws/install/autoware_msgs/share/autoware_msgs/msg/Lane.msg
[10.314s] -- Symlinking: /home/starry1n/WUTA-FSD1/ros2_ws/install/autoware_msgs/share/autoware_msgs/msg/Command.msg
[10.356s] -- Symlinking: /home/starry1n/WUTA-FSD1/ros2_ws/install/autoware_msgs/share/ament_index/resource_index/package_run_dependencies/autoware_msgs
[10.370s] -- Symlinking: /home/starry1n/WUTA-FSD1/ros2_ws/install/autoware_msgs/share/ament_index/resource_index/parent_prefix_path/autoware_msgs
[10.400s] -- Symlinking: /home/starry1n/WUTA-FSD1/ros2_ws/install/autoware_msgs/share/autoware_msgs/environment/ament_prefix_path.sh
[10.417s] -- Symlinking: /home/starry1n/WUTA-FSD1/ros2_ws/install/autoware_msgs/share/autoware_msgs/environment/ament_prefix_path.dsv
[10.442s] -- Symlinking: /home/starry1n/WUTA-FSD1/ros2_ws/install/autoware_msgs/share/autoware_msgs/environment/path.sh
[10.470s] -- Symlinking: /home/starry1n/WUTA-FSD1/ros2_ws/install/autoware_msgs/share/autoware_msgs/environment/path.dsv
[10.494s] -- Symlinking: /home/starry1n/WUTA-FSD1/ros2_ws/install/autoware_msgs/share/autoware_msgs/local_setup.bash
[10.505s] -- Symlinking: /home/starry1n/WUTA-FSD1/ros2_ws/install/autoware_msgs/share/autoware_msgs/local_setup.sh
[10.521s] -- Symlinking: /home/starry1n/WUTA-FSD1/ros2_ws/install/autoware_msgs/share/autoware_msgs/local_setup.zsh
[10.541s] -- Symlinking: /home/starry1n/WUTA-FSD1/ros2_ws/install/autoware_msgs/share/autoware_msgs/local_setup.dsv
[10.566s] -- Symlinking: /home/starry1n/WUTA-FSD1/ros2_ws/install/autoware_msgs/share/autoware_msgs/package.dsv
[10.587s] -- Symlinking: /home/starry1n/WUTA-FSD1/ros2_ws/install/autoware_msgs/share/ament_index/resource_index/packages/autoware_msgs
[10.614s] -- Symlinking: /home/starry1n/WUTA-FSD1/ros2_ws/install/autoware_msgs/share/autoware_msgs/cmake/rosidl_cmake-extras.cmake
[10.632s] -- Symlinking: /home/starry1n/WUTA-FSD1/ros2_ws/install/autoware_msgs/share/autoware_msgs/cmake/ament_cmake_export_dependencies-extras.cmake
[10.655s] -- Symlinking: /home/starry1n/WUTA-FSD1/ros2_ws/install/autoware_msgs/share/autoware_msgs/cmake/ament_cmake_export_include_directories-extras.cmake
[10.685s] -- Symlinking: /home/starry1n/WUTA-FSD1/ros2_ws/install/autoware_msgs/share/autoware_msgs/cmake/ament_cmake_export_libraries-extras.cmake
[10.711s] -- Symlinking: /home/starry1n/WUTA-FSD1/ros2_ws/install/autoware_msgs/share/autoware_msgs/cmake/ament_cmake_export_targets-extras.cmake
[10.736s] -- Symlinking: /home/starry1n/WUTA-FSD1/ros2_ws/install/autoware_msgs/share/autoware_msgs/cmake/rosidl_cmake_export_typesupport_targets-extras.cmake
[10.752s] -- Symlinking: /home/starry1n/WUTA-FSD1/ros2_ws/install/autoware_msgs/share/autoware_msgs/cmake/rosidl_cmake_export_typesupport_libraries-extras.cmake
[10.776s] -- Symlinking: /home/starry1n/WUTA-FSD1/ros2_ws/install/autoware_msgs/share/autoware_msgs/cmake/rosidl_cmake_aggregate_target-extras.cmake
[10.792s] -- Symlinking: /home/starry1n/WUTA-FSD1/ros2_ws/install/autoware_msgs/share/autoware_msgs/cmake/autoware_msgsConfig.cmake
[10.812s] -- Symlinking: /home/starry1n/WUTA-FSD1/ros2_ws/install/autoware_msgs/share/autoware_msgs/cmake/autoware_msgsConfig-version.cmake
[10.829s] -- Symlinking: /home/starry1n/WUTA-FSD1/ros2_ws/install/autoware_msgs/share/autoware_msgs/package.xml
[10.861s] -- Installing: /home/starry1n/WUTA-FSD1/ros2_ws/install/autoware_msgs/lib/libautoware_msgs__rosidl_generator_c.so
[10.862s] -- Set non-toolchain portion of runtime path of "/home/starry1n/WUTA-FSD1/ros2_ws/install/autoware_msgs/lib/libautoware_msgs__rosidl_generator_c.so" to ""
[10.862s] -- Installing: /home/starry1n/WUTA-FSD1/ros2_ws/install/autoware_msgs/lib/libautoware_msgs__rosidl_typesupport_fastrtps_c.so
[10.863s] -- Set non-toolchain portion of runtime path of "/home/starry1n/WUTA-FSD1/ros2_ws/install/autoware_msgs/lib/libautoware_msgs__rosidl_typesupport_fastrtps_c.so" to ""
[10.863s] -- Installing: /home/starry1n/WUTA-FSD1/ros2_ws/install/autoware_msgs/lib/libautoware_msgs__rosidl_typesupport_introspection_c.so
[10.867s] -- Set non-toolchain portion of runtime path of "/home/starry1n/WUTA-FSD1/ros2_ws/install/autoware_msgs/lib/libautoware_msgs__rosidl_typesupport_introspection_c.so" to ""
[10.867s] -- Installing: /home/starry1n/WUTA-FSD1/ros2_ws/install/autoware_msgs/lib/libautoware_msgs__rosidl_typesupport_c.so
[10.868s] -- Set non-toolchain portion of runtime path of "/home/starry1n/WUTA-FSD1/ros2_ws/install/autoware_msgs/lib/libautoware_msgs__rosidl_typesupport_c.so" to ""
[10.868s] -- Installing: /home/starry1n/WUTA-FSD1/ros2_ws/install/autoware_msgs/lib/libautoware_msgs__rosidl_typesupport_fastrtps_cpp.so
[10.868s] -- Set non-toolchain portion of runtime path of "/home/starry1n/WUTA-FSD1/ros2_ws/install/autoware_msgs/lib/libautoware_msgs__rosidl_typesupport_fastrtps_cpp.so" to ""
[10.868s] -- Installing: /home/starry1n/WUTA-FSD1/ros2_ws/install/autoware_msgs/lib/libautoware_msgs__rosidl_typesupport_introspection_cpp.so
[10.869s] -- Set non-toolchain portion of runtime path of "/home/starry1n/WUTA-FSD1/ros2_ws/install/autoware_msgs/lib/libautoware_msgs__rosidl_typesupport_introspection_cpp.so" to ""
[10.869s] -- Installing: /home/starry1n/WUTA-FSD1/ros2_ws/install/autoware_msgs/lib/libautoware_msgs__rosidl_typesupport_cpp.so
[10.869s] -- Set non-toolchain portion of runtime path of "/home/starry1n/WUTA-FSD1/ros2_ws/install/autoware_msgs/lib/libautoware_msgs__rosidl_typesupport_cpp.so" to ""
[10.926s] Listing '/home/starry1n/WUTA-FSD1/ros2_ws/install/autoware_msgs/local/lib/python3.10/dist-packages/autoware_msgs'...
[10.926s] Compiling '/home/starry1n/WUTA-FSD1/ros2_ws/install/autoware_msgs/local/lib/python3.10/dist-packages/autoware_msgs/__init__.py'...
[10.927s] Listing '/home/starry1n/WUTA-FSD1/ros2_ws/install/autoware_msgs/local/lib/python3.10/dist-packages/autoware_msgs/msg'...
[10.927s] Compiling '/home/starry1n/WUTA-FSD1/ros2_ws/install/autoware_msgs/local/lib/python3.10/dist-packages/autoware_msgs/msg/__init__.py'...
[10.927s] Compiling '/home/starry1n/WUTA-FSD1/ros2_ws/install/autoware_msgs/local/lib/python3.10/dist-packages/autoware_msgs/msg/_command.py'...
[10.927s] Compiling '/home/starry1n/WUTA-FSD1/ros2_ws/install/autoware_msgs/local/lib/python3.10/dist-packages/autoware_msgs/msg/_lane.py'...
[10.927s] Compiling '/home/starry1n/WUTA-FSD1/ros2_ws/install/autoware_msgs/local/lib/python3.10/dist-packages/autoware_msgs/msg/_waypoint.py'...
[10.933s] -- Installing: /home/starry1n/WUTA-FSD1/ros2_ws/install/autoware_msgs/lib/libautoware_msgs__rosidl_generator_py.so
[10.936s] -- Set non-toolchain portion of runtime path of "/home/starry1n/WUTA-FSD1/ros2_ws/install/autoware_msgs/lib/libautoware_msgs__rosidl_generator_py.so" to ""
[10.942s] -- Installing: /home/starry1n/WUTA-FSD1/ros2_ws/install/autoware_msgs/share/autoware_msgs/cmake/export_autoware_msgs__rosidl_generator_cExport.cmake
[10.942s] -- Installing: /home/starry1n/WUTA-FSD1/ros2_ws/install/autoware_msgs/share/autoware_msgs/cmake/export_autoware_msgs__rosidl_generator_cExport-noconfig.cmake
[10.942s] -- Installing: /home/starry1n/WUTA-FSD1/ros2_ws/install/autoware_msgs/share/autoware_msgs/cmake/export_autoware_msgs__rosidl_typesupport_fastrtps_cExport.cmake
[10.942s] -- Installing: /home/starry1n/WUTA-FSD1/ros2_ws/install/autoware_msgs/share/autoware_msgs/cmake/export_autoware_msgs__rosidl_typesupport_fastrtps_cExport-noconfig.cmake
[10.942s] -- Installing: /home/starry1n/WUTA-FSD1/ros2_ws/install/autoware_msgs/share/autoware_msgs/cmake/autoware_msgs__rosidl_typesupport_introspection_cExport.cmake
[10.942s] -- Installing: /home/starry1n/WUTA-FSD1/ros2_ws/install/autoware_msgs/share/autoware_msgs/cmake/autoware_msgs__rosidl_typesupport_introspection_cExport-noconfig.cmake
[10.942s] -- Installing: /home/starry1n/WUTA-FSD1/ros2_ws/install/autoware_msgs/share/autoware_msgs/cmake/autoware_msgs__rosidl_typesupport_cExport.cmake
[10.943s] -- Installing: /home/starry1n/WUTA-FSD1/ros2_ws/install/autoware_msgs/share/autoware_msgs/cmake/autoware_msgs__rosidl_typesupport_cExport-noconfig.cmake
[10.943s] -- Installing: /home/starry1n/WUTA-FSD1/ros2_ws/install/autoware_msgs/share/autoware_msgs/cmake/export_autoware_msgs__rosidl_generator_cppExport.cmake
[10.944s] -- Installing: /home/starry1n/WUTA-FSD1/ros2_ws/install/autoware_msgs/share/autoware_msgs/cmake/export_autoware_msgs__rosidl_typesupport_fastrtps_cppExport.cmake
[10.944s] -- Installing: /home/starry1n/WUTA-FSD1/ros2_ws/install/autoware_msgs/share/autoware_msgs/cmake/export_autoware_msgs__rosidl_typesupport_fastrtps_cppExport-noconfig.cmake
[10.945s] -- Installing: /home/starry1n/WUTA-FSD1/ros2_ws/install/autoware_msgs/share/autoware_msgs/cmake/autoware_msgs__rosidl_typesupport_introspection_cppExport.cmake
[10.945s] -- Installing: /home/starry1n/WUTA-FSD1/ros2_ws/install/autoware_msgs/share/autoware_msgs/cmake/autoware_msgs__rosidl_typesupport_introspection_cppExport-noconfig.cmake
[10.945s] -- Installing: /home/starry1n/WUTA-FSD1/ros2_ws/install/autoware_msgs/share/autoware_msgs/cmake/autoware_msgs__rosidl_typesupport_cppExport.cmake
[10.945s] -- Installing: /home/starry1n/WUTA-FSD1/ros2_ws/install/autoware_msgs/share/autoware_msgs/cmake/autoware_msgs__rosidl_typesupport_cppExport-noconfig.cmake
[10.946s] -- Installing: /home/starry1n/WUTA-FSD1/ros2_ws/install/autoware_msgs/share/autoware_msgs/cmake/export_autoware_msgs__rosidl_generator_pyExport.cmake
[10.946s] -- Installing: /home/starry1n/WUTA-FSD1/ros2_ws/install/autoware_msgs/share/autoware_msgs/cmake/export_autoware_msgs__rosidl_generator_pyExport-noconfig.cmake
[10.957s] Invoked command in '/home/starry1n/WUTA-FSD1/ros2_ws/build/autoware_msgs' returned '0': CMAKE_PREFIX_PATH=/opt/ros/humble /usr/bin/cmake --install /home/starry1n/WUTA-FSD1/ros2_ws/build/autoware_msgs
