[0.172s] Invoking command in '/home/g2909/WUTA1/WUTA-FSD/ros2_ws/build/boundary_detector': AMENT_PREFIX_PATH=/home/g2909/WUTA1/WUTA-FSD/ros2_ws/install/wuta_msgs:${AMENT_PREFIX_PATH} CMAKE_PREFIX_PATH=/home/g2909/WUTA1/WUTA-FSD/ros2_ws/install/wuta_msgs:/opt/ros/humble LD_LIBRARY_PATH=/home/g2909/WUTA1/WUTA-FSD/ros2_ws/install/wuta_msgs/lib:${LD_LIBRARY_PATH} PYTHONPATH=/home/g2909/WUTA1/WUTA-FSD/ros2_ws/install/wuta_msgs/local/lib/python3.10/dist-packages:${PYTHONPATH} /home/g2909/.local/bin/cmake /home/g2909/WUTA1/WUTA-FSD/ros2_ws/src/planning/boundary_detector -DAMENT_CMAKE_SYMLINK_INSTALL=1 -DCMAKE_INSTALL_PREFIX=/home/g2909/WUTA1/WUTA-FSD/ros2_ws/install/boundary_detector
[0.228s] CMake Deprecation Warning at CMakeLists.txt:1 (cmake_minimum_required):
[0.228s]   Compatibility with CMake < 3.10 will be removed from a future version of
[0.228s]   CMake.
[0.228s] 
[0.228s]   Update the VERSION argument <min> value.  Or, use the <min>...<max> syntax
[0.228s]   to tell CMake that the project requires at least <min> but has been updated
[0.228s]   to work with policies introduced by <max> or earlier.
[0.228s] 
[0.228s] 
[0.440s] -- The C compiler identification is GNU 11.4.0
[1.307s] -- The CXX compiler identification is GNU 11.4.0
[1.790s] -- Detecting C compiler ABI info
[2.027s] -- Detecting C compiler ABI info - done
[2.035s] -- Check for working C compiler: /usr/bin/cc - skipped
[2.035s] -- Detecting C compile features
[2.035s] -- Detecting C compile features - done
[2.042s] -- Detecting CXX compiler ABI info
[2.273s] -- Detecting CXX compiler ABI info - done
[2.283s] -- Check for working CXX compiler: /usr/bin/c++ - skipped
[2.283s] -- Detecting CXX compile features
[2.284s] -- Detecting CXX compile features - done
[2.290s] -- Found ament_cmake: 1.3.14 (/opt/ros/humble/share/ament_cmake/cmake)
[2.394s] -- Found Python3: /usr/bin/python3 (found version "3.10.12") found components: Interpreter
[2.448s] -- Override CMake install command with custom implementation using symlinks instead of copying resources
[2.468s] -- Found rclcpp: 16.0.19 (/opt/ros/humble/share/rclcpp/cmake)
[2.766s] -- Found rosidl_generator_c: 3.1.9 (/opt/ros/humble/share/rosidl_generator_c/cmake)
[2.770s] -- Found rosidl_adapter: 3.1.9 (/opt/ros/humble/share/rosidl_adapter/cmake)
[2.776s] -- Found rosidl_generator_cpp: 3.1.9 (/opt/ros/humble/share/rosidl_generator_cpp/cmake)
[2.784s] -- Using all available rosidl_typesupport_c: rosidl_typesupport_fastrtps_c;rosidl_typesupport_introspection_c
[2.795s] -- Using all available rosidl_typesupport_cpp: rosidl_typesupport_fastrtps_cpp;rosidl_typesupport_introspection_cpp
[2.832s] -- Found rmw_implementation_cmake: 6.1.2 (/opt/ros/humble/share/rmw_implementation_cmake/cmake)
[2.833s] -- Found rmw_fastrtps_cpp: 6.2.10 (/opt/ros/humble/share/rmw_fastrtps_cpp/cmake)
[4.398s] -- Found OpenSSL: /usr/lib/x86_64-linux-gnu/libcrypto.so (found version "3.0.2")
[6.652s] -- Found FastRTPS: /opt/ros/humble/include
[16.730s] -- Using RMW implementation 'rmw_fastrtps_cpp' as default
[16.740s] -- Performing Test CMAKE_HAVE_LIBC_PTHREAD
[17.336s] -- Performing Test CMAKE_HAVE_LIBC_PTHREAD - Success
[17.336s] -- Found Threads: TRUE
[17.408s] -- Found geometry_msgs: 4.9.1 (/opt/ros/humble/share/geometry_msgs/cmake)
[17.426s] -- Found visualization_msgs: 4.9.1 (/opt/ros/humble/share/visualization_msgs/cmake)
[17.489s] -- Found wuta_msgs: 1.0.0 (/home/g2909/WUTA1/WUTA-FSD/ros2_ws/install/wuta_msgs/share/wuta_msgs/cmake)
[17.508s] -- Found autoware_msgs: 1.12.0 (/opt/ros/humble/share/autoware_msgs/cmake)
[17.599s] -- Configuring done (17.4s)
[17.622s] -- Generating done (0.0s)
[17.658s] -- Build files have been written to: /home/g2909/WUTA1/WUTA-FSD/ros2_ws/build/boundary_detector
[17.673s] Invoked command in '/home/g2909/WUTA1/WUTA-FSD/ros2_ws/build/boundary_detector' returned '0': AMENT_PREFIX_PATH=/home/g2909/WUTA1/WUTA-FSD/ros2_ws/install/wuta_msgs:${AMENT_PREFIX_PATH} CMAKE_PREFIX_PATH=/home/g2909/WUTA1/WUTA-FSD/ros2_ws/install/wuta_msgs:/opt/ros/humble LD_LIBRARY_PATH=/home/g2909/WUTA1/WUTA-FSD/ros2_ws/install/wuta_msgs/lib:${LD_LIBRARY_PATH} PYTHONPATH=/home/g2909/WUTA1/WUTA-FSD/ros2_ws/install/wuta_msgs/local/lib/python3.10/dist-packages:${PYTHONPATH} /home/g2909/.local/bin/cmake /home/g2909/WUTA1/WUTA-FSD/ros2_ws/src/planning/boundary_detector -DAMENT_CMAKE_SYMLINK_INSTALL=1 -DCMAKE_INSTALL_PREFIX=/home/g2909/WUTA1/WUTA-FSD/ros2_ws/install/boundary_detector
[17.677s] Invoking command in '/home/g2909/WUTA1/WUTA-FSD/ros2_ws/build/boundary_detector': AMENT_PREFIX_PATH=/home/g2909/WUTA1/WUTA-FSD/ros2_ws/install/wuta_msgs:${AMENT_PREFIX_PATH} CMAKE_PREFIX_PATH=/home/g2909/WUTA1/WUTA-FSD/ros2_ws/install/wuta_msgs:/opt/ros/humble LD_LIBRARY_PATH=/home/g2909/WUTA1/WUTA-FSD/ros2_ws/install/wuta_msgs/lib:${LD_LIBRARY_PATH} PYTHONPATH=/home/g2909/WUTA1/WUTA-FSD/ros2_ws/install/wuta_msgs/local/lib/python3.10/dist-packages:${PYTHONPATH} /home/g2909/.local/bin/cmake --build /home/g2909/WUTA1/WUTA-FSD/ros2_ws/build/boundary_detector -- -j16 -l16
[17.794s] [ 12%] Building CXX object CMakeFiles/pathplanning.dir/thirdparty/pathplanning/src/Evaluation.cpp.o
[17.795s] [ 18%] Building CXX object CMakeFiles/pathplanning.dir/thirdparty/pathplanning/src/Divide.cpp.o
[17.795s] [ 25%] Building CXX object CMakeFiles/pathplanning.dir/thirdparty/pathplanning/src/BowyerWatson.cpp.o
[17.796s] [ 25%] Building CXX object CMakeFiles/pathplanning.dir/thirdparty/pathplanning/src/DelaunayTriangle.cpp.o
[17.799s] [ 31%] Building CXX object CMakeFiles/pathplanning.dir/thirdparty/pathplanning/src/Line.cpp.o
[17.800s] [ 37%] Building CXX object CMakeFiles/pathplanning.dir/thirdparty/pathplanning/src/PathSearch.cpp.o
[17.801s] [ 50%] Building CXX object CMakeFiles/pathplanning.dir/thirdparty/pathplanning/src/Vect.cpp.o
[17.801s] [ 50%] Building CXX object CMakeFiles/pathplanning.dir/thirdparty/pathplanning/src/Triangle.cpp.o
[17.809s] [ 56%] Building CXX object CMakeFiles/pathplanning.dir/thirdparty/pathplanning/src/MidPoint.cpp.o
[17.809s] [ 62%] Building CXX object CMakeFiles/pathplanning.dir/thirdparty/pathplanning/src/GlobalVariables.cpp.o
[17.809s] [ 68%] Building CXX object CMakeFiles/pathplanning.dir/thirdparty/pathplanning/src/Point2d.cpp.o
[17.809s] [ 75%] Building CXX object CMakeFiles/pathplanning.dir/thirdparty/pathplanning/src/Path.cpp.o
[17.852s] [ 81%] Building CXX object CMakeFiles/pathplanning.dir/thirdparty/pathplanning/src/Tool.cpp.o
[19.939s] [ 87%] Linking CXX static library libpathplanning.a
[19.982s] [ 87%] Built target pathplanning
[19.997s] [ 93%] Building CXX object CMakeFiles/boundary_detector_node.dir/src/boundary_detector_node.cpp.o
[20.228s] In file included from /home/g2909/WUTA1/WUTA-FSD/ros2_ws/src/planning/boundary_detector/src/boundary_detector_node.cpp:1:
[20.228s] /home/g2909/WUTA1/WUTA-FSD/ros2_ws/src/planning/boundary_detector/include/boundary_detector/boundary_detector_node.hpp:15:10: fatal error: autoware_msgs/msg/lane.hpp: No such file or directory
[20.228s]    15 | #include <autoware_msgs/msg/lane.hpp>
[20.228s]       |          ^~~~~~~~~~~~~~~~~~~~~~~~~~~~
[20.228s] compilation terminated.
[20.234s] gmake[2]: *** [CMakeFiles/boundary_detector_node.dir/build.make:79: CMakeFiles/boundary_detector_node.dir/src/boundary_detector_node.cpp.o] Error 1
[20.237s] gmake[1]: *** [CMakeFiles/Makefile2:188: CMakeFiles/boundary_detector_node.dir/all] Error 2
[20.237s] gmake: *** [Makefile:146: all] Error 2
[20.244s] Invoked command in '/home/g2909/WUTA1/WUTA-FSD/ros2_ws/build/boundary_detector' returned '2': AMENT_PREFIX_PATH=/home/g2909/WUTA1/WUTA-FSD/ros2_ws/install/wuta_msgs:${AMENT_PREFIX_PATH} CMAKE_PREFIX_PATH=/home/g2909/WUTA1/WUTA-FSD/ros2_ws/install/wuta_msgs:/opt/ros/humble LD_LIBRARY_PATH=/home/g2909/WUTA1/WUTA-FSD/ros2_ws/install/wuta_msgs/lib:${LD_LIBRARY_PATH} PYTHONPATH=/home/g2909/WUTA1/WUTA-FSD/ros2_ws/install/wuta_msgs/local/lib/python3.10/dist-packages:${PYTHONPATH} /home/g2909/.local/bin/cmake --build /home/g2909/WUTA1/WUTA-FSD/ros2_ws/build/boundary_detector -- -j16 -l16
