[0.167s] Invoking command in '/home/starry1n/WUTA-FSD1/ros2_ws/build/path_generator': AMENT_PREFIX_PATH=/home/starry1n/WUTA-FSD1/ros2_ws/install/wuta_msgs:/home/starry1n/WUTA-FSD1/ros2_ws/install/autoware_msgs:${AMENT_PREFIX_PATH} CMAKE_PREFIX_PATH=/home/starry1n/WUTA-FSD1/ros2_ws/install/wuta_msgs:/home/starry1n/WUTA-FSD1/ros2_ws/install/autoware_msgs:/opt/ros/humble LD_LIBRARY_PATH=/home/starry1n/WUTA-FSD1/ros2_ws/install/wuta_msgs/lib:/home/starry1n/WUTA-FSD1/ros2_ws/install/autoware_msgs/lib:${LD_LIBRARY_PATH} PYTHONPATH=/home/starry1n/WUTA-FSD1/ros2_ws/install/wuta_msgs/local/lib/python3.10/dist-packages:/home/starry1n/WUTA-FSD1/ros2_ws/install/autoware_msgs/local/lib/python3.10/dist-packages:${PYTHONPATH} /usr/bin/cmake /home/starry1n/WUTA-FSD1/ros2_ws/src/planning/path_generator -DCMAKE_MODULE_PATH=/home/starry1n/WUTA-FSD1/ros2_ws/cmake -DAMENT_CMAKE_SYMLINK_INSTALL=1 -DCMAKE_INSTALL_PREFIX=/home/starry1n/WUTA-FSD1/ros2_ws/install/path_generator
[0.188s] [0mCMake Deprecation Warning at CMakeLists.txt:1 (cmake_minimum_required):
[0.188s]   Compatibility with CMake < 3.10 will be removed from a future version of
[0.188s]   CMake.
[0.188s] 
[0.188s]   Update the VERSION argument <min> value.  Or, use the <min>...<max> syntax
[0.188s]   to tell CMake that the project requires at least <min> but has been updated
[0.188s]   to work with policies introduced by <max> or earlier.
[0.188s] 
[0.188s] [0m
[0.728s] -- The C compiler identification is GNU 11.4.0
[0.904s] -- The CXX compiler identification is GNU 11.4.0
[0.951s] -- Detecting C compiler ABI info
[1.114s] -- Detecting C compiler ABI info - done
[1.132s] -- Check for working C compiler: /usr/bin/cc - skipped
[1.134s] -- Detecting C compile features
[1.152s] -- Detecting C compile features - done
[1.218s] -- Detecting CXX compiler ABI info
[1.369s] -- Detecting CXX compiler ABI info - done
[1.393s] -- Check for working CXX compiler: /usr/bin/c++ - skipped
[1.397s] -- Detecting CXX compile features
[1.397s] -- Detecting CXX compile features - done
[1.499s] -- Found ament_cmake: 1.3.14 (/opt/ros/humble/share/ament_cmake/cmake)
[1.936s] -- Found Python3: /usr/bin/python3 (found version "3.10.12") found components: Interpreter
[2.155s] -- Override CMake install command with custom implementation using symlinks instead of copying resources
[2.278s] -- Found rclcpp: 16.0.19 (/opt/ros/humble/share/rclcpp/cmake)
[2.526s] -- Found rosidl_generator_c: 3.1.9 (/opt/ros/humble/share/rosidl_generator_c/cmake)
[2.542s] -- Found rosidl_adapter: 3.1.9 (/opt/ros/humble/share/rosidl_adapter/cmake)
[2.571s] -- Found rosidl_generator_cpp: 3.1.9 (/opt/ros/humble/share/rosidl_generator_cpp/cmake)
[2.726s] -- Using all available rosidl_typesupport_c: rosidl_typesupport_fastrtps_c;rosidl_typesupport_introspection_c
[2.786s] -- Using all available rosidl_typesupport_cpp: rosidl_typesupport_fastrtps_cpp;rosidl_typesupport_introspection_cpp
[2.919s] -- Found rmw_implementation_cmake: 6.1.2 (/opt/ros/humble/share/rmw_implementation_cmake/cmake)
[2.941s] -- Found rmw_fastrtps_cpp: 6.2.10 (/opt/ros/humble/share/rmw_fastrtps_cpp/cmake)
[3.203s] -- Found OpenSSL: /usr/lib/x86_64-linux-gnu/libcrypto.so (found version "3.0.2")
[3.266s] -- Found FastRTPS: /opt/ros/humble/include
[3.313s] -- Using RMW implementation 'rmw_fastrtps_cpp' as default
[3.349s] -- Performing Test CMAKE_HAVE_LIBC_PTHREAD
[3.531s] -- Performing Test CMAKE_HAVE_LIBC_PTHREAD - Success
[3.532s] -- Found Threads: TRUE
[3.721s] -- Found geometry_msgs: 4.9.1 (/opt/ros/humble/share/geometry_msgs/cmake)
[3.765s] -- Found wuta_msgs: 1.0.0 (/home/starry1n/WUTA-FSD1/ros2_ws/install/wuta_msgs/share/wuta_msgs/cmake)
[3.810s] -- Found autoware_msgs: 0.1.0 (/home/starry1n/WUTA-FSD1/ros2_ws/install/autoware_msgs/share/autoware_msgs/cmake)
[3.955s] -- Configuring done (3.8s)
[4.024s] -- Generating done (0.1s)
[4.045s] -- Build files have been written to: /home/starry1n/WUTA-FSD1/ros2_ws/build/path_generator
[4.065s] Invoked command in '/home/starry1n/WUTA-FSD1/ros2_ws/build/path_generator' returned '0': AMENT_PREFIX_PATH=/home/starry1n/WUTA-FSD1/ros2_ws/install/wuta_msgs:/home/starry1n/WUTA-FSD1/ros2_ws/install/autoware_msgs:${AMENT_PREFIX_PATH} CMAKE_PREFIX_PATH=/home/starry1n/WUTA-FSD1/ros2_ws/install/wuta_msgs:/home/starry1n/WUTA-FSD1/ros2_ws/install/autoware_msgs:/opt/ros/humble LD_LIBRARY_PATH=/home/starry1n/WUTA-FSD1/ros2_ws/install/wuta_msgs/lib:/home/starry1n/WUTA-FSD1/ros2_ws/install/autoware_msgs/lib:${LD_LIBRARY_PATH} PYTHONPATH=/home/starry1n/WUTA-FSD1/ros2_ws/install/wuta_msgs/local/lib/python3.10/dist-packages:/home/starry1n/WUTA-FSD1/ros2_ws/install/autoware_msgs/local/lib/python3.10/dist-packages:${PYTHONPATH} /usr/bin/cmake /home/starry1n/WUTA-FSD1/ros2_ws/src/planning/path_generator -DCMAKE_MODULE_PATH=/home/starry1n/WUTA-FSD1/ros2_ws/cmake -DAMENT_CMAKE_SYMLINK_INSTALL=1 -DCMAKE_INSTALL_PREFIX=/home/starry1n/WUTA-FSD1/ros2_ws/install/path_generator
[4.065s] Invoking command in '/home/starry1n/WUTA-FSD1/ros2_ws/build/path_generator': AMENT_PREFIX_PATH=/home/starry1n/WUTA-FSD1/ros2_ws/install/wuta_msgs:/home/starry1n/WUTA-FSD1/ros2_ws/install/autoware_msgs:${AMENT_PREFIX_PATH} CMAKE_PREFIX_PATH=/home/starry1n/WUTA-FSD1/ros2_ws/install/wuta_msgs:/home/starry1n/WUTA-FSD1/ros2_ws/install/autoware_msgs:/opt/ros/humble LD_LIBRARY_PATH=/home/starry1n/WUTA-FSD1/ros2_ws/install/wuta_msgs/lib:/home/starry1n/WUTA-FSD1/ros2_ws/install/autoware_msgs/lib:${LD_LIBRARY_PATH} PYTHONPATH=/home/starry1n/WUTA-FSD1/ros2_ws/install/wuta_msgs/local/lib/python3.10/dist-packages:/home/starry1n/WUTA-FSD1/ros2_ws/install/autoware_msgs/local/lib/python3.10/dist-packages:${PYTHONPATH} /usr/bin/cmake --build /home/starry1n/WUTA-FSD1/ros2_ws/build/path_generator -- -j8 -l8
[4.156s] [ 50%] [32mBuilding CXX object CMakeFiles/path_generator_node.dir/src/path_generator_node.cpp.o[0m
[23.709s] [100%] [1m[32mLinking CXX executable path_generator_node[0m
[24.721s] [100%] Built target path_generator_node
[24.734s] Invoked command in '/home/starry1n/WUTA-FSD1/ros2_ws/build/path_generator' returned '0': AMENT_PREFIX_PATH=/home/starry1n/WUTA-FSD1/ros2_ws/install/wuta_msgs:/home/starry1n/WUTA-FSD1/ros2_ws/install/autoware_msgs:${AMENT_PREFIX_PATH} CMAKE_PREFIX_PATH=/home/starry1n/WUTA-FSD1/ros2_ws/install/wuta_msgs:/home/starry1n/WUTA-FSD1/ros2_ws/install/autoware_msgs:/opt/ros/humble LD_LIBRARY_PATH=/home/starry1n/WUTA-FSD1/ros2_ws/install/wuta_msgs/lib:/home/starry1n/WUTA-FSD1/ros2_ws/install/autoware_msgs/lib:${LD_LIBRARY_PATH} PYTHONPATH=/home/starry1n/WUTA-FSD1/ros2_ws/install/wuta_msgs/local/lib/python3.10/dist-packages:/home/starry1n/WUTA-FSD1/ros2_ws/install/autoware_msgs/local/lib/python3.10/dist-packages:${PYTHONPATH} /usr/bin/cmake --build /home/starry1n/WUTA-FSD1/ros2_ws/build/path_generator -- -j8 -l8
[24.736s] Invoking command in '/home/starry1n/WUTA-FSD1/ros2_ws/build/path_generator': AMENT_PREFIX_PATH=/home/starry1n/WUTA-FSD1/ros2_ws/install/wuta_msgs:/home/starry1n/WUTA-FSD1/ros2_ws/install/autoware_msgs:${AMENT_PREFIX_PATH} CMAKE_PREFIX_PATH=/home/starry1n/WUTA-FSD1/ros2_ws/install/wuta_msgs:/home/starry1n/WUTA-FSD1/ros2_ws/install/autoware_msgs:/opt/ros/humble LD_LIBRARY_PATH=/home/starry1n/WUTA-FSD1/ros2_ws/install/wuta_msgs/lib:/home/starry1n/WUTA-FSD1/ros2_ws/install/autoware_msgs/lib:${LD_LIBRARY_PATH} PYTHONPATH=/home/starry1n/WUTA-FSD1/ros2_ws/install/wuta_msgs/local/lib/python3.10/dist-packages:/home/starry1n/WUTA-FSD1/ros2_ws/install/autoware_msgs/local/lib/python3.10/dist-packages:${PYTHONPATH} /usr/bin/cmake --install /home/starry1n/WUTA-FSD1/ros2_ws/build/path_generator
[24.749s] -- Install configuration: ""
[24.749s] -- Execute custom install script
[24.750s] -- Symlinking: /home/starry1n/WUTA-FSD1/ros2_ws/install/path_generator/lib/path_generator/path_generator_node
[24.768s] -- Symlinking: /home/starry1n/WUTA-FSD1/ros2_ws/install/path_generator/share/path_generator/config/path_generator.yaml
[24.781s] -- Symlinking: /home/starry1n/WUTA-FSD1/ros2_ws/install/path_generator/share/ament_index/resource_index/package_run_dependencies/path_generator
[24.796s] -- Symlinking: /home/starry1n/WUTA-FSD1/ros2_ws/install/path_generator/share/ament_index/resource_index/parent_prefix_path/path_generator
[24.813s] -- Symlinking: /home/starry1n/WUTA-FSD1/ros2_ws/install/path_generator/share/path_generator/environment/ament_prefix_path.sh
[24.828s] -- Symlinking: /home/starry1n/WUTA-FSD1/ros2_ws/install/path_generator/share/path_generator/environment/ament_prefix_path.dsv
[24.843s] -- Symlinking: /home/starry1n/WUTA-FSD1/ros2_ws/install/path_generator/share/path_generator/environment/path.sh
[24.859s] -- Symlinking: /home/starry1n/WUTA-FSD1/ros2_ws/install/path_generator/share/path_generator/environment/path.dsv
[24.873s] -- Symlinking: /home/starry1n/WUTA-FSD1/ros2_ws/install/path_generator/share/path_generator/local_setup.bash
[24.886s] -- Symlinking: /home/starry1n/WUTA-FSD1/ros2_ws/install/path_generator/share/path_generator/local_setup.sh
[24.898s] -- Symlinking: /home/starry1n/WUTA-FSD1/ros2_ws/install/path_generator/share/path_generator/local_setup.zsh
[24.912s] -- Symlinking: /home/starry1n/WUTA-FSD1/ros2_ws/install/path_generator/share/path_generator/local_setup.dsv
[24.919s] -- Symlinking: /home/starry1n/WUTA-FSD1/ros2_ws/install/path_generator/share/path_generator/package.dsv
[24.931s] -- Symlinking: /home/starry1n/WUTA-FSD1/ros2_ws/install/path_generator/share/ament_index/resource_index/packages/path_generator
[24.950s] -- Symlinking: /home/starry1n/WUTA-FSD1/ros2_ws/install/path_generator/share/path_generator/cmake/path_generatorConfig.cmake
[24.963s] -- Symlinking: /home/starry1n/WUTA-FSD1/ros2_ws/install/path_generator/share/path_generator/cmake/path_generatorConfig-version.cmake
[24.972s] -- Symlinking: /home/starry1n/WUTA-FSD1/ros2_ws/install/path_generator/share/path_generator/package.xml
[24.986s] Invoked command in '/home/starry1n/WUTA-FSD1/ros2_ws/build/path_generator' returned '0': AMENT_PREFIX_PATH=/home/starry1n/WUTA-FSD1/ros2_ws/install/wuta_msgs:/home/starry1n/WUTA-FSD1/ros2_ws/install/autoware_msgs:${AMENT_PREFIX_PATH} CMAKE_PREFIX_PATH=/home/starry1n/WUTA-FSD1/ros2_ws/install/wuta_msgs:/home/starry1n/WUTA-FSD1/ros2_ws/install/autoware_msgs:/opt/ros/humble LD_LIBRARY_PATH=/home/starry1n/WUTA-FSD1/ros2_ws/install/wuta_msgs/lib:/home/starry1n/WUTA-FSD1/ros2_ws/install/autoware_msgs/lib:${LD_LIBRARY_PATH} PYTHONPATH=/home/starry1n/WUTA-FSD1/ros2_ws/install/wuta_msgs/local/lib/python3.10/dist-packages:/home/starry1n/WUTA-FSD1/ros2_ws/install/autoware_msgs/local/lib/python3.10/dist-packages:${PYTHONPATH} /usr/bin/cmake --install /home/starry1n/WUTA-FSD1/ros2_ws/build/path_generator
