[0.759s] Invoking command in '/home/g2909/WUTA1/WUTA-FSD/ros2_ws/build/localization_manager': AMENT_PREFIX_PATH=/home/g2909/WUTA1/WUTA-FSD/ros2_ws/install/wuta_msgs:/home/g2909/WUTA1/WUTA-FSD/ros2_ws/install/robot_localization:/home/g2909/WUTA1/WUTA-FSD/ros2_ws/install/kiss_icp:${AMENT_PREFIX_PATH} CMAKE_PREFIX_PATH=/home/g2909/WUTA1/WUTA-FSD/ros2_ws/install/wuta_msgs:/home/g2909/WUTA1/WUTA-FSD/ros2_ws/install/robot_localization:/home/g2909/WUTA1/WUTA-FSD/ros2_ws/install/kiss_icp:/opt/ros/humble LD_LIBRARY_PATH=/home/g2909/WUTA1/WUTA-FSD/ros2_ws/install/wuta_msgs/lib:/home/g2909/WUTA1/WUTA-FSD/ros2_ws/install/robot_localization/lib:/home/g2909/WUTA1/WUTA-FSD/ros2_ws/install/kiss_icp/lib:${LD_LIBRARY_PATH} PYTHONPATH=/home/g2909/WUTA1/WUTA-FSD/ros2_ws/install/wuta_msgs/local/lib/python3.10/dist-packages:/home/g2909/WUTA1/WUTA-FSD/ros2_ws/install/robot_localization/local/lib/python3.10/dist-packages:${PYTHONPATH} /home/g2909/.local/bin/cmake /home/g2909/WUTA1/WUTA-FSD/ros2_ws/src/localization/localization_manager -DAMENT_CMAKE_SYMLINK_INSTALL=1 -DCMAKE_INSTALL_PREFIX=/home/g2909/WUTA1/WUTA-FSD/ros2_ws/install/localization_manager
[0.809s] CMake Deprecation Warning at CMakeLists.txt:1 (cmake_minimum_required):
[0.809s]   Compatibility with CMake < 3.10 will be removed from a future version of
[0.809s]   CMake.
[0.809s] 
[0.809s]   Update the VERSION argument <min> value.  Or, use the <min>...<max> syntax
[0.809s]   to tell CMake that the project requires at least <min> but has been updated
[0.809s]   to work with policies introduced by <max> or earlier.
[0.809s] 
[0.809s] 
[1.191s] -- The C compiler identification is GNU 11.4.0
[2.402s] -- The CXX compiler identification is GNU 11.4.0
[2.982s] -- Detecting C compiler ABI info
[3.255s] -- Detecting C compiler ABI info - done
[3.264s] -- Check for working C compiler: /usr/bin/cc - skipped
[3.264s] -- Detecting C compile features
[3.264s] -- Detecting C compile features - done
[3.271s] -- Detecting CXX compiler ABI info
[3.559s] -- Detecting CXX compiler ABI info - done
[3.568s] -- Check for working CXX compiler: /usr/bin/c++ - skipped
[3.568s] -- Detecting CXX compile features
[3.568s] -- Detecting CXX compile features - done
[3.574s] -- Found ament_cmake: 1.3.14 (/opt/ros/humble/share/ament_cmake/cmake)
[3.650s] -- Found Python3: /usr/bin/python3 (found version "3.10.12") found components: Interpreter
[3.687s] -- Override CMake install command with custom implementation using symlinks instead of copying resources
[3.721s] -- Found rclcpp: 16.0.19 (/opt/ros/humble/share/rclcpp/cmake)
[4.077s] -- Found rosidl_generator_c: 3.1.9 (/opt/ros/humble/share/rosidl_generator_c/cmake)
[4.080s] -- Found rosidl_adapter: 3.1.9 (/opt/ros/humble/share/rosidl_adapter/cmake)
[4.086s] -- Found rosidl_generator_cpp: 3.1.9 (/opt/ros/humble/share/rosidl_generator_cpp/cmake)
[4.094s] -- Using all available rosidl_typesupport_c: rosidl_typesupport_fastrtps_c;rosidl_typesupport_introspection_c
[4.105s] -- Using all available rosidl_typesupport_cpp: rosidl_typesupport_fastrtps_cpp;rosidl_typesupport_introspection_cpp
[4.134s] -- Found rmw_implementation_cmake: 6.1.2 (/opt/ros/humble/share/rmw_implementation_cmake/cmake)
[4.136s] -- Found rmw_fastrtps_cpp: 6.2.10 (/opt/ros/humble/share/rmw_fastrtps_cpp/cmake)
[6.848s] -- Found OpenSSL: /usr/lib/x86_64-linux-gnu/libcrypto.so (found version "3.0.2")
[10.242s] -- Found FastRTPS: /opt/ros/humble/include
[16.467s] -- Using RMW implementation 'rmw_fastrtps_cpp' as default
[16.473s] -- Performing Test CMAKE_HAVE_LIBC_PTHREAD
[16.782s] -- Performing Test CMAKE_HAVE_LIBC_PTHREAD - Success
[16.782s] -- Found Threads: TRUE
[16.823s] -- Found nav_msgs: 4.9.1 (/opt/ros/humble/share/nav_msgs/cmake)
[16.845s] -- Found wuta_msgs: 1.0.0 (/home/g2909/WUTA1/WUTA-FSD/ros2_ws/install/wuta_msgs/share/wuta_msgs/cmake)
[16.895s] -- Configuring done (16.1s)
[16.905s] -- Generating done (0.0s)
[16.919s] -- Build files have been written to: /home/g2909/WUTA1/WUTA-FSD/ros2_ws/build/localization_manager
[16.929s] Invoked command in '/home/g2909/WUTA1/WUTA-FSD/ros2_ws/build/localization_manager' returned '0': AMENT_PREFIX_PATH=/home/g2909/WUTA1/WUTA-FSD/ros2_ws/install/wuta_msgs:/home/g2909/WUTA1/WUTA-FSD/ros2_ws/install/robot_localization:/home/g2909/WUTA1/WUTA-FSD/ros2_ws/install/kiss_icp:${AMENT_PREFIX_PATH} CMAKE_PREFIX_PATH=/home/g2909/WUTA1/WUTA-FSD/ros2_ws/install/wuta_msgs:/home/g2909/WUTA1/WUTA-FSD/ros2_ws/install/robot_localization:/home/g2909/WUTA1/WUTA-FSD/ros2_ws/install/kiss_icp:/opt/ros/humble LD_LIBRARY_PATH=/home/g2909/WUTA1/WUTA-FSD/ros2_ws/install/wuta_msgs/lib:/home/g2909/WUTA1/WUTA-FSD/ros2_ws/install/robot_localization/lib:/home/g2909/WUTA1/WUTA-FSD/ros2_ws/install/kiss_icp/lib:${LD_LIBRARY_PATH} PYTHONPATH=/home/g2909/WUTA1/WUTA-FSD/ros2_ws/install/wuta_msgs/local/lib/python3.10/dist-packages:/home/g2909/WUTA1/WUTA-FSD/ros2_ws/install/robot_localization/local/lib/python3.10/dist-packages:${PYTHONPATH} /home/g2909/.local/bin/cmake /home/g2909/WUTA1/WUTA-FSD/ros2_ws/src/localization/localization_manager -DAMENT_CMAKE_SYMLINK_INSTALL=1 -DCMAKE_INSTALL_PREFIX=/home/g2909/WUTA1/WUTA-FSD/ros2_ws/install/localization_manager
[16.929s] Invoking command in '/home/g2909/WUTA1/WUTA-FSD/ros2_ws/build/localization_manager': AMENT_PREFIX_PATH=/home/g2909/WUTA1/WUTA-FSD/ros2_ws/install/wuta_msgs:/home/g2909/WUTA1/WUTA-FSD/ros2_ws/install/robot_localization:/home/g2909/WUTA1/WUTA-FSD/ros2_ws/install/kiss_icp:${AMENT_PREFIX_PATH} CMAKE_PREFIX_PATH=/home/g2909/WUTA1/WUTA-FSD/ros2_ws/install/wuta_msgs:/home/g2909/WUTA1/WUTA-FSD/ros2_ws/install/robot_localization:/home/g2909/WUTA1/WUTA-FSD/ros2_ws/install/kiss_icp:/opt/ros/humble LD_LIBRARY_PATH=/home/g2909/WUTA1/WUTA-FSD/ros2_ws/install/wuta_msgs/lib:/home/g2909/WUTA1/WUTA-FSD/ros2_ws/install/robot_localization/lib:/home/g2909/WUTA1/WUTA-FSD/ros2_ws/install/kiss_icp/lib:${LD_LIBRARY_PATH} PYTHONPATH=/home/g2909/WUTA1/WUTA-FSD/ros2_ws/install/wuta_msgs/local/lib/python3.10/dist-packages:/home/g2909/WUTA1/WUTA-FSD/ros2_ws/install/robot_localization/local/lib/python3.10/dist-packages:${PYTHONPATH} /home/g2909/.local/bin/cmake --build /home/g2909/WUTA1/WUTA-FSD/ros2_ws/build/localization_manager -- -j16 -l16
[16.990s] [ 50%] Building CXX object CMakeFiles/localization_manager_node.dir/src/localization_manager.cpp.o
[25.606s] [100%] Linking CXX executable localization_manager_node
[26.226s] [100%] Built target localization_manager_node
[26.230s] Invoked command in '/home/g2909/WUTA1/WUTA-FSD/ros2_ws/build/localization_manager' returned '0': AMENT_PREFIX_PATH=/home/g2909/WUTA1/WUTA-FSD/ros2_ws/install/wuta_msgs:/home/g2909/WUTA1/WUTA-FSD/ros2_ws/install/robot_localization:/home/g2909/WUTA1/WUTA-FSD/ros2_ws/install/kiss_icp:${AMENT_PREFIX_PATH} CMAKE_PREFIX_PATH=/home/g2909/WUTA1/WUTA-FSD/ros2_ws/install/wuta_msgs:/home/g2909/WUTA1/WUTA-FSD/ros2_ws/install/robot_localization:/home/g2909/WUTA1/WUTA-FSD/ros2_ws/install/kiss_icp:/opt/ros/humble LD_LIBRARY_PATH=/home/g2909/WUTA1/WUTA-FSD/ros2_ws/install/wuta_msgs/lib:/home/g2909/WUTA1/WUTA-FSD/ros2_ws/install/robot_localization/lib:/home/g2909/WUTA1/WUTA-FSD/ros2_ws/install/kiss_icp/lib:${LD_LIBRARY_PATH} PYTHONPATH=/home/g2909/WUTA1/WUTA-FSD/ros2_ws/install/wuta_msgs/local/lib/python3.10/dist-packages:/home/g2909/WUTA1/WUTA-FSD/ros2_ws/install/robot_localization/local/lib/python3.10/dist-packages:${PYTHONPATH} /home/g2909/.local/bin/cmake --build /home/g2909/WUTA1/WUTA-FSD/ros2_ws/build/localization_manager -- -j16 -l16
[26.232s] Invoking command in '/home/g2909/WUTA1/WUTA-FSD/ros2_ws/build/localization_manager': AMENT_PREFIX_PATH=/home/g2909/WUTA1/WUTA-FSD/ros2_ws/install/wuta_msgs:/home/g2909/WUTA1/WUTA-FSD/ros2_ws/install/robot_localization:/home/g2909/WUTA1/WUTA-FSD/ros2_ws/install/kiss_icp:${AMENT_PREFIX_PATH} CMAKE_PREFIX_PATH=/home/g2909/WUTA1/WUTA-FSD/ros2_ws/install/wuta_msgs:/home/g2909/WUTA1/WUTA-FSD/ros2_ws/install/robot_localization:/home/g2909/WUTA1/WUTA-FSD/ros2_ws/install/kiss_icp:/opt/ros/humble LD_LIBRARY_PATH=/home/g2909/WUTA1/WUTA-FSD/ros2_ws/install/wuta_msgs/lib:/home/g2909/WUTA1/WUTA-FSD/ros2_ws/install/robot_localization/lib:/home/g2909/WUTA1/WUTA-FSD/ros2_ws/install/kiss_icp/lib:${LD_LIBRARY_PATH} PYTHONPATH=/home/g2909/WUTA1/WUTA-FSD/ros2_ws/install/wuta_msgs/local/lib/python3.10/dist-packages:/home/g2909/WUTA1/WUTA-FSD/ros2_ws/install/robot_localization/local/lib/python3.10/dist-packages:${PYTHONPATH} /home/g2909/.local/bin/cmake --install /home/g2909/WUTA1/WUTA-FSD/ros2_ws/build/localization_manager
[26.277s] -- Install configuration: ""
[26.277s] -- Execute custom install script
[26.277s] -- Symlinking: /home/g2909/WUTA1/WUTA-FSD/ros2_ws/install/localization_manager/lib/localization_manager/localization_manager_node
[26.280s] -- Symlinking: /home/g2909/WUTA1/WUTA-FSD/ros2_ws/install/localization_manager/share/localization_manager/ekf.yaml
[26.283s] -- Symlinking: /home/g2909/WUTA1/WUTA-FSD/ros2_ws/install/localization_manager/share/localization_manager/localization.launch.py
[26.286s] -- Symlinking: /home/g2909/WUTA1/WUTA-FSD/ros2_ws/install/localization_manager/share/ament_index/resource_index/package_run_dependencies/localization_manager
[26.289s] -- Symlinking: /home/g2909/WUTA1/WUTA-FSD/ros2_ws/install/localization_manager/share/ament_index/resource_index/parent_prefix_path/localization_manager
[26.292s] -- Symlinking: /home/g2909/WUTA1/WUTA-FSD/ros2_ws/install/localization_manager/share/localization_manager/environment/ament_prefix_path.sh
[26.294s] -- Symlinking: /home/g2909/WUTA1/WUTA-FSD/ros2_ws/install/localization_manager/share/localization_manager/environment/ament_prefix_path.dsv
[26.297s] -- Symlinking: /home/g2909/WUTA1/WUTA-FSD/ros2_ws/install/localization_manager/share/localization_manager/environment/path.sh
[26.299s] -- Symlinking: /home/g2909/WUTA1/WUTA-FSD/ros2_ws/install/localization_manager/share/localization_manager/environment/path.dsv
[26.302s] -- Symlinking: /home/g2909/WUTA1/WUTA-FSD/ros2_ws/install/localization_manager/share/localization_manager/local_setup.bash
[26.305s] -- Symlinking: /home/g2909/WUTA1/WUTA-FSD/ros2_ws/install/localization_manager/share/localization_manager/local_setup.sh
[26.307s] -- Symlinking: /home/g2909/WUTA1/WUTA-FSD/ros2_ws/install/localization_manager/share/localization_manager/local_setup.zsh
[26.311s] -- Symlinking: /home/g2909/WUTA1/WUTA-FSD/ros2_ws/install/localization_manager/share/localization_manager/local_setup.dsv
[26.314s] -- Symlinking: /home/g2909/WUTA1/WUTA-FSD/ros2_ws/install/localization_manager/share/localization_manager/package.dsv
[26.317s] -- Symlinking: /home/g2909/WUTA1/WUTA-FSD/ros2_ws/install/localization_manager/share/ament_index/resource_index/packages/localization_manager
[26.320s] -- Symlinking: /home/g2909/WUTA1/WUTA-FSD/ros2_ws/install/localization_manager/share/localization_manager/cmake/localization_managerConfig.cmake
[26.323s] -- Symlinking: /home/g2909/WUTA1/WUTA-FSD/ros2_ws/install/localization_manager/share/localization_manager/cmake/localization_managerConfig-version.cmake
[26.325s] -- Symlinking: /home/g2909/WUTA1/WUTA-FSD/ros2_ws/install/localization_manager/share/localization_manager/package.xml
[26.329s] Invoked command in '/home/g2909/WUTA1/WUTA-FSD/ros2_ws/build/localization_manager' returned '0': AMENT_PREFIX_PATH=/home/g2909/WUTA1/WUTA-FSD/ros2_ws/install/wuta_msgs:/home/g2909/WUTA1/WUTA-FSD/ros2_ws/install/robot_localization:/home/g2909/WUTA1/WUTA-FSD/ros2_ws/install/kiss_icp:${AMENT_PREFIX_PATH} CMAKE_PREFIX_PATH=/home/g2909/WUTA1/WUTA-FSD/ros2_ws/install/wuta_msgs:/home/g2909/WUTA1/WUTA-FSD/ros2_ws/install/robot_localization:/home/g2909/WUTA1/WUTA-FSD/ros2_ws/install/kiss_icp:/opt/ros/humble LD_LIBRARY_PATH=/home/g2909/WUTA1/WUTA-FSD/ros2_ws/install/wuta_msgs/lib:/home/g2909/WUTA1/WUTA-FSD/ros2_ws/install/robot_localization/lib:/home/g2909/WUTA1/WUTA-FSD/ros2_ws/install/kiss_icp/lib:${LD_LIBRARY_PATH} PYTHONPATH=/home/g2909/WUTA1/WUTA-FSD/ros2_ws/install/wuta_msgs/local/lib/python3.10/dist-packages:/home/g2909/WUTA1/WUTA-FSD/ros2_ws/install/robot_localization/local/lib/python3.10/dist-packages:${PYTHONPATH} /home/g2909/.local/bin/cmake --install /home/g2909/WUTA1/WUTA-FSD/ros2_ws/build/localization_manager
