[0.039s] Invoking command in '/home/wuta/WUTA/WUTA-FSD/ros2_ws/build/boundary_detector': AMENT_PREFIX_PATH=/home/wuta/WUTA/WUTA-FSD/ros2_ws/install/wuta_msgs:${AMENT_PREFIX_PATH} CMAKE_PREFIX_PATH=/home/wuta/WUTA/WUTA-FSD/ros2_ws/install/wuta_msgs:/opt/ros/humble LD_LIBRARY_PATH=/home/wuta/WUTA/WUTA-FSD/ros2_ws/install/wuta_msgs/lib:${LD_LIBRARY_PATH} PYTHONPATH=/home/wuta/WUTA/WUTA-FSD/ros2_ws/install/wuta_msgs/local/lib/python3.10/dist-packages:${PYTHONPATH} /home/wuta/.local/bin/cmake --build /home/wuta/WUTA/WUTA-FSD/ros2_ws/build/boundary_detector -- -j12 -l12
[0.261s] [  6%] Building CXX object CMakeFiles/pathplanning.dir/thirdparty/pathplanning/src/Path.cpp.o
[0.261s] [ 12%] Building CXX object CMakeFiles/pathplanning.dir/thirdparty/pathplanning/src/GlobalVariables.cpp.o
[0.287s] /home/wuta/WUTA/WUTA-FSD/ros2_ws/src/planning/boundary_detector/thirdparty/pathplanning/src/GlobalVariables.cpp:1:10: fatal error: hpl/hpl_param.hpp: No such file or directory
[0.287s]     1 | #include "hpl/hpl_param.hpp"
[0.287s]       |          ^~~~~~~~~~~~~~~~~~~
[0.287s] compilation terminated.
[0.295s] gmake[2]: *** [CMakeFiles/pathplanning.dir/build.make:135: CMakeFiles/pathplanning.dir/thirdparty/pathplanning/src/GlobalVariables.cpp.o] Error 1
[0.295s] gmake[2]: *** Waiting for unfinished jobs....
[0.786s] /home/wuta/WUTA/WUTA-FSD/ros2_ws/src/planning/boundary_detector/thirdparty/pathplanning/src/Path.cpp: In constructor ‘Path::Path()’:
[0.786s] /home/wuta/WUTA/WUTA-FSD/ros2_ws/src/planning/boundary_detector/thirdparty/pathplanning/src/Path.cpp:20:36: error: ‘class GlobalVariables’ has no member named ‘GetStartPointRedundancy’
[0.786s]    20 |     startPointRedundancy = single->GetStartPointRedundancy();
[0.786s]       |                                    ^~~~~~~~~~~~~~~~~~~~~~~
[0.791s] /home/wuta/WUTA/WUTA-FSD/ros2_ws/src/planning/boundary_detector/thirdparty/pathplanning/src/Path.cpp: In member function ‘void Path::SetDirectionVector(double)’:
[0.792s] /home/wuta/WUTA/WUTA-FSD/ros2_ws/src/planning/boundary_detector/thirdparty/pathplanning/src/Path.cpp:103:16: error: ‘cos’ was not declared in this scope
[0.792s]   103 |     double x = cos(yaw);
[0.792s]       |                ^~~
[0.794s] /home/wuta/WUTA/WUTA-FSD/ros2_ws/src/planning/boundary_detector/thirdparty/pathplanning/src/Path.cpp:104:16: error: ‘sin’ was not declared in this scope
[0.794s]   104 |     double y = sin(yaw);
[0.794s]       |                ^~~
[0.794s] /home/wuta/WUTA/WUTA-FSD/ros2_ws/src/planning/boundary_detector/thirdparty/pathplanning/src/Path.cpp: In member function ‘void Path::Init()’:
[0.794s] /home/wuta/WUTA/WUTA-FSD/ros2_ws/src/planning/boundary_detector/thirdparty/pathplanning/src/Path.cpp:110:9: error: ‘assert’ was not declared in this scope
[0.794s]   110 |         assert(!isSetPoints);
[0.794s]       |         ^~~~~~
[0.794s] /home/wuta/WUTA/WUTA-FSD/ros2_ws/src/planning/boundary_detector/thirdparty/pathplanning/src/Path.cpp:8:1: note: ‘assert’ is defined in header ‘<cassert>’; did you forget to ‘#include <cassert>’?
[0.794s]     7 | #include "pathplanning/GlobalVariables.h"
[0.794s]   +++ |+#include <cassert>
[0.795s]     8 | 
[0.795s] /home/wuta/WUTA/WUTA-FSD/ros2_ws/src/planning/boundary_detector/thirdparty/pathplanning/src/Path.cpp:114:9: error: ‘assert’ was not declared in this scope
[0.795s]   114 |         assert(!isSetStartPoint);
[0.795s]       |         ^~~~~~
[0.795s] /home/wuta/WUTA/WUTA-FSD/ros2_ws/src/planning/boundary_detector/thirdparty/pathplanning/src/Path.cpp:114:9: note: ‘assert’ is defined in header ‘<cassert>’; did you forget to ‘#include <cassert>’?
[0.795s] /home/wuta/WUTA/WUTA-FSD/ros2_ws/src/planning/boundary_detector/thirdparty/pathplanning/src/Path.cpp:118:9: error: ‘assert’ was not declared in this scope
[0.795s]   118 |         assert(!isSetDirectionVector);
[0.795s]       |         ^~~~~~
[0.795s] /home/wuta/WUTA/WUTA-FSD/ros2_ws/src/planning/boundary_detector/thirdparty/pathplanning/src/Path.cpp:118:9: note: ‘assert’ is defined in header ‘<cassert>’; did you forget to ‘#include <cassert>’?
[0.795s] /home/wuta/WUTA/WUTA-FSD/ros2_ws/src/planning/boundary_detector/thirdparty/pathplanning/src/Path.cpp:122:9: error: ‘assert’ was not declared in this scope
[0.795s]   122 |         assert(!isSetPathSearchStartPoint);
[0.796s]       |         ^~~~~~
[0.796s] /home/wuta/WUTA/WUTA-FSD/ros2_ws/src/planning/boundary_detector/thirdparty/pathplanning/src/Path.cpp:122:9: note: ‘assert’ is defined in header ‘<cassert>’; did you forget to ‘#include <cassert>’?
[0.874s] gmake[2]: *** [CMakeFiles/pathplanning.dir/build.make:177: CMakeFiles/pathplanning.dir/thirdparty/pathplanning/src/Path.cpp.o] Error 1
[0.875s] gmake[1]: *** [CMakeFiles/Makefile2:156: CMakeFiles/pathplanning.dir/all] Error 2
[0.875s] gmake: *** [Makefile:146: all] Error 2
