[0.110s] Invoking command in '/home/starry1n/WUTA-FSD1/ros2_ws/build/wuta_tools': AMENT_PREFIX_PATH=/home/starry1n/WUTA-FSD1/ros2_ws/install/wuta_msgs:${AMENT_PREFIX_PATH} CMAKE_PREFIX_PATH=/home/starry1n/WUTA-FSD1/ros2_ws/install/wuta_msgs:/opt/ros/humble LD_LIBRARY_PATH=/home/starry1n/WUTA-FSD1/ros2_ws/install/wuta_msgs/lib:${LD_LIBRARY_PATH} PYTHONPATH=/home/starry1n/WUTA-FSD1/ros2_ws/install/wuta_msgs/local/lib/python3.10/dist-packages:${PYTHONPATH} /usr/bin/cmake /home/starry1n/WUTA-FSD1/ros2_ws/src/common/wuta_tools -DCMAKE_MODULE_PATH=/home/starry1n/WUTA-FSD1/ros2_ws/cmake -DAMENT_CMAKE_SYMLINK_INSTALL=1 -DCMAKE_INSTALL_PREFIX=/home/starry1n/WUTA-FSD1/ros2_ws/install/wuta_tools
[0.354s] [0mCMake Deprecation Warning at CMakeLists.txt:1 (cmake_minimum_required):
[0.354s]   Compatibility with CMake < 3.10 will be removed from a future version of
[0.354s]   CMake.
[0.354s] 
[0.354s]   Update the VERSION argument <min> value.  Or, use the <min>...<max> syntax
[0.354s]   to tell CMake that the project requires at least <min> but has been updated
[0.354s]   to work with policies introduced by <max> or earlier.
[0.354s] 
[0.355s] [0m
[0.658s] -- The C compiler identification is GNU 11.4.0
[0.835s] -- The CXX compiler identification is GNU 11.4.0
[0.881s] -- Detecting C compiler ABI info
[1.057s] -- Detecting C compiler ABI info - done
[1.075s] -- Check for working C compiler: /usr/bin/cc - skipped
[1.076s] -- Detecting C compile features
[1.083s] -- Detecting C compile features - done
[1.150s] -- Detecting CXX compiler ABI info
[1.333s] -- Detecting CXX compiler ABI info - done
[1.353s] -- Check for working CXX compiler: /usr/bin/c++ - skipped
[1.353s] -- Detecting CXX compile features
[1.353s] -- Detecting CXX compile features - done
[1.429s] -- Found ament_cmake: 1.3.14 (/opt/ros/humble/share/ament_cmake/cmake)
[1.845s] -- Found Python3: /usr/bin/python3 (found version "3.10.12") found components: Interpreter
[2.088s] -- Override CMake install command with custom implementation using symlinks instead of copying resources
[2.207s] -- Found rclcpp: 16.0.19 (/opt/ros/humble/share/rclcpp/cmake)
[2.453s] -- Found rosidl_generator_c: 3.1.9 (/opt/ros/humble/share/rosidl_generator_c/cmake)
[2.473s] -- Found rosidl_adapter: 3.1.9 (/opt/ros/humble/share/rosidl_adapter/cmake)
[2.504s] -- Found rosidl_generator_cpp: 3.1.9 (/opt/ros/humble/share/rosidl_generator_cpp/cmake)
[2.659s] -- Using all available rosidl_typesupport_c: rosidl_typesupport_fastrtps_c;rosidl_typesupport_introspection_c
[2.715s] -- Using all available rosidl_typesupport_cpp: rosidl_typesupport_fastrtps_cpp;rosidl_typesupport_introspection_cpp
[2.849s] -- Found rmw_implementation_cmake: 6.1.2 (/opt/ros/humble/share/rmw_implementation_cmake/cmake)
[2.870s] -- Found rmw_fastrtps_cpp: 6.2.10 (/opt/ros/humble/share/rmw_fastrtps_cpp/cmake)
[3.132s] -- Found OpenSSL: /usr/lib/x86_64-linux-gnu/libcrypto.so (found version "3.0.2")
[3.190s] -- Found FastRTPS: /opt/ros/humble/include
[3.238s] -- Using RMW implementation 'rmw_fastrtps_cpp' as default
[3.282s] -- Performing Test CMAKE_HAVE_LIBC_PTHREAD
[3.461s] -- Performing Test CMAKE_HAVE_LIBC_PTHREAD - Success
[3.463s] -- Found Threads: TRUE
[3.647s] -- Found wuta_msgs: 1.0.0 (/home/starry1n/WUTA-FSD1/ros2_ws/install/wuta_msgs/share/wuta_msgs/cmake)
[3.880s] -- Configuring done (3.8s)
[3.889s] -- Generating done (0.0s)
[3.954s] -- Build files have been written to: /home/starry1n/WUTA-FSD1/ros2_ws/build/wuta_tools
[3.975s] Invoked command in '/home/starry1n/WUTA-FSD1/ros2_ws/build/wuta_tools' returned '0': AMENT_PREFIX_PATH=/home/starry1n/WUTA-FSD1/ros2_ws/install/wuta_msgs:${AMENT_PREFIX_PATH} CMAKE_PREFIX_PATH=/home/starry1n/WUTA-FSD1/ros2_ws/install/wuta_msgs:/opt/ros/humble LD_LIBRARY_PATH=/home/starry1n/WUTA-FSD1/ros2_ws/install/wuta_msgs/lib:${LD_LIBRARY_PATH} PYTHONPATH=/home/starry1n/WUTA-FSD1/ros2_ws/install/wuta_msgs/local/lib/python3.10/dist-packages:${PYTHONPATH} /usr/bin/cmake /home/starry1n/WUTA-FSD1/ros2_ws/src/common/wuta_tools -DCMAKE_MODULE_PATH=/home/starry1n/WUTA-FSD1/ros2_ws/cmake -DAMENT_CMAKE_SYMLINK_INSTALL=1 -DCMAKE_INSTALL_PREFIX=/home/starry1n/WUTA-FSD1/ros2_ws/install/wuta_tools
[3.978s] Invoking command in '/home/starry1n/WUTA-FSD1/ros2_ws/build/wuta_tools': AMENT_PREFIX_PATH=/home/starry1n/WUTA-FSD1/ros2_ws/install/wuta_msgs:${AMENT_PREFIX_PATH} CMAKE_PREFIX_PATH=/home/starry1n/WUTA-FSD1/ros2_ws/install/wuta_msgs:/opt/ros/humble LD_LIBRARY_PATH=/home/starry1n/WUTA-FSD1/ros2_ws/install/wuta_msgs/lib:${LD_LIBRARY_PATH} PYTHONPATH=/home/starry1n/WUTA-FSD1/ros2_ws/install/wuta_msgs/local/lib/python3.10/dist-packages:${PYTHONPATH} /usr/bin/cmake --build /home/starry1n/WUTA-FSD1/ros2_ws/build/wuta_tools -- -j8 -l8
[4.055s] Invoked command in '/home/starry1n/WUTA-FSD1/ros2_ws/build/wuta_tools' returned '0': AMENT_PREFIX_PATH=/home/starry1n/WUTA-FSD1/ros2_ws/install/wuta_msgs:${AMENT_PREFIX_PATH} CMAKE_PREFIX_PATH=/home/starry1n/WUTA-FSD1/ros2_ws/install/wuta_msgs:/opt/ros/humble LD_LIBRARY_PATH=/home/starry1n/WUTA-FSD1/ros2_ws/install/wuta_msgs/lib:${LD_LIBRARY_PATH} PYTHONPATH=/home/starry1n/WUTA-FSD1/ros2_ws/install/wuta_msgs/local/lib/python3.10/dist-packages:${PYTHONPATH} /usr/bin/cmake --build /home/starry1n/WUTA-FSD1/ros2_ws/build/wuta_tools -- -j8 -l8
[4.057s] Invoking command in '/home/starry1n/WUTA-FSD1/ros2_ws/build/wuta_tools': AMENT_PREFIX_PATH=/home/starry1n/WUTA-FSD1/ros2_ws/install/wuta_msgs:${AMENT_PREFIX_PATH} CMAKE_PREFIX_PATH=/home/starry1n/WUTA-FSD1/ros2_ws/install/wuta_msgs:/opt/ros/humble LD_LIBRARY_PATH=/home/starry1n/WUTA-FSD1/ros2_ws/install/wuta_msgs/lib:${LD_LIBRARY_PATH} PYTHONPATH=/home/starry1n/WUTA-FSD1/ros2_ws/install/wuta_msgs/local/lib/python3.10/dist-packages:${PYTHONPATH} /usr/bin/cmake --install /home/starry1n/WUTA-FSD1/ros2_ws/build/wuta_tools
[4.076s] -- Install configuration: ""
[4.076s] -- Execute custom install script
[4.078s] -- Symlinking: /home/starry1n/WUTA-FSD1/ros2_ws/install/wuta_tools/share/ament_index/resource_index/package_run_dependencies/wuta_tools
[4.090s] -- Symlinking: /home/starry1n/WUTA-FSD1/ros2_ws/install/wuta_tools/share/ament_index/resource_index/parent_prefix_path/wuta_tools
[4.110s] -- Symlinking: /home/starry1n/WUTA-FSD1/ros2_ws/install/wuta_tools/share/wuta_tools/environment/ament_prefix_path.sh
[4.126s] -- Symlinking: /home/starry1n/WUTA-FSD1/ros2_ws/install/wuta_tools/share/wuta_tools/environment/ament_prefix_path.dsv
[4.141s] -- Symlinking: /home/starry1n/WUTA-FSD1/ros2_ws/install/wuta_tools/share/wuta_tools/environment/path.sh
[4.156s] -- Symlinking: /home/starry1n/WUTA-FSD1/ros2_ws/install/wuta_tools/share/wuta_tools/environment/path.dsv
[4.171s] -- Symlinking: /home/starry1n/WUTA-FSD1/ros2_ws/install/wuta_tools/share/wuta_tools/local_setup.bash
[4.188s] -- Symlinking: /home/starry1n/WUTA-FSD1/ros2_ws/install/wuta_tools/share/wuta_tools/local_setup.sh
[4.206s] -- Symlinking: /home/starry1n/WUTA-FSD1/ros2_ws/install/wuta_tools/share/wuta_tools/local_setup.zsh
[4.216s] -- Symlinking: /home/starry1n/WUTA-FSD1/ros2_ws/install/wuta_tools/share/wuta_tools/local_setup.dsv
[4.227s] -- Symlinking: /home/starry1n/WUTA-FSD1/ros2_ws/install/wuta_tools/share/wuta_tools/package.dsv
[4.243s] -- Symlinking: /home/starry1n/WUTA-FSD1/ros2_ws/install/wuta_tools/share/ament_index/resource_index/packages/wuta_tools
[4.259s] -- Symlinking: /home/starry1n/WUTA-FSD1/ros2_ws/install/wuta_tools/share/wuta_tools/cmake/wuta_toolsConfig.cmake
[4.272s] -- Symlinking: /home/starry1n/WUTA-FSD1/ros2_ws/install/wuta_tools/share/wuta_tools/cmake/wuta_toolsConfig-version.cmake
[4.287s] -- Symlinking: /home/starry1n/WUTA-FSD1/ros2_ws/install/wuta_tools/share/wuta_tools/package.xml
[4.309s] Invoked command in '/home/starry1n/WUTA-FSD1/ros2_ws/build/wuta_tools' returned '0': AMENT_PREFIX_PATH=/home/starry1n/WUTA-FSD1/ros2_ws/install/wuta_msgs:${AMENT_PREFIX_PATH} CMAKE_PREFIX_PATH=/home/starry1n/WUTA-FSD1/ros2_ws/install/wuta_msgs:/opt/ros/humble LD_LIBRARY_PATH=/home/starry1n/WUTA-FSD1/ros2_ws/install/wuta_msgs/lib:${LD_LIBRARY_PATH} PYTHONPATH=/home/starry1n/WUTA-FSD1/ros2_ws/install/wuta_msgs/local/lib/python3.10/dist-packages:${PYTHONPATH} /usr/bin/cmake --install /home/starry1n/WUTA-FSD1/ros2_ws/build/wuta_tools
