[0.021s] Invoking command in '/home/starry1n/WUTA-FSD1/ros2_ws/build/robot_localization': CMAKE_PREFIX_PATH=/opt/ros/humble /usr/bin/cmake /home/starry1n/WUTA-FSD1/ros2_ws/src/localization/robot_localization -DCMAKE_MODULE_PATH=/home/starry1n/WUTA-FSD1/ros2_ws/cmake -DAMENT_CMAKE_SYMLINK_INSTALL=1 -DCMAKE_INSTALL_PREFIX=/home/starry1n/WUTA-FSD1/ros2_ws/install/robot_localization
[0.033s] [0mCMake Deprecation Warning at CMakeLists.txt:1 (cmake_minimum_required):
[0.033s]   Compatibility with CMake < 3.10 will be removed from a future version of
[0.033s]   CMake.
[0.033s] 
[0.033s]   Update the VERSION argument <min> value.  Or, use the <min>...<max> syntax
[0.033s]   to tell CMake that the project requires at least <min> but has been updated
[0.033s]   to work with policies introduced by <max> or earlier.
[0.033s] 
[0.034s] [0m
[0.096s] -- The C compiler identification is GNU 11.4.0
[0.176s] -- The CXX compiler identification is GNU 11.4.0
[0.185s] -- Detecting C compiler ABI info
[0.288s] -- Detecting C compiler ABI info - done
[0.307s] -- Check for working C compiler: /usr/bin/cc - skipped
[0.307s] -- Detecting C compile features
[0.308s] -- Detecting C compile features - done
[0.333s] -- Detecting CXX compiler ABI info
[0.451s] -- Detecting CXX compiler ABI info - done
[0.467s] -- Check for working CXX compiler: /usr/bin/c++ - skipped
[0.467s] -- Detecting CXX compile features
[0.468s] -- Detecting CXX compile features - done
[0.487s] -- robot_localization: You did not request a specific build type: selecting 'RelWithDebInfo'.
[0.487s] -- Found ament_cmake: 1.3.14 (/opt/ros/humble/share/ament_cmake/cmake)
[0.646s] -- Found Python3: /usr/bin/python3 (found version "3.10.12") found components: Interpreter
[0.724s] -- Override CMake install command with custom implementation using symlinks instead of copying resources
[0.752s] -- Found angles: 1.15.0 (/opt/ros/humble/share/angles/cmake)
[0.754s] -- Found rclcpp: 16.0.19 (/opt/ros/humble/share/rclcpp/cmake)
[0.812s] -- Found rosidl_generator_c: 3.1.9 (/opt/ros/humble/share/rosidl_generator_c/cmake)
[0.817s] -- Found rosidl_adapter: 3.1.9 (/opt/ros/humble/share/rosidl_adapter/cmake)
[0.829s] -- Found rosidl_generator_cpp: 3.1.9 (/opt/ros/humble/share/rosidl_generator_cpp/cmake)
[0.841s] -- Using all available rosidl_typesupport_c: rosidl_typesupport_fastrtps_c;rosidl_typesupport_introspection_c
[0.862s] -- Using all available rosidl_typesupport_cpp: rosidl_typesupport_fastrtps_cpp;rosidl_typesupport_introspection_cpp
[0.897s] -- Found rmw_implementation_cmake: 6.1.2 (/opt/ros/humble/share/rmw_implementation_cmake/cmake)
[0.898s] -- Found rmw_fastrtps_cpp: 6.2.10 (/opt/ros/humble/share/rmw_fastrtps_cpp/cmake)
[1.015s] -- Found OpenSSL: /usr/lib/x86_64-linux-gnu/libcrypto.so (found version "3.0.2")
[1.046s] -- Found FastRTPS: /opt/ros/humble/include
[1.102s] -- Using RMW implementation 'rmw_fastrtps_cpp' as default
[1.112s] -- Performing Test CMAKE_HAVE_LIBC_PTHREAD
[1.206s] -- Performing Test CMAKE_HAVE_LIBC_PTHREAD - Success
[1.207s] -- Found Threads: TRUE
[1.283s] -- Found diagnostic_msgs: 4.9.1 (/opt/ros/humble/share/diagnostic_msgs/cmake)
[1.309s] -- Found diagnostic_updater: 4.0.7 (/opt/ros/humble/share/diagnostic_updater/cmake)
[1.319s] -- Found geographic_msgs: 1.0.6 (/opt/ros/humble/share/geographic_msgs/cmake)
[1.379s] -- Found message_filters: 4.3.18 (/opt/ros/humble/share/message_filters/cmake)
[1.388s] -- Found nav_msgs: 4.9.1 (/opt/ros/humble/share/nav_msgs/cmake)
[1.410s] -- Found rosidl_default_generators: 1.2.1 (/opt/ros/humble/share/rosidl_default_generators/cmake)
[1.423s] -- Found sensor_msgs: 4.9.1 (/opt/ros/humble/share/sensor_msgs/cmake)
[1.445s] -- Found std_srvs: 4.9.1 (/opt/ros/humble/share/std_srvs/cmake)
[1.463s] -- Found tf2: 0.25.20 (/opt/ros/humble/share/tf2/cmake)
[1.478s] -- Found tf2_eigen: 0.25.20 (/opt/ros/humble/share/tf2_eigen/cmake)
[1.607s] -- Found tf2_geometry_msgs: 0.25.20 (/opt/ros/humble/share/tf2_geometry_msgs/cmake)
[1.618s] -- Found eigen3_cmake_module: 0.1.1 (/opt/ros/humble/share/eigen3_cmake_module/cmake)
[1.621s] -- Found Eigen3: TRUE (found version "3.4.0")
[1.621s] -- Ensuring Eigen3 include directory is part of orocos-kdl CMake target
[1.626s] [33mCMake Warning (dev) at CMakeLists.txt:34 (find_package):
[1.626s]   Policy CMP0167 is not set: The FindBoost module is removed.  Run "cmake
[1.626s]   --help-policy CMP0167" for policy details.  Use the cmake_policy command to
[1.626s]   set the policy and suppress this warning.
[1.626s] 
[1.627s] This warning is for project developers.  Use -Wno-dev to suppress it.
[1.627s] [0m
[1.632s] -- Found Boost: /usr/lib/x86_64-linux-gnu/cmake/Boost-1.74.0/BoostConfig.cmake (found version "1.74.0")
[1.634s] -- Found yaml_cpp_vendor: 8.0.2 (/opt/ros/humble/share/yaml_cpp_vendor/cmake)
[1.639s] -- Found GeographicLib: /usr/lib/x86_64-linux-gnu
[2.214s] -- Found ament_cmake_cppcheck: 0.12.15 (/opt/ros/humble/share/ament_cmake_cppcheck/cmake)
[2.217s] -- Found ament_cmake_cpplint: 0.12.15 (/opt/ros/humble/share/ament_cmake_cpplint/cmake)
[2.220s] -- Found ament_cmake_uncrustify: 0.12.15 (/opt/ros/humble/share/ament_cmake_uncrustify/cmake)
[2.223s] -- Found ament_cmake_ros: 0.10.0 (/opt/ros/humble/share/ament_cmake_ros/cmake)
[3.287s] -- Using all available rosidl_typesupport_c: rosidl_typesupport_fastrtps_c;rosidl_typesupport_introspection_c
[3.773s] -- Using all available rosidl_typesupport_cpp: rosidl_typesupport_fastrtps_cpp;rosidl_typesupport_introspection_cpp
[3.778s] [33mCMake Warning (dev) at /opt/ros/humble/share/rosidl_generator_py/cmake/rosidl_generator_py_generate_interfaces.cmake:20 (find_package):
[3.778s]   Policy CMP0148 is not set: The FindPythonInterp and FindPythonLibs modules
[3.778s]   are removed.  Run "cmake --help-policy CMP0148" for policy details.  Use
[3.778s]   the cmake_policy command to set the policy and suppress this warning.
[3.778s] 
[3.778s] Call Stack (most recent call first):
[3.778s]   /opt/ros/humble/share/ament_cmake_core/cmake/core/ament_execute_extensions.cmake:48 (include)
[3.778s]   /opt/ros/humble/share/rosidl_cmake/cmake/rosidl_generate_interfaces.cmake:286 (ament_execute_extensions)
[3.778s]   CMakeLists.txt:43 (rosidl_generate_interfaces)
[3.779s] This warning is for project developers.  Use -Wno-dev to suppress it.
[3.779s] [0m
[3.820s] -- Found PythonInterp: /usr/bin/python3 (found suitable version "3.10.12", minimum required is "3.6")
[3.823s] -- Found python_cmake_module: 0.10.0 (/opt/ros/humble/share/python_cmake_module/cmake)
[3.824s] [33mCMake Warning (dev) at /opt/ros/humble/share/python_cmake_module/cmake/Modules/FindPythonExtra.cmake:52 (find_package):
[3.824s]   Policy CMP0148 is not set: The FindPythonInterp and FindPythonLibs modules
[3.824s]   are removed.  Run "cmake --help-policy CMP0148" for policy details.  Use
[3.826s]   the cmake_policy command to set the policy and suppress this warning.
[3.826s] 
[3.826s] Call Stack (most recent call first):
[3.826s]   /opt/ros/humble/share/rosidl_generator_py/cmake/rosidl_generator_py_generate_interfaces.cmake:23 (find_package)
[3.826s]   /opt/ros/humble/share/ament_cmake_core/cmake/core/ament_execute_extensions.cmake:48 (include)
[3.826s]   /opt/ros/humble/share/rosidl_cmake/cmake/rosidl_generate_interfaces.cmake:286 (ament_execute_extensions)
[3.826s]   CMakeLists.txt:43 (rosidl_generate_interfaces)
[3.826s] This warning is for project developers.  Use -Wno-dev to suppress it.
[3.826s] [0m
[3.881s] [33mCMake Warning (dev) at /opt/ros/humble/share/python_cmake_module/cmake/Modules/FindPythonExtra.cmake:140 (find_package):
[3.881s]   Policy CMP0148 is not set: The FindPythonInterp and FindPythonLibs modules
[3.881s]   are removed.  Run "cmake --help-policy CMP0148" for policy details.  Use
[3.881s]   the cmake_policy command to set the policy and suppress this warning.
[3.881s] 
[3.881s] Call Stack (most recent call first):
[3.881s]   /opt/ros/humble/share/rosidl_generator_py/cmake/rosidl_generator_py_generate_interfaces.cmake:23 (find_package)
[3.881s]   /opt/ros/humble/share/ament_cmake_core/cmake/core/ament_execute_extensions.cmake:48 (include)
[3.881s]   /opt/ros/humble/share/rosidl_cmake/cmake/rosidl_generate_interfaces.cmake:286 (ament_execute_extensions)
[3.881s]   CMakeLists.txt:43 (rosidl_generate_interfaces)
[3.881s] This warning is for project developers.  Use -Wno-dev to suppress it.
[3.881s] [0m
[3.899s] -- Found PythonLibs: /usr/lib/x86_64-linux-gnu/libpython3.10.so (found suitable version "3.10.12", minimum required is "3.5")
[3.899s] -- Using PYTHON_EXECUTABLE: /usr/bin/python3
[3.899s] -- Using PYTHON_INCLUDE_DIRS: /usr/include/python3.10
[3.899s] -- Using PYTHON_LIBRARIES: /usr/lib/x86_64-linux-gnu/libpython3.10.so
[3.941s] -- Found PythonExtra: .so
[4.112s] -- Found ament_cmake_flake8: 0.12.15 (/opt/ros/humble/share/ament_cmake_flake8/cmake)
[4.114s] -- Found ament_cmake_pep257: 0.12.15 (/opt/ros/humble/share/ament_cmake_pep257/cmake)
[4.590s] -- Found ament_cmake_lint_cmake: 0.12.15 (/opt/ros/humble/share/ament_cmake_lint_cmake/cmake)
[4.592s] -- Found launch_testing_ament_cmake: 1.0.14 (/opt/ros/humble/share/launch_testing_ament_cmake/cmake)
[4.593s] [33mCMake Warning (dev) at /opt/ros/humble/share/python_cmake_module/cmake/Modules/FindPythonExtra.cmake:52 (find_package):
[4.593s]   Policy CMP0148 is not set: The FindPythonInterp and FindPythonLibs modules
[4.594s]   are removed.  Run "cmake --help-policy CMP0148" for policy details.  Use
[4.594s]   the cmake_policy command to set the policy and suppress this warning.
[4.594s] 
[4.594s] Call Stack (most recent call first):
[4.594s]   /opt/ros/humble/share/launch_testing_ament_cmake/cmake/launch_testing_ament_cmake-extras.cmake:18 (find_package)
[4.594s]   /opt/ros/humble/share/launch_testing_ament_cmake/cmake/launch_testing_ament_cmakeConfig.cmake:41 (include)
[4.594s]   CMakeLists.txt:172 (find_package)
[4.594s] This warning is for project developers.  Use -Wno-dev to suppress it.
[4.598s] [0m
[4.625s] [33mCMake Warning (dev) at /opt/ros/humble/share/python_cmake_module/cmake/Modules/FindPythonExtra.cmake:140 (find_package):
[4.626s]   Policy CMP0148 is not set: The FindPythonInterp and FindPythonLibs modules
[4.626s]   are removed.  Run "cmake --help-policy CMP0148" for policy details.  Use
[4.626s]   the cmake_policy command to set the policy and suppress this warning.
[4.626s] 
[4.626s] Call Stack (most recent call first):
[4.626s]   /opt/ros/humble/share/launch_testing_ament_cmake/cmake/launch_testing_ament_cmake-extras.cmake:18 (find_package)
[4.626s]   /opt/ros/humble/share/launch_testing_ament_cmake/cmake/launch_testing_ament_cmakeConfig.cmake:41 (include)
[4.626s]   CMakeLists.txt:172 (find_package)
[4.626s] This warning is for project developers.  Use -Wno-dev to suppress it.
[4.626s] [0m
[4.632s] -- Using PYTHON_EXECUTABLE: /usr/bin/python3
[4.632s] -- Using PYTHON_INCLUDE_DIRS: /usr/include/python3.10
[4.633s] -- Using PYTHON_LIBRARIES: /usr/lib/x86_64-linux-gnu/libpython3.10.so
[4.640s] -- Found gtest sources under '/opt/ros/humble/src/gtest_vendor': C++ tests using 'Google Test' will be built
[4.643s] [0mCMake Deprecation Warning at /opt/ros/humble/src/gtest_vendor/CMakeLists.txt:2 (cmake_minimum_required):
[4.643s]   Compatibility with CMake < 3.10 will be removed from a future version of
[4.643s]   CMake.
[4.643s] 
[4.644s]   Update the VERSION argument <min> value.  Or, use the <min>...<max> syntax
[4.644s]   to tell CMake that the project requires at least <min> but has been updated
[4.644s]   to work with policies introduced by <max> or earlier.
[4.644s] 
[4.644s] [0m
[4.722s] -- Configuring done (4.7s)
[5.147s] -- Generating done (0.4s)
[5.412s] -- Build files have been written to: /home/starry1n/WUTA-FSD1/ros2_ws/build/robot_localization
[5.526s] Invoked command in '/home/starry1n/WUTA-FSD1/ros2_ws/build/robot_localization' returned '0': CMAKE_PREFIX_PATH=/opt/ros/humble /usr/bin/cmake /home/starry1n/WUTA-FSD1/ros2_ws/src/localization/robot_localization -DCMAKE_MODULE_PATH=/home/starry1n/WUTA-FSD1/ros2_ws/cmake -DAMENT_CMAKE_SYMLINK_INSTALL=1 -DCMAKE_INSTALL_PREFIX=/home/starry1n/WUTA-FSD1/ros2_ws/install/robot_localization
[5.538s] Invoking command in '/home/starry1n/WUTA-FSD1/ros2_ws/build/robot_localization': CMAKE_PREFIX_PATH=/opt/ros/humble /usr/bin/cmake --build /home/starry1n/WUTA-FSD1/ros2_ws/build/robot_localization -- -j8 -l8
[5.715s] [  1%] [1m[34mGenerating C code for ROS interfaces[0m
[5.751s] [  2%] [1m[34mGenerating C++ code for ROS interfaces[0m
[5.769s] [  3%] [1m[34mGenerating Rust code for ROS interfaces[0m
[5.773s] [  4%] [32mBuilding CXX object gtest/CMakeFiles/gtest_main.dir/src/gtest_main.cc.o[0m
[5.787s] [  4%] Built target ament_cmake_python_symlink_robot_localization
[5.796s] [  5%] [32mBuilding CXX object gtest/CMakeFiles/gtest.dir/src/gtest-all.cc.o[0m
[6.270s] [  5%] Built target robot_localization__rs
[6.464s] running egg_info
[6.468s] creating robot_localization.egg-info
[6.470s] writing robot_localization.egg-info/PKG-INFO
[6.470s] writing dependency_links to robot_localization.egg-info/dependency_links.txt
[6.470s] writing top-level names to robot_localization.egg-info/top_level.txt
[6.471s] writing manifest file 'robot_localization.egg-info/SOURCES.txt'
[6.478s] reading manifest file 'robot_localization.egg-info/SOURCES.txt'
[6.482s] writing manifest file 'robot_localization.egg-info/SOURCES.txt'
[6.576s] [  5%] Built target ament_cmake_python_build_robot_localization_egg
[7.275s] [  6%] [32mBuilding C object CMakeFiles/robot_localization__rosidl_generator_c.dir/rosidl_generator_c/robot_localization/srv/detail/from_ll__functions.c.o[0m
[7.324s] [  6%] [32mBuilding C object CMakeFiles/robot_localization__rosidl_generator_c.dir/rosidl_generator_c/robot_localization/srv/detail/get_state__functions.c.o[0m
[7.329s] [  7%] [32mBuilding C object CMakeFiles/robot_localization__rosidl_generator_c.dir/rosidl_generator_c/robot_localization/srv/detail/set_datum__functions.c.o[0m
[7.350s] [  8%] [32mBuilding C object CMakeFiles/robot_localization__rosidl_generator_c.dir/rosidl_generator_c/robot_localization/srv/detail/set_pose__functions.c.o[0m
[7.364s] [  9%] [32mBuilding C object CMakeFiles/robot_localization__rosidl_generator_c.dir/rosidl_generator_c/robot_localization/srv/detail/toggle_filter_processing__functions.c.o[0m
[7.367s] [  9%] Built target robot_localization__cpp
[7.403s] [ 10%] [32mBuilding C object CMakeFiles/robot_localization__rosidl_generator_c.dir/rosidl_generator_c/robot_localization/srv/detail/to_ll__functions.c.o[0m
[7.685s] [ 10%] [1m[34mGenerating C++ type support for eProsima Fast-RTPS[0m
[7.702s] [ 11%] [1m[34mGenerating C++ introspection for ROS interfaces[0m
[7.721s] [ 12%] [1m[34mGenerating C++ type support dispatch for ROS interfaces[0m
[7.755s] [ 13%] [1m[32mLinking C shared library librobot_localization__rosidl_generator_c.so[0m
[7.859s] [ 13%] Built target robot_localization__rosidl_generator_c
[7.889s] [ 13%] [1m[34mGenerating C introspection for ROS interfaces[0m
[7.893s] [ 14%] [1m[34mGenerating C type support for eProsima Fast-RTPS[0m
[7.902s] [ 15%] [1m[34mGenerating C type support dispatch for ROS interfaces[0m
[8.109s] [ 16%] [1m[32mLinking CXX static library libgtest_main.a[0m
[8.214s] [ 16%] Built target gtest_main
[8.367s] [ 16%] [32mBuilding CXX object CMakeFiles/robot_localization__rosidl_typesupport_cpp.dir/rosidl_typesupport_cpp/robot_localization/srv/from_ll__type_support.cpp.o[0m
[8.371s] [ 17%] [32mBuilding CXX object CMakeFiles/robot_localization__rosidl_typesupport_cpp.dir/rosidl_typesupport_cpp/robot_localization/srv/get_state__type_support.cpp.o[0m
[8.645s] [ 18%] [32mBuilding CXX object CMakeFiles/robot_localization__rosidl_typesupport_introspection_cpp.dir/rosidl_typesupport_introspection_cpp/robot_localization/srv/detail/from_ll__type_support.cpp.o[0m
[8.700s] [ 19%] [32mBuilding CXX object CMakeFiles/robot_localization__rosidl_typesupport_c.dir/rosidl_typesupport_c/robot_localization/srv/from_ll__type_support.cpp.o[0m
[8.779s] [ 20%] [32mBuilding CXX object CMakeFiles/robot_localization__rosidl_typesupport_fastrtps_cpp.dir/rosidl_typesupport_fastrtps_cpp/robot_localization/srv/detail/dds_fastrtps/from_ll__type_support.cpp.o[0m
[8.791s] [ 21%] [32mBuilding CXX object CMakeFiles/robot_localization__rosidl_typesupport_c.dir/rosidl_typesupport_c/robot_localization/srv/get_state__type_support.cpp.o[0m
[8.895s] [ 22%] [32mBuilding C object CMakeFiles/robot_localization__rosidl_typesupport_introspection_c.dir/rosidl_typesupport_introspection_c/robot_localization/srv/detail/from_ll__type_support.c.o[0m
[8.904s] [ 22%] [32mBuilding CXX object CMakeFiles/robot_localization__rosidl_typesupport_c.dir/rosidl_typesupport_c/robot_localization/srv/set_datum__type_support.cpp.o[0m
[8.953s] [ 23%] [32mBuilding CXX object CMakeFiles/robot_localization__rosidl_typesupport_cpp.dir/rosidl_typesupport_cpp/robot_localization/srv/set_datum__type_support.cpp.o[0m
[8.962s] [ 24%] [32mBuilding CXX object CMakeFiles/robot_localization__rosidl_typesupport_c.dir/rosidl_typesupport_c/robot_localization/srv/set_pose__type_support.cpp.o[0m
[8.962s] [ 25%] [32mBuilding CXX object CMakeFiles/robot_localization__rosidl_typesupport_fastrtps_c.dir/rosidl_typesupport_fastrtps_c/robot_localization/srv/detail/from_ll__type_support_c.cpp.o[0m
[9.007s] [ 26%] [32mBuilding C object CMakeFiles/robot_localization__rosidl_typesupport_introspection_c.dir/rosidl_typesupport_introspection_c/robot_localization/srv/detail/get_state__type_support.c.o[0m
[9.050s] [ 27%] [32mBuilding CXX object CMakeFiles/robot_localization__rosidl_typesupport_c.dir/rosidl_typesupport_c/robot_localization/srv/toggle_filter_processing__type_support.cpp.o[0m
[9.150s] [ 28%] [32mBuilding C object CMakeFiles/robot_localization__rosidl_typesupport_introspection_c.dir/rosidl_typesupport_introspection_c/robot_localization/srv/detail/set_datum__type_support.c.o[0m
[9.174s] [ 29%] [32mBuilding CXX object CMakeFiles/robot_localization__rosidl_typesupport_c.dir/rosidl_typesupport_c/robot_localization/srv/to_ll__type_support.cpp.o[0m
[9.324s] [ 30%] [32mBuilding CXX object CMakeFiles/robot_localization__rosidl_typesupport_cpp.dir/rosidl_typesupport_cpp/robot_localization/srv/set_pose__type_support.cpp.o[0m
[9.327s] [ 31%] [32mBuilding CXX object CMakeFiles/robot_localization__rosidl_typesupport_introspection_cpp.dir/rosidl_typesupport_introspection_cpp/robot_localization/srv/detail/get_state__type_support.cpp.o[0m
[9.328s] [ 32%] [1m[32mLinking CXX shared library librobot_localization__rosidl_typesupport_c.so[0m
[9.332s] [ 33%] [32mBuilding CXX object CMakeFiles/robot_localization__rosidl_typesupport_fastrtps_cpp.dir/rosidl_typesupport_fastrtps_cpp/robot_localization/srv/detail/dds_fastrtps/get_state__type_support.cpp.o[0m
[9.339s] [ 34%] [32mBuilding C object CMakeFiles/robot_localization__rosidl_typesupport_introspection_c.dir/rosidl_typesupport_introspection_c/robot_localization/srv/detail/set_pose__type_support.c.o[0m
[9.345s] [ 35%] [32mBuilding CXX object CMakeFiles/robot_localization__rosidl_typesupport_fastrtps_cpp.dir/rosidl_typesupport_fastrtps_cpp/robot_localization/srv/detail/dds_fastrtps/set_datum__type_support.cpp.o[0m
[9.395s] [ 35%] Built target robot_localization__rosidl_typesupport_c
[9.413s] [ 36%] [32mBuilding C object CMakeFiles/robot_localization__rosidl_typesupport_introspection_c.dir/rosidl_typesupport_introspection_c/robot_localization/srv/detail/toggle_filter_processing__type_support.c.o[0m
[9.416s] [ 37%] [32mBuilding CXX object CMakeFiles/robot_localization__rosidl_typesupport_fastrtps_cpp.dir/rosidl_typesupport_fastrtps_cpp/robot_localization/srv/detail/dds_fastrtps/set_pose__type_support.cpp.o[0m
[9.519s] [ 38%] [32mBuilding C object CMakeFiles/robot_localization__rosidl_typesupport_introspection_c.dir/rosidl_typesupport_introspection_c/robot_localization/srv/detail/to_ll__type_support.c.o[0m
[9.600s] [ 38%] [32mBuilding CXX object CMakeFiles/robot_localization__rosidl_typesupport_fastrtps_c.dir/rosidl_typesupport_fastrtps_c/robot_localization/srv/detail/get_state__type_support_c.cpp.o[0m
[9.696s] [ 39%] [1m[32mLinking C shared library librobot_localization__rosidl_typesupport_introspection_c.so[0m
[9.806s] [ 40%] [32mBuilding CXX object CMakeFiles/robot_localization__rosidl_typesupport_cpp.dir/rosidl_typesupport_cpp/robot_localization/srv/toggle_filter_processing__type_support.cpp.o[0m
[9.845s] [ 40%] Built target robot_localization__rosidl_typesupport_introspection_c
[9.880s] [ 41%] [32mBuilding CXX object CMakeFiles/robot_localization__rosidl_typesupport_cpp.dir/rosidl_typesupport_cpp/robot_localization/srv/to_ll__type_support.cpp.o[0m
[10.013s] [ 42%] [32mBuilding CXX object CMakeFiles/robot_localization__rosidl_typesupport_fastrtps_cpp.dir/rosidl_typesupport_fastrtps_cpp/robot_localization/srv/detail/dds_fastrtps/toggle_filter_processing__type_support.cpp.o[0m
[10.054s] [ 43%] [32mBuilding CXX object CMakeFiles/robot_localization__rosidl_typesupport_fastrtps_cpp.dir/rosidl_typesupport_fastrtps_cpp/robot_localization/srv/detail/dds_fastrtps/to_ll__type_support.cpp.o[0m
[10.192s] [ 44%] [32mBuilding CXX object CMakeFiles/robot_localization__rosidl_typesupport_introspection_cpp.dir/rosidl_typesupport_introspection_cpp/robot_localization/srv/detail/set_datum__type_support.cpp.o[0m
[10.287s] [ 45%] [32mBuilding CXX object CMakeFiles/robot_localization__rosidl_typesupport_fastrtps_c.dir/rosidl_typesupport_fastrtps_c/robot_localization/srv/detail/set_datum__type_support_c.cpp.o[0m
[10.295s] [ 46%] [1m[32mLinking CXX shared library librobot_localization__rosidl_typesupport_cpp.so[0m
[10.327s] [ 47%] [32mBuilding CXX object CMakeFiles/robot_localization__rosidl_typesupport_introspection_cpp.dir/rosidl_typesupport_introspection_cpp/robot_localization/srv/detail/set_pose__type_support.cpp.o[0m
[10.371s] [ 48%] [32mBuilding CXX object CMakeFiles/robot_localization__rosidl_typesupport_fastrtps_c.dir/rosidl_typesupport_fastrtps_c/robot_localization/srv/detail/set_pose__type_support_c.cpp.o[0m
[10.429s] [ 48%] Built target robot_localization__rosidl_typesupport_cpp
[10.454s] [ 49%] [32mBuilding CXX object CMakeFiles/robot_localization__rosidl_typesupport_introspection_cpp.dir/rosidl_typesupport_introspection_cpp/robot_localization/srv/detail/toggle_filter_processing__type_support.cpp.o[0m
[10.774s] [ 49%] [32mBuilding CXX object CMakeFiles/robot_localization__rosidl_typesupport_introspection_cpp.dir/rosidl_typesupport_introspection_cpp/robot_localization/srv/detail/to_ll__type_support.cpp.o[0m
[10.787s] [ 50%] [1m[32mLinking CXX shared library librobot_localization__rosidl_typesupport_fastrtps_cpp.so[0m
[10.890s] [ 50%] Built target robot_localization__rosidl_typesupport_fastrtps_cpp
[10.909s] [ 51%] [32mBuilding CXX object CMakeFiles/robot_localization__rosidl_typesupport_fastrtps_c.dir/rosidl_typesupport_fastrtps_c/robot_localization/srv/detail/toggle_filter_processing__type_support_c.cpp.o[0m
[10.918s] [ 52%] [32mBuilding CXX object CMakeFiles/robot_localization__rosidl_typesupport_fastrtps_c.dir/rosidl_typesupport_fastrtps_c/robot_localization/srv/detail/to_ll__type_support_c.cpp.o[0m
[10.921s] [ 53%] [32mBuilding CXX object CMakeFiles/rl_lib.dir/src/ekf.cpp.o[0m
[10.927s] [ 54%] [32mBuilding CXX object CMakeFiles/rl_lib.dir/src/ukf.cpp.o[0m
[11.019s] [ 55%] [32mBuilding CXX object CMakeFiles/rl_lib.dir/src/filter_base.cpp.o[0m
[11.210s] [ 56%] [32mBuilding CXX object CMakeFiles/rl_lib.dir/src/filter_utilities.cpp.o[0m
[11.358s] [ 57%] [32mBuilding CXX object CMakeFiles/rl_lib.dir/src/navsat_transform.cpp.o[0m
[11.425s] [ 58%] [1m[32mLinking CXX shared library librobot_localization__rosidl_typesupport_introspection_cpp.so[0m
[11.437s] [ 59%] [1m[32mLinking CXX shared library librobot_localization__rosidl_typesupport_fastrtps_c.so[0m
[11.551s] [ 59%] Built target robot_localization__rosidl_typesupport_introspection_cpp
[11.580s] [ 60%] [32mBuilding CXX object CMakeFiles/rl_lib.dir/src/robot_localization_estimator.cpp.o[0m
[11.623s] [ 60%] Built target robot_localization__rosidl_typesupport_fastrtps_c
[11.690s] [ 60%] Built target robot_localization
[11.724s] [ 60%] [32mBuilding CXX object CMakeFiles/rl_lib.dir/src/ros_filter.cpp.o[0m
[13.121s] [ 61%] [32mBuilding CXX object CMakeFiles/rl_lib.dir/src/ros_filter_utilities.cpp.o[0m
[15.681s] [ 62%] [32mBuilding CXX object CMakeFiles/rl_lib.dir/src/ros_robot_localization_listener.cpp.o[0m
[20.054s] [ 63%] [1m[34mGenerating Python code for ROS interfaces[0m
[22.795s] [ 63%] Built target robot_localization__py
[22.880s] [ 64%] [32mBuilding C object CMakeFiles/robot_localization__rosidl_generator_py.dir/rosidl_generator_py/robot_localization/srv/_from_ll_s.c.o[0m
[23.262s] [ 65%] [32mBuilding C object CMakeFiles/robot_localization__rosidl_generator_py.dir/rosidl_generator_py/robot_localization/srv/_get_state_s.c.o[0m
[23.662s] [ 65%] [32mBuilding C object CMakeFiles/robot_localization__rosidl_generator_py.dir/rosidl_generator_py/robot_localization/srv/_set_datum_s.c.o[0m
[23.953s] [ 66%] [1m[32mLinking CXX static library libgtest.a[0m
[24.030s] [ 67%] [32mBuilding C object CMakeFiles/robot_localization__rosidl_generator_py.dir/rosidl_generator_py/robot_localization/srv/_set_pose_s.c.o[0m
[24.192s] [ 67%] Built target gtest
[24.212s] [ 68%] [32mBuilding C object CMakeFiles/robot_localization__rosidl_generator_py.dir/rosidl_generator_py/robot_localization/srv/_toggle_filter_processing_s.c.o[0m
[24.416s] [ 69%] [32mBuilding C object CMakeFiles/robot_localization__rosidl_generator_py.dir/rosidl_generator_py/robot_localization/srv/_to_ll_s.c.o[0m
[24.752s] [ 70%] [1m[32mLinking C shared library rosidl_generator_py/robot_localization/librobot_localization__rosidl_generator_py.so[0m
[24.926s] [ 70%] Built target robot_localization__rosidl_generator_py
[25.009s] [ 71%] [32mBuilding C object CMakeFiles/robot_localization__rosidl_typesupport_fastrtps_c__pyext.dir/rosidl_generator_py/robot_localization/_robot_localization_s.ep.rosidl_typesupport_fastrtps_c.c.o[0m
[25.009s] [ 71%] [32mBuilding C object CMakeFiles/robot_localization__rosidl_typesupport_introspection_c__pyext.dir/rosidl_generator_py/robot_localization/_robot_localization_s.ep.rosidl_typesupport_introspection_c.c.o[0m
[25.759s] [ 72%] [1m[32mLinking C shared library rosidl_generator_py/robot_localization/robot_localization_s__rosidl_typesupport_fastrtps_c.cpython-310-x86_64-linux-gnu.so[0m
[25.778s] [ 73%] [1m[32mLinking C shared library rosidl_generator_py/robot_localization/robot_localization_s__rosidl_typesupport_introspection_c.cpython-310-x86_64-linux-gnu.so[0m
[25.904s] [ 73%] Built target robot_localization__rosidl_typesupport_fastrtps_c__pyext
[25.953s] [ 73%] Built target robot_localization__rosidl_typesupport_introspection_c__pyext
[25.954s] [ 74%] [32mBuilding C object CMakeFiles/robot_localization__rosidl_typesupport_c__pyext.dir/rosidl_generator_py/robot_localization/_robot_localization_s.ep.rosidl_typesupport_c.c.o[0m
[26.674s] [ 75%] [1m[32mLinking C shared library rosidl_generator_py/robot_localization/robot_localization_s__rosidl_typesupport_c.cpython-310-x86_64-linux-gnu.so[0m
[26.838s] [ 75%] Built target robot_localization__rosidl_typesupport_c__pyext
[115.719s] [ 76%] [1m[32mLinking CXX shared library librl_lib.so[0m
[118.219s] [ 76%] Built target rl_lib
[118.253s] [ 77%] [32mBuilding CXX object CMakeFiles/robot_localization_listener_node.dir/src/robot_localization_listener_node.cpp.o[0m
[118.256s] [ 77%] [32mBuilding CXX object CMakeFiles/ekf_node.dir/src/ekf_node.cpp.o[0m
[118.256s] [ 77%] [32mBuilding CXX object CMakeFiles/navsat_transform_node.dir/src/navsat_transform_node.cpp.o[0m
[118.257s] [ 78%] [32mBuilding CXX object CMakeFiles/filter_base-test.dir/test/test_filter_base.cpp.o[0m
[118.258s] [ 79%] [32mBuilding CXX object CMakeFiles/test_ukf.dir/test/test_ukf.cpp.o[0m
[118.260s] [ 80%] [32mBuilding CXX object CMakeFiles/ukf_node.dir/src/ukf_node.cpp.o[0m
[118.262s] [ 81%] [32mBuilding CXX object CMakeFiles/test_robot_localization_estimator.dir/test/test_robot_localization_estimator.cpp.o[0m
[118.269s] [ 82%] [32mBuilding CXX object CMakeFiles/test_ekf.dir/test/test_ekf.cpp.o[0m
[122.614s] [ 83%] [1m[32mLinking CXX executable filter_base-test[0m
[123.022s] [ 83%] Built target filter_base-test
[123.055s] [ 84%] [32mBuilding CXX object CMakeFiles/test_navsat_conversions.dir/test/test_navsat_conversions.cpp.o[0m
[124.936s] [ 85%] [1m[32mLinking CXX executable test_navsat_conversions[0m
[125.247s] [ 85%] Built target test_navsat_conversions
[125.262s] [ 86%] [1m[32mLinking CXX executable navsat_transform_node[0m
[125.273s] [ 87%] [32mBuilding CXX object CMakeFiles/test_ros_robot_localization_listener.dir/test/test_ros_robot_localization_listener.cpp.o[0m
[125.559s] [ 87%] Built target navsat_transform_node
[125.609s] [ 88%] [32mBuilding CXX object CMakeFiles/test_ros_robot_localization_listener_publisher.dir/test/test_ros_robot_localization_listener_publisher.cpp.o[0m
[125.913s] [ 89%] [1m[32mLinking CXX executable ukf_node[0m
[125.988s] [ 90%] [1m[32mLinking CXX executable ekf_node[0m
[126.304s] [ 90%] Built target ekf_node
[126.322s] [ 90%] Built target ukf_node
[126.467s] [ 91%] [32mBuilding CXX object CMakeFiles/test_filter_base_diagnostics_timestamps.dir/test/test_filter_base_diagnostics_timestamps.cpp.o[0m
[126.481s] [ 92%] [32mBuilding CXX object CMakeFiles/test_ekf_localization_node_interfaces.dir/test/test_ekf_localization_node_interfaces.cpp.o[0m
[127.283s] [ 93%] [1m[32mLinking CXX executable test_robot_localization_estimator[0m
[127.898s] [ 93%] Built target test_robot_localization_estimator
[127.926s] [ 94%] [32mBuilding CXX object CMakeFiles/test_ukf_localization_node_interfaces.dir/test/test_ukf_localization_node_interfaces.cpp.o[0m
[127.984s] [ 95%] [1m[32mLinking CXX executable test_ukf[0m
[128.027s] [ 96%] [1m[32mLinking CXX executable test_ekf[0m
[128.321s] [ 97%] [1m[32mLinking CXX executable robot_localization_listener_node[0m
[128.527s] [ 97%] Built target test_ukf
[128.536s] [ 97%] Built target test_ekf
[128.792s] [ 97%] Built target robot_localization_listener_node
[135.014s] [ 97%] [1m[32mLinking CXX executable test_ros_robot_localization_listener[0m
[135.374s] [ 97%] Built target test_ros_robot_localization_listener
[136.758s] [ 98%] [1m[32mLinking CXX executable test_ros_robot_localization_listener_publisher[0m
[137.030s] [ 98%] Built target test_ros_robot_localization_listener_publisher
[155.115s] [ 99%] [1m[32mLinking CXX executable test_filter_base_diagnostics_timestamps[0m
[155.614s] [ 99%] Built target test_filter_base_diagnostics_timestamps
[156.965s] [ 99%] [1m[32mLinking CXX executable test_ekf_localization_node_interfaces[0m
[157.467s] [ 99%] Built target test_ekf_localization_node_interfaces
[159.554s] [100%] [1m[32mLinking CXX executable test_ukf_localization_node_interfaces[0m
[159.967s] [100%] Built target test_ukf_localization_node_interfaces
[159.986s] Invoked command in '/home/starry1n/WUTA-FSD1/ros2_ws/build/robot_localization' returned '0': CMAKE_PREFIX_PATH=/opt/ros/humble /usr/bin/cmake --build /home/starry1n/WUTA-FSD1/ros2_ws/build/robot_localization -- -j8 -l8
[159.991s] Invoking command in '/home/starry1n/WUTA-FSD1/ros2_ws/build/robot_localization': CMAKE_PREFIX_PATH=/opt/ros/humble /usr/bin/cmake --install /home/starry1n/WUTA-FSD1/ros2_ws/build/robot_localization
[160.001s] -- Install configuration: "RelWithDebInfo"
[160.002s] -- Execute custom install script
[160.002s] -- Symlinking: /home/starry1n/WUTA-FSD1/ros2_ws/install/robot_localization/share/ament_index/resource_index/rosidl_interfaces/robot_localization
[160.015s] -- Symlinking: /home/starry1n/WUTA-FSD1/ros2_ws/install/robot_localization/include/robot_localization/robot_localization/msg/rosidl_generator_c__visibility_control.h
[160.024s] -- Symlinking: /home/starry1n/WUTA-FSD1/ros2_ws/install/robot_localization/include/robot_localization/robot_localization/srv/detail/from_ll__functions.h
[160.035s] -- Symlinking: /home/starry1n/WUTA-FSD1/ros2_ws/install/robot_localization/include/robot_localization/robot_localization/srv/detail/from_ll__struct.h
[160.045s] -- Symlinking: /home/starry1n/WUTA-FSD1/ros2_ws/install/robot_localization/include/robot_localization/robot_localization/srv/detail/from_ll__type_support.h
[160.054s] -- Symlinking: /home/starry1n/WUTA-FSD1/ros2_ws/install/robot_localization/include/robot_localization/robot_localization/srv/detail/get_state__functions.h
[160.066s] -- Symlinking: /home/starry1n/WUTA-FSD1/ros2_ws/install/robot_localization/include/robot_localization/robot_localization/srv/detail/get_state__struct.h
[160.077s] -- Symlinking: /home/starry1n/WUTA-FSD1/ros2_ws/install/robot_localization/include/robot_localization/robot_localization/srv/detail/get_state__type_support.h
[160.089s] -- Symlinking: /home/starry1n/WUTA-FSD1/ros2_ws/install/robot_localization/include/robot_localization/robot_localization/srv/detail/set_datum__functions.h
[160.100s] -- Symlinking: /home/starry1n/WUTA-FSD1/ros2_ws/install/robot_localization/include/robot_localization/robot_localization/srv/detail/set_datum__struct.h
[160.110s] -- Symlinking: /home/starry1n/WUTA-FSD1/ros2_ws/install/robot_localization/include/robot_localization/robot_localization/srv/detail/set_datum__type_support.h
[160.120s] -- Symlinking: /home/starry1n/WUTA-FSD1/ros2_ws/install/robot_localization/include/robot_localization/robot_localization/srv/detail/set_pose__functions.h
[160.130s] -- Symlinking: /home/starry1n/WUTA-FSD1/ros2_ws/install/robot_localization/include/robot_localization/robot_localization/srv/detail/set_pose__struct.h
[160.140s] -- Symlinking: /home/starry1n/WUTA-FSD1/ros2_ws/install/robot_localization/include/robot_localization/robot_localization/srv/detail/set_pose__type_support.h
[160.150s] -- Symlinking: /home/starry1n/WUTA-FSD1/ros2_ws/install/robot_localization/include/robot_localization/robot_localization/srv/detail/to_ll__functions.h
[160.160s] -- Symlinking: /home/starry1n/WUTA-FSD1/ros2_ws/install/robot_localization/include/robot_localization/robot_localization/srv/detail/to_ll__struct.h
[160.168s] -- Symlinking: /home/starry1n/WUTA-FSD1/ros2_ws/install/robot_localization/include/robot_localization/robot_localization/srv/detail/to_ll__type_support.h
[160.179s] -- Symlinking: /home/starry1n/WUTA-FSD1/ros2_ws/install/robot_localization/include/robot_localization/robot_localization/srv/detail/toggle_filter_processing__functions.h
[160.195s] -- Symlinking: /home/starry1n/WUTA-FSD1/ros2_ws/install/robot_localization/include/robot_localization/robot_localization/srv/detail/toggle_filter_processing__struct.h
[160.207s] -- Symlinking: /home/starry1n/WUTA-FSD1/ros2_ws/install/robot_localization/include/robot_localization/robot_localization/srv/detail/toggle_filter_processing__type_support.h
[160.217s] -- Symlinking: /home/starry1n/WUTA-FSD1/ros2_ws/install/robot_localization/include/robot_localization/robot_localization/srv/from_ll.h
[160.226s] -- Symlinking: /home/starry1n/WUTA-FSD1/ros2_ws/install/robot_localization/include/robot_localization/robot_localization/srv/get_state.h
[160.242s] -- Symlinking: /home/starry1n/WUTA-FSD1/ros2_ws/install/robot_localization/include/robot_localization/robot_localization/srv/set_datum.h
[160.251s] -- Symlinking: /home/starry1n/WUTA-FSD1/ros2_ws/install/robot_localization/include/robot_localization/robot_localization/srv/set_pose.h
[160.260s] -- Symlinking: /home/starry1n/WUTA-FSD1/ros2_ws/install/robot_localization/include/robot_localization/robot_localization/srv/to_ll.h
[160.271s] -- Symlinking: /home/starry1n/WUTA-FSD1/ros2_ws/install/robot_localization/include/robot_localization/robot_localization/srv/toggle_filter_processing.h
[160.282s] -- Symlinking: /home/starry1n/WUTA-FSD1/ros2_ws/install/robot_localization/share/robot_localization/environment/library_path.sh
[160.292s] -- Symlinking: /home/starry1n/WUTA-FSD1/ros2_ws/install/robot_localization/share/robot_localization/environment/library_path.dsv
[160.304s] -- Symlinking: /home/starry1n/WUTA-FSD1/ros2_ws/install/robot_localization/include/robot_localization/robot_localization/msg/rosidl_typesupport_fastrtps_c__visibility_control.h
[160.317s] -- Symlinking: /home/starry1n/WUTA-FSD1/ros2_ws/install/robot_localization/include/robot_localization/robot_localization/srv/detail/from_ll__rosidl_typesupport_fastrtps_c.h
[160.325s] -- Symlinking: /home/starry1n/WUTA-FSD1/ros2_ws/install/robot_localization/include/robot_localization/robot_localization/srv/detail/get_state__rosidl_typesupport_fastrtps_c.h
[160.334s] -- Symlinking: /home/starry1n/WUTA-FSD1/ros2_ws/install/robot_localization/include/robot_localization/robot_localization/srv/detail/set_datum__rosidl_typesupport_fastrtps_c.h
[160.344s] -- Symlinking: /home/starry1n/WUTA-FSD1/ros2_ws/install/robot_localization/include/robot_localization/robot_localization/srv/detail/set_pose__rosidl_typesupport_fastrtps_c.h
[160.353s] -- Symlinking: /home/starry1n/WUTA-FSD1/ros2_ws/install/robot_localization/include/robot_localization/robot_localization/srv/detail/to_ll__rosidl_typesupport_fastrtps_c.h
[160.363s] -- Symlinking: /home/starry1n/WUTA-FSD1/ros2_ws/install/robot_localization/include/robot_localization/robot_localization/srv/detail/toggle_filter_processing__rosidl_typesupport_fastrtps_c.h
[160.375s] -- Symlinking: /home/starry1n/WUTA-FSD1/ros2_ws/install/robot_localization/include/robot_localization/robot_localization/msg/rosidl_generator_cpp__visibility_control.hpp
[160.384s] -- Symlinking: /home/starry1n/WUTA-FSD1/ros2_ws/install/robot_localization/include/robot_localization/robot_localization/srv/detail/from_ll__builder.hpp
[160.396s] -- Symlinking: /home/starry1n/WUTA-FSD1/ros2_ws/install/robot_localization/include/robot_localization/robot_localization/srv/detail/from_ll__struct.hpp
[160.406s] -- Symlinking: /home/starry1n/WUTA-FSD1/ros2_ws/install/robot_localization/include/robot_localization/robot_localization/srv/detail/from_ll__traits.hpp
[160.418s] -- Symlinking: /home/starry1n/WUTA-FSD1/ros2_ws/install/robot_localization/include/robot_localization/robot_localization/srv/detail/from_ll__type_support.hpp
[160.427s] -- Symlinking: /home/starry1n/WUTA-FSD1/ros2_ws/install/robot_localization/include/robot_localization/robot_localization/srv/detail/get_state__builder.hpp
[160.435s] -- Symlinking: /home/starry1n/WUTA-FSD1/ros2_ws/install/robot_localization/include/robot_localization/robot_localization/srv/detail/get_state__struct.hpp
[160.445s] -- Symlinking: /home/starry1n/WUTA-FSD1/ros2_ws/install/robot_localization/include/robot_localization/robot_localization/srv/detail/get_state__traits.hpp
[160.455s] -- Symlinking: /home/starry1n/WUTA-FSD1/ros2_ws/install/robot_localization/include/robot_localization/robot_localization/srv/detail/get_state__type_support.hpp
[160.466s] -- Symlinking: /home/starry1n/WUTA-FSD1/ros2_ws/install/robot_localization/include/robot_localization/robot_localization/srv/detail/set_datum__builder.hpp
[160.475s] -- Symlinking: /home/starry1n/WUTA-FSD1/ros2_ws/install/robot_localization/include/robot_localization/robot_localization/srv/detail/set_datum__struct.hpp
[160.486s] -- Symlinking: /home/starry1n/WUTA-FSD1/ros2_ws/install/robot_localization/include/robot_localization/robot_localization/srv/detail/set_datum__traits.hpp
[160.498s] -- Symlinking: /home/starry1n/WUTA-FSD1/ros2_ws/install/robot_localization/include/robot_localization/robot_localization/srv/detail/set_datum__type_support.hpp
[160.507s] -- Symlinking: /home/starry1n/WUTA-FSD1/ros2_ws/install/robot_localization/include/robot_localization/robot_localization/srv/detail/set_pose__builder.hpp
[160.519s] -- Symlinking: /home/starry1n/WUTA-FSD1/ros2_ws/install/robot_localization/include/robot_localization/robot_localization/srv/detail/set_pose__struct.hpp
[160.531s] -- Symlinking: /home/starry1n/WUTA-FSD1/ros2_ws/install/robot_localization/include/robot_localization/robot_localization/srv/detail/set_pose__traits.hpp
[160.543s] -- Symlinking: /home/starry1n/WUTA-FSD1/ros2_ws/install/robot_localization/include/robot_localization/robot_localization/srv/detail/set_pose__type_support.hpp
[160.556s] -- Symlinking: /home/starry1n/WUTA-FSD1/ros2_ws/install/robot_localization/include/robot_localization/robot_localization/srv/detail/to_ll__builder.hpp
[160.568s] -- Symlinking: /home/starry1n/WUTA-FSD1/ros2_ws/install/robot_localization/include/robot_localization/robot_localization/srv/detail/to_ll__struct.hpp
[160.582s] -- Symlinking: /home/starry1n/WUTA-FSD1/ros2_ws/install/robot_localization/include/robot_localization/robot_localization/srv/detail/to_ll__traits.hpp
[160.594s] -- Symlinking: /home/starry1n/WUTA-FSD1/ros2_ws/install/robot_localization/include/robot_localization/robot_localization/srv/detail/to_ll__type_support.hpp
[160.605s] -- Symlinking: /home/starry1n/WUTA-FSD1/ros2_ws/install/robot_localization/include/robot_localization/robot_localization/srv/detail/toggle_filter_processing__builder.hpp
[160.618s] -- Symlinking: /home/starry1n/WUTA-FSD1/ros2_ws/install/robot_localization/include/robot_localization/robot_localization/srv/detail/toggle_filter_processing__struct.hpp
[160.633s] -- Symlinking: /home/starry1n/WUTA-FSD1/ros2_ws/install/robot_localization/include/robot_localization/robot_localization/srv/detail/toggle_filter_processing__traits.hpp
[160.642s] -- Symlinking: /home/starry1n/WUTA-FSD1/ros2_ws/install/robot_localization/include/robot_localization/robot_localization/srv/detail/toggle_filter_processing__type_support.hpp
[160.653s] -- Symlinking: /home/starry1n/WUTA-FSD1/ros2_ws/install/robot_localization/include/robot_localization/robot_localization/srv/from_ll.hpp
[160.661s] -- Symlinking: /home/starry1n/WUTA-FSD1/ros2_ws/install/robot_localization/include/robot_localization/robot_localization/srv/get_state.hpp
[160.670s] -- Symlinking: /home/starry1n/WUTA-FSD1/ros2_ws/install/robot_localization/include/robot_localization/robot_localization/srv/set_datum.hpp
[160.682s] -- Symlinking: /home/starry1n/WUTA-FSD1/ros2_ws/install/robot_localization/include/robot_localization/robot_localization/srv/set_pose.hpp
[160.690s] -- Symlinking: /home/starry1n/WUTA-FSD1/ros2_ws/install/robot_localization/include/robot_localization/robot_localization/srv/to_ll.hpp
[160.699s] -- Symlinking: /home/starry1n/WUTA-FSD1/ros2_ws/install/robot_localization/include/robot_localization/robot_localization/srv/toggle_filter_processing.hpp
[160.710s] -- Symlinking: /home/starry1n/WUTA-FSD1/ros2_ws/install/robot_localization/include/robot_localization/robot_localization/msg/rosidl_typesupport_fastrtps_cpp__visibility_control.h
[160.720s] -- Symlinking: /home/starry1n/WUTA-FSD1/ros2_ws/install/robot_localization/include/robot_localization/robot_localization/srv/detail/from_ll__rosidl_typesupport_fastrtps_cpp.hpp
[160.736s] -- Symlinking: /home/starry1n/WUTA-FSD1/ros2_ws/install/robot_localization/include/robot_localization/robot_localization/srv/detail/get_state__rosidl_typesupport_fastrtps_cpp.hpp
[160.748s] -- Symlinking: /home/starry1n/WUTA-FSD1/ros2_ws/install/robot_localization/include/robot_localization/robot_localization/srv/detail/set_datum__rosidl_typesupport_fastrtps_cpp.hpp
[160.759s] -- Symlinking: /home/starry1n/WUTA-FSD1/ros2_ws/install/robot_localization/include/robot_localization/robot_localization/srv/detail/set_pose__rosidl_typesupport_fastrtps_cpp.hpp
[160.767s] -- Symlinking: /home/starry1n/WUTA-FSD1/ros2_ws/install/robot_localization/include/robot_localization/robot_localization/srv/detail/to_ll__rosidl_typesupport_fastrtps_cpp.hpp
[160.777s] -- Symlinking: /home/starry1n/WUTA-FSD1/ros2_ws/install/robot_localization/include/robot_localization/robot_localization/srv/detail/toggle_filter_processing__rosidl_typesupport_fastrtps_cpp.hpp
[160.788s] -- Symlinking: /home/starry1n/WUTA-FSD1/ros2_ws/install/robot_localization/include/robot_localization/robot_localization/msg/rosidl_typesupport_introspection_c__visibility_control.h
[160.799s] -- Symlinking: /home/starry1n/WUTA-FSD1/ros2_ws/install/robot_localization/include/robot_localization/robot_localization/srv/detail/from_ll__rosidl_typesupport_introspection_c.h
[160.811s] -- Symlinking: /home/starry1n/WUTA-FSD1/ros2_ws/install/robot_localization/include/robot_localization/robot_localization/srv/detail/get_state__rosidl_typesupport_introspection_c.h
[160.822s] -- Symlinking: /home/starry1n/WUTA-FSD1/ros2_ws/install/robot_localization/include/robot_localization/robot_localization/srv/detail/set_datum__rosidl_typesupport_introspection_c.h
[160.838s] -- Symlinking: /home/starry1n/WUTA-FSD1/ros2_ws/install/robot_localization/include/robot_localization/robot_localization/srv/detail/set_pose__rosidl_typesupport_introspection_c.h
[160.847s] -- Symlinking: /home/starry1n/WUTA-FSD1/ros2_ws/install/robot_localization/include/robot_localization/robot_localization/srv/detail/to_ll__rosidl_typesupport_introspection_c.h
[160.862s] -- Symlinking: /home/starry1n/WUTA-FSD1/ros2_ws/install/robot_localization/include/robot_localization/robot_localization/srv/detail/toggle_filter_processing__rosidl_typesupport_introspection_c.h
[160.873s] -- Symlinking: /home/starry1n/WUTA-FSD1/ros2_ws/install/robot_localization/include/robot_localization/robot_localization/srv/detail/from_ll__rosidl_typesupport_introspection_cpp.hpp
[160.885s] -- Symlinking: /home/starry1n/WUTA-FSD1/ros2_ws/install/robot_localization/include/robot_localization/robot_localization/srv/detail/get_state__rosidl_typesupport_introspection_cpp.hpp
[160.896s] -- Symlinking: /home/starry1n/WUTA-FSD1/ros2_ws/install/robot_localization/include/robot_localization/robot_localization/srv/detail/set_datum__rosidl_typesupport_introspection_cpp.hpp
[160.906s] -- Symlinking: /home/starry1n/WUTA-FSD1/ros2_ws/install/robot_localization/include/robot_localization/robot_localization/srv/detail/set_pose__rosidl_typesupport_introspection_cpp.hpp
[160.919s] -- Symlinking: /home/starry1n/WUTA-FSD1/ros2_ws/install/robot_localization/include/robot_localization/robot_localization/srv/detail/to_ll__rosidl_typesupport_introspection_cpp.hpp
[160.930s] -- Symlinking: /home/starry1n/WUTA-FSD1/ros2_ws/install/robot_localization/include/robot_localization/robot_localization/srv/detail/toggle_filter_processing__rosidl_typesupport_introspection_cpp.hpp
[160.941s] -- Symlinking: /home/starry1n/WUTA-FSD1/ros2_ws/install/robot_localization/share/robot_localization/environment/pythonpath.sh
[160.953s] -- Symlinking: /home/starry1n/WUTA-FSD1/ros2_ws/install/robot_localization/share/robot_localization/environment/pythonpath.dsv
[160.964s] -- Symlinking: /home/starry1n/WUTA-FSD1/ros2_ws/install/robot_localization/local/lib/python3.10/dist-packages/robot_localization-3.5.4-py3.10.egg-info/PKG-INFO
[160.976s] -- Symlinking: /home/starry1n/WUTA-FSD1/ros2_ws/install/robot_localization/local/lib/python3.10/dist-packages/robot_localization-3.5.4-py3.10.egg-info/SOURCES.txt
[160.985s] -- Symlinking: /home/starry1n/WUTA-FSD1/ros2_ws/install/robot_localization/local/lib/python3.10/dist-packages/robot_localization-3.5.4-py3.10.egg-info/dependency_links.txt
[160.994s] -- Symlinking: /home/starry1n/WUTA-FSD1/ros2_ws/install/robot_localization/local/lib/python3.10/dist-packages/robot_localization-3.5.4-py3.10.egg-info/top_level.txt
[161.007s] -- Symlinking: /home/starry1n/WUTA-FSD1/ros2_ws/install/robot_localization/local/lib/python3.10/dist-packages/robot_localization/__init__.py
[161.016s] -- Symlinking: /home/starry1n/WUTA-FSD1/ros2_ws/install/robot_localization/local/lib/python3.10/dist-packages/robot_localization/_robot_localization_s.ep.rosidl_typesupport_c.c
[161.025s] -- Symlinking: /home/starry1n/WUTA-FSD1/ros2_ws/install/robot_localization/local/lib/python3.10/dist-packages/robot_localization/_robot_localization_s.ep.rosidl_typesupport_fastrtps_c.c
[161.034s] -- Symlinking: /home/starry1n/WUTA-FSD1/ros2_ws/install/robot_localization/local/lib/python3.10/dist-packages/robot_localization/_robot_localization_s.ep.rosidl_typesupport_introspection_c.c
[161.043s] -- Symlinking: /home/starry1n/WUTA-FSD1/ros2_ws/install/robot_localization/local/lib/python3.10/dist-packages/robot_localization/librobot_localization__rosidl_generator_py.so
[161.055s] -- Symlinking: /home/starry1n/WUTA-FSD1/ros2_ws/install/robot_localization/local/lib/python3.10/dist-packages/robot_localization/robot_localization_s__rosidl_typesupport_c.cpython-310-x86_64-linux-gnu.so
[161.064s] -- Symlinking: /home/starry1n/WUTA-FSD1/ros2_ws/install/robot_localization/local/lib/python3.10/dist-packages/robot_localization/robot_localization_s__rosidl_typesupport_fastrtps_c.cpython-310-x86_64-linux-gnu.so
[161.072s] -- Symlinking: /home/starry1n/WUTA-FSD1/ros2_ws/install/robot_localization/local/lib/python3.10/dist-packages/robot_localization/robot_localization_s__rosidl_typesupport_introspection_c.cpython-310-x86_64-linux-gnu.so
[161.089s] -- Symlinking: /home/starry1n/WUTA-FSD1/ros2_ws/install/robot_localization/local/lib/python3.10/dist-packages/robot_localization/srv/__init__.py
[161.100s] -- Symlinking: /home/starry1n/WUTA-FSD1/ros2_ws/install/robot_localization/local/lib/python3.10/dist-packages/robot_localization/srv/_from_ll.py
[161.109s] -- Symlinking: /home/starry1n/WUTA-FSD1/ros2_ws/install/robot_localization/local/lib/python3.10/dist-packages/robot_localization/srv/_from_ll_s.c
[161.124s] -- Symlinking: /home/starry1n/WUTA-FSD1/ros2_ws/install/robot_localization/local/lib/python3.10/dist-packages/robot_localization/srv/_get_state.py
[161.134s] -- Symlinking: /home/starry1n/WUTA-FSD1/ros2_ws/install/robot_localization/local/lib/python3.10/dist-packages/robot_localization/srv/_get_state_s.c
[161.143s] -- Symlinking: /home/starry1n/WUTA-FSD1/ros2_ws/install/robot_localization/local/lib/python3.10/dist-packages/robot_localization/srv/_set_datum.py
[161.152s] -- Symlinking: /home/starry1n/WUTA-FSD1/ros2_ws/install/robot_localization/local/lib/python3.10/dist-packages/robot_localization/srv/_set_datum_s.c
[161.160s] -- Symlinking: /home/starry1n/WUTA-FSD1/ros2_ws/install/robot_localization/local/lib/python3.10/dist-packages/robot_localization/srv/_set_pose.py
[161.171s] -- Symlinking: /home/starry1n/WUTA-FSD1/ros2_ws/install/robot_localization/local/lib/python3.10/dist-packages/robot_localization/srv/_set_pose_s.c
[161.181s] -- Symlinking: /home/starry1n/WUTA-FSD1/ros2_ws/install/robot_localization/local/lib/python3.10/dist-packages/robot_localization/srv/_to_ll.py
[161.189s] -- Symlinking: /home/starry1n/WUTA-FSD1/ros2_ws/install/robot_localization/local/lib/python3.10/dist-packages/robot_localization/srv/_to_ll_s.c
[161.197s] -- Symlinking: /home/starry1n/WUTA-FSD1/ros2_ws/install/robot_localization/local/lib/python3.10/dist-packages/robot_localization/srv/_toggle_filter_processing.py
[161.207s] -- Symlinking: /home/starry1n/WUTA-FSD1/ros2_ws/install/robot_localization/local/lib/python3.10/dist-packages/robot_localization/srv/_toggle_filter_processing_s.c
[161.217s] -- Up-to-date symlink: /home/starry1n/WUTA-FSD1/ros2_ws/install/robot_localization/local/lib/python3.10/dist-packages/robot_localization/robot_localization_s__rosidl_typesupport_fastrtps_c.cpython-310-x86_64-linux-gnu.so
[161.218s] -- Up-to-date symlink: /home/starry1n/WUTA-FSD1/ros2_ws/install/robot_localization/local/lib/python3.10/dist-packages/robot_localization/robot_localization_s__rosidl_typesupport_introspection_c.cpython-310-x86_64-linux-gnu.so
[161.219s] -- Up-to-date symlink: /home/starry1n/WUTA-FSD1/ros2_ws/install/robot_localization/local/lib/python3.10/dist-packages/robot_localization/robot_localization_s__rosidl_typesupport_c.cpython-310-x86_64-linux-gnu.so
[161.220s] -- Symlinking: /home/starry1n/WUTA-FSD1/ros2_ws/install/robot_localization/share/ament_index/resource_index/rust_packages/robot_localization
[161.233s] -- Symlinking: /home/starry1n/WUTA-FSD1/ros2_ws/install/robot_localization/share/robot_localization/rust/Cargo.toml
[161.241s] -- Symlinking: /home/starry1n/WUTA-FSD1/ros2_ws/install/robot_localization/share/robot_localization/rust/build.rs
[161.250s] -- Symlinking: /home/starry1n/WUTA-FSD1/ros2_ws/install/robot_localization/share/robot_localization/rust/src/lib.rs
[161.260s] -- Symlinking: /home/starry1n/WUTA-FSD1/ros2_ws/install/robot_localization/share/robot_localization/rust/src/srv.rs
[161.269s] -- Symlinking: /home/starry1n/WUTA-FSD1/ros2_ws/install/robot_localization/share/robot_localization/rust/src/srv/rmw.rs
[161.280s] -- Symlinking: /home/starry1n/WUTA-FSD1/ros2_ws/install/robot_localization/share/robot_localization/srv/FromLL.idl
[161.294s] -- Symlinking: /home/starry1n/WUTA-FSD1/ros2_ws/install/robot_localization/share/robot_localization/srv/GetState.idl
[161.303s] -- Symlinking: /home/starry1n/WUTA-FSD1/ros2_ws/install/robot_localization/share/robot_localization/srv/SetDatum.idl
[161.314s] -- Symlinking: /home/starry1n/WUTA-FSD1/ros2_ws/install/robot_localization/share/robot_localization/srv/SetPose.idl
[161.326s] -- Symlinking: /home/starry1n/WUTA-FSD1/ros2_ws/install/robot_localization/share/robot_localization/srv/ToggleFilterProcessing.idl
[161.334s] -- Symlinking: /home/starry1n/WUTA-FSD1/ros2_ws/install/robot_localization/share/robot_localization/srv/ToLL.idl
[161.345s] -- Symlinking: /home/starry1n/WUTA-FSD1/ros2_ws/install/robot_localization/share/robot_localization/srv/FromLL.srv
[161.354s] -- Symlinking: /home/starry1n/WUTA-FSD1/ros2_ws/install/robot_localization/share/robot_localization/srv/FromLL_Request.msg
[161.364s] -- Symlinking: /home/starry1n/WUTA-FSD1/ros2_ws/install/robot_localization/share/robot_localization/srv/FromLL_Response.msg
[161.371s] -- Symlinking: /home/starry1n/WUTA-FSD1/ros2_ws/install/robot_localization/share/robot_localization/srv/GetState.srv
[161.381s] -- Symlinking: /home/starry1n/WUTA-FSD1/ros2_ws/install/robot_localization/share/robot_localization/srv/GetState_Request.msg
[161.393s] -- Symlinking: /home/starry1n/WUTA-FSD1/ros2_ws/install/robot_localization/share/robot_localization/srv/GetState_Response.msg
[161.401s] -- Symlinking: /home/starry1n/WUTA-FSD1/ros2_ws/install/robot_localization/share/robot_localization/srv/SetDatum.srv
[161.414s] -- Symlinking: /home/starry1n/WUTA-FSD1/ros2_ws/install/robot_localization/share/robot_localization/srv/SetDatum_Request.msg
[161.424s] -- Symlinking: /home/starry1n/WUTA-FSD1/ros2_ws/install/robot_localization/share/robot_localization/srv/SetDatum_Response.msg
[161.435s] -- Symlinking: /home/starry1n/WUTA-FSD1/ros2_ws/install/robot_localization/share/robot_localization/srv/SetPose.srv
[161.445s] -- Symlinking: /home/starry1n/WUTA-FSD1/ros2_ws/install/robot_localization/share/robot_localization/srv/SetPose_Request.msg
[161.454s] -- Symlinking: /home/starry1n/WUTA-FSD1/ros2_ws/install/robot_localization/share/robot_localization/srv/SetPose_Response.msg
[161.462s] -- Symlinking: /home/starry1n/WUTA-FSD1/ros2_ws/install/robot_localization/share/robot_localization/srv/ToggleFilterProcessing.srv
[161.475s] -- Symlinking: /home/starry1n/WUTA-FSD1/ros2_ws/install/robot_localization/share/robot_localization/srv/ToggleFilterProcessing_Request.msg
[161.485s] -- Symlinking: /home/starry1n/WUTA-FSD1/ros2_ws/install/robot_localization/share/robot_localization/srv/ToggleFilterProcessing_Response.msg
[161.493s] -- Symlinking: /home/starry1n/WUTA-FSD1/ros2_ws/install/robot_localization/share/robot_localization/srv/ToLL.srv
[161.504s] -- Symlinking: /home/starry1n/WUTA-FSD1/ros2_ws/install/robot_localization/share/robot_localization/srv/ToLL_Request.msg
[161.512s] -- Symlinking: /home/starry1n/WUTA-FSD1/ros2_ws/install/robot_localization/share/robot_localization/srv/ToLL_Response.msg
[161.521s] -- Symlinking: /home/starry1n/WUTA-FSD1/ros2_ws/install/robot_localization/lib/robot_localization/filter_base-test
[161.532s] -- Symlinking: /home/starry1n/WUTA-FSD1/ros2_ws/install/robot_localization/lib/robot_localization/test_filter_base_diagnostics_timestamps
[161.542s] -- Symlinking: /home/starry1n/WUTA-FSD1/ros2_ws/install/robot_localization/lib/robot_localization/test_ekf
[161.551s] -- Symlinking: /home/starry1n/WUTA-FSD1/ros2_ws/install/robot_localization/lib/robot_localization/test_ekf_localization_node_interfaces
[161.565s] -- Symlinking: /home/starry1n/WUTA-FSD1/ros2_ws/install/robot_localization/lib/robot_localization/test_ukf
[161.574s] -- Symlinking: /home/starry1n/WUTA-FSD1/ros2_ws/install/robot_localization/lib/robot_localization/test_ukf_localization_node_interfaces
[161.582s] -- Symlinking: /home/starry1n/WUTA-FSD1/ros2_ws/install/robot_localization/lib/robot_localization/test_robot_localization_estimator
[161.591s] -- Symlinking: /home/starry1n/WUTA-FSD1/ros2_ws/install/robot_localization/lib/robot_localization/test_navsat_conversions
[161.602s] -- Symlinking: /home/starry1n/WUTA-FSD1/ros2_ws/install/robot_localization/lib/robot_localization/test_ros_robot_localization_listener
[161.615s] -- Symlinking: /home/starry1n/WUTA-FSD1/ros2_ws/install/robot_localization/lib/robot_localization/test_ros_robot_localization_listener_publisher
[161.628s] -- Symlinking: /home/starry1n/WUTA-FSD1/ros2_ws/install/robot_localization/lib/robot_localization/navsat_transform_node
[161.638s] -- Symlinking: /home/starry1n/WUTA-FSD1/ros2_ws/install/robot_localization/lib/robot_localization/ekf_node
[161.650s] -- Symlinking: /home/starry1n/WUTA-FSD1/ros2_ws/install/robot_localization/lib/robot_localization/ukf_node
[161.662s] -- Symlinking: /home/starry1n/WUTA-FSD1/ros2_ws/install/robot_localization/lib/robot_localization/robot_localization_listener_node
[161.672s] -- Symlinking: /home/starry1n/WUTA-FSD1/ros2_ws/install/robot_localization/lib/librl_lib.so
[161.681s] -- Symlinking: /home/starry1n/WUTA-FSD1/ros2_ws/install/robot_localization/share/ament_index/resource_index/package_run_dependencies/robot_localization
[161.692s] -- Symlinking: /home/starry1n/WUTA-FSD1/ros2_ws/install/robot_localization/share/ament_index/resource_index/parent_prefix_path/robot_localization
[161.700s] -- Symlinking: /home/starry1n/WUTA-FSD1/ros2_ws/install/robot_localization/share/robot_localization/environment/ament_prefix_path.sh
[161.710s] -- Symlinking: /home/starry1n/WUTA-FSD1/ros2_ws/install/robot_localization/share/robot_localization/environment/ament_prefix_path.dsv
[161.721s] -- Symlinking: /home/starry1n/WUTA-FSD1/ros2_ws/install/robot_localization/share/robot_localization/environment/path.sh
[161.736s] -- Symlinking: /home/starry1n/WUTA-FSD1/ros2_ws/install/robot_localization/share/robot_localization/environment/path.dsv
[161.744s] -- Symlinking: /home/starry1n/WUTA-FSD1/ros2_ws/install/robot_localization/share/robot_localization/local_setup.bash
[161.756s] -- Symlinking: /home/starry1n/WUTA-FSD1/ros2_ws/install/robot_localization/share/robot_localization/local_setup.sh
[161.765s] -- Symlinking: /home/starry1n/WUTA-FSD1/ros2_ws/install/robot_localization/share/robot_localization/local_setup.zsh
[161.774s] -- Symlinking: /home/starry1n/WUTA-FSD1/ros2_ws/install/robot_localization/share/robot_localization/local_setup.dsv
[161.783s] -- Symlinking: /home/starry1n/WUTA-FSD1/ros2_ws/install/robot_localization/share/robot_localization/package.dsv
[161.793s] -- Symlinking: /home/starry1n/WUTA-FSD1/ros2_ws/install/robot_localization/share/ament_index/resource_index/packages/robot_localization
[161.807s] -- Symlinking: /home/starry1n/WUTA-FSD1/ros2_ws/install/robot_localization/share/robot_localization/cmake/rosidl_cmake-extras.cmake
[161.817s] -- Symlinking: /home/starry1n/WUTA-FSD1/ros2_ws/install/robot_localization/share/robot_localization/cmake/ament_cmake_export_dependencies-extras.cmake
[161.829s] -- Symlinking: /home/starry1n/WUTA-FSD1/ros2_ws/install/robot_localization/share/robot_localization/cmake/ament_cmake_export_include_directories-extras.cmake
[161.838s] -- Symlinking: /home/starry1n/WUTA-FSD1/ros2_ws/install/robot_localization/share/robot_localization/cmake/ament_cmake_export_libraries-extras.cmake
[161.847s] -- Symlinking: /home/starry1n/WUTA-FSD1/ros2_ws/install/robot_localization/share/robot_localization/cmake/ament_cmake_export_targets-extras.cmake
[161.863s] -- Symlinking: /home/starry1n/WUTA-FSD1/ros2_ws/install/robot_localization/share/robot_localization/cmake/rosidl_cmake_export_typesupport_targets-extras.cmake
[161.873s] -- Symlinking: /home/starry1n/WUTA-FSD1/ros2_ws/install/robot_localization/share/robot_localization/cmake/rosidl_cmake_export_typesupport_libraries-extras.cmake
[161.883s] -- Symlinking: /home/starry1n/WUTA-FSD1/ros2_ws/install/robot_localization/share/robot_localization/cmake/rosidl_cmake_aggregate_target-extras.cmake
[161.894s] -- Symlinking: /home/starry1n/WUTA-FSD1/ros2_ws/install/robot_localization/share/robot_localization/cmake/robot_localizationConfig.cmake
[161.903s] -- Symlinking: /home/starry1n/WUTA-FSD1/ros2_ws/install/robot_localization/share/robot_localization/cmake/robot_localizationConfig-version.cmake
[161.916s] -- Symlinking: /home/starry1n/WUTA-FSD1/ros2_ws/install/robot_localization/share/robot_localization/package.xml
[161.928s] -- Installing: /home/starry1n/WUTA-FSD1/ros2_ws/install/robot_localization/lib/librobot_localization__rosidl_generator_c.so
[161.930s] -- Set non-toolchain portion of runtime path of "/home/starry1n/WUTA-FSD1/ros2_ws/install/robot_localization/lib/librobot_localization__rosidl_generator_c.so" to ""
[161.930s] -- Installing: /home/starry1n/WUTA-FSD1/ros2_ws/install/robot_localization/lib/librobot_localization__rosidl_typesupport_fastrtps_c.so
[161.933s] -- Set non-toolchain portion of runtime path of "/home/starry1n/WUTA-FSD1/ros2_ws/install/robot_localization/lib/librobot_localization__rosidl_typesupport_fastrtps_c.so" to ""
[161.933s] -- Installing: /home/starry1n/WUTA-FSD1/ros2_ws/install/robot_localization/lib/librobot_localization__rosidl_typesupport_fastrtps_cpp.so
[161.936s] -- Set non-toolchain portion of runtime path of "/home/starry1n/WUTA-FSD1/ros2_ws/install/robot_localization/lib/librobot_localization__rosidl_typesupport_fastrtps_cpp.so" to ""
[161.936s] -- Installing: /home/starry1n/WUTA-FSD1/ros2_ws/install/robot_localization/lib/librobot_localization__rosidl_typesupport_introspection_c.so
[161.938s] -- Set non-toolchain portion of runtime path of "/home/starry1n/WUTA-FSD1/ros2_ws/install/robot_localization/lib/librobot_localization__rosidl_typesupport_introspection_c.so" to ""
[161.938s] -- Installing: /home/starry1n/WUTA-FSD1/ros2_ws/install/robot_localization/lib/librobot_localization__rosidl_typesupport_c.so
[161.939s] -- Set non-toolchain portion of runtime path of "/home/starry1n/WUTA-FSD1/ros2_ws/install/robot_localization/lib/librobot_localization__rosidl_typesupport_c.so" to ""
[161.939s] -- Installing: /home/starry1n/WUTA-FSD1/ros2_ws/install/robot_localization/lib/librobot_localization__rosidl_typesupport_introspection_cpp.so
[161.941s] -- Set non-toolchain portion of runtime path of "/home/starry1n/WUTA-FSD1/ros2_ws/install/robot_localization/lib/librobot_localization__rosidl_typesupport_introspection_cpp.so" to ""
[161.941s] -- Installing: /home/starry1n/WUTA-FSD1/ros2_ws/install/robot_localization/lib/librobot_localization__rosidl_typesupport_cpp.so
[161.942s] -- Set non-toolchain portion of runtime path of "/home/starry1n/WUTA-FSD1/ros2_ws/install/robot_localization/lib/librobot_localization__rosidl_typesupport_cpp.so" to ""
[161.999s] Listing '/home/starry1n/WUTA-FSD1/ros2_ws/install/robot_localization/local/lib/python3.10/dist-packages/robot_localization'...
[161.999s] Compiling '/home/starry1n/WUTA-FSD1/ros2_ws/install/robot_localization/local/lib/python3.10/dist-packages/robot_localization/__init__.py'...
[162.000s] Listing '/home/starry1n/WUTA-FSD1/ros2_ws/install/robot_localization/local/lib/python3.10/dist-packages/robot_localization/srv'...
[162.000s] Compiling '/home/starry1n/WUTA-FSD1/ros2_ws/install/robot_localization/local/lib/python3.10/dist-packages/robot_localization/srv/__init__.py'...
[162.000s] Compiling '/home/starry1n/WUTA-FSD1/ros2_ws/install/robot_localization/local/lib/python3.10/dist-packages/robot_localization/srv/_from_ll.py'...
[162.000s] Compiling '/home/starry1n/WUTA-FSD1/ros2_ws/install/robot_localization/local/lib/python3.10/dist-packages/robot_localization/srv/_get_state.py'...
[162.000s] Compiling '/home/starry1n/WUTA-FSD1/ros2_ws/install/robot_localization/local/lib/python3.10/dist-packages/robot_localization/srv/_set_datum.py'...
[162.000s] Compiling '/home/starry1n/WUTA-FSD1/ros2_ws/install/robot_localization/local/lib/python3.10/dist-packages/robot_localization/srv/_set_pose.py'...
[162.000s] Compiling '/home/starry1n/WUTA-FSD1/ros2_ws/install/robot_localization/local/lib/python3.10/dist-packages/robot_localization/srv/_to_ll.py'...
[162.000s] Compiling '/home/starry1n/WUTA-FSD1/ros2_ws/install/robot_localization/local/lib/python3.10/dist-packages/robot_localization/srv/_toggle_filter_processing.py'...
[162.005s] -- Installing: /home/starry1n/WUTA-FSD1/ros2_ws/install/robot_localization/lib/librobot_localization__rosidl_generator_py.so
[162.007s] -- Set non-toolchain portion of runtime path of "/home/starry1n/WUTA-FSD1/ros2_ws/install/robot_localization/lib/librobot_localization__rosidl_generator_py.so" to ""
[162.007s] -- Installing: /home/starry1n/WUTA-FSD1/ros2_ws/install/robot_localization/share/robot_localization/test
[162.007s] -- Installing: /home/starry1n/WUTA-FSD1/ros2_ws/install/robot_localization/share/robot_localization/test/test_ekf_localization_node_bag3.launch.py
[162.007s] -- Installing: /home/starry1n/WUTA-FSD1/ros2_ws/install/robot_localization/share/robot_localization/test/test_ekf_localization_node_bag2.sh
[162.007s] -- Installing: /home/starry1n/WUTA-FSD1/ros2_ws/install/robot_localization/share/robot_localization/test/test3.bag
[162.033s] -- Installing: /home/starry1n/WUTA-FSD1/ros2_ws/install/robot_localization/share/robot_localization/test/test_ukf_localization_node_bag2.launch.py
[162.033s] -- Installing: /home/starry1n/WUTA-FSD1/ros2_ws/install/robot_localization/share/robot_localization/test/test_ros_robot_localization_listener.cpp
[162.033s] -- Installing: /home/starry1n/WUTA-FSD1/ros2_ws/install/robot_localization/share/robot_localization/test/test_ekf_localization_node_bag1.sh
[162.033s] -- Installing: /home/starry1n/WUTA-FSD1/ros2_ws/install/robot_localization/share/robot_localization/test/test_ukf_localization_node_bag3.yaml
[162.034s] -- Installing: /home/starry1n/WUTA-FSD1/ros2_ws/install/robot_localization/share/robot_localization/test/test_ekf_localization_node_interfaces.cpp
[162.034s] -- Installing: /home/starry1n/WUTA-FSD1/ros2_ws/install/robot_localization/share/robot_localization/test/test_ros_robot_localization_listener_publisher.cpp
[162.034s] -- Installing: /home/starry1n/WUTA-FSD1/ros2_ws/install/robot_localization/share/robot_localization/test/test_localization_node_bag_pose_tester.cpp
[162.034s] -- Installing: /home/starry1n/WUTA-FSD1/ros2_ws/install/robot_localization/share/robot_localization/test/test_filter_base.cpp
[162.034s] -- Installing: /home/starry1n/WUTA-FSD1/ros2_ws/install/robot_localization/share/robot_localization/test/test_ekf_localization_node_bag1.launch.py
[162.034s] -- Installing: /home/starry1n/WUTA-FSD1/ros2_ws/install/robot_localization/share/robot_localization/test/test1.bag
[162.036s] -- Installing: /home/starry1n/WUTA-FSD1/ros2_ws/install/robot_localization/share/robot_localization/test/test_ros_robot_localization_listener.yaml
[162.036s] -- Installing: /home/starry1n/WUTA-FSD1/ros2_ws/install/robot_localization/share/robot_localization/test/test_ros_robot_localization_listener.launch.py
[162.036s] -- Installing: /home/starry1n/WUTA-FSD1/ros2_ws/install/robot_localization/share/robot_localization/test/test_robot_localization_estimator.launch.py
[162.036s] -- Installing: /home/starry1n/WUTA-FSD1/ros2_ws/install/robot_localization/share/robot_localization/test/test_ukf_localization_node_bag2.sh
[162.036s] -- Installing: /home/starry1n/WUTA-FSD1/ros2_ws/install/robot_localization/share/robot_localization/test/test_ukf_localization_node_bag1.launch.py
[162.036s] -- Installing: /home/starry1n/WUTA-FSD1/ros2_ws/install/robot_localization/share/robot_localization/test/test_filter_base_diagnostics_timestamps.yaml
[162.037s] -- Installing: /home/starry1n/WUTA-FSD1/ros2_ws/install/robot_localization/share/robot_localization/test/test_ukf_localization_node_bag3.sh
[162.037s] -- Installing: /home/starry1n/WUTA-FSD1/ros2_ws/install/robot_localization/share/robot_localization/test/test_ekf.cpp
[162.037s] -- Installing: /home/starry1n/WUTA-FSD1/ros2_ws/install/robot_localization/share/robot_localization/test/test_ekf_localization_node_bag2.yaml
[162.037s] -- Installing: /home/starry1n/WUTA-FSD1/ros2_ws/install/robot_localization/share/robot_localization/test/test_ekf_localization_node_bag3.yaml
[162.037s] -- Installing: /home/starry1n/WUTA-FSD1/ros2_ws/install/robot_localization/share/robot_localization/test/test_ekf_localization_node_interfaces.yaml
[162.037s] -- Installing: /home/starry1n/WUTA-FSD1/ros2_ws/install/robot_localization/share/robot_localization/test/test_ukf_localization_node_bag2.yaml
[162.037s] -- Installing: /home/starry1n/WUTA-FSD1/ros2_ws/install/robot_localization/share/robot_localization/test/test_ukf_localization_node_bag1.sh
[162.037s] -- Installing: /home/starry1n/WUTA-FSD1/ros2_ws/install/robot_localization/share/robot_localization/test/test_ekf_localization_node_interfaces.launch.py
[162.038s] -- Installing: /home/starry1n/WUTA-FSD1/ros2_ws/install/robot_localization/share/robot_localization/test/test_ukf_localization_node_interfaces.yaml
[162.038s] -- Installing: /home/starry1n/WUTA-FSD1/ros2_ws/install/robot_localization/share/robot_localization/test/test_ukf_localization_node_interfaces.launch.py
[162.038s] -- Installing: /home/starry1n/WUTA-FSD1/ros2_ws/install/robot_localization/share/robot_localization/test/test_filter_base_diagnostics_timestamps.cpp
[162.038s] -- Installing: /home/starry1n/WUTA-FSD1/ros2_ws/install/robot_localization/share/robot_localization/test/test_ukf_localization_node_bag1.yaml
[162.039s] -- Installing: /home/starry1n/WUTA-FSD1/ros2_ws/install/robot_localization/share/robot_localization/test/test2.bag
[162.039s] -- Installing: /home/starry1n/WUTA-FSD1/ros2_ws/install/robot_localization/share/robot_localization/test/test_navsat_conversions.cpp
[162.039s] -- Installing: /home/starry1n/WUTA-FSD1/ros2_ws/install/robot_localization/share/robot_localization/test/test_ekf_localization_node_bag3.sh
[162.039s] -- Installing: /home/starry1n/WUTA-FSD1/ros2_ws/install/robot_localization/share/robot_localization/test/test_ekf_localization_node_bag2.launch.py
[162.039s] -- Installing: /home/starry1n/WUTA-FSD1/ros2_ws/install/robot_localization/share/robot_localization/test/test_ukf.cpp
[162.039s] -- Installing: /home/starry1n/WUTA-FSD1/ros2_ws/install/robot_localization/share/robot_localization/test/test_filter_base_diagnostics_timestamps.launch.py
[162.039s] -- Installing: /home/starry1n/WUTA-FSD1/ros2_ws/install/robot_localization/share/robot_localization/test/test_ukf_localization_node_interfaces.cpp
[162.039s] -- Installing: /home/starry1n/WUTA-FSD1/ros2_ws/install/robot_localization/share/robot_localization/test/test_ekf_localization_node_bag1.yaml
[162.039s] -- Installing: /home/starry1n/WUTA-FSD1/ros2_ws/install/robot_localization/share/robot_localization/test/test_robot_localization_estimator.cpp
[162.039s] -- Installing: /home/starry1n/WUTA-FSD1/ros2_ws/install/robot_localization/share/robot_localization/test/test_ukf_localization_node_bag3.launch.py
[162.039s] -- Up-to-date: /home/starry1n/WUTA-FSD1/ros2_ws/install/robot_localization/include/robot_localization
[162.040s] -- Up-to-date: /home/starry1n/WUTA-FSD1/ros2_ws/install/robot_localization/include/robot_localization/robot_localization
[162.040s] -- Installing: /home/starry1n/WUTA-FSD1/ros2_ws/install/robot_localization/include/robot_localization/robot_localization/filter_base.hpp
[162.040s] -- Installing: /home/starry1n/WUTA-FSD1/ros2_ws/install/robot_localization/include/robot_localization/robot_localization/ukf.hpp
[162.040s] -- Installing: /home/starry1n/WUTA-FSD1/ros2_ws/install/robot_localization/include/robot_localization/robot_localization/ros_filter_utilities.hpp
[162.041s] -- Installing: /home/starry1n/WUTA-FSD1/ros2_ws/install/robot_localization/include/robot_localization/robot_localization/filter_common.hpp
[162.041s] -- Installing: /home/starry1n/WUTA-FSD1/ros2_ws/install/robot_localization/include/robot_localization/robot_localization/measurement.hpp
[162.041s] -- Installing: /home/starry1n/WUTA-FSD1/ros2_ws/install/robot_localization/include/robot_localization/robot_localization/ekf.hpp
[162.041s] -- Installing: /home/starry1n/WUTA-FSD1/ros2_ws/install/robot_localization/include/robot_localization/robot_localization/navsat_transform.hpp
[162.041s] -- Installing: /home/starry1n/WUTA-FSD1/ros2_ws/install/robot_localization/include/robot_localization/robot_localization/ros_filter.hpp
[162.042s] -- Installing: /home/starry1n/WUTA-FSD1/ros2_ws/install/robot_localization/include/robot_localization/robot_localization/ros_filter_types.hpp
[162.042s] -- Installing: /home/starry1n/WUTA-FSD1/ros2_ws/install/robot_localization/include/robot_localization/robot_localization/ros_robot_localization_listener.hpp
[162.042s] -- Installing: /home/starry1n/WUTA-FSD1/ros2_ws/install/robot_localization/include/robot_localization/robot_localization/navsat_conversions.hpp
[162.042s] -- Installing: /home/starry1n/WUTA-FSD1/ros2_ws/install/robot_localization/include/robot_localization/robot_localization/filter_state.hpp
[162.042s] -- Installing: /home/starry1n/WUTA-FSD1/ros2_ws/install/robot_localization/include/robot_localization/robot_localization/filter_utilities.hpp
[162.042s] -- Installing: /home/starry1n/WUTA-FSD1/ros2_ws/install/robot_localization/include/robot_localization/robot_localization/robot_localization_estimator.hpp
[162.042s] -- Installing: /home/starry1n/WUTA-FSD1/ros2_ws/install/robot_localization/share/robot_localization/params
[162.042s] -- Installing: /home/starry1n/WUTA-FSD1/ros2_ws/install/robot_localization/share/robot_localization/params/ukf.yaml
[162.042s] -- Installing: /home/starry1n/WUTA-FSD1/ros2_ws/install/robot_localization/share/robot_localization/params/dual_ekf_navsat_example.yaml
[162.042s] -- Installing: /home/starry1n/WUTA-FSD1/ros2_ws/install/robot_localization/share/robot_localization/params/ekf.yaml
[162.042s] -- Installing: /home/starry1n/WUTA-FSD1/ros2_ws/install/robot_localization/share/robot_localization/params/navsat_transform.yaml
[162.042s] -- Installing: /home/starry1n/WUTA-FSD1/ros2_ws/install/robot_localization/share/robot_localization/launch
[162.042s] -- Installing: /home/starry1n/WUTA-FSD1/ros2_ws/install/robot_localization/share/robot_localization/launch/ekf.launch.py
[162.042s] -- Installing: /home/starry1n/WUTA-FSD1/ros2_ws/install/robot_localization/share/robot_localization/launch/ukf.launch.py
[162.042s] -- Installing: /home/starry1n/WUTA-FSD1/ros2_ws/install/robot_localization/share/robot_localization/launch/dual_ekf_navsat_example.launch.py
[162.043s] -- Installing: /home/starry1n/WUTA-FSD1/ros2_ws/install/robot_localization/share/robot_localization/launch/navsat_transform.launch.py
[162.043s] -- Installing: /home/starry1n/WUTA-FSD1/ros2_ws/install/robot_localization/share/robot_localization/cmake/export_robot_localization__rosidl_generator_cExport.cmake
[162.043s] -- Installing: /home/starry1n/WUTA-FSD1/ros2_ws/install/robot_localization/share/robot_localization/cmake/export_robot_localization__rosidl_generator_cExport-relwithdebinfo.cmake
[162.043s] -- Installing: /home/starry1n/WUTA-FSD1/ros2_ws/install/robot_localization/share/robot_localization/cmake/export_robot_localization__rosidl_typesupport_fastrtps_cExport.cmake
[162.044s] -- Installing: /home/starry1n/WUTA-FSD1/ros2_ws/install/robot_localization/share/robot_localization/cmake/export_robot_localization__rosidl_typesupport_fastrtps_cExport-relwithdebinfo.cmake
[162.045s] -- Installing: /home/starry1n/WUTA-FSD1/ros2_ws/install/robot_localization/share/robot_localization/cmake/export_robot_localization__rosidl_generator_cppExport.cmake
[162.045s] -- Installing: /home/starry1n/WUTA-FSD1/ros2_ws/install/robot_localization/share/robot_localization/cmake/export_robot_localization__rosidl_typesupport_fastrtps_cppExport.cmake
[162.046s] -- Installing: /home/starry1n/WUTA-FSD1/ros2_ws/install/robot_localization/share/robot_localization/cmake/export_robot_localization__rosidl_typesupport_fastrtps_cppExport-relwithdebinfo.cmake
[162.046s] -- Installing: /home/starry1n/WUTA-FSD1/ros2_ws/install/robot_localization/share/robot_localization/cmake/robot_localization__rosidl_typesupport_introspection_cExport.cmake
[162.047s] -- Installing: /home/starry1n/WUTA-FSD1/ros2_ws/install/robot_localization/share/robot_localization/cmake/robot_localization__rosidl_typesupport_introspection_cExport-relwithdebinfo.cmake
[162.047s] -- Installing: /home/starry1n/WUTA-FSD1/ros2_ws/install/robot_localization/share/robot_localization/cmake/robot_localization__rosidl_typesupport_cExport.cmake
[162.048s] -- Installing: /home/starry1n/WUTA-FSD1/ros2_ws/install/robot_localization/share/robot_localization/cmake/robot_localization__rosidl_typesupport_cExport-relwithdebinfo.cmake
[162.048s] -- Installing: /home/starry1n/WUTA-FSD1/ros2_ws/install/robot_localization/share/robot_localization/cmake/robot_localization__rosidl_typesupport_introspection_cppExport.cmake
[162.049s] -- Installing: /home/starry1n/WUTA-FSD1/ros2_ws/install/robot_localization/share/robot_localization/cmake/robot_localization__rosidl_typesupport_introspection_cppExport-relwithdebinfo.cmake
[162.049s] -- Installing: /home/starry1n/WUTA-FSD1/ros2_ws/install/robot_localization/share/robot_localization/cmake/robot_localization__rosidl_typesupport_cppExport.cmake
[162.049s] -- Installing: /home/starry1n/WUTA-FSD1/ros2_ws/install/robot_localization/share/robot_localization/cmake/robot_localization__rosidl_typesupport_cppExport-relwithdebinfo.cmake
[162.050s] -- Installing: /home/starry1n/WUTA-FSD1/ros2_ws/install/robot_localization/share/robot_localization/cmake/export_robot_localization__rosidl_generator_pyExport.cmake
[162.050s] -- Installing: /home/starry1n/WUTA-FSD1/ros2_ws/install/robot_localization/share/robot_localization/cmake/export_robot_localization__rosidl_generator_pyExport-relwithdebinfo.cmake
[162.055s] Invoked command in '/home/starry1n/WUTA-FSD1/ros2_ws/build/robot_localization' returned '0': CMAKE_PREFIX_PATH=/opt/ros/humble /usr/bin/cmake --install /home/starry1n/WUTA-FSD1/ros2_ws/build/robot_localization
