[0.061s] Invoking command in '/home/wuta/WUTA/WUTA-FSD/ros2_ws/build/cone_map_builder': AMENT_PREFIX_PATH=/home/wuta/WUTA/WUTA-FSD/ros2_ws/install/wuta_msgs:${AMENT_PREFIX_PATH} CMAKE_PREFIX_PATH=/home/wuta/WUTA/WUTA-FSD/ros2_ws/install/wuta_msgs:/opt/ros/humble LD_LIBRARY_PATH=/home/wuta/WUTA/WUTA-FSD/ros2_ws/install/wuta_msgs/lib:${LD_LIBRARY_PATH} PYTHONPATH=/home/wuta/WUTA/WUTA-FSD/ros2_ws/install/wuta_msgs/local/lib/python3.10/dist-packages:${PYTHONPATH} /home/wuta/.local/bin/cmake /home/wuta/WUTA/WUTA-FSD/ros2_ws/src/mapping/cone_map_builder -DAMENT_CMAKE_SYMLINK_INSTALL=1 -DCMAKE_INSTALL_PREFIX=/home/wuta/WUTA/WUTA-FSD/ros2_ws/install/cone_map_builder
[0.288s] CMake Deprecation Warning at CMakeLists.txt:1 (cmake_minimum_required):
[0.288s]   Compatibility with CMake < 3.10 will be removed from a future version of
[0.289s]   CMake.
[0.289s] 
[0.289s]   Update the VERSION argument <min> value.  Or, use the <min>...<max> syntax
[0.289s]   to tell CMake that the project requires at least <min> but has been updated
[0.289s]   to work with policies introduced by <max> or earlier.
[0.289s] 
[0.289s] 
[0.470s] -- The C compiler identification is GNU 12.3.0
[0.738s] -- The CXX compiler identification is GNU 12.3.0
[0.760s] -- Detecting C compiler ABI info
[0.949s] -- Detecting C compiler ABI info - done
[1.000s] -- Check for working C compiler: /usr/bin/cc - skipped
[1.001s] -- Detecting C compile features
[1.001s] -- Detecting C compile features - done
[1.028s] -- Detecting CXX compiler ABI info
[1.325s] -- Detecting CXX compiler ABI info - done
[1.409s] -- Check for working CXX compiler: /usr/bin/c++ - skipped
[1.409s] -- Detecting CXX compile features
[1.409s] -- Detecting CXX compile features - done
[1.438s] -- Found ament_cmake: 1.3.14 (/opt/ros/humble/share/ament_cmake/cmake)
[1.968s] -- Found Python3: /usr/bin/python3 (found version "3.10.12") found components: Interpreter
[2.131s] -- Override CMake install command with custom implementation using symlinks instead of copying resources
[2.218s] -- Found rclcpp: 16.0.19 (/opt/ros/humble/share/rclcpp/cmake)
[2.332s] -- Found rosidl_generator_c: 3.1.8 (/opt/ros/humble/share/rosidl_generator_c/cmake)
[2.344s] -- Found rosidl_adapter: 3.1.8 (/opt/ros/humble/share/rosidl_adapter/cmake)
[2.367s] -- Found rosidl_generator_cpp: 3.1.8 (/opt/ros/humble/share/rosidl_generator_cpp/cmake)
[2.404s] -- Using all available rosidl_typesupport_c: rosidl_typesupport_fastrtps_c;rosidl_typesupport_introspection_c
[2.451s] -- Using all available rosidl_typesupport_cpp: rosidl_typesupport_fastrtps_cpp;rosidl_typesupport_introspection_cpp
[2.579s] -- Found rmw_implementation_cmake: 6.1.2 (/opt/ros/humble/share/rmw_implementation_cmake/cmake)
[2.584s] -- Found rmw_fastrtps_cpp: 6.2.10 (/opt/ros/humble/share/rmw_fastrtps_cpp/cmake)
[2.821s] -- Found OpenSSL: /usr/lib/x86_64-linux-gnu/libcrypto.so (found version "3.0.2")
[2.952s] -- Found FastRTPS: /opt/ros/humble/include
[3.099s] -- Using RMW implementation 'rmw_fastrtps_cpp' as default
[3.120s] -- Performing Test CMAKE_HAVE_LIBC_PTHREAD
[3.351s] -- Performing Test CMAKE_HAVE_LIBC_PTHREAD - Success
[3.354s] -- Found Threads: TRUE
[3.553s] -- Found geometry_msgs: 4.9.1 (/opt/ros/humble/share/geometry_msgs/cmake)
[3.605s] -- Found visualization_msgs: 4.9.1 (/opt/ros/humble/share/visualization_msgs/cmake)
[3.810s] -- Found tf2_ros: 0.25.20 (/opt/ros/humble/share/tf2_ros/cmake)
[4.196s] -- Found tf2_geometry_msgs: 0.25.20 (/opt/ros/humble/share/tf2_geometry_msgs/cmake)
[4.215s] -- Found eigen3_cmake_module: 0.1.1 (/opt/ros/humble/share/eigen3_cmake_module/cmake)
[4.215s] -- Found Eigen3: TRUE (found version "3.4.0")
[4.216s] -- Ensuring Eigen3 include directory is part of orocos-kdl CMake target
[4.225s] -- Found wuta_msgs: 1.0.0 (/home/wuta/WUTA/WUTA-FSD/ros2_ws/install/wuta_msgs/share/wuta_msgs/cmake)
[4.484s] -- Configuring done (4.2s)
[4.603s] -- Generating done (0.1s)
[4.642s] -- Build files have been written to: /home/wuta/WUTA/WUTA-FSD/ros2_ws/build/cone_map_builder
[4.662s] Invoked command in '/home/wuta/WUTA/WUTA-FSD/ros2_ws/build/cone_map_builder' returned '0': AMENT_PREFIX_PATH=/home/wuta/WUTA/WUTA-FSD/ros2_ws/install/wuta_msgs:${AMENT_PREFIX_PATH} CMAKE_PREFIX_PATH=/home/wuta/WUTA/WUTA-FSD/ros2_ws/install/wuta_msgs:/opt/ros/humble LD_LIBRARY_PATH=/home/wuta/WUTA/WUTA-FSD/ros2_ws/install/wuta_msgs/lib:${LD_LIBRARY_PATH} PYTHONPATH=/home/wuta/WUTA/WUTA-FSD/ros2_ws/install/wuta_msgs/local/lib/python3.10/dist-packages:${PYTHONPATH} /home/wuta/.local/bin/cmake /home/wuta/WUTA/WUTA-FSD/ros2_ws/src/mapping/cone_map_builder -DAMENT_CMAKE_SYMLINK_INSTALL=1 -DCMAKE_INSTALL_PREFIX=/home/wuta/WUTA/WUTA-FSD/ros2_ws/install/cone_map_builder
[4.663s] Invoking command in '/home/wuta/WUTA/WUTA-FSD/ros2_ws/build/cone_map_builder': AMENT_PREFIX_PATH=/home/wuta/WUTA/WUTA-FSD/ros2_ws/install/wuta_msgs:${AMENT_PREFIX_PATH} CMAKE_PREFIX_PATH=/home/wuta/WUTA/WUTA-FSD/ros2_ws/install/wuta_msgs:/opt/ros/humble LD_LIBRARY_PATH=/home/wuta/WUTA/WUTA-FSD/ros2_ws/install/wuta_msgs/lib:${LD_LIBRARY_PATH} PYTHONPATH=/home/wuta/WUTA/WUTA-FSD/ros2_ws/install/wuta_msgs/local/lib/python3.10/dist-packages:${PYTHONPATH} /home/wuta/.local/bin/cmake --build /home/wuta/WUTA/WUTA-FSD/ros2_ws/build/cone_map_builder -- -j12 -l12
[5.077s] [ 50%] Building CXX object CMakeFiles/cone_map_builder_node.dir/src/cone_map_builder.cpp.o
[20.914s] [100%] Linking CXX executable cone_map_builder_node
[21.584s] [100%] Built target cone_map_builder_node
