[0.101s] Invoking command in '/home/starry1n/WUTA-FSD1/ros2_ws/build/mission_manager': AMENT_PREFIX_PATH=/home/starry1n/WUTA-FSD1/ros2_ws/install/wuta_msgs:${AMENT_PREFIX_PATH} CMAKE_PREFIX_PATH=/home/starry1n/WUTA-FSD1/ros2_ws/install/wuta_msgs:/opt/ros/humble LD_LIBRARY_PATH=/home/starry1n/WUTA-FSD1/ros2_ws/install/wuta_msgs/lib:${LD_LIBRARY_PATH} PYTHONPATH=/home/starry1n/WUTA-FSD1/ros2_ws/install/wuta_msgs/local/lib/python3.10/dist-packages:${PYTHONPATH} /usr/bin/cmake /home/starry1n/WUTA-FSD1/ros2_ws/src/system/mission_manager -DCMAKE_MODULE_PATH=/home/starry1n/WUTA-FSD1/ros2_ws/cmake -DAMENT_CMAKE_SYMLINK_INSTALL=1 -DCMAKE_INSTALL_PREFIX=/home/starry1n/WUTA-FSD1/ros2_ws/install/mission_manager
[10.328s] -- The C compiler identification is GNU 11.4.0
[10.328s] -- The CXX compiler identification is GNU 11.4.0
[10.328s] -- Detecting C compiler ABI info
[10.328s] -- Detecting C compiler ABI info - done
[10.328s] -- Check for working C compiler: /usr/bin/cc - skipped
[10.328s] -- Detecting C compile features
[10.328s] -- Detecting C compile features - done
[10.328s] -- Detecting CXX compiler ABI info
[10.328s] -- Detecting CXX compiler ABI info - done
[10.328s] -- Check for working CXX compiler: /usr/bin/c++ - skipped
[10.328s] -- Detecting CXX compile features
[10.328s] -- Detecting CXX compile features - done
[10.328s] -- Found ament_cmake: 1.3.14 (/opt/ros/humble/share/ament_cmake/cmake)
[10.328s] -- Found Python3: /usr/bin/python3 (found version "3.10.12") found components: Interpreter
[10.328s] -- Override CMake install command with custom implementation using symlinks instead of copying resources
[10.328s] -- Found rclcpp: 16.0.19 (/opt/ros/humble/share/rclcpp/cmake)
[10.328s] -- Found rosidl_generator_c: 3.1.9 (/opt/ros/humble/share/rosidl_generator_c/cmake)
[10.328s] -- Found rosidl_adapter: 3.1.9 (/opt/ros/humble/share/rosidl_adapter/cmake)
[10.328s] -- Found rosidl_generator_cpp: 3.1.9 (/opt/ros/humble/share/rosidl_generator_cpp/cmake)
[10.328s] -- Using all available rosidl_typesupport_c: rosidl_typesupport_fastrtps_c;rosidl_typesupport_introspection_c
[10.328s] -- Using all available rosidl_typesupport_cpp: rosidl_typesupport_fastrtps_cpp;rosidl_typesupport_introspection_cpp
[10.328s] -- Found rmw_implementation_cmake: 6.1.2 (/opt/ros/humble/share/rmw_implementation_cmake/cmake)
[10.328s] -- Found rmw_fastrtps_cpp: 6.2.10 (/opt/ros/humble/share/rmw_fastrtps_cpp/cmake)
[10.328s] -- Found OpenSSL: /usr/lib/x86_64-linux-gnu/libcrypto.so (found version "3.0.2")
[10.328s] -- Found FastRTPS: /opt/ros/humble/include
[10.328s] -- Using RMW implementation 'rmw_fastrtps_cpp' as default
[10.328s] -- Performing Test CMAKE_HAVE_LIBC_PTHREAD
[10.328s] -- Performing Test CMAKE_HAVE_LIBC_PTHREAD - Success
[10.328s] -- Found Threads: TRUE
[10.328s] -- Found wuta_msgs: 1.0.0 (/home/starry1n/WUTA-FSD1/ros2_ws/install/wuta_msgs/share/wuta_msgs/cmake)
[10.329s] -- Configuring done (4.3s)
[10.329s] -- Generating done (0.0s)
[10.329s] -- Build files have been written to: /home/starry1n/WUTA-FSD1/ros2_ws/build/mission_manager
[10.333s] [0mCMake Deprecation Warning at CMakeLists.txt:1 (cmake_minimum_required):
[10.333s]   Compatibility with CMake < 3.10 will be removed from a future version of
[10.333s]   CMake.
[10.333s] 
[10.333s]   Update the VERSION argument <min> value.  Or, use the <min>...<max> syntax
[10.333s]   to tell CMake that the project requires at least <min> but has been updated
[10.333s]   to work with policies introduced by <max> or earlier.
[10.333s] 
[10.333s] [0m
[10.344s] Invoked command in '/home/starry1n/WUTA-FSD1/ros2_ws/build/mission_manager' returned '0': AMENT_PREFIX_PATH=/home/starry1n/WUTA-FSD1/ros2_ws/install/wuta_msgs:${AMENT_PREFIX_PATH} CMAKE_PREFIX_PATH=/home/starry1n/WUTA-FSD1/ros2_ws/install/wuta_msgs:/opt/ros/humble LD_LIBRARY_PATH=/home/starry1n/WUTA-FSD1/ros2_ws/install/wuta_msgs/lib:${LD_LIBRARY_PATH} PYTHONPATH=/home/starry1n/WUTA-FSD1/ros2_ws/install/wuta_msgs/local/lib/python3.10/dist-packages:${PYTHONPATH} /usr/bin/cmake /home/starry1n/WUTA-FSD1/ros2_ws/src/system/mission_manager -DCMAKE_MODULE_PATH=/home/starry1n/WUTA-FSD1/ros2_ws/cmake -DAMENT_CMAKE_SYMLINK_INSTALL=1 -DCMAKE_INSTALL_PREFIX=/home/starry1n/WUTA-FSD1/ros2_ws/install/mission_manager
[10.350s] Invoking command in '/home/starry1n/WUTA-FSD1/ros2_ws/build/mission_manager': AMENT_PREFIX_PATH=/home/starry1n/WUTA-FSD1/ros2_ws/install/wuta_msgs:${AMENT_PREFIX_PATH} CMAKE_PREFIX_PATH=/home/starry1n/WUTA-FSD1/ros2_ws/install/wuta_msgs:/opt/ros/humble LD_LIBRARY_PATH=/home/starry1n/WUTA-FSD1/ros2_ws/install/wuta_msgs/lib:${LD_LIBRARY_PATH} PYTHONPATH=/home/starry1n/WUTA-FSD1/ros2_ws/install/wuta_msgs/local/lib/python3.10/dist-packages:${PYTHONPATH} /usr/bin/cmake --build /home/starry1n/WUTA-FSD1/ros2_ws/build/mission_manager -- -j8 -l8
[36.546s] [ 50%] [32mBuilding CXX object CMakeFiles/mission_manager_node.dir/src/mission_manager.cpp.o[0m
[36.557s] [100%] [1m[32mLinking CXX executable mission_manager_node[0m
[37.225s] [100%] Built target mission_manager_node
[37.289s] Invoked command in '/home/starry1n/WUTA-FSD1/ros2_ws/build/mission_manager' returned '0': AMENT_PREFIX_PATH=/home/starry1n/WUTA-FSD1/ros2_ws/install/wuta_msgs:${AMENT_PREFIX_PATH} CMAKE_PREFIX_PATH=/home/starry1n/WUTA-FSD1/ros2_ws/install/wuta_msgs:/opt/ros/humble LD_LIBRARY_PATH=/home/starry1n/WUTA-FSD1/ros2_ws/install/wuta_msgs/lib:${LD_LIBRARY_PATH} PYTHONPATH=/home/starry1n/WUTA-FSD1/ros2_ws/install/wuta_msgs/local/lib/python3.10/dist-packages:${PYTHONPATH} /usr/bin/cmake --build /home/starry1n/WUTA-FSD1/ros2_ws/build/mission_manager -- -j8 -l8
[37.291s] Invoking command in '/home/starry1n/WUTA-FSD1/ros2_ws/build/mission_manager': AMENT_PREFIX_PATH=/home/starry1n/WUTA-FSD1/ros2_ws/install/wuta_msgs:${AMENT_PREFIX_PATH} CMAKE_PREFIX_PATH=/home/starry1n/WUTA-FSD1/ros2_ws/install/wuta_msgs:/opt/ros/humble LD_LIBRARY_PATH=/home/starry1n/WUTA-FSD1/ros2_ws/install/wuta_msgs/lib:${LD_LIBRARY_PATH} PYTHONPATH=/home/starry1n/WUTA-FSD1/ros2_ws/install/wuta_msgs/local/lib/python3.10/dist-packages:${PYTHONPATH} /usr/bin/cmake --install /home/starry1n/WUTA-FSD1/ros2_ws/build/mission_manager
[37.310s] -- Install configuration: ""
[37.311s] -- Execute custom install script
[37.314s] -- Symlinking: /home/starry1n/WUTA-FSD1/ros2_ws/install/mission_manager/lib/mission_manager/mission_manager_node
[37.335s] -- Symlinking: /home/starry1n/WUTA-FSD1/ros2_ws/install/mission_manager/share/mission_manager/config/.gitkeep
[37.352s] -- Symlinking: /home/starry1n/WUTA-FSD1/ros2_ws/install/mission_manager/share/ament_index/resource_index/package_run_dependencies/mission_manager
[37.368s] -- Symlinking: /home/starry1n/WUTA-FSD1/ros2_ws/install/mission_manager/share/ament_index/resource_index/parent_prefix_path/mission_manager
[37.389s] -- Symlinking: /home/starry1n/WUTA-FSD1/ros2_ws/install/mission_manager/share/mission_manager/environment/ament_prefix_path.sh
[37.403s] -- Symlinking: /home/starry1n/WUTA-FSD1/ros2_ws/install/mission_manager/share/mission_manager/environment/ament_prefix_path.dsv
[37.411s] -- Symlinking: /home/starry1n/WUTA-FSD1/ros2_ws/install/mission_manager/share/mission_manager/environment/path.sh
[37.420s] -- Symlinking: /home/starry1n/WUTA-FSD1/ros2_ws/install/mission_manager/share/mission_manager/environment/path.dsv
[37.434s] -- Symlinking: /home/starry1n/WUTA-FSD1/ros2_ws/install/mission_manager/share/mission_manager/local_setup.bash
[37.456s] -- Symlinking: /home/starry1n/WUTA-FSD1/ros2_ws/install/mission_manager/share/mission_manager/local_setup.sh
[37.474s] -- Symlinking: /home/starry1n/WUTA-FSD1/ros2_ws/install/mission_manager/share/mission_manager/local_setup.zsh
[37.490s] -- Symlinking: /home/starry1n/WUTA-FSD1/ros2_ws/install/mission_manager/share/mission_manager/local_setup.dsv
[37.503s] -- Symlinking: /home/starry1n/WUTA-FSD1/ros2_ws/install/mission_manager/share/mission_manager/package.dsv
[37.514s] -- Symlinking: /home/starry1n/WUTA-FSD1/ros2_ws/install/mission_manager/share/ament_index/resource_index/packages/mission_manager
[37.534s] -- Symlinking: /home/starry1n/WUTA-FSD1/ros2_ws/install/mission_manager/share/mission_manager/cmake/mission_managerConfig.cmake
[37.550s] -- Symlinking: /home/starry1n/WUTA-FSD1/ros2_ws/install/mission_manager/share/mission_manager/cmake/mission_managerConfig-version.cmake
[37.571s] -- Symlinking: /home/starry1n/WUTA-FSD1/ros2_ws/install/mission_manager/share/mission_manager/package.xml
[37.592s] Invoked command in '/home/starry1n/WUTA-FSD1/ros2_ws/build/mission_manager' returned '0': AMENT_PREFIX_PATH=/home/starry1n/WUTA-FSD1/ros2_ws/install/wuta_msgs:${AMENT_PREFIX_PATH} CMAKE_PREFIX_PATH=/home/starry1n/WUTA-FSD1/ros2_ws/install/wuta_msgs:/opt/ros/humble LD_LIBRARY_PATH=/home/starry1n/WUTA-FSD1/ros2_ws/install/wuta_msgs/lib:${LD_LIBRARY_PATH} PYTHONPATH=/home/starry1n/WUTA-FSD1/ros2_ws/install/wuta_msgs/local/lib/python3.10/dist-packages:${PYTHONPATH} /usr/bin/cmake --install /home/starry1n/WUTA-FSD1/ros2_ws/build/mission_manager
