[0.068s] Invoking command in '/home/wuta/WUTA/WUTA-FSD/ros2_ws/build/controller': AMENT_PREFIX_PATH=/home/wuta/WUTA/WUTA-FSD/ros2_ws/install/wuta_msgs:/home/wuta/WUTA/WUTA-FSD/ros2_ws/install/autoware_msgs:${AMENT_PREFIX_PATH} CMAKE_PREFIX_PATH=/home/wuta/WUTA/WUTA-FSD/ros2_ws/install/wuta_msgs:/home/wuta/WUTA/WUTA-FSD/ros2_ws/install/autoware_msgs:/opt/ros/humble LD_LIBRARY_PATH=/home/wuta/WUTA/WUTA-FSD/ros2_ws/install/wuta_msgs/lib:/home/wuta/WUTA/WUTA-FSD/ros2_ws/install/autoware_msgs/lib:${LD_LIBRARY_PATH} PYTHONPATH=/home/wuta/WUTA/WUTA-FSD/ros2_ws/install/wuta_msgs/local/lib/python3.10/dist-packages:/home/wuta/WUTA/WUTA-FSD/ros2_ws/install/autoware_msgs/local/lib/python3.10/dist-packages:${PYTHONPATH} /home/wuta/.local/bin/cmake --build /home/wuta/WUTA/WUTA-FSD/ros2_ws/build/controller -- -j12 -l12
[0.272s] [100%] Built target controller_node
[0.287s] Invoked command in '/home/wuta/WUTA/WUTA-FSD/ros2_ws/build/controller' returned '0': AMENT_PREFIX_PATH=/home/wuta/WUTA/WUTA-FSD/ros2_ws/install/wuta_msgs:/home/wuta/WUTA/WUTA-FSD/ros2_ws/install/autoware_msgs:${AMENT_PREFIX_PATH} CMAKE_PREFIX_PATH=/home/wuta/WUTA/WUTA-FSD/ros2_ws/install/wuta_msgs:/home/wuta/WUTA/WUTA-FSD/ros2_ws/install/autoware_msgs:/opt/ros/humble LD_LIBRARY_PATH=/home/wuta/WUTA/WUTA-FSD/ros2_ws/install/wuta_msgs/lib:/home/wuta/WUTA/WUTA-FSD/ros2_ws/install/autoware_msgs/lib:${LD_LIBRARY_PATH} PYTHONPATH=/home/wuta/WUTA/WUTA-FSD/ros2_ws/install/wuta_msgs/local/lib/python3.10/dist-packages:/home/wuta/WUTA/WUTA-FSD/ros2_ws/install/autoware_msgs/local/lib/python3.10/dist-packages:${PYTHONPATH} /home/wuta/.local/bin/cmake --build /home/wuta/WUTA/WUTA-FSD/ros2_ws/build/controller -- -j12 -l12
[0.288s] Invoking command in '/home/wuta/WUTA/WUTA-FSD/ros2_ws/build/controller': AMENT_PREFIX_PATH=/home/wuta/WUTA/WUTA-FSD/ros2_ws/install/wuta_msgs:/home/wuta/WUTA/WUTA-FSD/ros2_ws/install/autoware_msgs:${AMENT_PREFIX_PATH} CMAKE_PREFIX_PATH=/home/wuta/WUTA/WUTA-FSD/ros2_ws/install/wuta_msgs:/home/wuta/WUTA/WUTA-FSD/ros2_ws/install/autoware_msgs:/opt/ros/humble LD_LIBRARY_PATH=/home/wuta/WUTA/WUTA-FSD/ros2_ws/install/wuta_msgs/lib:/home/wuta/WUTA/WUTA-FSD/ros2_ws/install/autoware_msgs/lib:${LD_LIBRARY_PATH} PYTHONPATH=/home/wuta/WUTA/WUTA-FSD/ros2_ws/install/wuta_msgs/local/lib/python3.10/dist-packages:/home/wuta/WUTA/WUTA-FSD/ros2_ws/install/autoware_msgs/local/lib/python3.10/dist-packages:${PYTHONPATH} /home/wuta/.local/bin/cmake --install /home/wuta/WUTA/WUTA-FSD/ros2_ws/build/controller
[0.472s] -- Install configuration: ""
[0.472s] -- Execute custom install script
[0.472s] -- Up-to-date symlink: /home/wuta/WUTA/WUTA-FSD/ros2_ws/install/controller/lib/controller/controller_node
[0.472s] -- Up-to-date symlink: /home/wuta/WUTA/WUTA-FSD/ros2_ws/install/controller/share/controller/controller.yaml
[0.474s] -- Up-to-date symlink: /home/wuta/WUTA/WUTA-FSD/ros2_ws/install/controller/share/ament_index/resource_index/package_run_dependencies/controller
[0.475s] -- Up-to-date symlink: /home/wuta/WUTA/WUTA-FSD/ros2_ws/install/controller/share/ament_index/resource_index/parent_prefix_path/controller
[0.477s] -- Up-to-date symlink: /home/wuta/WUTA/WUTA-FSD/ros2_ws/install/controller/share/controller/environment/ament_prefix_path.sh
[0.477s] -- Up-to-date symlink: /home/wuta/WUTA/WUTA-FSD/ros2_ws/install/controller/share/controller/environment/ament_prefix_path.dsv
[0.477s] -- Up-to-date symlink: /home/wuta/WUTA/WUTA-FSD/ros2_ws/install/controller/share/controller/environment/path.sh
[0.477s] -- Up-to-date symlink: /home/wuta/WUTA/WUTA-FSD/ros2_ws/install/controller/share/controller/environment/path.dsv
[0.477s] -- Up-to-date symlink: /home/wuta/WUTA/WUTA-FSD/ros2_ws/install/controller/share/controller/local_setup.bash
[0.478s] -- Up-to-date symlink: /home/wuta/WUTA/WUTA-FSD/ros2_ws/install/controller/share/controller/local_setup.sh
[0.478s] -- Up-to-date symlink: /home/wuta/WUTA/WUTA-FSD/ros2_ws/install/controller/share/controller/local_setup.zsh
[0.479s] -- Up-to-date symlink: /home/wuta/WUTA/WUTA-FSD/ros2_ws/install/controller/share/controller/local_setup.dsv
[0.479s] -- Symlinking: /home/wuta/WUTA/WUTA-FSD/ros2_ws/install/controller/share/controller/package.dsv
[0.497s] -- Up-to-date symlink: /home/wuta/WUTA/WUTA-FSD/ros2_ws/install/controller/share/ament_index/resource_index/packages/controller
[0.497s] -- Up-to-date symlink: /home/wuta/WUTA/WUTA-FSD/ros2_ws/install/controller/share/controller/cmake/controllerConfig.cmake
[0.497s] -- Up-to-date symlink: /home/wuta/WUTA/WUTA-FSD/ros2_ws/install/controller/share/controller/cmake/controllerConfig-version.cmake
[0.497s] -- Up-to-date symlink: /home/wuta/WUTA/WUTA-FSD/ros2_ws/install/controller/share/controller/package.xml
[0.524s] Invoked command in '/home/wuta/WUTA/WUTA-FSD/ros2_ws/build/controller' returned '0': AMENT_PREFIX_PATH=/home/wuta/WUTA/WUTA-FSD/ros2_ws/install/wuta_msgs:/home/wuta/WUTA/WUTA-FSD/ros2_ws/install/autoware_msgs:${AMENT_PREFIX_PATH} CMAKE_PREFIX_PATH=/home/wuta/WUTA/WUTA-FSD/ros2_ws/install/wuta_msgs:/home/wuta/WUTA/WUTA-FSD/ros2_ws/install/autoware_msgs:/opt/ros/humble LD_LIBRARY_PATH=/home/wuta/WUTA/WUTA-FSD/ros2_ws/install/wuta_msgs/lib:/home/wuta/WUTA/WUTA-FSD/ros2_ws/install/autoware_msgs/lib:${LD_LIBRARY_PATH} PYTHONPATH=/home/wuta/WUTA/WUTA-FSD/ros2_ws/install/wuta_msgs/local/lib/python3.10/dist-packages:/home/wuta/WUTA/WUTA-FSD/ros2_ws/install/autoware_msgs/local/lib/python3.10/dist-packages:${PYTHONPATH} /home/wuta/.local/bin/cmake --install /home/wuta/WUTA/WUTA-FSD/ros2_ws/build/controller
