[0.083s] Invoking command in '/home/starry1n/WUTA-FSD1/ros2_ws/build/camera_detection': AMENT_PREFIX_PATH=/home/starry1n/WUTA-FSD1/ros2_ws/install/wuta_msgs:${AMENT_PREFIX_PATH} CMAKE_PREFIX_PATH=/home/starry1n/WUTA-FSD1/ros2_ws/install/wuta_msgs:/opt/ros/humble LD_LIBRARY_PATH=/home/starry1n/WUTA-FSD1/ros2_ws/install/wuta_msgs/lib:${LD_LIBRARY_PATH} PYTHONPATH=/home/starry1n/WUTA-FSD1/ros2_ws/install/wuta_msgs/local/lib/python3.10/dist-packages:${PYTHONPATH} /usr/bin/cmake /home/starry1n/WUTA-FSD1/ros2_ws/src/perception/camera_detection -DCMAKE_MODULE_PATH=/home/starry1n/WUTA-FSD1/ros2_ws/cmake -DAMENT_CMAKE_SYMLINK_INSTALL=1 -DCMAKE_INSTALL_PREFIX=/home/starry1n/WUTA-FSD1/ros2_ws/install/camera_detection
[0.110s] [0mCMake Deprecation Warning at CMakeLists.txt:1 (cmake_minimum_required):
[0.110s]   Compatibility with CMake < 3.10 will be removed from a future version of
[0.110s]   CMake.
[0.110s] 
[0.110s]   Update the VERSION argument <min> value.  Or, use the <min>...<max> syntax
[0.110s]   to tell CMake that the project requires at least <min> but has been updated
[0.110s]   to work with policies introduced by <max> or earlier.
[0.110s] 
[0.110s] [0m
[0.243s] -- The C compiler identification is GNU 11.4.0
[0.429s] -- The CXX compiler identification is GNU 11.4.0
[0.472s] -- Detecting C compiler ABI info
[0.740s] -- Detecting C compiler ABI info - done
[0.782s] -- Check for working C compiler: /usr/bin/cc - skipped
[0.782s] -- Detecting C compile features
[0.782s] -- Detecting C compile features - done
[0.837s] -- Detecting CXX compiler ABI info
[1.102s] -- Detecting CXX compiler ABI info - done
[1.132s] -- Check for working CXX compiler: /usr/bin/c++ - skipped
[1.132s] -- Detecting CXX compile features
[1.132s] -- Detecting CXX compile features - done
[1.160s] -- Found ament_cmake: 1.3.14 (/opt/ros/humble/share/ament_cmake/cmake)
[1.579s] -- Found Python3: /usr/bin/python3 (found version "3.10.12") found components: Interpreter
[1.739s] -- Override CMake install command with custom implementation using symlinks instead of copying resources
[1.810s] -- Found rclcpp: 16.0.19 (/opt/ros/humble/share/rclcpp/cmake)
[1.952s] -- Found rosidl_generator_c: 3.1.9 (/opt/ros/humble/share/rosidl_generator_c/cmake)
[1.964s] -- Found rosidl_adapter: 3.1.9 (/opt/ros/humble/share/rosidl_adapter/cmake)
[2.001s] -- Found rosidl_generator_cpp: 3.1.9 (/opt/ros/humble/share/rosidl_generator_cpp/cmake)
[2.047s] -- Using all available rosidl_typesupport_c: rosidl_typesupport_fastrtps_c;rosidl_typesupport_introspection_c
[2.117s] -- Using all available rosidl_typesupport_cpp: rosidl_typesupport_fastrtps_cpp;rosidl_typesupport_introspection_cpp
[2.258s] -- Found rmw_implementation_cmake: 6.1.2 (/opt/ros/humble/share/rmw_implementation_cmake/cmake)
[2.261s] -- Found rmw_fastrtps_cpp: 6.2.10 (/opt/ros/humble/share/rmw_fastrtps_cpp/cmake)
[2.551s] -- Found OpenSSL: /usr/lib/x86_64-linux-gnu/libcrypto.so (found version "3.0.2")
[2.622s] -- Found FastRTPS: /opt/ros/humble/include
[2.734s] -- Using RMW implementation 'rmw_fastrtps_cpp' as default
[2.758s] -- Performing Test CMAKE_HAVE_LIBC_PTHREAD
[3.091s] -- Performing Test CMAKE_HAVE_LIBC_PTHREAD - Success
[3.098s] -- Found Threads: TRUE
[3.294s] -- Found wuta_msgs: 1.0.0 (/home/starry1n/WUTA-FSD1/ros2_ws/install/wuta_msgs/share/wuta_msgs/cmake)
[3.601s] -- Configuring done (3.5s)
[3.618s] -- Generating done (0.0s)
[3.698s] -- Build files have been written to: /home/starry1n/WUTA-FSD1/ros2_ws/build/camera_detection
[3.780s] Invoked command in '/home/starry1n/WUTA-FSD1/ros2_ws/build/camera_detection' returned '0': AMENT_PREFIX_PATH=/home/starry1n/WUTA-FSD1/ros2_ws/install/wuta_msgs:${AMENT_PREFIX_PATH} CMAKE_PREFIX_PATH=/home/starry1n/WUTA-FSD1/ros2_ws/install/wuta_msgs:/opt/ros/humble LD_LIBRARY_PATH=/home/starry1n/WUTA-FSD1/ros2_ws/install/wuta_msgs/lib:${LD_LIBRARY_PATH} PYTHONPATH=/home/starry1n/WUTA-FSD1/ros2_ws/install/wuta_msgs/local/lib/python3.10/dist-packages:${PYTHONPATH} /usr/bin/cmake /home/starry1n/WUTA-FSD1/ros2_ws/src/perception/camera_detection -DCMAKE_MODULE_PATH=/home/starry1n/WUTA-FSD1/ros2_ws/cmake -DAMENT_CMAKE_SYMLINK_INSTALL=1 -DCMAKE_INSTALL_PREFIX=/home/starry1n/WUTA-FSD1/ros2_ws/install/camera_detection
[3.786s] Invoking command in '/home/starry1n/WUTA-FSD1/ros2_ws/build/camera_detection': AMENT_PREFIX_PATH=/home/starry1n/WUTA-FSD1/ros2_ws/install/wuta_msgs:${AMENT_PREFIX_PATH} CMAKE_PREFIX_PATH=/home/starry1n/WUTA-FSD1/ros2_ws/install/wuta_msgs:/opt/ros/humble LD_LIBRARY_PATH=/home/starry1n/WUTA-FSD1/ros2_ws/install/wuta_msgs/lib:${LD_LIBRARY_PATH} PYTHONPATH=/home/starry1n/WUTA-FSD1/ros2_ws/install/wuta_msgs/local/lib/python3.10/dist-packages:${PYTHONPATH} /usr/bin/cmake --build /home/starry1n/WUTA-FSD1/ros2_ws/build/camera_detection -- -j8 -l8
[3.902s] Invoked command in '/home/starry1n/WUTA-FSD1/ros2_ws/build/camera_detection' returned '0': AMENT_PREFIX_PATH=/home/starry1n/WUTA-FSD1/ros2_ws/install/wuta_msgs:${AMENT_PREFIX_PATH} CMAKE_PREFIX_PATH=/home/starry1n/WUTA-FSD1/ros2_ws/install/wuta_msgs:/opt/ros/humble LD_LIBRARY_PATH=/home/starry1n/WUTA-FSD1/ros2_ws/install/wuta_msgs/lib:${LD_LIBRARY_PATH} PYTHONPATH=/home/starry1n/WUTA-FSD1/ros2_ws/install/wuta_msgs/local/lib/python3.10/dist-packages:${PYTHONPATH} /usr/bin/cmake --build /home/starry1n/WUTA-FSD1/ros2_ws/build/camera_detection -- -j8 -l8
[3.902s] Invoking command in '/home/starry1n/WUTA-FSD1/ros2_ws/build/camera_detection': AMENT_PREFIX_PATH=/home/starry1n/WUTA-FSD1/ros2_ws/install/wuta_msgs:${AMENT_PREFIX_PATH} CMAKE_PREFIX_PATH=/home/starry1n/WUTA-FSD1/ros2_ws/install/wuta_msgs:/opt/ros/humble LD_LIBRARY_PATH=/home/starry1n/WUTA-FSD1/ros2_ws/install/wuta_msgs/lib:${LD_LIBRARY_PATH} PYTHONPATH=/home/starry1n/WUTA-FSD1/ros2_ws/install/wuta_msgs/local/lib/python3.10/dist-packages:${PYTHONPATH} /usr/bin/cmake --install /home/starry1n/WUTA-FSD1/ros2_ws/build/camera_detection
[4.147s] -- Install configuration: ""
[4.147s] -- Execute custom install script
[4.147s] -- Symlinking: /home/starry1n/WUTA-FSD1/ros2_ws/install/camera_detection/share/ament_index/resource_index/package_run_dependencies/camera_detection
[4.147s] -- Symlinking: /home/starry1n/WUTA-FSD1/ros2_ws/install/camera_detection/share/ament_index/resource_index/parent_prefix_path/camera_detection
[4.147s] -- Symlinking: /home/starry1n/WUTA-FSD1/ros2_ws/install/camera_detection/share/camera_detection/environment/ament_prefix_path.sh
[4.147s] -- Symlinking: /home/starry1n/WUTA-FSD1/ros2_ws/install/camera_detection/share/camera_detection/environment/ament_prefix_path.dsv
[4.147s] -- Symlinking: /home/starry1n/WUTA-FSD1/ros2_ws/install/camera_detection/share/camera_detection/environment/path.sh
[4.147s] -- Symlinking: /home/starry1n/WUTA-FSD1/ros2_ws/install/camera_detection/share/camera_detection/environment/path.dsv
[4.147s] -- Symlinking: /home/starry1n/WUTA-FSD1/ros2_ws/install/camera_detection/share/camera_detection/local_setup.bash
[4.147s] -- Symlinking: /home/starry1n/WUTA-FSD1/ros2_ws/install/camera_detection/share/camera_detection/local_setup.sh
[4.147s] -- Symlinking: /home/starry1n/WUTA-FSD1/ros2_ws/install/camera_detection/share/camera_detection/local_setup.zsh
[4.147s] -- Symlinking: /home/starry1n/WUTA-FSD1/ros2_ws/install/camera_detection/share/camera_detection/local_setup.dsv
[4.162s] -- Symlinking: /home/starry1n/WUTA-FSD1/ros2_ws/install/camera_detection/share/camera_detection/package.dsv
[4.230s] -- Symlinking: /home/starry1n/WUTA-FSD1/ros2_ws/install/camera_detection/share/ament_index/resource_index/packages/camera_detection
[4.269s] -- Symlinking: /home/starry1n/WUTA-FSD1/ros2_ws/install/camera_detection/share/camera_detection/cmake/camera_detectionConfig.cmake
[4.304s] -- Symlinking: /home/starry1n/WUTA-FSD1/ros2_ws/install/camera_detection/share/camera_detection/cmake/camera_detectionConfig-version.cmake
[4.341s] -- Symlinking: /home/starry1n/WUTA-FSD1/ros2_ws/install/camera_detection/share/camera_detection/package.xml
[4.473s] Invoked command in '/home/starry1n/WUTA-FSD1/ros2_ws/build/camera_detection' returned '0': AMENT_PREFIX_PATH=/home/starry1n/WUTA-FSD1/ros2_ws/install/wuta_msgs:${AMENT_PREFIX_PATH} CMAKE_PREFIX_PATH=/home/starry1n/WUTA-FSD1/ros2_ws/install/wuta_msgs:/opt/ros/humble LD_LIBRARY_PATH=/home/starry1n/WUTA-FSD1/ros2_ws/install/wuta_msgs/lib:${LD_LIBRARY_PATH} PYTHONPATH=/home/starry1n/WUTA-FSD1/ros2_ws/install/wuta_msgs/local/lib/python3.10/dist-packages:${PYTHONPATH} /usr/bin/cmake --install /home/starry1n/WUTA-FSD1/ros2_ws/build/camera_detection
