[0.013s] Invoking command in '/home/wuta/WUTA/WUTA-FSD/ros2_ws/build/kiss_icp': CMAKE_PREFIX_PATH=/opt/ros/humble /home/wuta/.local/bin/cmake --build /home/wuta/WUTA/WUTA-FSD/ros2_ws/build/kiss_icp -- -j12 -l12
[0.130s] [ 14%] Built target kiss_icp_metrics
[0.140s] [ 28%] Built target kiss_icp_node
[0.159s] [ 71%] Built target kiss_icp_core
[0.186s] [ 85%] Built target kiss_icp_pipeline
[0.222s] [100%] Built target odometry_component
[0.232s] Invoked command in '/home/wuta/WUTA/WUTA-FSD/ros2_ws/build/kiss_icp' returned '0': CMAKE_PREFIX_PATH=/opt/ros/humble /home/wuta/.local/bin/cmake --build /home/wuta/WUTA/WUTA-FSD/ros2_ws/build/kiss_icp -- -j12 -l12
[0.401s] Invoking command in '/home/wuta/WUTA/WUTA-FSD/ros2_ws/build/kiss_icp': CMAKE_PREFIX_PATH=/opt/ros/humble /home/wuta/.local/bin/cmake --install /home/wuta/WUTA/WUTA-FSD/ros2_ws/build/kiss_icp
[0.490s] -- Install configuration: "Release"
[0.491s] -- Execute custom install script
[0.492s] -- Up-to-date symlink: /home/wuta/WUTA/WUTA-FSD/ros2_ws/install/kiss_icp/lib/kiss_icp/kiss_icp_node
[0.492s] -- Up-to-date symlink: /home/wuta/WUTA/WUTA-FSD/ros2_ws/install/kiss_icp/lib/libodometry_component.so
[0.492s] -- Up-to-date symlink: /home/wuta/WUTA/WUTA-FSD/ros2_ws/install/kiss_icp/share/kiss_icp//launch/odometry.launch.py
[0.493s] -- Up-to-date symlink: /home/wuta/WUTA/WUTA-FSD/ros2_ws/install/kiss_icp/share/kiss_icp//rviz/kiss_icp.rviz
[0.493s] -- Up-to-date symlink: /home/wuta/WUTA/WUTA-FSD/ros2_ws/install/kiss_icp/share/kiss_icp//config/config.yaml
[0.494s] -- Up-to-date symlink: /home/wuta/WUTA/WUTA-FSD/ros2_ws/install/kiss_icp/share/ament_index/resource_index/package_run_dependencies/kiss_icp
[0.494s] -- Up-to-date symlink: /home/wuta/WUTA/WUTA-FSD/ros2_ws/install/kiss_icp/share/ament_index/resource_index/parent_prefix_path/kiss_icp
[0.494s] -- Up-to-date symlink: /home/wuta/WUTA/WUTA-FSD/ros2_ws/install/kiss_icp/share/kiss_icp/environment/ament_prefix_path.sh
[0.494s] -- Up-to-date symlink: /home/wuta/WUTA/WUTA-FSD/ros2_ws/install/kiss_icp/share/kiss_icp/environment/ament_prefix_path.dsv
[0.495s] -- Up-to-date symlink: /home/wuta/WUTA/WUTA-FSD/ros2_ws/install/kiss_icp/share/kiss_icp/environment/path.sh
[0.495s] -- Up-to-date symlink: /home/wuta/WUTA/WUTA-FSD/ros2_ws/install/kiss_icp/share/kiss_icp/environment/path.dsv
[0.495s] -- Up-to-date symlink: /home/wuta/WUTA/WUTA-FSD/ros2_ws/install/kiss_icp/share/kiss_icp/local_setup.bash
[0.495s] -- Up-to-date symlink: /home/wuta/WUTA/WUTA-FSD/ros2_ws/install/kiss_icp/share/kiss_icp/local_setup.sh
[0.495s] -- Up-to-date symlink: /home/wuta/WUTA/WUTA-FSD/ros2_ws/install/kiss_icp/share/kiss_icp/local_setup.zsh
[0.496s] -- Up-to-date symlink: /home/wuta/WUTA/WUTA-FSD/ros2_ws/install/kiss_icp/share/kiss_icp/local_setup.dsv
[0.496s] -- Symlinking: /home/wuta/WUTA/WUTA-FSD/ros2_ws/install/kiss_icp/share/kiss_icp/package.dsv
[0.501s] -- Up-to-date symlink: /home/wuta/WUTA/WUTA-FSD/ros2_ws/install/kiss_icp/share/ament_index/resource_index/packages/kiss_icp
[0.501s] -- Up-to-date symlink: /home/wuta/WUTA/WUTA-FSD/ros2_ws/install/kiss_icp/share/ament_index/resource_index/rclcpp_components/kiss_icp
[0.501s] -- Up-to-date symlink: /home/wuta/WUTA/WUTA-FSD/ros2_ws/install/kiss_icp/share/kiss_icp/cmake/kiss_icpConfig.cmake
[0.501s] -- Up-to-date symlink: /home/wuta/WUTA/WUTA-FSD/ros2_ws/install/kiss_icp/share/kiss_icp/cmake/kiss_icpConfig-version.cmake
[0.501s] -- Up-to-date symlink: /home/wuta/WUTA/WUTA-FSD/ros2_ws/install/kiss_icp/share/kiss_icp/package.xml
[0.503s] Invoked command in '/home/wuta/WUTA/WUTA-FSD/ros2_ws/build/kiss_icp' returned '0': CMAKE_PREFIX_PATH=/opt/ros/humble /home/wuta/.local/bin/cmake --install /home/wuta/WUTA/WUTA-FSD/ros2_ws/build/kiss_icp
