CMake Deprecation Warning at CMakeLists.txt:1 (cmake_minimum_required):
  Compatibility with CMake < 3.10 will be removed from a future version of
  CMake.

  Update the VERSION argument <min> value.  Or, use the <min>...<max> syntax
  to tell CMake that the project requires at least <min> but has been updated
  to work with policies introduced by <max> or earlier.


-- Found ament_cmake: 1.3.14 (/opt/ros/humble/share/ament_cmake/cmake)
-- Override CMake install command with custom implementation using symlinks instead of copying resources
-- Found rclcpp: 16.0.19 (/opt/ros/humble/share/rclcpp/cmake)
-- Found rosidl_generator_c: 3.1.9 (/opt/ros/humble/share/rosidl_generator_c/cmake)
-- Found rosidl_adapter: 3.1.9 (/opt/ros/humble/share/rosidl_adapter/cmake)
-- Found rosidl_generator_cpp: 3.1.9 (/opt/ros/humble/share/rosidl_generator_cpp/cmake)
-- Using all available rosidl_typesupport_c: rosidl_typesupport_fastrtps_c;rosidl_typesupport_introspection_c
-- Using all available rosidl_typesupport_cpp: rosidl_typesupport_fastrtps_cpp;rosidl_typesupport_introspection_cpp
-- Found rmw_implementation_cmake: 6.1.2 (/opt/ros/humble/share/rmw_implementation_cmake/cmake)
-- Found rmw_fastrtps_cpp: 6.2.10 (/opt/ros/humble/share/rmw_fastrtps_cpp/cmake)
-- Using RMW implementation 'rmw_fastrtps_cpp' as default
-- Found geometry_msgs: 4.9.1 (/opt/ros/humble/share/geometry_msgs/cmake)
-- Found wuta_msgs: 1.0.0 (/home/g2909/WUTA1/WUTA-FSD/ros2_ws/install/wuta_msgs/share/wuta_msgs/cmake)
-- Found autoware_msgs: 1.12.0 (/opt/ros/humble/share/autoware_msgs/cmake)
-- Configuring done (5.6s)
-- Generating done (0.0s)
-- Build files have been written to: /home/g2909/WUTA1/WUTA-FSD/ros2_ws/build/path_generator
[ 50%] Building CXX object CMakeFiles/path_generator_node.dir/src/path_generator_node.cpp.o
In file included from /home/g2909/WUTA1/WUTA-FSD/ros2_ws/src/planning/path_generator/src/path_generator_node.cpp:1:
/home/g2909/WUTA1/WUTA-FSD/ros2_ws/src/planning/path_generator/include/path_generator/path_generator_node.hpp:5:10: fatal error: autoware_msgs/msg/lane.hpp: No such file or directory
    5 | #include <autoware_msgs/msg/lane.hpp>
      |          ^~~~~~~~~~~~~~~~~~~~~~~~~~~~
compilation terminated.
gmake[2]: *** [CMakeFiles/path_generator_node.dir/build.make:79: CMakeFiles/path_generator_node.dir/src/path_generator_node.cpp.o] Error 1
gmake[1]: *** [CMakeFiles/Makefile2:153: CMakeFiles/path_generator_node.dir/all] Error 2
gmake: *** [Makefile:146: all] Error 2
