[0.324s] Invoking command in '/home/g2909/WUTA1/WUTA-FSD/ros2_ws/build/path_generator': AMENT_PREFIX_PATH=/home/g2909/WUTA1/WUTA-FSD/ros2_ws/install/wuta_msgs:/home/g2909/WUTA1/WUTA-FSD/ros2_ws/install/autoware_msgs:${AMENT_PREFIX_PATH} CMAKE_PREFIX_PATH=/home/g2909/WUTA1/WUTA-FSD/ros2_ws/install/wuta_msgs:/home/g2909/WUTA1/WUTA-FSD/ros2_ws/install/autoware_msgs:/opt/ros/humble LD_LIBRARY_PATH=/home/g2909/WUTA1/WUTA-FSD/ros2_ws/install/wuta_msgs/lib:/home/g2909/WUTA1/WUTA-FSD/ros2_ws/install/autoware_msgs/lib:${LD_LIBRARY_PATH} PYTHONPATH=/home/g2909/WUTA1/WUTA-FSD/ros2_ws/install/wuta_msgs/local/lib/python3.10/dist-packages:/home/g2909/WUTA1/WUTA-FSD/ros2_ws/install/autoware_msgs/local/lib/python3.10/dist-packages:${PYTHONPATH} /home/g2909/.local/bin/cmake --build /home/g2909/WUTA1/WUTA-FSD/ros2_ws/build/path_generator -- -j16 -l16
[0.373s] CMake Deprecation Warning at CMakeLists.txt:1 (cmake_minimum_required):
[0.373s]   Compatibility with CMake < 3.10 will be removed from a future version of
[0.373s]   CMake.
[0.373s] 
[0.373s]   Update the VERSION argument <min> value.  Or, use the <min>...<max> syntax
[0.373s]   to tell CMake that the project requires at least <min> but has been updated
[0.374s]   to work with policies introduced by <max> or earlier.
[0.374s] 
[0.374s] 
[0.377s] -- Found ament_cmake: 1.3.14 (/opt/ros/humble/share/ament_cmake/cmake)
[0.494s] -- Override CMake install command with custom implementation using symlinks instead of copying resources
[0.499s] -- Found rclcpp: 16.0.19 (/opt/ros/humble/share/rclcpp/cmake)
[0.692s] -- Found rosidl_generator_c: 3.1.9 (/opt/ros/humble/share/rosidl_generator_c/cmake)
[0.694s] -- Found rosidl_adapter: 3.1.9 (/opt/ros/humble/share/rosidl_adapter/cmake)
[0.698s] -- Found rosidl_generator_cpp: 3.1.9 (/opt/ros/humble/share/rosidl_generator_cpp/cmake)
[0.704s] -- Using all available rosidl_typesupport_c: rosidl_typesupport_fastrtps_c;rosidl_typesupport_introspection_c
[0.712s] -- Using all available rosidl_typesupport_cpp: rosidl_typesupport_fastrtps_cpp;rosidl_typesupport_introspection_cpp
[0.734s] -- Found rmw_implementation_cmake: 6.1.2 (/opt/ros/humble/share/rmw_implementation_cmake/cmake)
[0.734s] -- Found rmw_fastrtps_cpp: 6.2.10 (/opt/ros/humble/share/rmw_fastrtps_cpp/cmake)
[5.887s] -- Using RMW implementation 'rmw_fastrtps_cpp' as default
[5.922s] -- Found geometry_msgs: 4.9.1 (/opt/ros/humble/share/geometry_msgs/cmake)
[5.930s] -- Found wuta_msgs: 1.0.0 (/home/g2909/WUTA1/WUTA-FSD/ros2_ws/install/wuta_msgs/share/wuta_msgs/cmake)
[5.941s] -- Found autoware_msgs: 1.12.0 (/opt/ros/humble/share/autoware_msgs/cmake)
[5.979s] -- Configuring done (5.6s)
[5.988s] -- Generating done (0.0s)
[6.000s] -- Build files have been written to: /home/g2909/WUTA1/WUTA-FSD/ros2_ws/build/path_generator
[6.017s] [ 50%] Building CXX object CMakeFiles/path_generator_node.dir/src/path_generator_node.cpp.o
[6.128s] In file included from /home/g2909/WUTA1/WUTA-FSD/ros2_ws/src/planning/path_generator/src/path_generator_node.cpp:1:
[6.128s] /home/g2909/WUTA1/WUTA-FSD/ros2_ws/src/planning/path_generator/include/path_generator/path_generator_node.hpp:5:10: fatal error: autoware_msgs/msg/lane.hpp: No such file or directory
[6.128s]     5 | #include <autoware_msgs/msg/lane.hpp>
[6.128s]       |          ^~~~~~~~~~~~~~~~~~~~~~~~~~~~
[6.128s] compilation terminated.
[6.130s] gmake[2]: *** [CMakeFiles/path_generator_node.dir/build.make:79: CMakeFiles/path_generator_node.dir/src/path_generator_node.cpp.o] Error 1
[6.131s] gmake[1]: *** [CMakeFiles/Makefile2:153: CMakeFiles/path_generator_node.dir/all] Error 2
[6.131s] gmake: *** [Makefile:146: all] Error 2
[6.132s] Invoked command in '/home/g2909/WUTA1/WUTA-FSD/ros2_ws/build/path_generator' returned '2': AMENT_PREFIX_PATH=/home/g2909/WUTA1/WUTA-FSD/ros2_ws/install/wuta_msgs:/home/g2909/WUTA1/WUTA-FSD/ros2_ws/install/autoware_msgs:${AMENT_PREFIX_PATH} CMAKE_PREFIX_PATH=/home/g2909/WUTA1/WUTA-FSD/ros2_ws/install/wuta_msgs:/home/g2909/WUTA1/WUTA-FSD/ros2_ws/install/autoware_msgs:/opt/ros/humble LD_LIBRARY_PATH=/home/g2909/WUTA1/WUTA-FSD/ros2_ws/install/wuta_msgs/lib:/home/g2909/WUTA1/WUTA-FSD/ros2_ws/install/autoware_msgs/lib:${LD_LIBRARY_PATH} PYTHONPATH=/home/g2909/WUTA1/WUTA-FSD/ros2_ws/install/wuta_msgs/local/lib/python3.10/dist-packages:/home/g2909/WUTA1/WUTA-FSD/ros2_ws/install/autoware_msgs/local/lib/python3.10/dist-packages:${PYTHONPATH} /home/g2909/.local/bin/cmake --build /home/g2909/WUTA1/WUTA-FSD/ros2_ws/build/path_generator -- -j16 -l16
