CMake Deprecation Warning at CMakeLists.txt:1 (cmake_minimum_required):
  Compatibility with CMake < 3.10 will be removed from a future version of
  CMake.

  Update the VERSION argument <min> value.  Or, use the <min>...<max> syntax
  to tell CMake that the project requires at least <min> but has been updated
  to work with policies introduced by <max> or earlier.


In file included from /home/wuta/WUTA/WUTA-FSD/ros2_ws/src/planning/boundary_detector/include/boundary_detector/boundary_detector_node.hpp:11,
                 from /home/wuta/WUTA/WUTA-FSD/ros2_ws/src/planning/boundary_detector/src/boundary_detector_node.cpp:1:
/home/wuta/WUTA/WUTA-FSD/ros2_ws/src/planning/boundary_detector/thirdparty/pathplanning/include/pathplanning/PathSearch.h:11:17: error: ‘Point2d’ was not declared in this scope
   11 |     std::vector<Point2d> points;
      |                 ^~~~~~~
/home/wuta/WUTA/WUTA-FSD/ros2_ws/src/planning/boundary_detector/thirdparty/pathplanning/include/pathplanning/PathSearch.h:11:24: error: template argument 1 is invalid
   11 |     std::vector<Point2d> points;
      |                        ^
/home/wuta/WUTA/WUTA-FSD/ros2_ws/src/planning/boundary_detector/thirdparty/pathplanning/include/pathplanning/PathSearch.h:11:24: error: template argument 2 is invalid
/home/wuta/WUTA/WUTA-FSD/ros2_ws/src/planning/boundary_detector/thirdparty/pathplanning/include/pathplanning/PathSearch.h:12:33: error: ‘Triangle’ was not declared in this scope
   12 |     std::vector<std::shared_ptr<Triangle>> triangles;
      |                                 ^~~~~~~~
/home/wuta/WUTA/WUTA-FSD/ros2_ws/src/planning/boundary_detector/thirdparty/pathplanning/include/pathplanning/PathSearch.h:12:33: error: template argument 1 is invalid
/home/wuta/WUTA/WUTA-FSD/ros2_ws/src/planning/boundary_detector/thirdparty/pathplanning/include/pathplanning/PathSearch.h:12:41: error: template argument 1 is invalid
   12 |     std::vector<std::shared_ptr<Triangle>> triangles;
      |                                         ^~
/home/wuta/WUTA/WUTA-FSD/ros2_ws/src/planning/boundary_detector/thirdparty/pathplanning/include/pathplanning/PathSearch.h:12:41: error: template argument 2 is invalid
/home/wuta/WUTA/WUTA-FSD/ros2_ws/src/planning/boundary_detector/thirdparty/pathplanning/include/pathplanning/PathSearch.h:37:32: error: ‘Point2d’ was not declared in this scope
   37 |     void SetPoints(std::vector<Point2d> points_arg);
      |                                ^~~~~~~
/home/wuta/WUTA/WUTA-FSD/ros2_ws/src/planning/boundary_detector/thirdparty/pathplanning/include/pathplanning/PathSearch.h:37:39: error: template argument 1 is invalid
   37 |     void SetPoints(std::vector<Point2d> points_arg);
      |                                       ^
/home/wuta/WUTA/WUTA-FSD/ros2_ws/src/planning/boundary_detector/thirdparty/pathplanning/include/pathplanning/PathSearch.h:37:39: error: template argument 2 is invalid
/home/wuta/WUTA/WUTA-FSD/ros2_ws/src/planning/boundary_detector/src/boundary_detector_node.cpp: In member function ‘autoware_msgs::msg::Lane boundary_detector::BoundaryDetectorNode::computeCenterline(const std::vector<Point2d>&)’:
/home/wuta/WUTA/WUTA-FSD/ros2_ws/src/planning/boundary_detector/src/boundary_detector_node.cpp:110:26: error: cannot convert ‘const std::vector<Point2d>’ to ‘int’
  110 |   path_search_.SetPoints(points);
      |                          ^~~~~~
      |                          |
      |                          const std::vector<Point2d>
/home/wuta/WUTA/WUTA-FSD/ros2_ws/src/planning/boundary_detector/thirdparty/pathplanning/include/pathplanning/PathSearch.h:37:41: note:   initializing argument 1 of ‘void PathSearch::SetPoints(int)’
   37 |     void SetPoints(std::vector<Point2d> points_arg);
      |                    ~~~~~~~~~~~~~~~~~~~~~^~~~~~~~~~
/home/wuta/WUTA/WUTA-FSD/ros2_ws/src/planning/boundary_detector/src/boundary_detector_node.cpp:127:59: error: invalid use of incomplete type ‘class Vect’
  127 |   path_search_.SetFormer(Vect(std::cos(yaw), std::sin(yaw)));
      |                                                           ^
/home/wuta/WUTA/WUTA-FSD/ros2_ws/src/planning/boundary_detector/thirdparty/pathplanning/include/pathplanning/PathSearch.h:5:7: note: forward declaration of ‘class Vect’
    5 | class Vect;
      |       ^~~~
gmake[2]: *** [CMakeFiles/boundary_detector_node.dir/build.make:79: CMakeFiles/boundary_detector_node.dir/src/boundary_detector_node.cpp.o] Error 1
gmake[1]: *** [CMakeFiles/Makefile2:188: CMakeFiles/boundary_detector_node.dir/all] Error 2
gmake: *** [Makefile:146: all] Error 2
