-- Found ament_cmake: 1.3.14 (/opt/ros/humble/share/ament_cmake/cmake)
-- Override CMake install command with custom implementation using symlinks instead of copying resources
-- Found rclcpp: 16.0.19 (/opt/ros/humble/share/rclcpp/cmake)
-- Found rosidl_generator_c: 3.1.8 (/opt/ros/humble/share/rosidl_generator_c/cmake)
-- Found rosidl_adapter: 3.1.8 (/opt/ros/humble/share/rosidl_adapter/cmake)
-- Found rosidl_generator_cpp: 3.1.8 (/opt/ros/humble/share/rosidl_generator_cpp/cmake)
-- Using all available rosidl_typesupport_c: rosidl_typesupport_fastrtps_c;rosidl_typesupport_introspection_c
-- Using all available rosidl_typesupport_cpp: rosidl_typesupport_fastrtps_cpp;rosidl_typesupport_introspection_cpp
-- Found rmw_implementation_cmake: 6.1.2 (/opt/ros/humble/share/rmw_implementation_cmake/cmake)
-- Found rmw_fastrtps_cpp: 6.2.10 (/opt/ros/humble/share/rmw_fastrtps_cpp/cmake)
-- Using RMW implementation 'rmw_fastrtps_cpp' as default
-- Found geometry_msgs: 4.9.1 (/opt/ros/humble/share/geometry_msgs/cmake)
-- Found visualization_msgs: 4.9.1 (/opt/ros/humble/share/visualization_msgs/cmake)
-- Found wuta_msgs: 1.0.0 (/home/wuta/WUTA/WUTA-FSD/ros2_ws/install/wuta_msgs/share/wuta_msgs/cmake)
-- Found autoware_msgs: 0.1.0 (/home/wuta/WUTA/WUTA-FSD/ros2_ws/install/autoware_msgs/share/autoware_msgs/cmake)
-- Configuring done (0.8s)
-- Generating done (0.0s)
-- Build files have been written to: /home/wuta/WUTA/WUTA-FSD/ros2_ws/build/boundary_detector
[  6%] Building CXX object CMakeFiles/pathplanning.dir/thirdparty/pathplanning/src/BowyerWatson.cpp.o
[ 12%] Building CXX object CMakeFiles/pathplanning.dir/thirdparty/pathplanning/src/DelaunayTriangle.cpp.o
[ 18%] Building CXX object CMakeFiles/pathplanning.dir/thirdparty/pathplanning/src/Divide.cpp.o
[ 25%] Building CXX object CMakeFiles/pathplanning.dir/thirdparty/pathplanning/src/Evaluation.cpp.o
[ 37%] Building CXX object CMakeFiles/pathplanning.dir/thirdparty/pathplanning/src/GlobalVariables.cpp.o
[ 37%] Building CXX object CMakeFiles/pathplanning.dir/thirdparty/pathplanning/src/Line.cpp.o
[ 43%] Building CXX object CMakeFiles/pathplanning.dir/thirdparty/pathplanning/src/MidPoint.cpp.o
[ 50%] Building CXX object CMakeFiles/pathplanning.dir/thirdparty/pathplanning/src/PathSearch.cpp.o
[ 56%] Building CXX object CMakeFiles/pathplanning.dir/thirdparty/pathplanning/src/Path.cpp.o
[ 62%] Building CXX object CMakeFiles/pathplanning.dir/thirdparty/pathplanning/src/Point2d.cpp.o
[ 68%] Building CXX object CMakeFiles/pathplanning.dir/thirdparty/pathplanning/src/Tool.cpp.o
[ 75%] Building CXX object CMakeFiles/pathplanning.dir/thirdparty/pathplanning/src/Triangle.cpp.o
[ 81%] Building CXX object CMakeFiles/pathplanning.dir/thirdparty/pathplanning/src/Vect.cpp.o
[ 87%] Linking CXX static library libpathplanning.a
[ 87%] Built target pathplanning
[ 93%] Building CXX object CMakeFiles/boundary_detector_node.dir/src/boundary_detector_node.cpp.o
