CMake Deprecation Warning at CMakeLists.txt:1 (cmake_minimum_required):
  Compatibility with CMake < 3.10 will be removed from a future version of
  CMake.

  Update the VERSION argument <min> value.  Or, use the <min>...<max> syntax
  to tell CMake that the project requires at least <min> but has been updated
  to work with policies introduced by <max> or earlier.


-- Found ament_cmake: 1.3.14 (/opt/ros/humble/share/ament_cmake/cmake)
-- Override CMake install command with custom implementation using symlinks instead of copying resources
-- Found rclcpp: 16.0.19 (/opt/ros/humble/share/rclcpp/cmake)
-- Found rosidl_generator_c: 3.1.8 (/opt/ros/humble/share/rosidl_generator_c/cmake)
-- Found rosidl_adapter: 3.1.8 (/opt/ros/humble/share/rosidl_adapter/cmake)
-- Found rosidl_generator_cpp: 3.1.8 (/opt/ros/humble/share/rosidl_generator_cpp/cmake)
-- Using all available rosidl_typesupport_c: rosidl_typesupport_fastrtps_c;rosidl_typesupport_introspection_c
-- Using all available rosidl_typesupport_cpp: rosidl_typesupport_fastrtps_cpp;rosidl_typesupport_introspection_cpp
-- Found rmw_implementation_cmake: 6.1.2 (/opt/ros/humble/share/rmw_implementation_cmake/cmake)
-- Found rmw_fastrtps_cpp: 6.2.10 (/opt/ros/humble/share/rmw_fastrtps_cpp/cmake)
-- Using RMW implementation 'rmw_fastrtps_cpp' as default
-- Found geometry_msgs: 4.9.1 (/opt/ros/humble/share/geometry_msgs/cmake)
-- Found visualization_msgs: 4.9.1 (/opt/ros/humble/share/visualization_msgs/cmake)
-- Found wuta_msgs: 1.0.0 (/home/wuta/WUTA/WUTA-FSD/ros2_ws/install/wuta_msgs/share/wuta_msgs/cmake)
-- Found autoware_msgs: 0.1.0 (/home/wuta/WUTA/WUTA-FSD/ros2_ws/install/autoware_msgs/share/autoware_msgs/cmake)
-- Configuring done (0.8s)
-- Generating done (0.0s)
-- Build files have been written to: /home/wuta/WUTA/WUTA-FSD/ros2_ws/build/boundary_detector
[  6%] Building CXX object CMakeFiles/pathplanning.dir/thirdparty/pathplanning/src/BowyerWatson.cpp.o
[ 12%] Building CXX object CMakeFiles/pathplanning.dir/thirdparty/pathplanning/src/DelaunayTriangle.cpp.o
[ 18%] Building CXX object CMakeFiles/pathplanning.dir/thirdparty/pathplanning/src/Divide.cpp.o
[ 25%] Building CXX object CMakeFiles/pathplanning.dir/thirdparty/pathplanning/src/Evaluation.cpp.o
[ 37%] Building CXX object CMakeFiles/pathplanning.dir/thirdparty/pathplanning/src/GlobalVariables.cpp.o
[ 37%] Building CXX object CMakeFiles/pathplanning.dir/thirdparty/pathplanning/src/Line.cpp.o
[ 43%] Building CXX object CMakeFiles/pathplanning.dir/thirdparty/pathplanning/src/MidPoint.cpp.o
[ 50%] Building CXX object CMakeFiles/pathplanning.dir/thirdparty/pathplanning/src/PathSearch.cpp.o
[ 56%] Building CXX object CMakeFiles/pathplanning.dir/thirdparty/pathplanning/src/Path.cpp.o
[ 62%] Building CXX object CMakeFiles/pathplanning.dir/thirdparty/pathplanning/src/Point2d.cpp.o
[ 68%] Building CXX object CMakeFiles/pathplanning.dir/thirdparty/pathplanning/src/Tool.cpp.o
[ 75%] Building CXX object CMakeFiles/pathplanning.dir/thirdparty/pathplanning/src/Triangle.cpp.o
[ 81%] Building CXX object CMakeFiles/pathplanning.dir/thirdparty/pathplanning/src/Vect.cpp.o
[ 87%] Linking CXX static library libpathplanning.a
[ 87%] Built target pathplanning
[ 93%] Building CXX object CMakeFiles/boundary_detector_node.dir/src/boundary_detector_node.cpp.o
In file included from /home/wuta/WUTA/WUTA-FSD/ros2_ws/src/planning/boundary_detector/include/boundary_detector/boundary_detector_node.hpp:11,
                 from /home/wuta/WUTA/WUTA-FSD/ros2_ws/src/planning/boundary_detector/src/boundary_detector_node.cpp:1:
/home/wuta/WUTA/WUTA-FSD/ros2_ws/src/planning/boundary_detector/thirdparty/pathplanning/include/pathplanning/PathSearch.h:11:17: error: ‘Point2d’ was not declared in this scope
   11 |     std::vector<Point2d> points;
      |                 ^~~~~~~
/home/wuta/WUTA/WUTA-FSD/ros2_ws/src/planning/boundary_detector/thirdparty/pathplanning/include/pathplanning/PathSearch.h:11:24: error: template argument 1 is invalid
   11 |     std::vector<Point2d> points;
      |                        ^
/home/wuta/WUTA/WUTA-FSD/ros2_ws/src/planning/boundary_detector/thirdparty/pathplanning/include/pathplanning/PathSearch.h:11:24: error: template argument 2 is invalid
/home/wuta/WUTA/WUTA-FSD/ros2_ws/src/planning/boundary_detector/thirdparty/pathplanning/include/pathplanning/PathSearch.h:12:33: error: ‘Triangle’ was not declared in this scope
   12 |     std::vector<std::shared_ptr<Triangle>> triangles;
      |                                 ^~~~~~~~
/home/wuta/WUTA/WUTA-FSD/ros2_ws/src/planning/boundary_detector/thirdparty/pathplanning/include/pathplanning/PathSearch.h:12:33: error: template argument 1 is invalid
/home/wuta/WUTA/WUTA-FSD/ros2_ws/src/planning/boundary_detector/thirdparty/pathplanning/include/pathplanning/PathSearch.h:12:41: error: template argument 1 is invalid
   12 |     std::vector<std::shared_ptr<Triangle>> triangles;
      |                                         ^~
/home/wuta/WUTA/WUTA-FSD/ros2_ws/src/planning/boundary_detector/thirdparty/pathplanning/include/pathplanning/PathSearch.h:12:41: error: template argument 2 is invalid
/home/wuta/WUTA/WUTA-FSD/ros2_ws/src/planning/boundary_detector/thirdparty/pathplanning/include/pathplanning/PathSearch.h:37:32: error: ‘Point2d’ was not declared in this scope
   37 |     void SetPoints(std::vector<Point2d> points_arg);
      |                                ^~~~~~~
/home/wuta/WUTA/WUTA-FSD/ros2_ws/src/planning/boundary_detector/thirdparty/pathplanning/include/pathplanning/PathSearch.h:37:39: error: template argument 1 is invalid
   37 |     void SetPoints(std::vector<Point2d> points_arg);
      |                                       ^
/home/wuta/WUTA/WUTA-FSD/ros2_ws/src/planning/boundary_detector/thirdparty/pathplanning/include/pathplanning/PathSearch.h:37:39: error: template argument 2 is invalid
/home/wuta/WUTA/WUTA-FSD/ros2_ws/src/planning/boundary_detector/src/boundary_detector_node.cpp: In member function ‘autoware_msgs::msg::Lane boundary_detector::BoundaryDetectorNode::computeCenterline(const std::vector<Point2d>&)’:
/home/wuta/WUTA/WUTA-FSD/ros2_ws/src/planning/boundary_detector/src/boundary_detector_node.cpp:110:26: error: cannot convert ‘const std::vector<Point2d>’ to ‘int’
  110 |   path_search_.SetPoints(points);
      |                          ^~~~~~
      |                          |
      |                          const std::vector<Point2d>
/home/wuta/WUTA/WUTA-FSD/ros2_ws/src/planning/boundary_detector/thirdparty/pathplanning/include/pathplanning/PathSearch.h:37:41: note:   initializing argument 1 of ‘void PathSearch::SetPoints(int)’
   37 |     void SetPoints(std::vector<Point2d> points_arg);
      |                    ~~~~~~~~~~~~~~~~~~~~~^~~~~~~~~~
/home/wuta/WUTA/WUTA-FSD/ros2_ws/src/planning/boundary_detector/src/boundary_detector_node.cpp:127:59: error: invalid use of incomplete type ‘class Vect’
  127 |   path_search_.SetFormer(Vect(std::cos(yaw), std::sin(yaw)));
      |                                                           ^
/home/wuta/WUTA/WUTA-FSD/ros2_ws/src/planning/boundary_detector/thirdparty/pathplanning/include/pathplanning/PathSearch.h:5:7: note: forward declaration of ‘class Vect’
    5 | class Vect;
      |       ^~~~
gmake[2]: *** [CMakeFiles/boundary_detector_node.dir/build.make:79: CMakeFiles/boundary_detector_node.dir/src/boundary_detector_node.cpp.o] Error 1
gmake[1]: *** [CMakeFiles/Makefile2:188: CMakeFiles/boundary_detector_node.dir/all] Error 2
gmake: *** [Makefile:146: all] Error 2
