[0.020s] Invoking command in '/home/starry1n/WUTA/WUTA-FSD/ros2_ws/build/wuta_msgs': CMAKE_PREFIX_PATH=/opt/ros/humble /usr/bin/cmake /home/starry1n/WUTA/WUTA-FSD/ros2_ws/src/common/wuta_msgs -DCMAKE_MODULE_PATH=/home/starry1n/WUTA/WUTA-FSD/ros2_ws/cmake -DAMENT_CMAKE_SYMLINK_INSTALL=1 -DCMAKE_INSTALL_PREFIX=/home/starry1n/WUTA/WUTA-FSD/ros2_ws/install/wuta_msgs
[0.026s] [0mCMake Deprecation Warning at CMakeLists.txt:1 (cmake_minimum_required):
[0.027s]   Compatibility with CMake < 3.10 will be removed from a future version of
[0.027s]   CMake.
[0.027s] 
[0.027s]   Update the VERSION argument <min> value.  Or, use the <min>...<max> syntax
[0.027s]   to tell CMake that the project requires at least <min> but has been updated
[0.027s]   to work with policies introduced by <max> or earlier.
[0.027s] 
[0.028s] [0m
[0.074s] -- The C compiler identification is GNU 11.4.0
[0.139s] -- The CXX compiler identification is GNU 11.4.0
[0.148s] -- Detecting C compiler ABI info
[0.222s] -- Detecting C compiler ABI info - done
[0.234s] -- Check for working C compiler: /usr/bin/cc - skipped
[0.234s] -- Detecting C compile features
[0.234s] -- Detecting C compile features - done
[0.247s] -- Detecting CXX compiler ABI info
[0.330s] -- Detecting CXX compiler ABI info - done
[0.341s] -- Check for working CXX compiler: /usr/bin/c++ - skipped
[0.341s] -- Detecting CXX compile features
[0.342s] -- Detecting CXX compile features - done
[0.352s] -- Found ament_cmake: 1.3.14 (/opt/ros/humble/share/ament_cmake/cmake)
[0.453s] -- Found Python3: /usr/bin/python3 (found version "3.10.12") found components: Interpreter
[0.495s] -- Override CMake install command with custom implementation using symlinks instead of copying resources
[0.513s] -- Found rosidl_default_generators: 1.2.1 (/opt/ros/humble/share/rosidl_default_generators/cmake)
[0.515s] -- Using all available rosidl_typesupport_c: rosidl_typesupport_fastrtps_c;rosidl_typesupport_introspection_c
[0.519s] -- Found rosidl_adapter: 3.1.9 (/opt/ros/humble/share/rosidl_adapter/cmake)
[0.549s] -- Using all available rosidl_typesupport_cpp: rosidl_typesupport_fastrtps_cpp;rosidl_typesupport_introspection_cpp
[0.579s] -- Found std_msgs: 4.9.1 (/opt/ros/humble/share/std_msgs/cmake)
[0.599s] -- Found geometry_msgs: 4.9.1 (/opt/ros/humble/share/geometry_msgs/cmake)
[0.945s] -- Found ament_cmake_ros: 0.10.0 (/opt/ros/humble/share/ament_cmake_ros/cmake)
[1.309s] -- Using all available rosidl_typesupport_c: rosidl_typesupport_fastrtps_c;rosidl_typesupport_introspection_c
[1.793s] -- Using all available rosidl_typesupport_cpp: rosidl_typesupport_fastrtps_cpp;rosidl_typesupport_introspection_cpp
[1.795s] [33mCMake Warning (dev) at /opt/ros/humble/share/rosidl_generator_py/cmake/rosidl_generator_py_generate_interfaces.cmake:20 (find_package):
[1.795s]   Policy CMP0148 is not set: The FindPythonInterp and FindPythonLibs modules
[1.795s]   are removed.  Run "cmake --help-policy CMP0148" for policy details.  Use
[1.795s]   the cmake_policy command to set the policy and suppress this warning.
[1.795s] 
[1.795s] Call Stack (most recent call first):
[1.795s]   /opt/ros/humble/share/ament_cmake_core/cmake/core/ament_execute_extensions.cmake:48 (include)
[1.795s]   /opt/ros/humble/share/rosidl_cmake/cmake/rosidl_generate_interfaces.cmake:286 (ament_execute_extensions)
[1.795s]   CMakeLists.txt:9 (rosidl_generate_interfaces)
[1.795s] This warning is for project developers.  Use -Wno-dev to suppress it.
[1.795s] [0m
[1.812s] -- Found PythonInterp: /usr/bin/python3 (found suitable version "3.10.12", minimum required is "3.6")
[1.814s] -- Found python_cmake_module: 0.10.0 (/opt/ros/humble/share/python_cmake_module/cmake)
[1.814s] [33mCMake Warning (dev) at /opt/ros/humble/share/python_cmake_module/cmake/Modules/FindPythonExtra.cmake:52 (find_package):
[1.815s]   Policy CMP0148 is not set: The FindPythonInterp and FindPythonLibs modules
[1.815s]   are removed.  Run "cmake --help-policy CMP0148" for policy details.  Use
[1.815s]   the cmake_policy command to set the policy and suppress this warning.
[1.815s] 
[1.815s] Call Stack (most recent call first):
[1.815s]   /opt/ros/humble/share/rosidl_generator_py/cmake/rosidl_generator_py_generate_interfaces.cmake:23 (find_package)
[1.815s]   /opt/ros/humble/share/ament_cmake_core/cmake/core/ament_execute_extensions.cmake:48 (include)
[1.815s]   /opt/ros/humble/share/rosidl_cmake/cmake/rosidl_generate_interfaces.cmake:286 (ament_execute_extensions)
[1.815s]   CMakeLists.txt:9 (rosidl_generate_interfaces)
[1.815s] This warning is for project developers.  Use -Wno-dev to suppress it.
[1.815s] [0m
[1.832s] [33mCMake Warning (dev) at /opt/ros/humble/share/python_cmake_module/cmake/Modules/FindPythonExtra.cmake:140 (find_package):
[1.832s]   Policy CMP0148 is not set: The FindPythonInterp and FindPythonLibs modules
[1.832s]   are removed.  Run "cmake --help-policy CMP0148" for policy details.  Use
[1.832s]   the cmake_policy command to set the policy and suppress this warning.
[1.832s] 
[1.832s] Call Stack (most recent call first):
[1.832s]   /opt/ros/humble/share/rosidl_generator_py/cmake/rosidl_generator_py_generate_interfaces.cmake:23 (find_package)
[1.832s]   /opt/ros/humble/share/ament_cmake_core/cmake/core/ament_execute_extensions.cmake:48 (include)
[1.832s]   /opt/ros/humble/share/rosidl_cmake/cmake/rosidl_generate_interfaces.cmake:286 (ament_execute_extensions)
[1.832s]   CMakeLists.txt:9 (rosidl_generate_interfaces)
[1.832s] This warning is for project developers.  Use -Wno-dev to suppress it.
[1.832s] [0m
[1.843s] -- Found PythonLibs: /usr/lib/x86_64-linux-gnu/libpython3.10.so (found suitable version "3.10.12", minimum required is "3.5")
[1.844s] -- Using PYTHON_EXECUTABLE: /usr/bin/python3
[1.844s] -- Using PYTHON_INCLUDE_DIRS: /usr/include/python3.10
[1.844s] -- Using PYTHON_LIBRARIES: /usr/lib/x86_64-linux-gnu/libpython3.10.so
[1.860s] -- Found PythonExtra: .so
[2.053s] -- Configuring done (2.0s)
[2.098s] -- Generating done (0.0s)
[2.111s] -- Build files have been written to: /home/starry1n/WUTA/WUTA-FSD/ros2_ws/build/wuta_msgs
[2.119s] Invoked command in '/home/starry1n/WUTA/WUTA-FSD/ros2_ws/build/wuta_msgs' returned '0': CMAKE_PREFIX_PATH=/opt/ros/humble /usr/bin/cmake /home/starry1n/WUTA/WUTA-FSD/ros2_ws/src/common/wuta_msgs -DCMAKE_MODULE_PATH=/home/starry1n/WUTA/WUTA-FSD/ros2_ws/cmake -DAMENT_CMAKE_SYMLINK_INSTALL=1 -DCMAKE_INSTALL_PREFIX=/home/starry1n/WUTA/WUTA-FSD/ros2_ws/install/wuta_msgs
[2.121s] Invoking command in '/home/starry1n/WUTA/WUTA-FSD/ros2_ws/build/wuta_msgs': CMAKE_PREFIX_PATH=/opt/ros/humble /usr/bin/cmake --build /home/starry1n/WUTA/WUTA-FSD/ros2_ws/build/wuta_msgs -- -j8 -l8
[2.169s] [  1%] [1m[34mGenerating C code for ROS interfaces[0m
[2.185s] [  3%] [1m[34mGenerating Rust code for ROS interfaces[0m
[2.196s] [  5%] [1m[34mGenerating C++ code for ROS interfaces[0m
[2.209s] [  5%] Built target ament_cmake_python_symlink_wuta_msgs
[2.458s] running egg_info
[2.461s] creating wuta_msgs.egg-info
[2.461s] writing wuta_msgs.egg-info/PKG-INFO
[2.461s] writing dependency_links to wuta_msgs.egg-info/dependency_links.txt
[2.461s] writing top-level names to wuta_msgs.egg-info/top_level.txt
[2.461s] writing manifest file 'wuta_msgs.egg-info/SOURCES.txt'
[2.463s] reading manifest file 'wuta_msgs.egg-info/SOURCES.txt'
[2.463s] writing manifest file 'wuta_msgs.egg-info/SOURCES.txt'
[2.506s] [  5%] Built target ament_cmake_python_build_wuta_msgs_egg
[2.586s] [  5%] Built target wuta_msgs__rs
[2.842s] [  5%] Built target wuta_msgs__cpp
[2.858s] [  7%] [1m[34mGenerating C++ type support for eProsima Fast-RTPS[0m
[2.865s] [  8%] [1m[34mGenerating C++ introspection for ROS interfaces[0m
[2.885s] [ 10%] [1m[34mGenerating C++ type support dispatch for ROS interfaces[0m
[2.892s] [ 12%] [32mBuilding C object CMakeFiles/wuta_msgs__rosidl_generator_c.dir/rosidl_generator_c/wuta_msgs/msg/detail/cone_array__functions.c.o[0m
[2.904s] [ 14%] [32mBuilding C object CMakeFiles/wuta_msgs__rosidl_generator_c.dir/rosidl_generator_c/wuta_msgs/msg/detail/cone__functions.c.o[0m
[2.912s] [ 16%] [32mBuilding C object CMakeFiles/wuta_msgs__rosidl_generator_c.dir/rosidl_generator_c/wuta_msgs/msg/detail/cone_map__functions.c.o[0m
[2.914s] [ 17%] [32mBuilding C object CMakeFiles/wuta_msgs__rosidl_generator_c.dir/rosidl_generator_c/wuta_msgs/msg/detail/mission_state__functions.c.o[0m
[3.018s] [ 19%] [1m[32mLinking C shared library libwuta_msgs__rosidl_generator_c.so[0m
[3.083s] [ 19%] Built target wuta_msgs__rosidl_generator_c
[3.097s] [ 21%] [1m[34mGenerating C introspection for ROS interfaces[0m
[3.101s] [ 23%] [1m[34mGenerating C type support dispatch for ROS interfaces[0m
[3.101s] [ 25%] [1m[34mGenerating C type support for eProsima Fast-RTPS[0m
[3.318s] [ 26%] [32mBuilding CXX object CMakeFiles/wuta_msgs__rosidl_typesupport_introspection_cpp.dir/rosidl_typesupport_introspection_cpp/wuta_msgs/msg/detail/cone__type_support.cpp.o[0m
[3.318s] [ 28%] [32mBuilding CXX object CMakeFiles/wuta_msgs__rosidl_typesupport_introspection_cpp.dir/rosidl_typesupport_introspection_cpp/wuta_msgs/msg/detail/cone_array__type_support.cpp.o[0m
[3.338s] [ 30%] [32mBuilding CXX object CMakeFiles/wuta_msgs__rosidl_typesupport_introspection_cpp.dir/rosidl_typesupport_introspection_cpp/wuta_msgs/msg/detail/cone_map__type_support.cpp.o[0m
[3.570s] [ 32%] [32mBuilding CXX object CMakeFiles/wuta_msgs__rosidl_typesupport_c.dir/rosidl_typesupport_c/wuta_msgs/msg/cone__type_support.cpp.o[0m
[3.612s] [ 33%] [32mBuilding CXX object CMakeFiles/wuta_msgs__rosidl_typesupport_introspection_cpp.dir/rosidl_typesupport_introspection_cpp/wuta_msgs/msg/detail/mission_state__type_support.cpp.o[0m
[3.625s] [ 35%] [32mBuilding CXX object CMakeFiles/wuta_msgs__rosidl_typesupport_c.dir/rosidl_typesupport_c/wuta_msgs/msg/cone_array__type_support.cpp.o[0m
[3.634s] [ 37%] [32mBuilding CXX object CMakeFiles/wuta_msgs__rosidl_typesupport_c.dir/rosidl_typesupport_c/wuta_msgs/msg/cone_map__type_support.cpp.o[0m
[3.651s] [ 39%] [32mBuilding CXX object CMakeFiles/wuta_msgs__rosidl_typesupport_fastrtps_cpp.dir/rosidl_typesupport_fastrtps_cpp/wuta_msgs/msg/detail/dds_fastrtps/cone__type_support.cpp.o[0m
[3.666s] [ 41%] [32mBuilding CXX object CMakeFiles/wuta_msgs__rosidl_typesupport_cpp.dir/rosidl_typesupport_cpp/wuta_msgs/msg/cone__type_support.cpp.o[0m
[3.677s] [ 42%] [32mBuilding CXX object CMakeFiles/wuta_msgs__rosidl_typesupport_c.dir/rosidl_typesupport_c/wuta_msgs/msg/mission_state__type_support.cpp.o[0m
[3.687s] [ 44%] [32mBuilding CXX object CMakeFiles/wuta_msgs__rosidl_typesupport_cpp.dir/rosidl_typesupport_cpp/wuta_msgs/msg/cone_array__type_support.cpp.o[0m
[3.718s] [ 46%] [1m[32mLinking CXX shared library libwuta_msgs__rosidl_typesupport_c.so[0m
[3.810s] [ 46%] Built target wuta_msgs__rosidl_typesupport_c
[3.835s] [ 48%] [32mBuilding CXX object CMakeFiles/wuta_msgs__rosidl_typesupport_fastrtps_cpp.dir/rosidl_typesupport_fastrtps_cpp/wuta_msgs/msg/detail/dds_fastrtps/cone_array__type_support.cpp.o[0m
[3.840s] [ 50%] [32mBuilding CXX object CMakeFiles/wuta_msgs__rosidl_typesupport_fastrtps_cpp.dir/rosidl_typesupport_fastrtps_cpp/wuta_msgs/msg/detail/dds_fastrtps/cone_map__type_support.cpp.o[0m
[3.905s] [ 51%] [1m[32mLinking CXX shared library libwuta_msgs__rosidl_typesupport_introspection_cpp.so[0m
[4.124s] [ 51%] Built target wuta_msgs__rosidl_typesupport_introspection_cpp
[4.156s] [ 53%] [32mBuilding CXX object CMakeFiles/wuta_msgs__rosidl_typesupport_fastrtps_cpp.dir/rosidl_typesupport_fastrtps_cpp/wuta_msgs/msg/detail/dds_fastrtps/mission_state__type_support.cpp.o[0m
[4.329s] [ 55%] [32mBuilding CXX object CMakeFiles/wuta_msgs__rosidl_typesupport_cpp.dir/rosidl_typesupport_cpp/wuta_msgs/msg/cone_map__type_support.cpp.o[0m
[4.351s] [ 57%] [32mBuilding CXX object CMakeFiles/wuta_msgs__rosidl_typesupport_cpp.dir/rosidl_typesupport_cpp/wuta_msgs/msg/mission_state__type_support.cpp.o[0m
[4.531s] [ 58%] [32mBuilding CXX object CMakeFiles/wuta_msgs__rosidl_typesupport_fastrtps_c.dir/rosidl_typesupport_fastrtps_c/wuta_msgs/msg/detail/cone__type_support_c.cpp.o[0m
[4.537s] [ 60%] [32mBuilding CXX object CMakeFiles/wuta_msgs__rosidl_typesupport_fastrtps_c.dir/rosidl_typesupport_fastrtps_c/wuta_msgs/msg/detail/cone_array__type_support_c.cpp.o[0m
[4.559s] [ 62%] [1m[32mLinking CXX shared library libwuta_msgs__rosidl_typesupport_cpp.so[0m
[4.568s] [ 64%] [32mBuilding C object CMakeFiles/wuta_msgs__rosidl_typesupport_introspection_c.dir/rosidl_typesupport_introspection_c/wuta_msgs/msg/detail/cone__type_support.c.o[0m
[4.638s] [ 64%] Built target wuta_msgs__rosidl_typesupport_cpp
[4.657s] [ 66%] [32mBuilding C object CMakeFiles/wuta_msgs__rosidl_typesupport_introspection_c.dir/rosidl_typesupport_introspection_c/wuta_msgs/msg/detail/cone_array__type_support.c.o[0m
[4.746s] [ 67%] [32mBuilding C object CMakeFiles/wuta_msgs__rosidl_typesupport_introspection_c.dir/rosidl_typesupport_introspection_c/wuta_msgs/msg/detail/cone_map__type_support.c.o[0m
[4.809s] [ 69%] [32mBuilding CXX object CMakeFiles/wuta_msgs__rosidl_typesupport_fastrtps_c.dir/rosidl_typesupport_fastrtps_c/wuta_msgs/msg/detail/cone_map__type_support_c.cpp.o[0m
[4.910s] [ 71%] [32mBuilding CXX object CMakeFiles/wuta_msgs__rosidl_typesupport_fastrtps_c.dir/rosidl_typesupport_fastrtps_c/wuta_msgs/msg/detail/mission_state__type_support_c.cpp.o[0m
[4.976s] [ 73%] [32mBuilding C object CMakeFiles/wuta_msgs__rosidl_typesupport_introspection_c.dir/rosidl_typesupport_introspection_c/wuta_msgs/msg/detail/mission_state__type_support.c.o[0m
[5.163s] [ 75%] [1m[32mLinking CXX shared library libwuta_msgs__rosidl_typesupport_fastrtps_c.so[0m
[5.427s] [ 75%] Built target wuta_msgs__rosidl_typesupport_fastrtps_c
[5.433s] [ 76%] [1m[32mLinking C shared library libwuta_msgs__rosidl_typesupport_introspection_c.so[0m
[5.504s] [ 76%] Built target wuta_msgs__rosidl_typesupport_introspection_c
[5.760s] [ 78%] [1m[32mLinking CXX shared library libwuta_msgs__rosidl_typesupport_fastrtps_cpp.so[0m
[5.853s] [ 78%] Built target wuta_msgs__rosidl_typesupport_fastrtps_cpp
[5.878s] [ 78%] Built target wuta_msgs
[5.916s] [ 80%] [1m[34mGenerating Python code for ROS interfaces[0m
[6.871s] [ 80%] Built target wuta_msgs__py
[6.909s] [ 82%] [32mBuilding C object CMakeFiles/wuta_msgs__rosidl_generator_py.dir/rosidl_generator_py/wuta_msgs/msg/_cone_s.c.o[0m
[6.922s] [ 83%] [32mBuilding C object CMakeFiles/wuta_msgs__rosidl_generator_py.dir/rosidl_generator_py/wuta_msgs/msg/_cone_array_s.c.o[0m
[6.924s] [ 85%] [32mBuilding C object CMakeFiles/wuta_msgs__rosidl_generator_py.dir/rosidl_generator_py/wuta_msgs/msg/_cone_map_s.c.o[0m
[6.935s] [ 87%] [32mBuilding C object CMakeFiles/wuta_msgs__rosidl_generator_py.dir/rosidl_generator_py/wuta_msgs/msg/_mission_state_s.c.o[0m
[7.221s] [ 89%] [1m[32mLinking C shared library rosidl_generator_py/wuta_msgs/libwuta_msgs__rosidl_generator_py.so[0m
[7.364s] [ 89%] Built target wuta_msgs__rosidl_generator_py
[7.419s] [ 91%] [32mBuilding C object CMakeFiles/wuta_msgs__rosidl_typesupport_c__pyext.dir/rosidl_generator_py/wuta_msgs/_wuta_msgs_s.ep.rosidl_typesupport_c.c.o[0m
[7.427s] [ 92%] [32mBuilding C object CMakeFiles/wuta_msgs__rosidl_typesupport_introspection_c__pyext.dir/rosidl_generator_py/wuta_msgs/_wuta_msgs_s.ep.rosidl_typesupport_introspection_c.c.o[0m
[7.443s] [ 94%] [32mBuilding C object CMakeFiles/wuta_msgs__rosidl_typesupport_fastrtps_c__pyext.dir/rosidl_generator_py/wuta_msgs/_wuta_msgs_s.ep.rosidl_typesupport_fastrtps_c.c.o[0m
[8.352s] [ 96%] [1m[32mLinking C shared library rosidl_generator_py/wuta_msgs/wuta_msgs_s__rosidl_typesupport_fastrtps_c.cpython-310-x86_64-linux-gnu.so[0m
[8.373s] [ 98%] [1m[32mLinking C shared library rosidl_generator_py/wuta_msgs/wuta_msgs_s__rosidl_typesupport_introspection_c.cpython-310-x86_64-linux-gnu.so[0m
[8.373s] [100%] [1m[32mLinking C shared library rosidl_generator_py/wuta_msgs/wuta_msgs_s__rosidl_typesupport_c.cpython-310-x86_64-linux-gnu.so[0m
[8.435s] [100%] Built target wuta_msgs__rosidl_typesupport_introspection_c__pyext
[8.482s] [100%] Built target wuta_msgs__rosidl_typesupport_fastrtps_c__pyext
[8.505s] [100%] Built target wuta_msgs__rosidl_typesupport_c__pyext
[8.541s] Invoked command in '/home/starry1n/WUTA/WUTA-FSD/ros2_ws/build/wuta_msgs' returned '0': CMAKE_PREFIX_PATH=/opt/ros/humble /usr/bin/cmake --build /home/starry1n/WUTA/WUTA-FSD/ros2_ws/build/wuta_msgs -- -j8 -l8
[8.543s] Invoking command in '/home/starry1n/WUTA/WUTA-FSD/ros2_ws/build/wuta_msgs': CMAKE_PREFIX_PATH=/opt/ros/humble /usr/bin/cmake --install /home/starry1n/WUTA/WUTA-FSD/ros2_ws/build/wuta_msgs
[8.574s] -- Install configuration: ""
[8.575s] -- Execute custom install script
[8.578s] -- Symlinking: /home/starry1n/WUTA/WUTA-FSD/ros2_ws/install/wuta_msgs/share/ament_index/resource_index/rosidl_interfaces/wuta_msgs
[8.607s] -- Symlinking: /home/starry1n/WUTA/WUTA-FSD/ros2_ws/install/wuta_msgs/include/wuta_msgs/wuta_msgs/msg/cone.h
[8.627s] -- Symlinking: /home/starry1n/WUTA/WUTA-FSD/ros2_ws/install/wuta_msgs/include/wuta_msgs/wuta_msgs/msg/cone_array.h
[8.650s] -- Symlinking: /home/starry1n/WUTA/WUTA-FSD/ros2_ws/install/wuta_msgs/include/wuta_msgs/wuta_msgs/msg/cone_map.h
[8.681s] -- Symlinking: /home/starry1n/WUTA/WUTA-FSD/ros2_ws/install/wuta_msgs/include/wuta_msgs/wuta_msgs/msg/detail/cone__functions.h
[8.707s] -- Symlinking: /home/starry1n/WUTA/WUTA-FSD/ros2_ws/install/wuta_msgs/include/wuta_msgs/wuta_msgs/msg/detail/cone__struct.h
[8.736s] -- Symlinking: /home/starry1n/WUTA/WUTA-FSD/ros2_ws/install/wuta_msgs/include/wuta_msgs/wuta_msgs/msg/detail/cone__type_support.h
[8.761s] -- Symlinking: /home/starry1n/WUTA/WUTA-FSD/ros2_ws/install/wuta_msgs/include/wuta_msgs/wuta_msgs/msg/detail/cone_array__functions.h
[8.779s] -- Symlinking: /home/starry1n/WUTA/WUTA-FSD/ros2_ws/install/wuta_msgs/include/wuta_msgs/wuta_msgs/msg/detail/cone_array__struct.h
[8.794s] -- Symlinking: /home/starry1n/WUTA/WUTA-FSD/ros2_ws/install/wuta_msgs/include/wuta_msgs/wuta_msgs/msg/detail/cone_array__type_support.h
[8.815s] -- Symlinking: /home/starry1n/WUTA/WUTA-FSD/ros2_ws/install/wuta_msgs/include/wuta_msgs/wuta_msgs/msg/detail/cone_map__functions.h
[8.829s] -- Symlinking: /home/starry1n/WUTA/WUTA-FSD/ros2_ws/install/wuta_msgs/include/wuta_msgs/wuta_msgs/msg/detail/cone_map__struct.h
[8.860s] -- Symlinking: /home/starry1n/WUTA/WUTA-FSD/ros2_ws/install/wuta_msgs/include/wuta_msgs/wuta_msgs/msg/detail/cone_map__type_support.h
[8.882s] -- Symlinking: /home/starry1n/WUTA/WUTA-FSD/ros2_ws/install/wuta_msgs/include/wuta_msgs/wuta_msgs/msg/detail/mission_state__functions.h
[8.897s] -- Symlinking: /home/starry1n/WUTA/WUTA-FSD/ros2_ws/install/wuta_msgs/include/wuta_msgs/wuta_msgs/msg/detail/mission_state__struct.h
[8.912s] -- Symlinking: /home/starry1n/WUTA/WUTA-FSD/ros2_ws/install/wuta_msgs/include/wuta_msgs/wuta_msgs/msg/detail/mission_state__type_support.h
[8.943s] -- Symlinking: /home/starry1n/WUTA/WUTA-FSD/ros2_ws/install/wuta_msgs/include/wuta_msgs/wuta_msgs/msg/mission_state.h
[8.973s] -- Symlinking: /home/starry1n/WUTA/WUTA-FSD/ros2_ws/install/wuta_msgs/include/wuta_msgs/wuta_msgs/msg/rosidl_generator_c__visibility_control.h
[9.000s] -- Symlinking: /home/starry1n/WUTA/WUTA-FSD/ros2_ws/install/wuta_msgs/share/wuta_msgs/environment/library_path.sh
[9.028s] -- Symlinking: /home/starry1n/WUTA/WUTA-FSD/ros2_ws/install/wuta_msgs/share/wuta_msgs/environment/library_path.dsv
[9.059s] -- Symlinking: /home/starry1n/WUTA/WUTA-FSD/ros2_ws/install/wuta_msgs/include/wuta_msgs/wuta_msgs/msg/detail/cone__rosidl_typesupport_fastrtps_c.h
[9.085s] -- Symlinking: /home/starry1n/WUTA/WUTA-FSD/ros2_ws/install/wuta_msgs/include/wuta_msgs/wuta_msgs/msg/detail/cone_array__rosidl_typesupport_fastrtps_c.h
[9.107s] -- Symlinking: /home/starry1n/WUTA/WUTA-FSD/ros2_ws/install/wuta_msgs/include/wuta_msgs/wuta_msgs/msg/detail/cone_map__rosidl_typesupport_fastrtps_c.h
[9.123s] -- Symlinking: /home/starry1n/WUTA/WUTA-FSD/ros2_ws/install/wuta_msgs/include/wuta_msgs/wuta_msgs/msg/detail/mission_state__rosidl_typesupport_fastrtps_c.h
[9.139s] -- Symlinking: /home/starry1n/WUTA/WUTA-FSD/ros2_ws/install/wuta_msgs/include/wuta_msgs/wuta_msgs/msg/rosidl_typesupport_fastrtps_c__visibility_control.h
[9.158s] -- Symlinking: /home/starry1n/WUTA/WUTA-FSD/ros2_ws/install/wuta_msgs/include/wuta_msgs/wuta_msgs/msg/detail/cone__rosidl_typesupport_introspection_c.h
[9.173s] -- Symlinking: /home/starry1n/WUTA/WUTA-FSD/ros2_ws/install/wuta_msgs/include/wuta_msgs/wuta_msgs/msg/detail/cone_array__rosidl_typesupport_introspection_c.h
[9.191s] -- Symlinking: /home/starry1n/WUTA/WUTA-FSD/ros2_ws/install/wuta_msgs/include/wuta_msgs/wuta_msgs/msg/detail/cone_map__rosidl_typesupport_introspection_c.h
[9.206s] -- Symlinking: /home/starry1n/WUTA/WUTA-FSD/ros2_ws/install/wuta_msgs/include/wuta_msgs/wuta_msgs/msg/detail/mission_state__rosidl_typesupport_introspection_c.h
[9.223s] -- Symlinking: /home/starry1n/WUTA/WUTA-FSD/ros2_ws/install/wuta_msgs/include/wuta_msgs/wuta_msgs/msg/rosidl_typesupport_introspection_c__visibility_control.h
[9.240s] -- Symlinking: /home/starry1n/WUTA/WUTA-FSD/ros2_ws/install/wuta_msgs/include/wuta_msgs/wuta_msgs/msg/cone.hpp
[9.270s] -- Symlinking: /home/starry1n/WUTA/WUTA-FSD/ros2_ws/install/wuta_msgs/include/wuta_msgs/wuta_msgs/msg/cone_array.hpp
[9.286s] -- Symlinking: /home/starry1n/WUTA/WUTA-FSD/ros2_ws/install/wuta_msgs/include/wuta_msgs/wuta_msgs/msg/cone_map.hpp
[9.316s] -- Symlinking: /home/starry1n/WUTA/WUTA-FSD/ros2_ws/install/wuta_msgs/include/wuta_msgs/wuta_msgs/msg/detail/cone__builder.hpp
[9.332s] -- Symlinking: /home/starry1n/WUTA/WUTA-FSD/ros2_ws/install/wuta_msgs/include/wuta_msgs/wuta_msgs/msg/detail/cone__struct.hpp
[9.391s] -- Symlinking: /home/starry1n/WUTA/WUTA-FSD/ros2_ws/install/wuta_msgs/include/wuta_msgs/wuta_msgs/msg/detail/cone__traits.hpp
[9.403s] -- Symlinking: /home/starry1n/WUTA/WUTA-FSD/ros2_ws/install/wuta_msgs/include/wuta_msgs/wuta_msgs/msg/detail/cone__type_support.hpp
[9.415s] -- Symlinking: /home/starry1n/WUTA/WUTA-FSD/ros2_ws/install/wuta_msgs/include/wuta_msgs/wuta_msgs/msg/detail/cone_array__builder.hpp
[9.423s] -- Symlinking: /home/starry1n/WUTA/WUTA-FSD/ros2_ws/install/wuta_msgs/include/wuta_msgs/wuta_msgs/msg/detail/cone_array__struct.hpp
[9.432s] -- Symlinking: /home/starry1n/WUTA/WUTA-FSD/ros2_ws/install/wuta_msgs/include/wuta_msgs/wuta_msgs/msg/detail/cone_array__traits.hpp
[9.448s] -- Symlinking: /home/starry1n/WUTA/WUTA-FSD/ros2_ws/install/wuta_msgs/include/wuta_msgs/wuta_msgs/msg/detail/cone_array__type_support.hpp
[9.458s] -- Symlinking: /home/starry1n/WUTA/WUTA-FSD/ros2_ws/install/wuta_msgs/include/wuta_msgs/wuta_msgs/msg/detail/cone_map__builder.hpp
[9.466s] -- Symlinking: /home/starry1n/WUTA/WUTA-FSD/ros2_ws/install/wuta_msgs/include/wuta_msgs/wuta_msgs/msg/detail/cone_map__struct.hpp
[9.475s] -- Symlinking: /home/starry1n/WUTA/WUTA-FSD/ros2_ws/install/wuta_msgs/include/wuta_msgs/wuta_msgs/msg/detail/cone_map__traits.hpp
[9.489s] -- Symlinking: /home/starry1n/WUTA/WUTA-FSD/ros2_ws/install/wuta_msgs/include/wuta_msgs/wuta_msgs/msg/detail/cone_map__type_support.hpp
[9.500s] -- Symlinking: /home/starry1n/WUTA/WUTA-FSD/ros2_ws/install/wuta_msgs/include/wuta_msgs/wuta_msgs/msg/detail/mission_state__builder.hpp
[9.515s] -- Symlinking: /home/starry1n/WUTA/WUTA-FSD/ros2_ws/install/wuta_msgs/include/wuta_msgs/wuta_msgs/msg/detail/mission_state__struct.hpp
[9.531s] -- Symlinking: /home/starry1n/WUTA/WUTA-FSD/ros2_ws/install/wuta_msgs/include/wuta_msgs/wuta_msgs/msg/detail/mission_state__traits.hpp
[9.551s] -- Symlinking: /home/starry1n/WUTA/WUTA-FSD/ros2_ws/install/wuta_msgs/include/wuta_msgs/wuta_msgs/msg/detail/mission_state__type_support.hpp
[9.567s] -- Symlinking: /home/starry1n/WUTA/WUTA-FSD/ros2_ws/install/wuta_msgs/include/wuta_msgs/wuta_msgs/msg/mission_state.hpp
[9.584s] -- Symlinking: /home/starry1n/WUTA/WUTA-FSD/ros2_ws/install/wuta_msgs/include/wuta_msgs/wuta_msgs/msg/rosidl_generator_cpp__visibility_control.hpp
[9.603s] -- Symlinking: /home/starry1n/WUTA/WUTA-FSD/ros2_ws/install/wuta_msgs/include/wuta_msgs/wuta_msgs/msg/detail/cone__rosidl_typesupport_fastrtps_cpp.hpp
[9.619s] -- Symlinking: /home/starry1n/WUTA/WUTA-FSD/ros2_ws/install/wuta_msgs/include/wuta_msgs/wuta_msgs/msg/detail/cone_array__rosidl_typesupport_fastrtps_cpp.hpp
[9.633s] -- Symlinking: /home/starry1n/WUTA/WUTA-FSD/ros2_ws/install/wuta_msgs/include/wuta_msgs/wuta_msgs/msg/detail/cone_map__rosidl_typesupport_fastrtps_cpp.hpp
[9.649s] -- Symlinking: /home/starry1n/WUTA/WUTA-FSD/ros2_ws/install/wuta_msgs/include/wuta_msgs/wuta_msgs/msg/detail/mission_state__rosidl_typesupport_fastrtps_cpp.hpp
[9.663s] -- Symlinking: /home/starry1n/WUTA/WUTA-FSD/ros2_ws/install/wuta_msgs/include/wuta_msgs/wuta_msgs/msg/rosidl_typesupport_fastrtps_cpp__visibility_control.h
[9.679s] -- Symlinking: /home/starry1n/WUTA/WUTA-FSD/ros2_ws/install/wuta_msgs/include/wuta_msgs/wuta_msgs/msg/detail/cone__rosidl_typesupport_introspection_cpp.hpp
[9.691s] -- Symlinking: /home/starry1n/WUTA/WUTA-FSD/ros2_ws/install/wuta_msgs/include/wuta_msgs/wuta_msgs/msg/detail/cone_array__rosidl_typesupport_introspection_cpp.hpp
[9.706s] -- Symlinking: /home/starry1n/WUTA/WUTA-FSD/ros2_ws/install/wuta_msgs/include/wuta_msgs/wuta_msgs/msg/detail/cone_map__rosidl_typesupport_introspection_cpp.hpp
[9.721s] -- Symlinking: /home/starry1n/WUTA/WUTA-FSD/ros2_ws/install/wuta_msgs/include/wuta_msgs/wuta_msgs/msg/detail/mission_state__rosidl_typesupport_introspection_cpp.hpp
[9.736s] -- Symlinking: /home/starry1n/WUTA/WUTA-FSD/ros2_ws/install/wuta_msgs/share/wuta_msgs/environment/pythonpath.sh
[9.752s] -- Symlinking: /home/starry1n/WUTA/WUTA-FSD/ros2_ws/install/wuta_msgs/share/wuta_msgs/environment/pythonpath.dsv
[9.779s] -- Symlinking: /home/starry1n/WUTA/WUTA-FSD/ros2_ws/install/wuta_msgs/local/lib/python3.10/dist-packages/wuta_msgs-1.0.0-py3.10.egg-info/PKG-INFO
[9.808s] -- Symlinking: /home/starry1n/WUTA/WUTA-FSD/ros2_ws/install/wuta_msgs/local/lib/python3.10/dist-packages/wuta_msgs-1.0.0-py3.10.egg-info/SOURCES.txt
[9.828s] -- Symlinking: /home/starry1n/WUTA/WUTA-FSD/ros2_ws/install/wuta_msgs/local/lib/python3.10/dist-packages/wuta_msgs-1.0.0-py3.10.egg-info/dependency_links.txt
[9.845s] -- Symlinking: /home/starry1n/WUTA/WUTA-FSD/ros2_ws/install/wuta_msgs/local/lib/python3.10/dist-packages/wuta_msgs-1.0.0-py3.10.egg-info/top_level.txt
[9.865s] -- Symlinking: /home/starry1n/WUTA/WUTA-FSD/ros2_ws/install/wuta_msgs/local/lib/python3.10/dist-packages/wuta_msgs/__init__.py
[9.882s] -- Symlinking: /home/starry1n/WUTA/WUTA-FSD/ros2_ws/install/wuta_msgs/local/lib/python3.10/dist-packages/wuta_msgs/_wuta_msgs_s.ep.rosidl_typesupport_c.c
[9.899s] -- Symlinking: /home/starry1n/WUTA/WUTA-FSD/ros2_ws/install/wuta_msgs/local/lib/python3.10/dist-packages/wuta_msgs/_wuta_msgs_s.ep.rosidl_typesupport_fastrtps_c.c
[9.918s] -- Symlinking: /home/starry1n/WUTA/WUTA-FSD/ros2_ws/install/wuta_msgs/local/lib/python3.10/dist-packages/wuta_msgs/_wuta_msgs_s.ep.rosidl_typesupport_introspection_c.c
[9.937s] -- Symlinking: /home/starry1n/WUTA/WUTA-FSD/ros2_ws/install/wuta_msgs/local/lib/python3.10/dist-packages/wuta_msgs/libwuta_msgs__rosidl_generator_py.so
[9.952s] -- Symlinking: /home/starry1n/WUTA/WUTA-FSD/ros2_ws/install/wuta_msgs/local/lib/python3.10/dist-packages/wuta_msgs/msg/__init__.py
[9.968s] -- Symlinking: /home/starry1n/WUTA/WUTA-FSD/ros2_ws/install/wuta_msgs/local/lib/python3.10/dist-packages/wuta_msgs/msg/_cone.py
[9.995s] -- Symlinking: /home/starry1n/WUTA/WUTA-FSD/ros2_ws/install/wuta_msgs/local/lib/python3.10/dist-packages/wuta_msgs/msg/_cone_array.py
[10.023s] -- Symlinking: /home/starry1n/WUTA/WUTA-FSD/ros2_ws/install/wuta_msgs/local/lib/python3.10/dist-packages/wuta_msgs/msg/_cone_array_s.c
[10.049s] -- Symlinking: /home/starry1n/WUTA/WUTA-FSD/ros2_ws/install/wuta_msgs/local/lib/python3.10/dist-packages/wuta_msgs/msg/_cone_map.py
[10.079s] -- Symlinking: /home/starry1n/WUTA/WUTA-FSD/ros2_ws/install/wuta_msgs/local/lib/python3.10/dist-packages/wuta_msgs/msg/_cone_map_s.c
[10.107s] -- Symlinking: /home/starry1n/WUTA/WUTA-FSD/ros2_ws/install/wuta_msgs/local/lib/python3.10/dist-packages/wuta_msgs/msg/_cone_s.c
[10.132s] -- Symlinking: /home/starry1n/WUTA/WUTA-FSD/ros2_ws/install/wuta_msgs/local/lib/python3.10/dist-packages/wuta_msgs/msg/_mission_state.py
[10.161s] -- Symlinking: /home/starry1n/WUTA/WUTA-FSD/ros2_ws/install/wuta_msgs/local/lib/python3.10/dist-packages/wuta_msgs/msg/_mission_state_s.c
[10.180s] -- Symlinking: /home/starry1n/WUTA/WUTA-FSD/ros2_ws/install/wuta_msgs/local/lib/python3.10/dist-packages/wuta_msgs/wuta_msgs_s__rosidl_typesupport_c.cpython-310-x86_64-linux-gnu.so
[10.195s] -- Symlinking: /home/starry1n/WUTA/WUTA-FSD/ros2_ws/install/wuta_msgs/local/lib/python3.10/dist-packages/wuta_msgs/wuta_msgs_s__rosidl_typesupport_fastrtps_c.cpython-310-x86_64-linux-gnu.so
[10.210s] -- Symlinking: /home/starry1n/WUTA/WUTA-FSD/ros2_ws/install/wuta_msgs/local/lib/python3.10/dist-packages/wuta_msgs/wuta_msgs_s__rosidl_typesupport_introspection_c.cpython-310-x86_64-linux-gnu.so
[10.226s] -- Up-to-date symlink: /home/starry1n/WUTA/WUTA-FSD/ros2_ws/install/wuta_msgs/local/lib/python3.10/dist-packages/wuta_msgs/wuta_msgs_s__rosidl_typesupport_fastrtps_c.cpython-310-x86_64-linux-gnu.so
[10.230s] -- Up-to-date symlink: /home/starry1n/WUTA/WUTA-FSD/ros2_ws/install/wuta_msgs/local/lib/python3.10/dist-packages/wuta_msgs/wuta_msgs_s__rosidl_typesupport_introspection_c.cpython-310-x86_64-linux-gnu.so
[10.230s] -- Up-to-date symlink: /home/starry1n/WUTA/WUTA-FSD/ros2_ws/install/wuta_msgs/local/lib/python3.10/dist-packages/wuta_msgs/wuta_msgs_s__rosidl_typesupport_c.cpython-310-x86_64-linux-gnu.so
[10.230s] -- Symlinking: /home/starry1n/WUTA/WUTA-FSD/ros2_ws/install/wuta_msgs/share/ament_index/resource_index/rust_packages/wuta_msgs
[10.256s] -- Symlinking: /home/starry1n/WUTA/WUTA-FSD/ros2_ws/install/wuta_msgs/share/wuta_msgs/rust/Cargo.toml
[10.283s] -- Symlinking: /home/starry1n/WUTA/WUTA-FSD/ros2_ws/install/wuta_msgs/share/wuta_msgs/rust/build.rs
[10.308s] -- Symlinking: /home/starry1n/WUTA/WUTA-FSD/ros2_ws/install/wuta_msgs/share/wuta_msgs/rust/src/lib.rs
[10.325s] -- Symlinking: /home/starry1n/WUTA/WUTA-FSD/ros2_ws/install/wuta_msgs/share/wuta_msgs/rust/src/msg.rs
[10.342s] -- Symlinking: /home/starry1n/WUTA/WUTA-FSD/ros2_ws/install/wuta_msgs/share/wuta_msgs/rust/src/msg/rmw.rs
[10.351s] -- Symlinking: /home/starry1n/WUTA/WUTA-FSD/ros2_ws/install/wuta_msgs/share/wuta_msgs/msg/Cone.idl
[10.366s] -- Symlinking: /home/starry1n/WUTA/WUTA-FSD/ros2_ws/install/wuta_msgs/share/wuta_msgs/msg/ConeArray.idl
[10.389s] -- Symlinking: /home/starry1n/WUTA/WUTA-FSD/ros2_ws/install/wuta_msgs/share/wuta_msgs/msg/ConeMap.idl
[10.403s] -- Symlinking: /home/starry1n/WUTA/WUTA-FSD/ros2_ws/install/wuta_msgs/share/wuta_msgs/msg/MissionState.idl
[10.414s] -- Symlinking: /home/starry1n/WUTA/WUTA-FSD/ros2_ws/install/wuta_msgs/share/wuta_msgs/msg/Cone.msg
[10.420s] -- Symlinking: /home/starry1n/WUTA/WUTA-FSD/ros2_ws/install/wuta_msgs/share/wuta_msgs/msg/ConeArray.msg
[10.428s] -- Symlinking: /home/starry1n/WUTA/WUTA-FSD/ros2_ws/install/wuta_msgs/share/wuta_msgs/msg/ConeMap.msg
[10.436s] -- Symlinking: /home/starry1n/WUTA/WUTA-FSD/ros2_ws/install/wuta_msgs/share/wuta_msgs/msg/MissionState.msg
[10.443s] -- Symlinking: /home/starry1n/WUTA/WUTA-FSD/ros2_ws/install/wuta_msgs/share/ament_index/resource_index/package_run_dependencies/wuta_msgs
[10.461s] -- Symlinking: /home/starry1n/WUTA/WUTA-FSD/ros2_ws/install/wuta_msgs/share/ament_index/resource_index/parent_prefix_path/wuta_msgs
[10.476s] -- Symlinking: /home/starry1n/WUTA/WUTA-FSD/ros2_ws/install/wuta_msgs/share/wuta_msgs/environment/ament_prefix_path.sh
[10.491s] -- Symlinking: /home/starry1n/WUTA/WUTA-FSD/ros2_ws/install/wuta_msgs/share/wuta_msgs/environment/ament_prefix_path.dsv
[10.506s] -- Symlinking: /home/starry1n/WUTA/WUTA-FSD/ros2_ws/install/wuta_msgs/share/wuta_msgs/environment/path.sh
[10.520s] -- Symlinking: /home/starry1n/WUTA/WUTA-FSD/ros2_ws/install/wuta_msgs/share/wuta_msgs/environment/path.dsv
[10.535s] -- Symlinking: /home/starry1n/WUTA/WUTA-FSD/ros2_ws/install/wuta_msgs/share/wuta_msgs/local_setup.bash
[10.546s] -- Symlinking: /home/starry1n/WUTA/WUTA-FSD/ros2_ws/install/wuta_msgs/share/wuta_msgs/local_setup.sh
[10.553s] -- Symlinking: /home/starry1n/WUTA/WUTA-FSD/ros2_ws/install/wuta_msgs/share/wuta_msgs/local_setup.zsh
[10.561s] -- Symlinking: /home/starry1n/WUTA/WUTA-FSD/ros2_ws/install/wuta_msgs/share/wuta_msgs/local_setup.dsv
[10.571s] -- Symlinking: /home/starry1n/WUTA/WUTA-FSD/ros2_ws/install/wuta_msgs/share/wuta_msgs/package.dsv
[10.576s] -- Symlinking: /home/starry1n/WUTA/WUTA-FSD/ros2_ws/install/wuta_msgs/share/ament_index/resource_index/packages/wuta_msgs
[10.584s] -- Symlinking: /home/starry1n/WUTA/WUTA-FSD/ros2_ws/install/wuta_msgs/share/wuta_msgs/cmake/rosidl_cmake-extras.cmake
[10.605s] -- Symlinking: /home/starry1n/WUTA/WUTA-FSD/ros2_ws/install/wuta_msgs/share/wuta_msgs/cmake/ament_cmake_export_dependencies-extras.cmake
[10.605s] -- Symlinking: /home/starry1n/WUTA/WUTA-FSD/ros2_ws/install/wuta_msgs/share/wuta_msgs/cmake/ament_cmake_export_include_directories-extras.cmake
[10.611s] -- Symlinking: /home/starry1n/WUTA/WUTA-FSD/ros2_ws/install/wuta_msgs/share/wuta_msgs/cmake/ament_cmake_export_libraries-extras.cmake
[10.620s] -- Symlinking: /home/starry1n/WUTA/WUTA-FSD/ros2_ws/install/wuta_msgs/share/wuta_msgs/cmake/ament_cmake_export_targets-extras.cmake
[10.633s] -- Symlinking: /home/starry1n/WUTA/WUTA-FSD/ros2_ws/install/wuta_msgs/share/wuta_msgs/cmake/rosidl_cmake_export_typesupport_targets-extras.cmake
[10.637s] -- Symlinking: /home/starry1n/WUTA/WUTA-FSD/ros2_ws/install/wuta_msgs/share/wuta_msgs/cmake/rosidl_cmake_export_typesupport_libraries-extras.cmake
[10.647s] -- Symlinking: /home/starry1n/WUTA/WUTA-FSD/ros2_ws/install/wuta_msgs/share/wuta_msgs/cmake/rosidl_cmake_aggregate_target-extras.cmake
[10.658s] -- Symlinking: /home/starry1n/WUTA/WUTA-FSD/ros2_ws/install/wuta_msgs/share/wuta_msgs/cmake/wuta_msgsConfig.cmake
[10.666s] -- Symlinking: /home/starry1n/WUTA/WUTA-FSD/ros2_ws/install/wuta_msgs/share/wuta_msgs/cmake/wuta_msgsConfig-version.cmake
[10.675s] -- Symlinking: /home/starry1n/WUTA/WUTA-FSD/ros2_ws/install/wuta_msgs/share/wuta_msgs/package.xml
[10.688s] -- Installing: /home/starry1n/WUTA/WUTA-FSD/ros2_ws/install/wuta_msgs/lib/libwuta_msgs__rosidl_generator_c.so
[10.688s] -- Set non-toolchain portion of runtime path of "/home/starry1n/WUTA/WUTA-FSD/ros2_ws/install/wuta_msgs/lib/libwuta_msgs__rosidl_generator_c.so" to ""
[10.688s] -- Installing: /home/starry1n/WUTA/WUTA-FSD/ros2_ws/install/wuta_msgs/lib/libwuta_msgs__rosidl_typesupport_fastrtps_c.so
[10.688s] -- Set non-toolchain portion of runtime path of "/home/starry1n/WUTA/WUTA-FSD/ros2_ws/install/wuta_msgs/lib/libwuta_msgs__rosidl_typesupport_fastrtps_c.so" to ""
[10.688s] -- Installing: /home/starry1n/WUTA/WUTA-FSD/ros2_ws/install/wuta_msgs/lib/libwuta_msgs__rosidl_typesupport_introspection_c.so
[10.688s] -- Set non-toolchain portion of runtime path of "/home/starry1n/WUTA/WUTA-FSD/ros2_ws/install/wuta_msgs/lib/libwuta_msgs__rosidl_typesupport_introspection_c.so" to ""
[10.688s] -- Installing: /home/starry1n/WUTA/WUTA-FSD/ros2_ws/install/wuta_msgs/lib/libwuta_msgs__rosidl_typesupport_c.so
[10.688s] -- Set non-toolchain portion of runtime path of "/home/starry1n/WUTA/WUTA-FSD/ros2_ws/install/wuta_msgs/lib/libwuta_msgs__rosidl_typesupport_c.so" to ""
[10.688s] -- Installing: /home/starry1n/WUTA/WUTA-FSD/ros2_ws/install/wuta_msgs/lib/libwuta_msgs__rosidl_typesupport_fastrtps_cpp.so
[10.688s] -- Set non-toolchain portion of runtime path of "/home/starry1n/WUTA/WUTA-FSD/ros2_ws/install/wuta_msgs/lib/libwuta_msgs__rosidl_typesupport_fastrtps_cpp.so" to ""
[10.688s] -- Installing: /home/starry1n/WUTA/WUTA-FSD/ros2_ws/install/wuta_msgs/lib/libwuta_msgs__rosidl_typesupport_introspection_cpp.so
[10.689s] -- Set non-toolchain portion of runtime path of "/home/starry1n/WUTA/WUTA-FSD/ros2_ws/install/wuta_msgs/lib/libwuta_msgs__rosidl_typesupport_introspection_cpp.so" to ""
[10.689s] -- Installing: /home/starry1n/WUTA/WUTA-FSD/ros2_ws/install/wuta_msgs/lib/libwuta_msgs__rosidl_typesupport_cpp.so
[10.689s] -- Set non-toolchain portion of runtime path of "/home/starry1n/WUTA/WUTA-FSD/ros2_ws/install/wuta_msgs/lib/libwuta_msgs__rosidl_typesupport_cpp.so" to ""
[10.723s] Listing '/home/starry1n/WUTA/WUTA-FSD/ros2_ws/install/wuta_msgs/local/lib/python3.10/dist-packages/wuta_msgs'...
[10.723s] Compiling '/home/starry1n/WUTA/WUTA-FSD/ros2_ws/install/wuta_msgs/local/lib/python3.10/dist-packages/wuta_msgs/__init__.py'...
[10.723s] Listing '/home/starry1n/WUTA/WUTA-FSD/ros2_ws/install/wuta_msgs/local/lib/python3.10/dist-packages/wuta_msgs/msg'...
[10.724s] Compiling '/home/starry1n/WUTA/WUTA-FSD/ros2_ws/install/wuta_msgs/local/lib/python3.10/dist-packages/wuta_msgs/msg/__init__.py'...
[10.724s] Compiling '/home/starry1n/WUTA/WUTA-FSD/ros2_ws/install/wuta_msgs/local/lib/python3.10/dist-packages/wuta_msgs/msg/_cone.py'...
[10.724s] Compiling '/home/starry1n/WUTA/WUTA-FSD/ros2_ws/install/wuta_msgs/local/lib/python3.10/dist-packages/wuta_msgs/msg/_cone_array.py'...
[10.724s] Compiling '/home/starry1n/WUTA/WUTA-FSD/ros2_ws/install/wuta_msgs/local/lib/python3.10/dist-packages/wuta_msgs/msg/_cone_map.py'...
[10.724s] Compiling '/home/starry1n/WUTA/WUTA-FSD/ros2_ws/install/wuta_msgs/local/lib/python3.10/dist-packages/wuta_msgs/msg/_mission_state.py'...
[10.725s] -- Installing: /home/starry1n/WUTA/WUTA-FSD/ros2_ws/install/wuta_msgs/lib/libwuta_msgs__rosidl_generator_py.so
[10.725s] -- Set non-toolchain portion of runtime path of "/home/starry1n/WUTA/WUTA-FSD/ros2_ws/install/wuta_msgs/lib/libwuta_msgs__rosidl_generator_py.so" to ""
[10.725s] -- Installing: /home/starry1n/WUTA/WUTA-FSD/ros2_ws/install/wuta_msgs/share/wuta_msgs/cmake/export_wuta_msgs__rosidl_generator_cExport.cmake
[10.726s] -- Installing: /home/starry1n/WUTA/WUTA-FSD/ros2_ws/install/wuta_msgs/share/wuta_msgs/cmake/export_wuta_msgs__rosidl_generator_cExport-noconfig.cmake
[10.726s] -- Installing: /home/starry1n/WUTA/WUTA-FSD/ros2_ws/install/wuta_msgs/share/wuta_msgs/cmake/export_wuta_msgs__rosidl_typesupport_fastrtps_cExport.cmake
[10.726s] -- Installing: /home/starry1n/WUTA/WUTA-FSD/ros2_ws/install/wuta_msgs/share/wuta_msgs/cmake/export_wuta_msgs__rosidl_typesupport_fastrtps_cExport-noconfig.cmake
[10.726s] -- Installing: /home/starry1n/WUTA/WUTA-FSD/ros2_ws/install/wuta_msgs/share/wuta_msgs/cmake/wuta_msgs__rosidl_typesupport_introspection_cExport.cmake
[10.726s] -- Installing: /home/starry1n/WUTA/WUTA-FSD/ros2_ws/install/wuta_msgs/share/wuta_msgs/cmake/wuta_msgs__rosidl_typesupport_introspection_cExport-noconfig.cmake
[10.727s] -- Installing: /home/starry1n/WUTA/WUTA-FSD/ros2_ws/install/wuta_msgs/share/wuta_msgs/cmake/wuta_msgs__rosidl_typesupport_cExport.cmake
[10.727s] -- Installing: /home/starry1n/WUTA/WUTA-FSD/ros2_ws/install/wuta_msgs/share/wuta_msgs/cmake/wuta_msgs__rosidl_typesupport_cExport-noconfig.cmake
[10.727s] -- Installing: /home/starry1n/WUTA/WUTA-FSD/ros2_ws/install/wuta_msgs/share/wuta_msgs/cmake/export_wuta_msgs__rosidl_generator_cppExport.cmake
[10.727s] -- Installing: /home/starry1n/WUTA/WUTA-FSD/ros2_ws/install/wuta_msgs/share/wuta_msgs/cmake/export_wuta_msgs__rosidl_typesupport_fastrtps_cppExport.cmake
[10.727s] -- Installing: /home/starry1n/WUTA/WUTA-FSD/ros2_ws/install/wuta_msgs/share/wuta_msgs/cmake/export_wuta_msgs__rosidl_typesupport_fastrtps_cppExport-noconfig.cmake
[10.728s] -- Installing: /home/starry1n/WUTA/WUTA-FSD/ros2_ws/install/wuta_msgs/share/wuta_msgs/cmake/wuta_msgs__rosidl_typesupport_introspection_cppExport.cmake
[10.728s] -- Installing: /home/starry1n/WUTA/WUTA-FSD/ros2_ws/install/wuta_msgs/share/wuta_msgs/cmake/wuta_msgs__rosidl_typesupport_introspection_cppExport-noconfig.cmake
[10.728s] -- Installing: /home/starry1n/WUTA/WUTA-FSD/ros2_ws/install/wuta_msgs/share/wuta_msgs/cmake/wuta_msgs__rosidl_typesupport_cppExport.cmake
[10.728s] -- Installing: /home/starry1n/WUTA/WUTA-FSD/ros2_ws/install/wuta_msgs/share/wuta_msgs/cmake/wuta_msgs__rosidl_typesupport_cppExport-noconfig.cmake
[10.728s] -- Installing: /home/starry1n/WUTA/WUTA-FSD/ros2_ws/install/wuta_msgs/share/wuta_msgs/cmake/export_wuta_msgs__rosidl_generator_pyExport.cmake
[10.729s] -- Installing: /home/starry1n/WUTA/WUTA-FSD/ros2_ws/install/wuta_msgs/share/wuta_msgs/cmake/export_wuta_msgs__rosidl_generator_pyExport-noconfig.cmake
[10.732s] Invoked command in '/home/starry1n/WUTA/WUTA-FSD/ros2_ws/build/wuta_msgs' returned '0': CMAKE_PREFIX_PATH=/opt/ros/humble /usr/bin/cmake --install /home/starry1n/WUTA/WUTA-FSD/ros2_ws/build/wuta_msgs
