[100%] Built target path_generator_node
-- Install configuration: ""
-- Execute custom install script
-- Symlinking: /home/wuta/WUTA/WUTA-FSD/ros2_ws/install/path_generator/lib/path_generator/path_generator_node
-- Symlinking: /home/wuta/WUTA/WUTA-FSD/ros2_ws/install/path_generator/share/path_generator/config/path_generator.yaml
-- Symlinking: /home/wuta/WUTA/WUTA-FSD/ros2_ws/install/path_generator/share/ament_index/resource_index/package_run_dependencies/path_generator
-- Symlinking: /home/wuta/WUTA/WUTA-FSD/ros2_ws/install/path_generator/share/ament_index/resource_index/parent_prefix_path/path_generator
-- Symlinking: /home/wuta/WUTA/WUTA-FSD/ros2_ws/install/path_generator/share/path_generator/environment/ament_prefix_path.sh
-- Symlinking: /home/wuta/WUTA/WUTA-FSD/ros2_ws/install/path_generator/share/path_generator/environment/ament_prefix_path.dsv
-- Symlinking: /home/wuta/WUTA/WUTA-FSD/ros2_ws/install/path_generator/share/path_generator/environment/path.sh
-- Symlinking: /home/wuta/WUTA/WUTA-FSD/ros2_ws/install/path_generator/share/path_generator/environment/path.dsv
-- Symlinking: /home/wuta/WUTA/WUTA-FSD/ros2_ws/install/path_generator/share/path_generator/local_setup.bash
-- Symlinking: /home/wuta/WUTA/WUTA-FSD/ros2_ws/install/path_generator/share/path_generator/local_setup.sh
-- Symlinking: /home/wuta/WUTA/WUTA-FSD/ros2_ws/install/path_generator/share/path_generator/local_setup.zsh
-- Symlinking: /home/wuta/WUTA/WUTA-FSD/ros2_ws/install/path_generator/share/path_generator/local_setup.dsv
-- Symlinking: /home/wuta/WUTA/WUTA-FSD/ros2_ws/install/path_generator/share/path_generator/package.dsv
-- Symlinking: /home/wuta/WUTA/WUTA-FSD/ros2_ws/install/path_generator/share/ament_index/resource_index/packages/path_generator
-- Symlinking: /home/wuta/WUTA/WUTA-FSD/ros2_ws/install/path_generator/share/path_generator/cmake/path_generatorConfig.cmake
-- Symlinking: /home/wuta/WUTA/WUTA-FSD/ros2_ws/install/path_generator/share/path_generator/cmake/path_generatorConfig-version.cmake
-- Symlinking: /home/wuta/WUTA/WUTA-FSD/ros2_ws/install/path_generator/share/path_generator/package.xml
