[0.380s] Invoking command in '/home/g2909/WUTA1/WUTA-FSD/ros2_ws/build/controller': AMENT_PREFIX_PATH=/home/g2909/WUTA1/WUTA-FSD/ros2_ws/install/wuta_msgs:/home/g2909/WUTA1/WUTA-FSD/ros2_ws/install/autoware_msgs:${AMENT_PREFIX_PATH} CMAKE_PREFIX_PATH=/home/g2909/WUTA1/WUTA-FSD/ros2_ws/install/wuta_msgs:/home/g2909/WUTA1/WUTA-FSD/ros2_ws/install/autoware_msgs:/opt/ros/humble LD_LIBRARY_PATH=/home/g2909/WUTA1/WUTA-FSD/ros2_ws/install/wuta_msgs/lib:/home/g2909/WUTA1/WUTA-FSD/ros2_ws/install/autoware_msgs/lib:${LD_LIBRARY_PATH} PYTHONPATH=/home/g2909/WUTA1/WUTA-FSD/ros2_ws/install/wuta_msgs/local/lib/python3.10/dist-packages:/home/g2909/WUTA1/WUTA-FSD/ros2_ws/install/autoware_msgs/local/lib/python3.10/dist-packages:${PYTHONPATH} /home/g2909/.local/bin/cmake /home/g2909/WUTA1/WUTA-FSD/ros2_ws/src/control/controller -DAMENT_CMAKE_SYMLINK_INSTALL=1 -DCMAKE_INSTALL_PREFIX=/home/g2909/WUTA1/WUTA-FSD/ros2_ws/install/controller
[0.441s] CMake Deprecation Warning at CMakeLists.txt:1 (cmake_minimum_required):
[0.441s]   Compatibility with CMake < 3.10 will be removed from a future version of
[0.441s]   CMake.
[0.441s] 
[0.441s]   Update the VERSION argument <min> value.  Or, use the <min>...<max> syntax
[0.441s]   to tell CMake that the project requires at least <min> but has been updated
[0.441s]   to work with policies introduced by <max> or earlier.
[0.441s] 
[0.441s] 
[0.728s] -- The C compiler identification is GNU 11.4.0
[1.515s] -- The CXX compiler identification is GNU 11.4.0
[2.113s] -- Detecting C compiler ABI info
[2.346s] -- Detecting C compiler ABI info - done
[2.355s] -- Check for working C compiler: /usr/bin/cc - skipped
[2.355s] -- Detecting C compile features
[2.356s] -- Detecting C compile features - done
[2.365s] -- Detecting CXX compiler ABI info
[2.690s] -- Detecting CXX compiler ABI info - done
[2.700s] -- Check for working CXX compiler: /usr/bin/c++ - skipped
[2.700s] -- Detecting CXX compile features
[2.700s] -- Detecting CXX compile features - done
[2.706s] -- Found ament_cmake: 1.3.14 (/opt/ros/humble/share/ament_cmake/cmake)
[2.793s] -- Found Python3: /usr/bin/python3 (found version "3.10.12") found components: Interpreter
[2.844s] -- Override CMake install command with custom implementation using symlinks instead of copying resources
[2.864s] -- Found rclcpp: 16.0.19 (/opt/ros/humble/share/rclcpp/cmake)
[3.303s] -- Found rosidl_generator_c: 3.1.9 (/opt/ros/humble/share/rosidl_generator_c/cmake)
[3.307s] -- Found rosidl_adapter: 3.1.9 (/opt/ros/humble/share/rosidl_adapter/cmake)
[3.314s] -- Found rosidl_generator_cpp: 3.1.9 (/opt/ros/humble/share/rosidl_generator_cpp/cmake)
[3.327s] -- Using all available rosidl_typesupport_c: rosidl_typesupport_fastrtps_c;rosidl_typesupport_introspection_c
[3.346s] -- Using all available rosidl_typesupport_cpp: rosidl_typesupport_fastrtps_cpp;rosidl_typesupport_introspection_cpp
[3.402s] -- Found rmw_implementation_cmake: 6.1.2 (/opt/ros/humble/share/rmw_implementation_cmake/cmake)
[3.403s] -- Found rmw_fastrtps_cpp: 6.2.10 (/opt/ros/humble/share/rmw_fastrtps_cpp/cmake)
[6.054s] -- Found OpenSSL: /usr/lib/x86_64-linux-gnu/libcrypto.so (found version "3.0.2")
[9.908s] -- Found FastRTPS: /opt/ros/humble/include
[24.829s] -- Using RMW implementation 'rmw_fastrtps_cpp' as default
[24.837s] -- Performing Test CMAKE_HAVE_LIBC_PTHREAD
[25.173s] -- Performing Test CMAKE_HAVE_LIBC_PTHREAD - Success
[25.173s] -- Found Threads: TRUE
[25.227s] -- Found geometry_msgs: 4.9.1 (/opt/ros/humble/share/geometry_msgs/cmake)
[25.239s] -- Found visualization_msgs: 4.9.1 (/opt/ros/humble/share/visualization_msgs/cmake)
[25.272s] -- Found autoware_msgs: 0.1.0 (/home/g2909/WUTA1/WUTA-FSD/ros2_ws/install/autoware_msgs/share/autoware_msgs/cmake)
[25.286s] -- Found wuta_msgs: 1.0.0 (/home/g2909/WUTA1/WUTA-FSD/ros2_ws/install/wuta_msgs/share/wuta_msgs/cmake)
[25.346s] -- Configuring done (24.9s)
[25.359s] -- Generating done (0.0s)
[25.383s] -- Build files have been written to: /home/g2909/WUTA1/WUTA-FSD/ros2_ws/build/controller
