[0.009s] Invoking command in '/home/wuta/WUTA/WUTA-FSD/ros2_ws/build/robot_localization': CMAKE_PREFIX_PATH=/opt/ros/humble /home/wuta/.local/bin/cmake /home/wuta/WUTA/WUTA-FSD/ros2_ws/src/localization/robot_localization -DAMENT_CMAKE_SYMLINK_INSTALL=1 -DCMAKE_INSTALL_PREFIX=/home/wuta/WUTA/WUTA-FSD/ros2_ws/install/robot_localization
[0.082s] CMake Deprecation Warning at CMakeLists.txt:1 (cmake_minimum_required):
[0.083s]   Compatibility with CMake < 3.10 will be removed from a future version of
[0.083s]   CMake.
[0.083s] 
[0.083s]   Update the VERSION argument <min> value.  Or, use the <min>...<max> syntax
[0.083s]   to tell CMake that the project requires at least <min> but has been updated
[0.083s]   to work with policies introduced by <max> or earlier.
[0.083s] 
[0.083s] 
[0.089s] -- robot_localization: You did not request a specific build type: selecting 'RelWithDebInfo'.
[0.089s] -- Found ament_cmake: 1.3.14 (/opt/ros/humble/share/ament_cmake/cmake)
[0.419s] -- Override CMake install command with custom implementation using symlinks instead of copying resources
[0.435s] -- Found angles: 1.15.0 (/opt/ros/humble/share/angles/cmake)
[0.439s] -- Found rclcpp: 16.0.19 (/opt/ros/humble/share/rclcpp/cmake)
[0.509s] -- Found rosidl_generator_c: 3.1.8 (/opt/ros/humble/share/rosidl_generator_c/cmake)
[0.516s] -- Found rosidl_adapter: 3.1.8 (/opt/ros/humble/share/rosidl_adapter/cmake)
[0.531s] -- Found rosidl_generator_cpp: 3.1.8 (/opt/ros/humble/share/rosidl_generator_cpp/cmake)
[0.556s] -- Using all available rosidl_typesupport_c: rosidl_typesupport_fastrtps_c;rosidl_typesupport_introspection_c
[0.590s] -- Using all available rosidl_typesupport_cpp: rosidl_typesupport_fastrtps_cpp;rosidl_typesupport_introspection_cpp
[0.829s] -- Found rmw_implementation_cmake: 6.1.2 (/opt/ros/humble/share/rmw_implementation_cmake/cmake)
[0.829s] -- Found rmw_fastrtps_cpp: 6.2.10 (/opt/ros/humble/share/rmw_fastrtps_cpp/cmake)
[0.905s] -- Using RMW implementation 'rmw_fastrtps_cpp' as default
[1.051s] -- Found diagnostic_msgs: 4.9.1 (/opt/ros/humble/share/diagnostic_msgs/cmake)
[1.091s] -- Found diagnostic_updater: 4.0.6 (/opt/ros/humble/share/diagnostic_updater/cmake)
[1.190s] -- Found geographic_msgs: 1.0.6 (/opt/ros/humble/share/geographic_msgs/cmake)
[1.288s] -- Found message_filters: 4.3.16 (/opt/ros/humble/share/message_filters/cmake)
[1.288s] -- Found nav_msgs: 4.9.1 (/opt/ros/humble/share/nav_msgs/cmake)
[1.357s] -- Found rosidl_default_generators: 1.2.1 (/opt/ros/humble/share/rosidl_default_generators/cmake)
[1.400s] -- Found sensor_msgs: 4.9.1 (/opt/ros/humble/share/sensor_msgs/cmake)
[1.459s] -- Found std_srvs: 4.9.1 (/opt/ros/humble/share/std_srvs/cmake)
[1.490s] -- Found tf2: 0.25.20 (/opt/ros/humble/share/tf2/cmake)
[1.522s] -- Found tf2_eigen: 0.25.20 (/opt/ros/humble/share/tf2_eigen/cmake)
[1.936s] -- Found tf2_geometry_msgs: 0.25.20 (/opt/ros/humble/share/tf2_geometry_msgs/cmake)
[1.968s] -- Found eigen3_cmake_module: 0.1.1 (/opt/ros/humble/share/eigen3_cmake_module/cmake)
[1.975s] -- Found Eigen3: TRUE (found version "3.4.0")
[1.976s] -- Ensuring Eigen3 include directory is part of orocos-kdl CMake target
[1.989s] CMake Warning (dev) at CMakeLists.txt:34 (find_package):
[1.990s]   Policy CMP0167 is not set: The FindBoost module is removed.  Run "cmake
[1.990s]   --help-policy CMP0167" for policy details.  Use the cmake_policy command to
[1.990s]   set the policy and suppress this warning.
[1.990s] 
[1.990s] This warning is for project developers.  Use -Wno-dev to suppress it.
[1.990s] 
[2.007s] -- Found Boost: /usr/lib/x86_64-linux-gnu/cmake/Boost-1.74.0/BoostConfig.cmake (found version "1.74.0")
[2.009s] -- Found yaml_cpp_vendor: 8.0.2 (/opt/ros/humble/share/yaml_cpp_vendor/cmake)
[2.020s] -- Found GeographicLib: /usr/lib/x86_64-linux-gnu
[3.535s] -- Found ament_cmake_cppcheck: 0.12.15 (/opt/ros/humble/share/ament_cmake_cppcheck/cmake)
[3.544s] -- Found ament_cmake_cpplint: 0.12.15 (/opt/ros/humble/share/ament_cmake_cpplint/cmake)
[3.554s] -- Found ament_cmake_uncrustify: 0.12.15 (/opt/ros/humble/share/ament_cmake_uncrustify/cmake)
[3.562s] -- Found ament_cmake_ros: 0.10.0 (/opt/ros/humble/share/ament_cmake_ros/cmake)
[6.303s] -- Using all available rosidl_typesupport_c: rosidl_typesupport_fastrtps_c;rosidl_typesupport_introspection_c
[7.259s] -- Using all available rosidl_typesupport_cpp: rosidl_typesupport_fastrtps_cpp;rosidl_typesupport_introspection_cpp
[7.267s] CMake Warning (dev) at /opt/ros/humble/share/rosidl_generator_py/cmake/rosidl_generator_py_generate_interfaces.cmake:20 (find_package):
[7.267s]   Policy CMP0148 is not set: The FindPythonInterp and FindPythonLibs modules
[7.267s]   are removed.  Run "cmake --help-policy CMP0148" for policy details.  Use
[7.267s]   the cmake_policy command to set the policy and suppress this warning.
[7.267s] 
[7.267s] Call Stack (most recent call first):
[7.267s]   /opt/ros/humble/share/ament_cmake_core/cmake/core/ament_execute_extensions.cmake:48 (include)
[7.268s]   /opt/ros/humble/share/rosidl_cmake/cmake/rosidl_generate_interfaces.cmake:286 (ament_execute_extensions)
[7.268s]   CMakeLists.txt:43 (rosidl_generate_interfaces)
[7.268s] This warning is for project developers.  Use -Wno-dev to suppress it.
[7.269s] 
[7.307s] -- Found PythonInterp: /usr/bin/python3 (found suitable version "3.10.12", minimum required is "3.6")
[7.310s] -- Found python_cmake_module: 0.10.0 (/opt/ros/humble/share/python_cmake_module/cmake)
[7.313s] CMake Warning (dev) at /opt/ros/humble/share/python_cmake_module/cmake/Modules/FindPythonExtra.cmake:52 (find_package):
[7.313s]   Policy CMP0148 is not set: The FindPythonInterp and FindPythonLibs modules
[7.313s]   are removed.  Run "cmake --help-policy CMP0148" for policy details.  Use
[7.314s]   the cmake_policy command to set the policy and suppress this warning.
[7.314s] 
[7.314s] Call Stack (most recent call first):
[7.314s]   /opt/ros/humble/share/rosidl_generator_py/cmake/rosidl_generator_py_generate_interfaces.cmake:23 (find_package)
[7.314s]   /opt/ros/humble/share/ament_cmake_core/cmake/core/ament_execute_extensions.cmake:48 (include)
[7.314s]   /opt/ros/humble/share/rosidl_cmake/cmake/rosidl_generate_interfaces.cmake:286 (ament_execute_extensions)
[7.314s]   CMakeLists.txt:43 (rosidl_generate_interfaces)
[7.314s] This warning is for project developers.  Use -Wno-dev to suppress it.
[7.315s] 
[7.358s] CMake Warning (dev) at /opt/ros/humble/share/python_cmake_module/cmake/Modules/FindPythonExtra.cmake:140 (find_package):
[7.358s]   Policy CMP0148 is not set: The FindPythonInterp and FindPythonLibs modules
[7.359s]   are removed.  Run "cmake --help-policy CMP0148" for policy details.  Use
[7.359s]   the cmake_policy command to set the policy and suppress this warning.
[7.359s] 
[7.359s] Call Stack (most recent call first):
[7.359s]   /opt/ros/humble/share/rosidl_generator_py/cmake/rosidl_generator_py_generate_interfaces.cmake:23 (find_package)
[7.359s]   /opt/ros/humble/share/ament_cmake_core/cmake/core/ament_execute_extensions.cmake:48 (include)
[7.359s]   /opt/ros/humble/share/rosidl_cmake/cmake/rosidl_generate_interfaces.cmake:286 (ament_execute_extensions)
[7.359s]   CMakeLists.txt:43 (rosidl_generate_interfaces)
[7.359s] This warning is for project developers.  Use -Wno-dev to suppress it.
[7.363s] 
[7.389s] -- Found PythonLibs: /usr/lib/x86_64-linux-gnu/libpython3.10.so (found suitable version "3.10.12", minimum required is "3.5")
[7.390s] -- Using PYTHON_EXECUTABLE: /usr/bin/python3
[7.391s] -- Using PYTHON_INCLUDE_DIRS: /usr/include/python3.10
[7.391s] -- Using PYTHON_LIBRARIES: /usr/lib/x86_64-linux-gnu/libpython3.10.so
[7.473s] -- Found PythonExtra: .so
[7.874s] -- Found ament_cmake_flake8: 0.12.15 (/opt/ros/humble/share/ament_cmake_flake8/cmake)
[7.884s] -- Found ament_cmake_pep257: 0.12.15 (/opt/ros/humble/share/ament_cmake_pep257/cmake)
[8.340s] -- Found ament_cmake_lint_cmake: 0.12.15 (/opt/ros/humble/share/ament_cmake_lint_cmake/cmake)
[8.345s] -- Found launch_testing_ament_cmake: 1.0.14 (/opt/ros/humble/share/launch_testing_ament_cmake/cmake)
[8.347s] CMake Warning (dev) at /opt/ros/humble/share/python_cmake_module/cmake/Modules/FindPythonExtra.cmake:52 (find_package):
[8.348s]   Policy CMP0148 is not set: The FindPythonInterp and FindPythonLibs modules
[8.348s]   are removed.  Run "cmake --help-policy CMP0148" for policy details.  Use
[8.348s]   the cmake_policy command to set the policy and suppress this warning.
[8.348s] 
[8.348s] Call Stack (most recent call first):
[8.348s]   /opt/ros/humble/share/launch_testing_ament_cmake/cmake/launch_testing_ament_cmake-extras.cmake:18 (find_package)
[8.348s]   /opt/ros/humble/share/launch_testing_ament_cmake/cmake/launch_testing_ament_cmakeConfig.cmake:41 (include)
[8.348s]   CMakeLists.txt:172 (find_package)
[8.348s] This warning is for project developers.  Use -Wno-dev to suppress it.
[8.349s] 
[8.388s] CMake Warning (dev) at /opt/ros/humble/share/python_cmake_module/cmake/Modules/FindPythonExtra.cmake:140 (find_package):
[8.389s]   Policy CMP0148 is not set: The FindPythonInterp and FindPythonLibs modules
[8.389s]   are removed.  Run "cmake --help-policy CMP0148" for policy details.  Use
[8.389s]   the cmake_policy command to set the policy and suppress this warning.
[8.389s] 
[8.389s] Call Stack (most recent call first):
[8.389s]   /opt/ros/humble/share/launch_testing_ament_cmake/cmake/launch_testing_ament_cmake-extras.cmake:18 (find_package)
[8.389s]   /opt/ros/humble/share/launch_testing_ament_cmake/cmake/launch_testing_ament_cmakeConfig.cmake:41 (include)
[8.389s]   CMakeLists.txt:172 (find_package)
[8.390s] This warning is for project developers.  Use -Wno-dev to suppress it.
[8.391s] 
[8.397s] -- Using PYTHON_EXECUTABLE: /usr/bin/python3
[8.401s] -- Using PYTHON_INCLUDE_DIRS: /usr/include/python3.10
[8.401s] -- Using PYTHON_LIBRARIES: /usr/lib/x86_64-linux-gnu/libpython3.10.so
[8.409s] -- Found gtest sources under '/opt/ros/humble/src/gtest_vendor': C++ tests using 'Google Test' will be built
[8.418s] CMake Deprecation Warning at /opt/ros/humble/src/gtest_vendor/CMakeLists.txt:2 (cmake_minimum_required):
[8.419s]   Compatibility with CMake < 3.10 will be removed from a future version of
[8.419s]   CMake.
[8.419s] 
[8.419s]   Update the VERSION argument <min> value.  Or, use the <min>...<max> syntax
[8.419s]   to tell CMake that the project requires at least <min> but has been updated
[8.419s]   to work with policies introduced by <max> or earlier.
[8.419s] 
[8.419s] 
[8.486s] -- Configuring done (8.4s)
[8.861s] -- Generating done (0.4s)
[8.982s] -- Build files have been written to: /home/wuta/WUTA/WUTA-FSD/ros2_ws/build/robot_localization
