[0.014s] Invoking command in '/home/wuta/WUTA/WUTA-FSD/ros2_ws/build/autoware_msgs': CMAKE_PREFIX_PATH=/opt/ros/humble /home/wuta/.local/bin/cmake --build /home/wuta/WUTA/WUTA-FSD/ros2_ws/build/autoware_msgs -- -j12 -l12
[0.121s] [  2%] Built target autoware_msgs__cpp
[0.122s] [  4%] Built target autoware_msgs__rs
[0.122s] [ 14%] Built target autoware_msgs__rosidl_generator_c
[0.130s] [ 14%] Built target ament_cmake_python_symlink_autoware_msgs
[0.151s] [ 25%] Built target autoware_msgs__rosidl_typesupport_c
[0.154s] [ 35%] Built target autoware_msgs__rosidl_typesupport_introspection_cpp
[0.157s] [ 45%] Built target autoware_msgs__rosidl_typesupport_fastrtps_cpp
[0.157s] [ 56%] Built target autoware_msgs__rosidl_typesupport_introspection_c
[0.159s] [ 66%] Built target autoware_msgs__rosidl_typesupport_cpp
[0.170s] [ 77%] Built target autoware_msgs__rosidl_typesupport_fastrtps_c
[0.190s] [ 77%] Built target autoware_msgs
[0.216s] [ 79%] Built target autoware_msgs__py
[0.409s] [ 87%] Built target autoware_msgs__rosidl_generator_py
[0.409s] [ 91%] Built target autoware_msgs__rosidl_typesupport_fastrtps_c__pyext
[0.409s] [ 95%] Built target autoware_msgs__rosidl_typesupport_c__pyext
[0.409s] [100%] Built target autoware_msgs__rosidl_typesupport_introspection_c__pyext
[0.529s] running egg_info
[0.529s] writing autoware_msgs.egg-info/PKG-INFO
[0.529s] writing dependency_links to autoware_msgs.egg-info/dependency_links.txt
[0.529s] writing top-level names to autoware_msgs.egg-info/top_level.txt
[0.529s] reading manifest file 'autoware_msgs.egg-info/SOURCES.txt'
[0.529s] writing manifest file 'autoware_msgs.egg-info/SOURCES.txt'
[0.538s] [100%] Built target ament_cmake_python_build_autoware_msgs_egg
[0.544s] Invoked command in '/home/wuta/WUTA/WUTA-FSD/ros2_ws/build/autoware_msgs' returned '0': CMAKE_PREFIX_PATH=/opt/ros/humble /home/wuta/.local/bin/cmake --build /home/wuta/WUTA/WUTA-FSD/ros2_ws/build/autoware_msgs -- -j12 -l12
[0.546s] Invoking command in '/home/wuta/WUTA/WUTA-FSD/ros2_ws/build/autoware_msgs': CMAKE_PREFIX_PATH=/opt/ros/humble /home/wuta/.local/bin/cmake --install /home/wuta/WUTA/WUTA-FSD/ros2_ws/build/autoware_msgs
[0.628s] -- Install configuration: ""
[0.629s] -- Execute custom install script
[0.629s] -- Up-to-date symlink: /home/wuta/WUTA/WUTA-FSD/ros2_ws/install/autoware_msgs/share/ament_index/resource_index/rosidl_interfaces/autoware_msgs
[0.630s] -- Up-to-date symlink: /home/wuta/WUTA/WUTA-FSD/ros2_ws/install/autoware_msgs/include/autoware_msgs/autoware_msgs/msg/command.h
[0.630s] -- Up-to-date symlink: /home/wuta/WUTA/WUTA-FSD/ros2_ws/install/autoware_msgs/include/autoware_msgs/autoware_msgs/msg/detail/command__functions.h
[0.630s] -- Up-to-date symlink: /home/wuta/WUTA/WUTA-FSD/ros2_ws/install/autoware_msgs/include/autoware_msgs/autoware_msgs/msg/detail/command__struct.h
[0.630s] -- Up-to-date symlink: /home/wuta/WUTA/WUTA-FSD/ros2_ws/install/autoware_msgs/include/autoware_msgs/autoware_msgs/msg/detail/command__type_support.h
[0.630s] -- Up-to-date symlink: /home/wuta/WUTA/WUTA-FSD/ros2_ws/install/autoware_msgs/include/autoware_msgs/autoware_msgs/msg/detail/lane__functions.h
[0.630s] -- Up-to-date symlink: /home/wuta/WUTA/WUTA-FSD/ros2_ws/install/autoware_msgs/include/autoware_msgs/autoware_msgs/msg/detail/lane__struct.h
[0.630s] -- Up-to-date symlink: /home/wuta/WUTA/WUTA-FSD/ros2_ws/install/autoware_msgs/include/autoware_msgs/autoware_msgs/msg/detail/lane__type_support.h
[0.630s] -- Up-to-date symlink: /home/wuta/WUTA/WUTA-FSD/ros2_ws/install/autoware_msgs/include/autoware_msgs/autoware_msgs/msg/detail/waypoint__functions.h
[0.630s] -- Up-to-date symlink: /home/wuta/WUTA/WUTA-FSD/ros2_ws/install/autoware_msgs/include/autoware_msgs/autoware_msgs/msg/detail/waypoint__struct.h
[0.631s] -- Up-to-date symlink: /home/wuta/WUTA/WUTA-FSD/ros2_ws/install/autoware_msgs/include/autoware_msgs/autoware_msgs/msg/detail/waypoint__type_support.h
[0.631s] -- Up-to-date symlink: /home/wuta/WUTA/WUTA-FSD/ros2_ws/install/autoware_msgs/include/autoware_msgs/autoware_msgs/msg/lane.h
[0.631s] -- Up-to-date symlink: /home/wuta/WUTA/WUTA-FSD/ros2_ws/install/autoware_msgs/include/autoware_msgs/autoware_msgs/msg/rosidl_generator_c__visibility_control.h
[0.631s] -- Up-to-date symlink: /home/wuta/WUTA/WUTA-FSD/ros2_ws/install/autoware_msgs/include/autoware_msgs/autoware_msgs/msg/waypoint.h
[0.631s] -- Up-to-date symlink: /home/wuta/WUTA/WUTA-FSD/ros2_ws/install/autoware_msgs/share/autoware_msgs/environment/library_path.sh
[0.631s] -- Up-to-date symlink: /home/wuta/WUTA/WUTA-FSD/ros2_ws/install/autoware_msgs/share/autoware_msgs/environment/library_path.dsv
[0.632s] -- Up-to-date symlink: /home/wuta/WUTA/WUTA-FSD/ros2_ws/install/autoware_msgs/include/autoware_msgs/autoware_msgs/msg/detail/command__rosidl_typesupport_fastrtps_c.h
[0.632s] -- Up-to-date symlink: /home/wuta/WUTA/WUTA-FSD/ros2_ws/install/autoware_msgs/include/autoware_msgs/autoware_msgs/msg/detail/lane__rosidl_typesupport_fastrtps_c.h
[0.632s] -- Up-to-date symlink: /home/wuta/WUTA/WUTA-FSD/ros2_ws/install/autoware_msgs/include/autoware_msgs/autoware_msgs/msg/detail/waypoint__rosidl_typesupport_fastrtps_c.h
[0.632s] -- Up-to-date symlink: /home/wuta/WUTA/WUTA-FSD/ros2_ws/install/autoware_msgs/include/autoware_msgs/autoware_msgs/msg/rosidl_typesupport_fastrtps_c__visibility_control.h
[0.632s] -- Up-to-date symlink: /home/wuta/WUTA/WUTA-FSD/ros2_ws/install/autoware_msgs/include/autoware_msgs/autoware_msgs/msg/detail/command__rosidl_typesupport_introspection_c.h
[0.632s] -- Up-to-date symlink: /home/wuta/WUTA/WUTA-FSD/ros2_ws/install/autoware_msgs/include/autoware_msgs/autoware_msgs/msg/detail/lane__rosidl_typesupport_introspection_c.h
[0.633s] -- Up-to-date symlink: /home/wuta/WUTA/WUTA-FSD/ros2_ws/install/autoware_msgs/include/autoware_msgs/autoware_msgs/msg/detail/waypoint__rosidl_typesupport_introspection_c.h
[0.633s] -- Up-to-date symlink: /home/wuta/WUTA/WUTA-FSD/ros2_ws/install/autoware_msgs/include/autoware_msgs/autoware_msgs/msg/rosidl_typesupport_introspection_c__visibility_control.h
[0.633s] -- Up-to-date symlink: /home/wuta/WUTA/WUTA-FSD/ros2_ws/install/autoware_msgs/include/autoware_msgs/autoware_msgs/msg/command.hpp
[0.633s] -- Up-to-date symlink: /home/wuta/WUTA/WUTA-FSD/ros2_ws/install/autoware_msgs/include/autoware_msgs/autoware_msgs/msg/detail/command__builder.hpp
[0.633s] -- Up-to-date symlink: /home/wuta/WUTA/WUTA-FSD/ros2_ws/install/autoware_msgs/include/autoware_msgs/autoware_msgs/msg/detail/command__struct.hpp
[0.634s] -- Up-to-date symlink: /home/wuta/WUTA/WUTA-FSD/ros2_ws/install/autoware_msgs/include/autoware_msgs/autoware_msgs/msg/detail/command__traits.hpp
[0.634s] -- Up-to-date symlink: /home/wuta/WUTA/WUTA-FSD/ros2_ws/install/autoware_msgs/include/autoware_msgs/autoware_msgs/msg/detail/command__type_support.hpp
[0.634s] -- Up-to-date symlink: /home/wuta/WUTA/WUTA-FSD/ros2_ws/install/autoware_msgs/include/autoware_msgs/autoware_msgs/msg/detail/lane__builder.hpp
[0.634s] -- Up-to-date symlink: /home/wuta/WUTA/WUTA-FSD/ros2_ws/install/autoware_msgs/include/autoware_msgs/autoware_msgs/msg/detail/lane__struct.hpp
[0.634s] -- Up-to-date symlink: /home/wuta/WUTA/WUTA-FSD/ros2_ws/install/autoware_msgs/include/autoware_msgs/autoware_msgs/msg/detail/lane__traits.hpp
[0.634s] -- Up-to-date symlink: /home/wuta/WUTA/WUTA-FSD/ros2_ws/install/autoware_msgs/include/autoware_msgs/autoware_msgs/msg/detail/lane__type_support.hpp
[0.634s] -- Up-to-date symlink: /home/wuta/WUTA/WUTA-FSD/ros2_ws/install/autoware_msgs/include/autoware_msgs/autoware_msgs/msg/detail/waypoint__builder.hpp
[0.634s] -- Up-to-date symlink: /home/wuta/WUTA/WUTA-FSD/ros2_ws/install/autoware_msgs/include/autoware_msgs/autoware_msgs/msg/detail/waypoint__struct.hpp
[0.634s] -- Up-to-date symlink: /home/wuta/WUTA/WUTA-FSD/ros2_ws/install/autoware_msgs/include/autoware_msgs/autoware_msgs/msg/detail/waypoint__traits.hpp
[0.635s] -- Up-to-date symlink: /home/wuta/WUTA/WUTA-FSD/ros2_ws/install/autoware_msgs/include/autoware_msgs/autoware_msgs/msg/detail/waypoint__type_support.hpp
[0.635s] -- Up-to-date symlink: /home/wuta/WUTA/WUTA-FSD/ros2_ws/install/autoware_msgs/include/autoware_msgs/autoware_msgs/msg/lane.hpp
[0.635s] -- Up-to-date symlink: /home/wuta/WUTA/WUTA-FSD/ros2_ws/install/autoware_msgs/include/autoware_msgs/autoware_msgs/msg/rosidl_generator_cpp__visibility_control.hpp
[0.635s] -- Up-to-date symlink: /home/wuta/WUTA/WUTA-FSD/ros2_ws/install/autoware_msgs/include/autoware_msgs/autoware_msgs/msg/waypoint.hpp
[0.635s] -- Up-to-date symlink: /home/wuta/WUTA/WUTA-FSD/ros2_ws/install/autoware_msgs/include/autoware_msgs/autoware_msgs/msg/detail/command__rosidl_typesupport_fastrtps_cpp.hpp
[0.636s] -- Up-to-date symlink: /home/wuta/WUTA/WUTA-FSD/ros2_ws/install/autoware_msgs/include/autoware_msgs/autoware_msgs/msg/detail/lane__rosidl_typesupport_fastrtps_cpp.hpp
[0.636s] -- Up-to-date symlink: /home/wuta/WUTA/WUTA-FSD/ros2_ws/install/autoware_msgs/include/autoware_msgs/autoware_msgs/msg/detail/waypoint__rosidl_typesupport_fastrtps_cpp.hpp
[0.636s] -- Up-to-date symlink: /home/wuta/WUTA/WUTA-FSD/ros2_ws/install/autoware_msgs/include/autoware_msgs/autoware_msgs/msg/rosidl_typesupport_fastrtps_cpp__visibility_control.h
[0.636s] -- Up-to-date symlink: /home/wuta/WUTA/WUTA-FSD/ros2_ws/install/autoware_msgs/include/autoware_msgs/autoware_msgs/msg/detail/command__rosidl_typesupport_introspection_cpp.hpp
[0.636s] -- Up-to-date symlink: /home/wuta/WUTA/WUTA-FSD/ros2_ws/install/autoware_msgs/include/autoware_msgs/autoware_msgs/msg/detail/lane__rosidl_typesupport_introspection_cpp.hpp
[0.637s] -- Up-to-date symlink: /home/wuta/WUTA/WUTA-FSD/ros2_ws/install/autoware_msgs/include/autoware_msgs/autoware_msgs/msg/detail/waypoint__rosidl_typesupport_introspection_cpp.hpp
[0.637s] -- Up-to-date symlink: /home/wuta/WUTA/WUTA-FSD/ros2_ws/install/autoware_msgs/share/autoware_msgs/environment/pythonpath.sh
[0.637s] -- Up-to-date symlink: /home/wuta/WUTA/WUTA-FSD/ros2_ws/install/autoware_msgs/share/autoware_msgs/environment/pythonpath.dsv
[0.637s] -- Up-to-date symlink: /home/wuta/WUTA/WUTA-FSD/ros2_ws/install/autoware_msgs/local/lib/python3.10/dist-packages/autoware_msgs-0.1.0-py3.10.egg-info/PKG-INFO
[0.637s] -- Up-to-date symlink: /home/wuta/WUTA/WUTA-FSD/ros2_ws/install/autoware_msgs/local/lib/python3.10/dist-packages/autoware_msgs-0.1.0-py3.10.egg-info/SOURCES.txt
[0.637s] -- Up-to-date symlink: /home/wuta/WUTA/WUTA-FSD/ros2_ws/install/autoware_msgs/local/lib/python3.10/dist-packages/autoware_msgs-0.1.0-py3.10.egg-info/dependency_links.txt
[0.637s] -- Up-to-date symlink: /home/wuta/WUTA/WUTA-FSD/ros2_ws/install/autoware_msgs/local/lib/python3.10/dist-packages/autoware_msgs-0.1.0-py3.10.egg-info/top_level.txt
[0.638s] -- Up-to-date symlink: /home/wuta/WUTA/WUTA-FSD/ros2_ws/install/autoware_msgs/local/lib/python3.10/dist-packages/autoware_msgs/__init__.py
[0.638s] -- Up-to-date symlink: /home/wuta/WUTA/WUTA-FSD/ros2_ws/install/autoware_msgs/local/lib/python3.10/dist-packages/autoware_msgs/_autoware_msgs_s.ep.rosidl_typesupport_c.c
[0.638s] -- Up-to-date symlink: /home/wuta/WUTA/WUTA-FSD/ros2_ws/install/autoware_msgs/local/lib/python3.10/dist-packages/autoware_msgs/_autoware_msgs_s.ep.rosidl_typesupport_fastrtps_c.c
[0.638s] -- Up-to-date symlink: /home/wuta/WUTA/WUTA-FSD/ros2_ws/install/autoware_msgs/local/lib/python3.10/dist-packages/autoware_msgs/_autoware_msgs_s.ep.rosidl_typesupport_introspection_c.c
[0.639s] -- Up-to-date symlink: /home/wuta/WUTA/WUTA-FSD/ros2_ws/install/autoware_msgs/local/lib/python3.10/dist-packages/autoware_msgs/autoware_msgs_s__rosidl_typesupport_c.cpython-310-x86_64-linux-gnu.so
[0.639s] -- Up-to-date symlink: /home/wuta/WUTA/WUTA-FSD/ros2_ws/install/autoware_msgs/local/lib/python3.10/dist-packages/autoware_msgs/autoware_msgs_s__rosidl_typesupport_fastrtps_c.cpython-310-x86_64-linux-gnu.so
[0.639s] -- Up-to-date symlink: /home/wuta/WUTA/WUTA-FSD/ros2_ws/install/autoware_msgs/local/lib/python3.10/dist-packages/autoware_msgs/autoware_msgs_s__rosidl_typesupport_introspection_c.cpython-310-x86_64-linux-gnu.so
[0.639s] -- Up-to-date symlink: /home/wuta/WUTA/WUTA-FSD/ros2_ws/install/autoware_msgs/local/lib/python3.10/dist-packages/autoware_msgs/libautoware_msgs__rosidl_generator_py.so
[0.639s] -- Up-to-date symlink: /home/wuta/WUTA/WUTA-FSD/ros2_ws/install/autoware_msgs/local/lib/python3.10/dist-packages/autoware_msgs/msg/__init__.py
[0.639s] -- Up-to-date symlink: /home/wuta/WUTA/WUTA-FSD/ros2_ws/install/autoware_msgs/local/lib/python3.10/dist-packages/autoware_msgs/msg/_command.py
[0.639s] -- Up-to-date symlink: /home/wuta/WUTA/WUTA-FSD/ros2_ws/install/autoware_msgs/local/lib/python3.10/dist-packages/autoware_msgs/msg/_command_s.c
[0.639s] -- Up-to-date symlink: /home/wuta/WUTA/WUTA-FSD/ros2_ws/install/autoware_msgs/local/lib/python3.10/dist-packages/autoware_msgs/msg/_lane.py
[0.639s] -- Up-to-date symlink: /home/wuta/WUTA/WUTA-FSD/ros2_ws/install/autoware_msgs/local/lib/python3.10/dist-packages/autoware_msgs/msg/_lane_s.c
[0.640s] -- Up-to-date symlink: /home/wuta/WUTA/WUTA-FSD/ros2_ws/install/autoware_msgs/local/lib/python3.10/dist-packages/autoware_msgs/msg/_waypoint.py
[0.640s] -- Up-to-date symlink: /home/wuta/WUTA/WUTA-FSD/ros2_ws/install/autoware_msgs/local/lib/python3.10/dist-packages/autoware_msgs/msg/_waypoint_s.c
[0.640s] -- Up-to-date symlink: /home/wuta/WUTA/WUTA-FSD/ros2_ws/install/autoware_msgs/local/lib/python3.10/dist-packages/autoware_msgs/autoware_msgs_s__rosidl_typesupport_fastrtps_c.cpython-310-x86_64-linux-gnu.so
[0.640s] -- Up-to-date symlink: /home/wuta/WUTA/WUTA-FSD/ros2_ws/install/autoware_msgs/local/lib/python3.10/dist-packages/autoware_msgs/autoware_msgs_s__rosidl_typesupport_introspection_c.cpython-310-x86_64-linux-gnu.so
[0.641s] -- Up-to-date symlink: /home/wuta/WUTA/WUTA-FSD/ros2_ws/install/autoware_msgs/local/lib/python3.10/dist-packages/autoware_msgs/autoware_msgs_s__rosidl_typesupport_c.cpython-310-x86_64-linux-gnu.so
[0.641s] -- Up-to-date symlink: /home/wuta/WUTA/WUTA-FSD/ros2_ws/install/autoware_msgs/share/ament_index/resource_index/rust_packages/autoware_msgs
[0.641s] -- Up-to-date symlink: /home/wuta/WUTA/WUTA-FSD/ros2_ws/install/autoware_msgs/share/autoware_msgs/rust/Cargo.toml
[0.641s] -- Up-to-date symlink: /home/wuta/WUTA/WUTA-FSD/ros2_ws/install/autoware_msgs/share/autoware_msgs/rust/build.rs
[0.641s] -- Up-to-date symlink: /home/wuta/WUTA/WUTA-FSD/ros2_ws/install/autoware_msgs/share/autoware_msgs/rust/src/lib.rs
[0.641s] -- Up-to-date symlink: /home/wuta/WUTA/WUTA-FSD/ros2_ws/install/autoware_msgs/share/autoware_msgs/rust/src/msg.rs
[0.641s] -- Up-to-date symlink: /home/wuta/WUTA/WUTA-FSD/ros2_ws/install/autoware_msgs/share/autoware_msgs/rust/src/msg/rmw.rs
[0.642s] -- Up-to-date symlink: /home/wuta/WUTA/WUTA-FSD/ros2_ws/install/autoware_msgs/share/autoware_msgs/msg/Waypoint.idl
[0.642s] -- Up-to-date symlink: /home/wuta/WUTA/WUTA-FSD/ros2_ws/install/autoware_msgs/share/autoware_msgs/msg/Lane.idl
[0.642s] -- Up-to-date symlink: /home/wuta/WUTA/WUTA-FSD/ros2_ws/install/autoware_msgs/share/autoware_msgs/msg/Command.idl
[0.642s] -- Up-to-date symlink: /home/wuta/WUTA/WUTA-FSD/ros2_ws/install/autoware_msgs/share/autoware_msgs/msg/Waypoint.msg
[0.642s] -- Up-to-date symlink: /home/wuta/WUTA/WUTA-FSD/ros2_ws/install/autoware_msgs/share/autoware_msgs/msg/Lane.msg
[0.642s] -- Up-to-date symlink: /home/wuta/WUTA/WUTA-FSD/ros2_ws/install/autoware_msgs/share/autoware_msgs/msg/Command.msg
[0.643s] -- Up-to-date symlink: /home/wuta/WUTA/WUTA-FSD/ros2_ws/install/autoware_msgs/share/ament_index/resource_index/package_run_dependencies/autoware_msgs
[0.643s] -- Up-to-date symlink: /home/wuta/WUTA/WUTA-FSD/ros2_ws/install/autoware_msgs/share/ament_index/resource_index/parent_prefix_path/autoware_msgs
[0.643s] -- Up-to-date symlink: /home/wuta/WUTA/WUTA-FSD/ros2_ws/install/autoware_msgs/share/autoware_msgs/environment/ament_prefix_path.sh
[0.643s] -- Up-to-date symlink: /home/wuta/WUTA/WUTA-FSD/ros2_ws/install/autoware_msgs/share/autoware_msgs/environment/ament_prefix_path.dsv
[0.643s] -- Up-to-date symlink: /home/wuta/WUTA/WUTA-FSD/ros2_ws/install/autoware_msgs/share/autoware_msgs/environment/path.sh
[0.643s] -- Up-to-date symlink: /home/wuta/WUTA/WUTA-FSD/ros2_ws/install/autoware_msgs/share/autoware_msgs/environment/path.dsv
[0.643s] -- Up-to-date symlink: /home/wuta/WUTA/WUTA-FSD/ros2_ws/install/autoware_msgs/share/autoware_msgs/local_setup.bash
[0.643s] -- Up-to-date symlink: /home/wuta/WUTA/WUTA-FSD/ros2_ws/install/autoware_msgs/share/autoware_msgs/local_setup.sh
[0.644s] -- Up-to-date symlink: /home/wuta/WUTA/WUTA-FSD/ros2_ws/install/autoware_msgs/share/autoware_msgs/local_setup.zsh
[0.644s] -- Up-to-date symlink: /home/wuta/WUTA/WUTA-FSD/ros2_ws/install/autoware_msgs/share/autoware_msgs/local_setup.dsv
[0.644s] -- Symlinking: /home/wuta/WUTA/WUTA-FSD/ros2_ws/install/autoware_msgs/share/autoware_msgs/package.dsv
[0.648s] -- Up-to-date symlink: /home/wuta/WUTA/WUTA-FSD/ros2_ws/install/autoware_msgs/share/ament_index/resource_index/packages/autoware_msgs
[0.648s] -- Up-to-date symlink: /home/wuta/WUTA/WUTA-FSD/ros2_ws/install/autoware_msgs/share/autoware_msgs/cmake/rosidl_cmake-extras.cmake
[0.649s] -- Up-to-date symlink: /home/wuta/WUTA/WUTA-FSD/ros2_ws/install/autoware_msgs/share/autoware_msgs/cmake/ament_cmake_export_dependencies-extras.cmake
[0.649s] -- Up-to-date symlink: /home/wuta/WUTA/WUTA-FSD/ros2_ws/install/autoware_msgs/share/autoware_msgs/cmake/ament_cmake_export_include_directories-extras.cmake
[0.649s] -- Up-to-date symlink: /home/wuta/WUTA/WUTA-FSD/ros2_ws/install/autoware_msgs/share/autoware_msgs/cmake/ament_cmake_export_libraries-extras.cmake
[0.649s] -- Up-to-date symlink: /home/wuta/WUTA/WUTA-FSD/ros2_ws/install/autoware_msgs/share/autoware_msgs/cmake/ament_cmake_export_targets-extras.cmake
[0.649s] -- Up-to-date symlink: /home/wuta/WUTA/WUTA-FSD/ros2_ws/install/autoware_msgs/share/autoware_msgs/cmake/rosidl_cmake_export_typesupport_targets-extras.cmake
[0.649s] -- Up-to-date symlink: /home/wuta/WUTA/WUTA-FSD/ros2_ws/install/autoware_msgs/share/autoware_msgs/cmake/rosidl_cmake_export_typesupport_libraries-extras.cmake
[0.649s] -- Up-to-date symlink: /home/wuta/WUTA/WUTA-FSD/ros2_ws/install/autoware_msgs/share/autoware_msgs/cmake/autoware_msgsConfig.cmake
[0.650s] -- Up-to-date symlink: /home/wuta/WUTA/WUTA-FSD/ros2_ws/install/autoware_msgs/share/autoware_msgs/cmake/autoware_msgsConfig-version.cmake
[0.650s] -- Up-to-date symlink: /home/wuta/WUTA/WUTA-FSD/ros2_ws/install/autoware_msgs/share/autoware_msgs/package.xml
[0.650s] -- Up-to-date: /home/wuta/WUTA/WUTA-FSD/ros2_ws/install/autoware_msgs/lib/libautoware_msgs__rosidl_generator_c.so
[0.650s] -- Up-to-date: /home/wuta/WUTA/WUTA-FSD/ros2_ws/install/autoware_msgs/lib/libautoware_msgs__rosidl_typesupport_fastrtps_c.so
[0.651s] -- Up-to-date: /home/wuta/WUTA/WUTA-FSD/ros2_ws/install/autoware_msgs/lib/libautoware_msgs__rosidl_typesupport_introspection_c.so
[0.651s] -- Up-to-date: /home/wuta/WUTA/WUTA-FSD/ros2_ws/install/autoware_msgs/lib/libautoware_msgs__rosidl_typesupport_c.so
[0.651s] -- Up-to-date: /home/wuta/WUTA/WUTA-FSD/ros2_ws/install/autoware_msgs/lib/libautoware_msgs__rosidl_typesupport_fastrtps_cpp.so
[0.652s] -- Up-to-date: /home/wuta/WUTA/WUTA-FSD/ros2_ws/install/autoware_msgs/lib/libautoware_msgs__rosidl_typesupport_introspection_cpp.so
[0.652s] -- Up-to-date: /home/wuta/WUTA/WUTA-FSD/ros2_ws/install/autoware_msgs/lib/libautoware_msgs__rosidl_typesupport_cpp.so
[0.683s] Listing '/home/wuta/WUTA/WUTA-FSD/ros2_ws/install/autoware_msgs/local/lib/python3.10/dist-packages/autoware_msgs'...
[0.683s] Listing '/home/wuta/WUTA/WUTA-FSD/ros2_ws/install/autoware_msgs/local/lib/python3.10/dist-packages/autoware_msgs/msg'...
[0.687s] -- Up-to-date: /home/wuta/WUTA/WUTA-FSD/ros2_ws/install/autoware_msgs/lib/libautoware_msgs__rosidl_generator_py.so
[0.688s] -- Up-to-date: /home/wuta/WUTA/WUTA-FSD/ros2_ws/install/autoware_msgs/share/autoware_msgs/cmake/export_autoware_msgs__rosidl_generator_cExport.cmake
[0.688s] -- Up-to-date: /home/wuta/WUTA/WUTA-FSD/ros2_ws/install/autoware_msgs/share/autoware_msgs/cmake/export_autoware_msgs__rosidl_generator_cExport-noconfig.cmake
[0.688s] -- Up-to-date: /home/wuta/WUTA/WUTA-FSD/ros2_ws/install/autoware_msgs/share/autoware_msgs/cmake/export_autoware_msgs__rosidl_typesupport_fastrtps_cExport.cmake
[0.688s] -- Up-to-date: /home/wuta/WUTA/WUTA-FSD/ros2_ws/install/autoware_msgs/share/autoware_msgs/cmake/export_autoware_msgs__rosidl_typesupport_fastrtps_cExport-noconfig.cmake
[0.688s] -- Up-to-date: /home/wuta/WUTA/WUTA-FSD/ros2_ws/install/autoware_msgs/share/autoware_msgs/cmake/autoware_msgs__rosidl_typesupport_introspection_cExport.cmake
[0.688s] -- Up-to-date: /home/wuta/WUTA/WUTA-FSD/ros2_ws/install/autoware_msgs/share/autoware_msgs/cmake/autoware_msgs__rosidl_typesupport_introspection_cExport-noconfig.cmake
[0.688s] -- Up-to-date: /home/wuta/WUTA/WUTA-FSD/ros2_ws/install/autoware_msgs/share/autoware_msgs/cmake/autoware_msgs__rosidl_typesupport_cExport.cmake
[0.689s] -- Up-to-date: /home/wuta/WUTA/WUTA-FSD/ros2_ws/install/autoware_msgs/share/autoware_msgs/cmake/autoware_msgs__rosidl_typesupport_cExport-noconfig.cmake
[0.689s] -- Up-to-date: /home/wuta/WUTA/WUTA-FSD/ros2_ws/install/autoware_msgs/share/autoware_msgs/cmake/export_autoware_msgs__rosidl_generator_cppExport.cmake
[0.689s] -- Up-to-date: /home/wuta/WUTA/WUTA-FSD/ros2_ws/install/autoware_msgs/share/autoware_msgs/cmake/export_autoware_msgs__rosidl_typesupport_fastrtps_cppExport.cmake
[0.689s] -- Up-to-date: /home/wuta/WUTA/WUTA-FSD/ros2_ws/install/autoware_msgs/share/autoware_msgs/cmake/export_autoware_msgs__rosidl_typesupport_fastrtps_cppExport-noconfig.cmake
[0.689s] -- Up-to-date: /home/wuta/WUTA/WUTA-FSD/ros2_ws/install/autoware_msgs/share/autoware_msgs/cmake/autoware_msgs__rosidl_typesupport_introspection_cppExport.cmake
[0.689s] -- Up-to-date: /home/wuta/WUTA/WUTA-FSD/ros2_ws/install/autoware_msgs/share/autoware_msgs/cmake/autoware_msgs__rosidl_typesupport_introspection_cppExport-noconfig.cmake
[0.689s] -- Up-to-date: /home/wuta/WUTA/WUTA-FSD/ros2_ws/install/autoware_msgs/share/autoware_msgs/cmake/autoware_msgs__rosidl_typesupport_cppExport.cmake
[0.690s] -- Up-to-date: /home/wuta/WUTA/WUTA-FSD/ros2_ws/install/autoware_msgs/share/autoware_msgs/cmake/autoware_msgs__rosidl_typesupport_cppExport-noconfig.cmake
[0.690s] -- Up-to-date: /home/wuta/WUTA/WUTA-FSD/ros2_ws/install/autoware_msgs/share/autoware_msgs/cmake/export_autoware_msgs__rosidl_generator_pyExport.cmake
[0.690s] -- Up-to-date: /home/wuta/WUTA/WUTA-FSD/ros2_ws/install/autoware_msgs/share/autoware_msgs/cmake/export_autoware_msgs__rosidl_generator_pyExport-noconfig.cmake
[0.692s] Invoked command in '/home/wuta/WUTA/WUTA-FSD/ros2_ws/build/autoware_msgs' returned '0': CMAKE_PREFIX_PATH=/opt/ros/humble /home/wuta/.local/bin/cmake --install /home/wuta/WUTA/WUTA-FSD/ros2_ws/build/autoware_msgs
