[0.029s] Invoking command in '/home/wuta/WUTA/WUTA-FSD/ros2_ws/build/wuta_tools': AMENT_PREFIX_PATH=/home/wuta/WUTA/WUTA-FSD/ros2_ws/install/wuta_msgs:${AMENT_PREFIX_PATH} CMAKE_PREFIX_PATH=/home/wuta/WUTA/WUTA-FSD/ros2_ws/install/wuta_msgs:/opt/ros/humble LD_LIBRARY_PATH=/home/wuta/WUTA/WUTA-FSD/ros2_ws/install/wuta_msgs/lib:${LD_LIBRARY_PATH} PYTHONPATH=/home/wuta/WUTA/WUTA-FSD/ros2_ws/install/wuta_msgs/local/lib/python3.10/dist-packages:${PYTHONPATH} /home/wuta/.local/bin/cmake /home/wuta/WUTA/WUTA-FSD/ros2_ws/src/common/wuta_tools -DAMENT_CMAKE_SYMLINK_INSTALL=1 -DCMAKE_INSTALL_PREFIX=/home/wuta/WUTA/WUTA-FSD/ros2_ws/install/wuta_tools
[0.214s] CMake Deprecation Warning at CMakeLists.txt:1 (cmake_minimum_required):
[0.214s]   Compatibility with CMake < 3.10 will be removed from a future version of
[0.214s]   CMake.
[0.215s] 
[0.215s]   Update the VERSION argument <min> value.  Or, use the <min>...<max> syntax
[0.215s]   to tell CMake that the project requires at least <min> but has been updated
[0.215s]   to work with policies introduced by <max> or earlier.
[0.215s] 
[0.215s] 
[0.405s] -- The C compiler identification is GNU 12.3.0
[0.690s] -- The CXX compiler identification is GNU 12.3.0
[0.731s] -- Detecting C compiler ABI info
[0.961s] -- Detecting C compiler ABI info - done
[1.048s] -- Check for working C compiler: /usr/bin/cc - skipped
[1.051s] -- Detecting C compile features
[1.055s] -- Detecting C compile features - done
[1.093s] -- Detecting CXX compiler ABI info
[1.313s] -- Detecting CXX compiler ABI info - done
[1.383s] -- Check for working CXX compiler: /usr/bin/c++ - skipped
[1.384s] -- Detecting CXX compile features
[1.389s] -- Detecting CXX compile features - done
[1.414s] -- Found ament_cmake: 1.3.14 (/opt/ros/humble/share/ament_cmake/cmake)
[1.748s] -- Found Python3: /usr/bin/python3 (found version "3.10.12") found components: Interpreter
[1.880s] -- Override CMake install command with custom implementation using symlinks instead of copying resources
[1.964s] -- Found rclcpp: 16.0.19 (/opt/ros/humble/share/rclcpp/cmake)
[2.142s] -- Found rosidl_generator_c: 3.1.8 (/opt/ros/humble/share/rosidl_generator_c/cmake)
[2.155s] -- Found rosidl_adapter: 3.1.8 (/opt/ros/humble/share/rosidl_adapter/cmake)
[2.181s] -- Found rosidl_generator_cpp: 3.1.8 (/opt/ros/humble/share/rosidl_generator_cpp/cmake)
[2.212s] -- Using all available rosidl_typesupport_c: rosidl_typesupport_fastrtps_c;rosidl_typesupport_introspection_c
[2.258s] -- Using all available rosidl_typesupport_cpp: rosidl_typesupport_fastrtps_cpp;rosidl_typesupport_introspection_cpp
[2.377s] -- Found rmw_implementation_cmake: 6.1.2 (/opt/ros/humble/share/rmw_implementation_cmake/cmake)
[2.383s] -- Found rmw_fastrtps_cpp: 6.2.10 (/opt/ros/humble/share/rmw_fastrtps_cpp/cmake)
[2.565s] -- Found OpenSSL: /usr/lib/x86_64-linux-gnu/libcrypto.so (found version "3.0.2")
[2.630s] -- Found FastRTPS: /opt/ros/humble/include
[2.728s] -- Using RMW implementation 'rmw_fastrtps_cpp' as default
[2.747s] -- Performing Test CMAKE_HAVE_LIBC_PTHREAD
[2.876s] -- Performing Test CMAKE_HAVE_LIBC_PTHREAD - Success
[2.877s] -- Found Threads: TRUE
[3.006s] -- Found wuta_msgs: 1.0.0 (/home/wuta/WUTA/WUTA-FSD/ros2_ws/install/wuta_msgs/share/wuta_msgs/cmake)
[3.190s] -- Configuring done (3.0s)
[3.200s] -- Generating done (0.0s)
[3.251s] -- Build files have been written to: /home/wuta/WUTA/WUTA-FSD/ros2_ws/build/wuta_tools
