[0.088s] Invoking command in '/home/starry1n/WUTA-FSD1/ros2_ws/build/camera_detection': AMENT_PREFIX_PATH=/home/starry1n/WUTA-FSD1/ros2_ws/install/wuta_msgs:${AMENT_PREFIX_PATH} CMAKE_PREFIX_PATH=/home/starry1n/WUTA-FSD1/ros2_ws/install/wuta_msgs:/opt/ros/humble LD_LIBRARY_PATH=/home/starry1n/WUTA-FSD1/ros2_ws/install/wuta_msgs/lib:${LD_LIBRARY_PATH} PYTHONPATH=/home/starry1n/WUTA-FSD1/ros2_ws/install/wuta_msgs/local/lib/python3.10/dist-packages:${PYTHONPATH} /usr/bin/cmake --build /home/starry1n/WUTA-FSD1/ros2_ws/build/camera_detection -- -j8 -l8
[0.157s] Invoked command in '/home/starry1n/WUTA-FSD1/ros2_ws/build/camera_detection' returned '0': AMENT_PREFIX_PATH=/home/starry1n/WUTA-FSD1/ros2_ws/install/wuta_msgs:${AMENT_PREFIX_PATH} CMAKE_PREFIX_PATH=/home/starry1n/WUTA-FSD1/ros2_ws/install/wuta_msgs:/opt/ros/humble LD_LIBRARY_PATH=/home/starry1n/WUTA-FSD1/ros2_ws/install/wuta_msgs/lib:${LD_LIBRARY_PATH} PYTHONPATH=/home/starry1n/WUTA-FSD1/ros2_ws/install/wuta_msgs/local/lib/python3.10/dist-packages:${PYTHONPATH} /usr/bin/cmake --build /home/starry1n/WUTA-FSD1/ros2_ws/build/camera_detection -- -j8 -l8
[0.160s] Invoking command in '/home/starry1n/WUTA-FSD1/ros2_ws/build/camera_detection': AMENT_PREFIX_PATH=/home/starry1n/WUTA-FSD1/ros2_ws/install/wuta_msgs:${AMENT_PREFIX_PATH} CMAKE_PREFIX_PATH=/home/starry1n/WUTA-FSD1/ros2_ws/install/wuta_msgs:/opt/ros/humble LD_LIBRARY_PATH=/home/starry1n/WUTA-FSD1/ros2_ws/install/wuta_msgs/lib:${LD_LIBRARY_PATH} PYTHONPATH=/home/starry1n/WUTA-FSD1/ros2_ws/install/wuta_msgs/local/lib/python3.10/dist-packages:${PYTHONPATH} /usr/bin/cmake --install /home/starry1n/WUTA-FSD1/ros2_ws/build/camera_detection
[0.185s] -- Install configuration: ""
[0.185s] -- Execute custom install script
[0.186s] -- Up-to-date symlink: /home/starry1n/WUTA-FSD1/ros2_ws/install/camera_detection/share/ament_index/resource_index/package_run_dependencies/camera_detection
[0.186s] -- Up-to-date symlink: /home/starry1n/WUTA-FSD1/ros2_ws/install/camera_detection/share/ament_index/resource_index/parent_prefix_path/camera_detection
[0.186s] -- Up-to-date symlink: /home/starry1n/WUTA-FSD1/ros2_ws/install/camera_detection/share/camera_detection/environment/ament_prefix_path.sh
[0.186s] -- Up-to-date symlink: /home/starry1n/WUTA-FSD1/ros2_ws/install/camera_detection/share/camera_detection/environment/ament_prefix_path.dsv
[0.186s] -- Up-to-date symlink: /home/starry1n/WUTA-FSD1/ros2_ws/install/camera_detection/share/camera_detection/environment/path.sh
[0.186s] -- Up-to-date symlink: /home/starry1n/WUTA-FSD1/ros2_ws/install/camera_detection/share/camera_detection/environment/path.dsv
[0.186s] -- Up-to-date symlink: /home/starry1n/WUTA-FSD1/ros2_ws/install/camera_detection/share/camera_detection/local_setup.bash
[0.186s] -- Up-to-date symlink: /home/starry1n/WUTA-FSD1/ros2_ws/install/camera_detection/share/camera_detection/local_setup.sh
[0.186s] -- Up-to-date symlink: /home/starry1n/WUTA-FSD1/ros2_ws/install/camera_detection/share/camera_detection/local_setup.zsh
[0.186s] -- Up-to-date symlink: /home/starry1n/WUTA-FSD1/ros2_ws/install/camera_detection/share/camera_detection/local_setup.dsv
[0.186s] -- Symlinking: /home/starry1n/WUTA-FSD1/ros2_ws/install/camera_detection/share/camera_detection/package.dsv
[0.197s] -- Up-to-date symlink: /home/starry1n/WUTA-FSD1/ros2_ws/install/camera_detection/share/ament_index/resource_index/packages/camera_detection
[0.201s] -- Up-to-date symlink: /home/starry1n/WUTA-FSD1/ros2_ws/install/camera_detection/share/camera_detection/cmake/camera_detectionConfig.cmake
[0.201s] -- Up-to-date symlink: /home/starry1n/WUTA-FSD1/ros2_ws/install/camera_detection/share/camera_detection/cmake/camera_detectionConfig-version.cmake
[0.201s] -- Up-to-date symlink: /home/starry1n/WUTA-FSD1/ros2_ws/install/camera_detection/share/camera_detection/package.xml
[0.210s] Invoked command in '/home/starry1n/WUTA-FSD1/ros2_ws/build/camera_detection' returned '0': AMENT_PREFIX_PATH=/home/starry1n/WUTA-FSD1/ros2_ws/install/wuta_msgs:${AMENT_PREFIX_PATH} CMAKE_PREFIX_PATH=/home/starry1n/WUTA-FSD1/ros2_ws/install/wuta_msgs:/opt/ros/humble LD_LIBRARY_PATH=/home/starry1n/WUTA-FSD1/ros2_ws/install/wuta_msgs/lib:${LD_LIBRARY_PATH} PYTHONPATH=/home/starry1n/WUTA-FSD1/ros2_ws/install/wuta_msgs/local/lib/python3.10/dist-packages:${PYTHONPATH} /usr/bin/cmake --install /home/starry1n/WUTA-FSD1/ros2_ws/build/camera_detection
