[0.091s] Invoking command in '/home/starry1n/WUTA-FSD1/ros2_ws/build/kiss_icp_wrapper': AMENT_PREFIX_PATH=/home/starry1n/WUTA-FSD1/ros2_ws/install/wuta_msgs:${AMENT_PREFIX_PATH} CMAKE_PREFIX_PATH=/home/starry1n/WUTA-FSD1/ros2_ws/install/wuta_msgs:/opt/ros/humble LD_LIBRARY_PATH=/home/starry1n/WUTA-FSD1/ros2_ws/install/wuta_msgs/lib:${LD_LIBRARY_PATH} PYTHONPATH=/home/starry1n/WUTA-FSD1/ros2_ws/install/wuta_msgs/local/lib/python3.10/dist-packages:${PYTHONPATH} /usr/bin/cmake /home/starry1n/WUTA-FSD1/ros2_ws/src/localization/kiss_icp_wrapper -DCMAKE_MODULE_PATH=/home/starry1n/WUTA-FSD1/ros2_ws/cmake -DAMENT_CMAKE_SYMLINK_INSTALL=1 -DCMAKE_INSTALL_PREFIX=/home/starry1n/WUTA-FSD1/ros2_ws/install/kiss_icp_wrapper
[3.720s] -- The C compiler identification is GNU 11.4.0
[3.721s] -- The CXX compiler identification is GNU 11.4.0
[3.724s] -- Detecting C compiler ABI info
[3.727s] -- Detecting C compiler ABI info - done
[3.727s] -- Check for working C compiler: /usr/bin/cc - skipped
[3.727s] -- Detecting C compile features
[3.727s] -- Detecting C compile features - done
[3.727s] -- Detecting CXX compiler ABI info
[3.727s] -- Detecting CXX compiler ABI info - done
[3.727s] -- Check for working CXX compiler: /usr/bin/c++ - skipped
[3.727s] -- Detecting CXX compile features
[3.727s] -- Detecting CXX compile features - done
[3.727s] -- Found ament_cmake: 1.3.14 (/opt/ros/humble/share/ament_cmake/cmake)
[3.727s] -- Found Python3: /usr/bin/python3 (found version "3.10.12") found components: Interpreter
[3.727s] -- Override CMake install command with custom implementation using symlinks instead of copying resources
[3.727s] -- Found rclcpp: 16.0.19 (/opt/ros/humble/share/rclcpp/cmake)
[3.727s] -- Found rosidl_generator_c: 3.1.9 (/opt/ros/humble/share/rosidl_generator_c/cmake)
[3.728s] -- Found rosidl_adapter: 3.1.9 (/opt/ros/humble/share/rosidl_adapter/cmake)
[3.728s] -- Found rosidl_generator_cpp: 3.1.9 (/opt/ros/humble/share/rosidl_generator_cpp/cmake)
[3.728s] -- Using all available rosidl_typesupport_c: rosidl_typesupport_fastrtps_c;rosidl_typesupport_introspection_c
[3.728s] -- Using all available rosidl_typesupport_cpp: rosidl_typesupport_fastrtps_cpp;rosidl_typesupport_introspection_cpp
[3.728s] -- Found rmw_implementation_cmake: 6.1.2 (/opt/ros/humble/share/rmw_implementation_cmake/cmake)
[3.728s] -- Found rmw_fastrtps_cpp: 6.2.10 (/opt/ros/humble/share/rmw_fastrtps_cpp/cmake)
[3.728s] -- Found OpenSSL: /usr/lib/x86_64-linux-gnu/libcrypto.so (found version "3.0.2")
[3.728s] -- Found FastRTPS: /opt/ros/humble/include
[3.728s] -- Using RMW implementation 'rmw_fastrtps_cpp' as default
[3.728s] -- Performing Test CMAKE_HAVE_LIBC_PTHREAD
[3.728s] -- Performing Test CMAKE_HAVE_LIBC_PTHREAD - Success
[3.728s] -- Found Threads: TRUE
[3.728s] -- Found wuta_msgs: 1.0.0 (/home/starry1n/WUTA-FSD1/ros2_ws/install/wuta_msgs/share/wuta_msgs/cmake)
[3.728s] -- Configuring done (3.3s)
[3.728s] -- Generating done (0.0s)
[3.728s] -- Build files have been written to: /home/starry1n/WUTA-FSD1/ros2_ws/build/kiss_icp_wrapper
[3.728s] [0mCMake Deprecation Warning at CMakeLists.txt:1 (cmake_minimum_required):
[3.728s]   Compatibility with CMake < 3.10 will be removed from a future version of
[3.729s]   CMake.
[3.729s] 
[3.729s]   Update the VERSION argument <min> value.  Or, use the <min>...<max> syntax
[3.729s]   to tell CMake that the project requires at least <min> but has been updated
[3.729s]   to work with policies introduced by <max> or earlier.
[3.729s] 
[3.729s] [0m
[3.729s] Invoked command in '/home/starry1n/WUTA-FSD1/ros2_ws/build/kiss_icp_wrapper' returned '0': AMENT_PREFIX_PATH=/home/starry1n/WUTA-FSD1/ros2_ws/install/wuta_msgs:${AMENT_PREFIX_PATH} CMAKE_PREFIX_PATH=/home/starry1n/WUTA-FSD1/ros2_ws/install/wuta_msgs:/opt/ros/humble LD_LIBRARY_PATH=/home/starry1n/WUTA-FSD1/ros2_ws/install/wuta_msgs/lib:${LD_LIBRARY_PATH} PYTHONPATH=/home/starry1n/WUTA-FSD1/ros2_ws/install/wuta_msgs/local/lib/python3.10/dist-packages:${PYTHONPATH} /usr/bin/cmake /home/starry1n/WUTA-FSD1/ros2_ws/src/localization/kiss_icp_wrapper -DCMAKE_MODULE_PATH=/home/starry1n/WUTA-FSD1/ros2_ws/cmake -DAMENT_CMAKE_SYMLINK_INSTALL=1 -DCMAKE_INSTALL_PREFIX=/home/starry1n/WUTA-FSD1/ros2_ws/install/kiss_icp_wrapper
[3.733s] Invoking command in '/home/starry1n/WUTA-FSD1/ros2_ws/build/kiss_icp_wrapper': AMENT_PREFIX_PATH=/home/starry1n/WUTA-FSD1/ros2_ws/install/wuta_msgs:${AMENT_PREFIX_PATH} CMAKE_PREFIX_PATH=/home/starry1n/WUTA-FSD1/ros2_ws/install/wuta_msgs:/opt/ros/humble LD_LIBRARY_PATH=/home/starry1n/WUTA-FSD1/ros2_ws/install/wuta_msgs/lib:${LD_LIBRARY_PATH} PYTHONPATH=/home/starry1n/WUTA-FSD1/ros2_ws/install/wuta_msgs/local/lib/python3.10/dist-packages:${PYTHONPATH} /usr/bin/cmake --build /home/starry1n/WUTA-FSD1/ros2_ws/build/kiss_icp_wrapper -- -j8 -l8
[3.827s] Invoked command in '/home/starry1n/WUTA-FSD1/ros2_ws/build/kiss_icp_wrapper' returned '0': AMENT_PREFIX_PATH=/home/starry1n/WUTA-FSD1/ros2_ws/install/wuta_msgs:${AMENT_PREFIX_PATH} CMAKE_PREFIX_PATH=/home/starry1n/WUTA-FSD1/ros2_ws/install/wuta_msgs:/opt/ros/humble LD_LIBRARY_PATH=/home/starry1n/WUTA-FSD1/ros2_ws/install/wuta_msgs/lib:${LD_LIBRARY_PATH} PYTHONPATH=/home/starry1n/WUTA-FSD1/ros2_ws/install/wuta_msgs/local/lib/python3.10/dist-packages:${PYTHONPATH} /usr/bin/cmake --build /home/starry1n/WUTA-FSD1/ros2_ws/build/kiss_icp_wrapper -- -j8 -l8
[3.835s] Invoking command in '/home/starry1n/WUTA-FSD1/ros2_ws/build/kiss_icp_wrapper': AMENT_PREFIX_PATH=/home/starry1n/WUTA-FSD1/ros2_ws/install/wuta_msgs:${AMENT_PREFIX_PATH} CMAKE_PREFIX_PATH=/home/starry1n/WUTA-FSD1/ros2_ws/install/wuta_msgs:/opt/ros/humble LD_LIBRARY_PATH=/home/starry1n/WUTA-FSD1/ros2_ws/install/wuta_msgs/lib:${LD_LIBRARY_PATH} PYTHONPATH=/home/starry1n/WUTA-FSD1/ros2_ws/install/wuta_msgs/local/lib/python3.10/dist-packages:${PYTHONPATH} /usr/bin/cmake --install /home/starry1n/WUTA-FSD1/ros2_ws/build/kiss_icp_wrapper
[3.874s] -- Install configuration: ""
[3.874s] -- Execute custom install script
[3.875s] -- Symlinking: /home/starry1n/WUTA-FSD1/ros2_ws/install/kiss_icp_wrapper/share/kiss_icp_wrapper/config/kiss_icp_hesai128.yaml
[3.875s] -- Symlinking: /home/starry1n/WUTA-FSD1/ros2_ws/install/kiss_icp_wrapper/share/ament_index/resource_index/package_run_dependencies/kiss_icp_wrapper
[3.897s] -- Symlinking: /home/starry1n/WUTA-FSD1/ros2_ws/install/kiss_icp_wrapper/share/ament_index/resource_index/parent_prefix_path/kiss_icp_wrapper
[3.929s] -- Symlinking: /home/starry1n/WUTA-FSD1/ros2_ws/install/kiss_icp_wrapper/share/kiss_icp_wrapper/environment/ament_prefix_path.sh
[3.962s] -- Symlinking: /home/starry1n/WUTA-FSD1/ros2_ws/install/kiss_icp_wrapper/share/kiss_icp_wrapper/environment/ament_prefix_path.dsv
[4.000s] -- Symlinking: /home/starry1n/WUTA-FSD1/ros2_ws/install/kiss_icp_wrapper/share/kiss_icp_wrapper/environment/path.sh
[4.029s] -- Symlinking: /home/starry1n/WUTA-FSD1/ros2_ws/install/kiss_icp_wrapper/share/kiss_icp_wrapper/environment/path.dsv
[4.049s] -- Symlinking: /home/starry1n/WUTA-FSD1/ros2_ws/install/kiss_icp_wrapper/share/kiss_icp_wrapper/local_setup.bash
[4.081s] -- Symlinking: /home/starry1n/WUTA-FSD1/ros2_ws/install/kiss_icp_wrapper/share/kiss_icp_wrapper/local_setup.sh
[4.107s] -- Symlinking: /home/starry1n/WUTA-FSD1/ros2_ws/install/kiss_icp_wrapper/share/kiss_icp_wrapper/local_setup.zsh
[4.185s] -- Symlinking: /home/starry1n/WUTA-FSD1/ros2_ws/install/kiss_icp_wrapper/share/kiss_icp_wrapper/local_setup.dsv
[4.203s] -- Symlinking: /home/starry1n/WUTA-FSD1/ros2_ws/install/kiss_icp_wrapper/share/kiss_icp_wrapper/package.dsv
[4.239s] -- Symlinking: /home/starry1n/WUTA-FSD1/ros2_ws/install/kiss_icp_wrapper/share/ament_index/resource_index/packages/kiss_icp_wrapper
[4.286s] -- Symlinking: /home/starry1n/WUTA-FSD1/ros2_ws/install/kiss_icp_wrapper/share/kiss_icp_wrapper/cmake/kiss_icp_wrapperConfig.cmake
[4.322s] -- Symlinking: /home/starry1n/WUTA-FSD1/ros2_ws/install/kiss_icp_wrapper/share/kiss_icp_wrapper/cmake/kiss_icp_wrapperConfig-version.cmake
[4.401s] -- Symlinking: /home/starry1n/WUTA-FSD1/ros2_ws/install/kiss_icp_wrapper/share/kiss_icp_wrapper/package.xml
[4.496s] Invoked command in '/home/starry1n/WUTA-FSD1/ros2_ws/build/kiss_icp_wrapper' returned '0': AMENT_PREFIX_PATH=/home/starry1n/WUTA-FSD1/ros2_ws/install/wuta_msgs:${AMENT_PREFIX_PATH} CMAKE_PREFIX_PATH=/home/starry1n/WUTA-FSD1/ros2_ws/install/wuta_msgs:/opt/ros/humble LD_LIBRARY_PATH=/home/starry1n/WUTA-FSD1/ros2_ws/install/wuta_msgs/lib:${LD_LIBRARY_PATH} PYTHONPATH=/home/starry1n/WUTA-FSD1/ros2_ws/install/wuta_msgs/local/lib/python3.10/dist-packages:${PYTHONPATH} /usr/bin/cmake --install /home/starry1n/WUTA-FSD1/ros2_ws/build/kiss_icp_wrapper
