[0.218s] Invoking command in '/home/g2909/WUTA1/WUTA-FSD/ros2_ws/build/mission_manager': AMENT_PREFIX_PATH=/home/g2909/WUTA1/WUTA-FSD/ros2_ws/install/wuta_msgs:${AMENT_PREFIX_PATH} CMAKE_PREFIX_PATH=/home/g2909/WUTA1/WUTA-FSD/ros2_ws/install/wuta_msgs:/opt/ros/humble LD_LIBRARY_PATH=/home/g2909/WUTA1/WUTA-FSD/ros2_ws/install/wuta_msgs/lib:${LD_LIBRARY_PATH} PYTHONPATH=/home/g2909/WUTA1/WUTA-FSD/ros2_ws/install/wuta_msgs/local/lib/python3.10/dist-packages:${PYTHONPATH} /home/g2909/.local/bin/cmake /home/g2909/WUTA1/WUTA-FSD/ros2_ws/src/system/mission_manager -DAMENT_CMAKE_SYMLINK_INSTALL=1 -DCMAKE_INSTALL_PREFIX=/home/g2909/WUTA1/WUTA-FSD/ros2_ws/install/mission_manager
[0.269s] CMake Deprecation Warning at CMakeLists.txt:1 (cmake_minimum_required):
[0.269s]   Compatibility with CMake < 3.10 will be removed from a future version of
[0.269s]   CMake.
[0.269s] 
[0.269s]   Update the VERSION argument <min> value.  Or, use the <min>...<max> syntax
[0.269s]   to tell CMake that the project requires at least <min> but has been updated
[0.269s]   to work with policies introduced by <max> or earlier.
[0.269s] 
[0.269s] 
[0.491s] -- The C compiler identification is GNU 11.4.0
[1.396s] -- The CXX compiler identification is GNU 11.4.0
[1.919s] -- Detecting C compiler ABI info
[2.149s] -- Detecting C compiler ABI info - done
[2.158s] -- Check for working C compiler: /usr/bin/cc - skipped
[2.158s] -- Detecting C compile features
[2.158s] -- Detecting C compile features - done
[2.165s] -- Detecting CXX compiler ABI info
[2.413s] -- Detecting CXX compiler ABI info - done
[2.424s] -- Check for working CXX compiler: /usr/bin/c++ - skipped
[2.424s] -- Detecting CXX compile features
[2.424s] -- Detecting CXX compile features - done
[2.432s] -- Found ament_cmake: 1.3.14 (/opt/ros/humble/share/ament_cmake/cmake)
[2.540s] -- Found Python3: /usr/bin/python3 (found version "3.10.12") found components: Interpreter
[2.586s] -- Override CMake install command with custom implementation using symlinks instead of copying resources
[2.609s] -- Found rclcpp: 16.0.19 (/opt/ros/humble/share/rclcpp/cmake)
[2.818s] -- Found rosidl_generator_c: 3.1.9 (/opt/ros/humble/share/rosidl_generator_c/cmake)
[2.822s] -- Found rosidl_adapter: 3.1.9 (/opt/ros/humble/share/rosidl_adapter/cmake)
[2.828s] -- Found rosidl_generator_cpp: 3.1.9 (/opt/ros/humble/share/rosidl_generator_cpp/cmake)
[2.839s] -- Using all available rosidl_typesupport_c: rosidl_typesupport_fastrtps_c;rosidl_typesupport_introspection_c
[2.852s] -- Using all available rosidl_typesupport_cpp: rosidl_typesupport_fastrtps_cpp;rosidl_typesupport_introspection_cpp
[2.891s] -- Found rmw_implementation_cmake: 6.1.2 (/opt/ros/humble/share/rmw_implementation_cmake/cmake)
[2.892s] -- Found rmw_fastrtps_cpp: 6.2.10 (/opt/ros/humble/share/rmw_fastrtps_cpp/cmake)
[4.442s] -- Found OpenSSL: /usr/lib/x86_64-linux-gnu/libcrypto.so (found version "3.0.2")
[7.248s] -- Found FastRTPS: /opt/ros/humble/include
[19.353s] -- Using RMW implementation 'rmw_fastrtps_cpp' as default
[19.353s] -- Performing Test CMAKE_HAVE_LIBC_PTHREAD
[20.112s] -- Performing Test CMAKE_HAVE_LIBC_PTHREAD - Success
[20.121s] -- Found Threads: TRUE
[20.186s] -- Found wuta_msgs: 1.0.0 (/home/g2909/WUTA1/WUTA-FSD/ros2_ws/install/wuta_msgs/share/wuta_msgs/cmake)
[20.301s] -- Configuring done (20.0s)
[20.317s] -- Generating done (0.0s)
[20.354s] -- Build files have been written to: /home/g2909/WUTA1/WUTA-FSD/ros2_ws/build/mission_manager
