[0.038s] Invoking command in '/home/starry1n/WUTA-FSD1/ros2_ws/build/robot_localization': CMAKE_PREFIX_PATH=/opt/ros/humble /usr/bin/cmake --build /home/starry1n/WUTA-FSD1/ros2_ws/build/robot_localization -- -j8 -l8
[0.150s] [  2%] Built target gtest_main
[0.160s] [  2%] Built target ament_cmake_python_symlink_robot_localization
[0.169s] [  3%] Built target robot_localization__cpp
[0.185s] [  5%] Built target gtest
[0.203s] [ 12%] Built target robot_localization__rosidl_generator_c
[0.271s] [ 13%] Built target robot_localization__rs
[0.304s] [ 20%] Built target robot_localization__rosidl_typesupport_introspection_c
[0.348s] [ 27%] Built target robot_localization__rosidl_typesupport_c
[0.353s] [ 34%] Built target robot_localization__rosidl_typesupport_fastrtps_cpp
[0.359s] [ 41%] Built target robot_localization__rosidl_typesupport_fastrtps_c
[0.386s] [ 48%] Built target robot_localization__rosidl_typesupport_cpp
[0.388s] [ 55%] Built target robot_localization__rosidl_typesupport_introspection_cpp
[0.428s] [ 55%] Built target robot_localization
[0.510s] running egg_info
[0.510s] writing robot_localization.egg-info/PKG-INFO
[0.510s] [ 64%] Built target rl_lib
[0.510s] writing dependency_links to robot_localization.egg-info/dependency_links.txt
[0.511s] writing top-level names to robot_localization.egg-info/top_level.txt
[0.519s] reading manifest file 'robot_localization.egg-info/SOURCES.txt'
[0.519s] writing manifest file 'robot_localization.egg-info/SOURCES.txt'
[0.519s] [ 65%] Built target robot_localization__py
[0.569s] [ 65%] Built target ament_cmake_python_build_robot_localization_egg
[0.576s] [ 67%] Built target ukf_node
[0.585s] [ 68%] Built target ekf_node
[0.588s] [ 70%] Built target test_ukf
[0.588s] [ 71%] Built target navsat_transform_node
[0.590s] [ 73%] Built target robot_localization_listener_node
[0.597s] [ 76%] Built target test_ekf
[0.597s] [ 77%] Built target filter_base-test
[0.622s] [ 79%] Built target test_robot_localization_estimator
[0.628s] [ 81%] Built target test_navsat_conversions
[0.635s] [ 82%] Built target test_ros_robot_localization_listener
[0.635s] [ 84%] Built target test_ros_robot_localization_listener_publisher
[0.647s] [ 86%] Built target test_filter_base_diagnostics_timestamps
[0.651s] [ 88%] Built target test_ukf_localization_node_interfaces
[0.663s] [ 89%] Built target test_ekf_localization_node_interfaces
[0.672s] [ 95%] Built target robot_localization__rosidl_generator_py
[0.757s] [ 96%] Built target robot_localization__rosidl_typesupport_introspection_c__pyext
[0.760s] [ 98%] Built target robot_localization__rosidl_typesupport_fastrtps_c__pyext
[0.762s] [100%] Built target robot_localization__rosidl_typesupport_c__pyext
[0.776s] Invoked command in '/home/starry1n/WUTA-FSD1/ros2_ws/build/robot_localization' returned '0': CMAKE_PREFIX_PATH=/opt/ros/humble /usr/bin/cmake --build /home/starry1n/WUTA-FSD1/ros2_ws/build/robot_localization -- -j8 -l8
[0.779s] Invoking command in '/home/starry1n/WUTA-FSD1/ros2_ws/build/robot_localization': CMAKE_PREFIX_PATH=/opt/ros/humble /usr/bin/cmake --install /home/starry1n/WUTA-FSD1/ros2_ws/build/robot_localization
[0.792s] -- Install configuration: "RelWithDebInfo"
[0.792s] -- Execute custom install script
[0.792s] -- Up-to-date symlink: /home/starry1n/WUTA-FSD1/ros2_ws/install/robot_localization/share/ament_index/resource_index/rosidl_interfaces/robot_localization
[0.796s] -- Up-to-date symlink: /home/starry1n/WUTA-FSD1/ros2_ws/install/robot_localization/include/robot_localization/robot_localization/msg/rosidl_generator_c__visibility_control.h
[0.796s] -- Up-to-date symlink: /home/starry1n/WUTA-FSD1/ros2_ws/install/robot_localization/include/robot_localization/robot_localization/srv/detail/from_ll__functions.h
[0.796s] -- Up-to-date symlink: /home/starry1n/WUTA-FSD1/ros2_ws/install/robot_localization/include/robot_localization/robot_localization/srv/detail/from_ll__struct.h
[0.797s] -- Up-to-date symlink: /home/starry1n/WUTA-FSD1/ros2_ws/install/robot_localization/include/robot_localization/robot_localization/srv/detail/from_ll__type_support.h
[0.798s] -- Up-to-date symlink: /home/starry1n/WUTA-FSD1/ros2_ws/install/robot_localization/include/robot_localization/robot_localization/srv/detail/get_state__functions.h
[0.798s] -- Up-to-date symlink: /home/starry1n/WUTA-FSD1/ros2_ws/install/robot_localization/include/robot_localization/robot_localization/srv/detail/get_state__struct.h
[0.798s] -- Up-to-date symlink: /home/starry1n/WUTA-FSD1/ros2_ws/install/robot_localization/include/robot_localization/robot_localization/srv/detail/get_state__type_support.h
[0.799s] -- Up-to-date symlink: /home/starry1n/WUTA-FSD1/ros2_ws/install/robot_localization/include/robot_localization/robot_localization/srv/detail/set_datum__functions.h
[0.799s] -- Up-to-date symlink: /home/starry1n/WUTA-FSD1/ros2_ws/install/robot_localization/include/robot_localization/robot_localization/srv/detail/set_datum__struct.h
[0.799s] -- Up-to-date symlink: /home/starry1n/WUTA-FSD1/ros2_ws/install/robot_localization/include/robot_localization/robot_localization/srv/detail/set_datum__type_support.h
[0.799s] -- Up-to-date symlink: /home/starry1n/WUTA-FSD1/ros2_ws/install/robot_localization/include/robot_localization/robot_localization/srv/detail/set_pose__functions.h
[0.799s] -- Up-to-date symlink: /home/starry1n/WUTA-FSD1/ros2_ws/install/robot_localization/include/robot_localization/robot_localization/srv/detail/set_pose__struct.h
[0.799s] -- Up-to-date symlink: /home/starry1n/WUTA-FSD1/ros2_ws/install/robot_localization/include/robot_localization/robot_localization/srv/detail/set_pose__type_support.h
[0.800s] -- Up-to-date symlink: /home/starry1n/WUTA-FSD1/ros2_ws/install/robot_localization/include/robot_localization/robot_localization/srv/detail/to_ll__functions.h
[0.800s] -- Up-to-date symlink: /home/starry1n/WUTA-FSD1/ros2_ws/install/robot_localization/include/robot_localization/robot_localization/srv/detail/to_ll__struct.h
[0.800s] -- Up-to-date symlink: /home/starry1n/WUTA-FSD1/ros2_ws/install/robot_localization/include/robot_localization/robot_localization/srv/detail/to_ll__type_support.h
[0.801s] -- Up-to-date symlink: /home/starry1n/WUTA-FSD1/ros2_ws/install/robot_localization/include/robot_localization/robot_localization/srv/detail/toggle_filter_processing__functions.h
[0.801s] -- Up-to-date symlink: /home/starry1n/WUTA-FSD1/ros2_ws/install/robot_localization/include/robot_localization/robot_localization/srv/detail/toggle_filter_processing__struct.h
[0.801s] -- Up-to-date symlink: /home/starry1n/WUTA-FSD1/ros2_ws/install/robot_localization/include/robot_localization/robot_localization/srv/detail/toggle_filter_processing__type_support.h
[0.802s] -- Up-to-date symlink: /home/starry1n/WUTA-FSD1/ros2_ws/install/robot_localization/include/robot_localization/robot_localization/srv/from_ll.h
[0.802s] -- Up-to-date symlink: /home/starry1n/WUTA-FSD1/ros2_ws/install/robot_localization/include/robot_localization/robot_localization/srv/get_state.h
[0.802s] -- Up-to-date symlink: /home/starry1n/WUTA-FSD1/ros2_ws/install/robot_localization/include/robot_localization/robot_localization/srv/set_datum.h
[0.803s] -- Up-to-date symlink: /home/starry1n/WUTA-FSD1/ros2_ws/install/robot_localization/include/robot_localization/robot_localization/srv/set_pose.h
[0.804s] -- Up-to-date symlink: /home/starry1n/WUTA-FSD1/ros2_ws/install/robot_localization/include/robot_localization/robot_localization/srv/to_ll.h
[0.805s] -- Up-to-date symlink: /home/starry1n/WUTA-FSD1/ros2_ws/install/robot_localization/include/robot_localization/robot_localization/srv/toggle_filter_processing.h
[0.805s] -- Up-to-date symlink: /home/starry1n/WUTA-FSD1/ros2_ws/install/robot_localization/share/robot_localization/environment/library_path.sh
[0.805s] -- Up-to-date symlink: /home/starry1n/WUTA-FSD1/ros2_ws/install/robot_localization/share/robot_localization/environment/library_path.dsv
[0.806s] -- Up-to-date symlink: /home/starry1n/WUTA-FSD1/ros2_ws/install/robot_localization/include/robot_localization/robot_localization/msg/rosidl_typesupport_fastrtps_c__visibility_control.h
[0.807s] -- Up-to-date symlink: /home/starry1n/WUTA-FSD1/ros2_ws/install/robot_localization/include/robot_localization/robot_localization/srv/detail/from_ll__rosidl_typesupport_fastrtps_c.h
[0.807s] -- Up-to-date symlink: /home/starry1n/WUTA-FSD1/ros2_ws/install/robot_localization/include/robot_localization/robot_localization/srv/detail/get_state__rosidl_typesupport_fastrtps_c.h
[0.807s] -- Up-to-date symlink: /home/starry1n/WUTA-FSD1/ros2_ws/install/robot_localization/include/robot_localization/robot_localization/srv/detail/set_datum__rosidl_typesupport_fastrtps_c.h
[0.807s] -- Up-to-date symlink: /home/starry1n/WUTA-FSD1/ros2_ws/install/robot_localization/include/robot_localization/robot_localization/srv/detail/set_pose__rosidl_typesupport_fastrtps_c.h
[0.807s] -- Up-to-date symlink: /home/starry1n/WUTA-FSD1/ros2_ws/install/robot_localization/include/robot_localization/robot_localization/srv/detail/to_ll__rosidl_typesupport_fastrtps_c.h
[0.807s] -- Up-to-date symlink: /home/starry1n/WUTA-FSD1/ros2_ws/install/robot_localization/include/robot_localization/robot_localization/srv/detail/toggle_filter_processing__rosidl_typesupport_fastrtps_c.h
[0.807s] -- Up-to-date symlink: /home/starry1n/WUTA-FSD1/ros2_ws/install/robot_localization/include/robot_localization/robot_localization/msg/rosidl_generator_cpp__visibility_control.hpp
[0.807s] -- Up-to-date symlink: /home/starry1n/WUTA-FSD1/ros2_ws/install/robot_localization/include/robot_localization/robot_localization/srv/detail/from_ll__builder.hpp
[0.807s] -- Up-to-date symlink: /home/starry1n/WUTA-FSD1/ros2_ws/install/robot_localization/include/robot_localization/robot_localization/srv/detail/from_ll__struct.hpp
[0.807s] -- Up-to-date symlink: /home/starry1n/WUTA-FSD1/ros2_ws/install/robot_localization/include/robot_localization/robot_localization/srv/detail/from_ll__traits.hpp
[0.810s] -- Up-to-date symlink: /home/starry1n/WUTA-FSD1/ros2_ws/install/robot_localization/include/robot_localization/robot_localization/srv/detail/from_ll__type_support.hpp
[0.811s] -- Up-to-date symlink: /home/starry1n/WUTA-FSD1/ros2_ws/install/robot_localization/include/robot_localization/robot_localization/srv/detail/get_state__builder.hpp
[0.811s] -- Up-to-date symlink: /home/starry1n/WUTA-FSD1/ros2_ws/install/robot_localization/include/robot_localization/robot_localization/srv/detail/get_state__struct.hpp
[0.811s] -- Up-to-date symlink: /home/starry1n/WUTA-FSD1/ros2_ws/install/robot_localization/include/robot_localization/robot_localization/srv/detail/get_state__traits.hpp
[0.811s] -- Up-to-date symlink: /home/starry1n/WUTA-FSD1/ros2_ws/install/robot_localization/include/robot_localization/robot_localization/srv/detail/get_state__type_support.hpp
[0.812s] -- Up-to-date symlink: /home/starry1n/WUTA-FSD1/ros2_ws/install/robot_localization/include/robot_localization/robot_localization/srv/detail/set_datum__builder.hpp
[0.812s] -- Up-to-date symlink: /home/starry1n/WUTA-FSD1/ros2_ws/install/robot_localization/include/robot_localization/robot_localization/srv/detail/set_datum__struct.hpp
[0.812s] -- Up-to-date symlink: /home/starry1n/WUTA-FSD1/ros2_ws/install/robot_localization/include/robot_localization/robot_localization/srv/detail/set_datum__traits.hpp
[0.812s] -- Up-to-date symlink: /home/starry1n/WUTA-FSD1/ros2_ws/install/robot_localization/include/robot_localization/robot_localization/srv/detail/set_datum__type_support.hpp
[0.813s] -- Up-to-date symlink: /home/starry1n/WUTA-FSD1/ros2_ws/install/robot_localization/include/robot_localization/robot_localization/srv/detail/set_pose__builder.hpp
[0.813s] -- Up-to-date symlink: /home/starry1n/WUTA-FSD1/ros2_ws/install/robot_localization/include/robot_localization/robot_localization/srv/detail/set_pose__struct.hpp
[0.814s] -- Up-to-date symlink: /home/starry1n/WUTA-FSD1/ros2_ws/install/robot_localization/include/robot_localization/robot_localization/srv/detail/set_pose__traits.hpp
[0.815s] -- Up-to-date symlink: /home/starry1n/WUTA-FSD1/ros2_ws/install/robot_localization/include/robot_localization/robot_localization/srv/detail/set_pose__type_support.hpp
[0.815s] -- Up-to-date symlink: /home/starry1n/WUTA-FSD1/ros2_ws/install/robot_localization/include/robot_localization/robot_localization/srv/detail/to_ll__builder.hpp
[0.817s] -- Up-to-date symlink: /home/starry1n/WUTA-FSD1/ros2_ws/install/robot_localization/include/robot_localization/robot_localization/srv/detail/to_ll__struct.hpp
[0.817s] -- Up-to-date symlink: /home/starry1n/WUTA-FSD1/ros2_ws/install/robot_localization/include/robot_localization/robot_localization/srv/detail/to_ll__traits.hpp
[0.818s] -- Up-to-date symlink: /home/starry1n/WUTA-FSD1/ros2_ws/install/robot_localization/include/robot_localization/robot_localization/srv/detail/to_ll__type_support.hpp
[0.818s] -- Up-to-date symlink: /home/starry1n/WUTA-FSD1/ros2_ws/install/robot_localization/include/robot_localization/robot_localization/srv/detail/toggle_filter_processing__builder.hpp
[0.820s] -- Up-to-date symlink: /home/starry1n/WUTA-FSD1/ros2_ws/install/robot_localization/include/robot_localization/robot_localization/srv/detail/toggle_filter_processing__struct.hpp
[0.821s] -- Up-to-date symlink: /home/starry1n/WUTA-FSD1/ros2_ws/install/robot_localization/include/robot_localization/robot_localization/srv/detail/toggle_filter_processing__traits.hpp
[0.821s] -- Up-to-date symlink: /home/starry1n/WUTA-FSD1/ros2_ws/install/robot_localization/include/robot_localization/robot_localization/srv/detail/toggle_filter_processing__type_support.hpp
[0.821s] -- Up-to-date symlink: /home/starry1n/WUTA-FSD1/ros2_ws/install/robot_localization/include/robot_localization/robot_localization/srv/from_ll.hpp
[0.821s] -- Up-to-date symlink: /home/starry1n/WUTA-FSD1/ros2_ws/install/robot_localization/include/robot_localization/robot_localization/srv/get_state.hpp
[0.821s] -- Up-to-date symlink: /home/starry1n/WUTA-FSD1/ros2_ws/install/robot_localization/include/robot_localization/robot_localization/srv/set_datum.hpp
[0.821s] -- Up-to-date symlink: /home/starry1n/WUTA-FSD1/ros2_ws/install/robot_localization/include/robot_localization/robot_localization/srv/set_pose.hpp
[0.824s] -- Up-to-date symlink: /home/starry1n/WUTA-FSD1/ros2_ws/install/robot_localization/include/robot_localization/robot_localization/srv/to_ll.hpp
[0.824s] -- Up-to-date symlink: /home/starry1n/WUTA-FSD1/ros2_ws/install/robot_localization/include/robot_localization/robot_localization/srv/toggle_filter_processing.hpp
[0.825s] -- Up-to-date symlink: /home/starry1n/WUTA-FSD1/ros2_ws/install/robot_localization/include/robot_localization/robot_localization/msg/rosidl_typesupport_fastrtps_cpp__visibility_control.h
[0.825s] -- Up-to-date symlink: /home/starry1n/WUTA-FSD1/ros2_ws/install/robot_localization/include/robot_localization/robot_localization/srv/detail/from_ll__rosidl_typesupport_fastrtps_cpp.hpp
[0.825s] -- Up-to-date symlink: /home/starry1n/WUTA-FSD1/ros2_ws/install/robot_localization/include/robot_localization/robot_localization/srv/detail/get_state__rosidl_typesupport_fastrtps_cpp.hpp
[0.825s] -- Up-to-date symlink: /home/starry1n/WUTA-FSD1/ros2_ws/install/robot_localization/include/robot_localization/robot_localization/srv/detail/set_datum__rosidl_typesupport_fastrtps_cpp.hpp
[0.826s] -- Up-to-date symlink: /home/starry1n/WUTA-FSD1/ros2_ws/install/robot_localization/include/robot_localization/robot_localization/srv/detail/set_pose__rosidl_typesupport_fastrtps_cpp.hpp
[0.826s] -- Up-to-date symlink: /home/starry1n/WUTA-FSD1/ros2_ws/install/robot_localization/include/robot_localization/robot_localization/srv/detail/to_ll__rosidl_typesupport_fastrtps_cpp.hpp
[0.827s] -- Up-to-date symlink: /home/starry1n/WUTA-FSD1/ros2_ws/install/robot_localization/include/robot_localization/robot_localization/srv/detail/toggle_filter_processing__rosidl_typesupport_fastrtps_cpp.hpp
[0.829s] -- Up-to-date symlink: /home/starry1n/WUTA-FSD1/ros2_ws/install/robot_localization/include/robot_localization/robot_localization/msg/rosidl_typesupport_introspection_c__visibility_control.h
[0.829s] -- Up-to-date symlink: /home/starry1n/WUTA-FSD1/ros2_ws/install/robot_localization/include/robot_localization/robot_localization/srv/detail/from_ll__rosidl_typesupport_introspection_c.h
[0.829s] -- Up-to-date symlink: /home/starry1n/WUTA-FSD1/ros2_ws/install/robot_localization/include/robot_localization/robot_localization/srv/detail/get_state__rosidl_typesupport_introspection_c.h
[0.829s] -- Up-to-date symlink: /home/starry1n/WUTA-FSD1/ros2_ws/install/robot_localization/include/robot_localization/robot_localization/srv/detail/set_datum__rosidl_typesupport_introspection_c.h
[0.829s] -- Up-to-date symlink: /home/starry1n/WUTA-FSD1/ros2_ws/install/robot_localization/include/robot_localization/robot_localization/srv/detail/set_pose__rosidl_typesupport_introspection_c.h
[0.829s] -- Up-to-date symlink: /home/starry1n/WUTA-FSD1/ros2_ws/install/robot_localization/include/robot_localization/robot_localization/srv/detail/to_ll__rosidl_typesupport_introspection_c.h
[0.829s] -- Up-to-date symlink: /home/starry1n/WUTA-FSD1/ros2_ws/install/robot_localization/include/robot_localization/robot_localization/srv/detail/toggle_filter_processing__rosidl_typesupport_introspection_c.h
[0.831s] -- Up-to-date symlink: /home/starry1n/WUTA-FSD1/ros2_ws/install/robot_localization/include/robot_localization/robot_localization/srv/detail/from_ll__rosidl_typesupport_introspection_cpp.hpp
[0.833s] -- Up-to-date symlink: /home/starry1n/WUTA-FSD1/ros2_ws/install/robot_localization/include/robot_localization/robot_localization/srv/detail/get_state__rosidl_typesupport_introspection_cpp.hpp
[0.834s] -- Up-to-date symlink: /home/starry1n/WUTA-FSD1/ros2_ws/install/robot_localization/include/robot_localization/robot_localization/srv/detail/set_datum__rosidl_typesupport_introspection_cpp.hpp
[0.835s] -- Up-to-date symlink: /home/starry1n/WUTA-FSD1/ros2_ws/install/robot_localization/include/robot_localization/robot_localization/srv/detail/set_pose__rosidl_typesupport_introspection_cpp.hpp
[0.835s] -- Up-to-date symlink: /home/starry1n/WUTA-FSD1/ros2_ws/install/robot_localization/include/robot_localization/robot_localization/srv/detail/to_ll__rosidl_typesupport_introspection_cpp.hpp
[0.836s] -- Up-to-date symlink: /home/starry1n/WUTA-FSD1/ros2_ws/install/robot_localization/include/robot_localization/robot_localization/srv/detail/toggle_filter_processing__rosidl_typesupport_introspection_cpp.hpp
[0.838s] -- Up-to-date symlink: /home/starry1n/WUTA-FSD1/ros2_ws/install/robot_localization/share/robot_localization/environment/pythonpath.sh
[0.839s] -- Up-to-date symlink: /home/starry1n/WUTA-FSD1/ros2_ws/install/robot_localization/share/robot_localization/environment/pythonpath.dsv
[0.839s] -- Up-to-date symlink: /home/starry1n/WUTA-FSD1/ros2_ws/install/robot_localization/local/lib/python3.10/dist-packages/robot_localization-3.5.4-py3.10.egg-info/PKG-INFO
[0.839s] -- Up-to-date symlink: /home/starry1n/WUTA-FSD1/ros2_ws/install/robot_localization/local/lib/python3.10/dist-packages/robot_localization-3.5.4-py3.10.egg-info/SOURCES.txt
[0.839s] -- Up-to-date symlink: /home/starry1n/WUTA-FSD1/ros2_ws/install/robot_localization/local/lib/python3.10/dist-packages/robot_localization-3.5.4-py3.10.egg-info/dependency_links.txt
[0.840s] -- Up-to-date symlink: /home/starry1n/WUTA-FSD1/ros2_ws/install/robot_localization/local/lib/python3.10/dist-packages/robot_localization-3.5.4-py3.10.egg-info/top_level.txt
[0.840s] -- Up-to-date symlink: /home/starry1n/WUTA-FSD1/ros2_ws/install/robot_localization/local/lib/python3.10/dist-packages/robot_localization/__init__.py
[0.843s] -- Up-to-date symlink: /home/starry1n/WUTA-FSD1/ros2_ws/install/robot_localization/local/lib/python3.10/dist-packages/robot_localization/_robot_localization_s.ep.rosidl_typesupport_c.c
[0.846s] -- Up-to-date symlink: /home/starry1n/WUTA-FSD1/ros2_ws/install/robot_localization/local/lib/python3.10/dist-packages/robot_localization/_robot_localization_s.ep.rosidl_typesupport_fastrtps_c.c
[0.846s] -- Up-to-date symlink: /home/starry1n/WUTA-FSD1/ros2_ws/install/robot_localization/local/lib/python3.10/dist-packages/robot_localization/_robot_localization_s.ep.rosidl_typesupport_introspection_c.c
[0.846s] -- Up-to-date symlink: /home/starry1n/WUTA-FSD1/ros2_ws/install/robot_localization/local/lib/python3.10/dist-packages/robot_localization/librobot_localization__rosidl_generator_py.so
[0.847s] -- Up-to-date symlink: /home/starry1n/WUTA-FSD1/ros2_ws/install/robot_localization/local/lib/python3.10/dist-packages/robot_localization/robot_localization_s__rosidl_typesupport_c.cpython-310-x86_64-linux-gnu.so
[0.847s] -- Up-to-date symlink: /home/starry1n/WUTA-FSD1/ros2_ws/install/robot_localization/local/lib/python3.10/dist-packages/robot_localization/robot_localization_s__rosidl_typesupport_fastrtps_c.cpython-310-x86_64-linux-gnu.so
[0.847s] -- Up-to-date symlink: /home/starry1n/WUTA-FSD1/ros2_ws/install/robot_localization/local/lib/python3.10/dist-packages/robot_localization/robot_localization_s__rosidl_typesupport_introspection_c.cpython-310-x86_64-linux-gnu.so
[0.847s] -- Up-to-date symlink: /home/starry1n/WUTA-FSD1/ros2_ws/install/robot_localization/local/lib/python3.10/dist-packages/robot_localization/srv/__init__.py
[0.847s] -- Up-to-date symlink: /home/starry1n/WUTA-FSD1/ros2_ws/install/robot_localization/local/lib/python3.10/dist-packages/robot_localization/srv/_from_ll.py
[0.847s] -- Up-to-date symlink: /home/starry1n/WUTA-FSD1/ros2_ws/install/robot_localization/local/lib/python3.10/dist-packages/robot_localization/srv/_from_ll_s.c
[0.847s] -- Up-to-date symlink: /home/starry1n/WUTA-FSD1/ros2_ws/install/robot_localization/local/lib/python3.10/dist-packages/robot_localization/srv/_get_state.py
[0.847s] -- Up-to-date symlink: /home/starry1n/WUTA-FSD1/ros2_ws/install/robot_localization/local/lib/python3.10/dist-packages/robot_localization/srv/_get_state_s.c
[0.847s] -- Up-to-date symlink: /home/starry1n/WUTA-FSD1/ros2_ws/install/robot_localization/local/lib/python3.10/dist-packages/robot_localization/srv/_set_datum.py
[0.847s] -- Up-to-date symlink: /home/starry1n/WUTA-FSD1/ros2_ws/install/robot_localization/local/lib/python3.10/dist-packages/robot_localization/srv/_set_datum_s.c
[0.851s] -- Up-to-date symlink: /home/starry1n/WUTA-FSD1/ros2_ws/install/robot_localization/local/lib/python3.10/dist-packages/robot_localization/srv/_set_pose.py
[0.851s] -- Up-to-date symlink: /home/starry1n/WUTA-FSD1/ros2_ws/install/robot_localization/local/lib/python3.10/dist-packages/robot_localization/srv/_set_pose_s.c
[0.851s] -- Up-to-date symlink: /home/starry1n/WUTA-FSD1/ros2_ws/install/robot_localization/local/lib/python3.10/dist-packages/robot_localization/srv/_to_ll.py
[0.851s] -- Up-to-date symlink: /home/starry1n/WUTA-FSD1/ros2_ws/install/robot_localization/local/lib/python3.10/dist-packages/robot_localization/srv/_to_ll_s.c
[0.852s] -- Up-to-date symlink: /home/starry1n/WUTA-FSD1/ros2_ws/install/robot_localization/local/lib/python3.10/dist-packages/robot_localization/srv/_toggle_filter_processing.py
[0.852s] -- Up-to-date symlink: /home/starry1n/WUTA-FSD1/ros2_ws/install/robot_localization/local/lib/python3.10/dist-packages/robot_localization/srv/_toggle_filter_processing_s.c
[0.852s] -- Up-to-date symlink: /home/starry1n/WUTA-FSD1/ros2_ws/install/robot_localization/local/lib/python3.10/dist-packages/robot_localization/robot_localization_s__rosidl_typesupport_fastrtps_c.cpython-310-x86_64-linux-gnu.so
[0.852s] -- Up-to-date symlink: /home/starry1n/WUTA-FSD1/ros2_ws/install/robot_localization/local/lib/python3.10/dist-packages/robot_localization/robot_localization_s__rosidl_typesupport_introspection_c.cpython-310-x86_64-linux-gnu.so
[0.852s] -- Up-to-date symlink: /home/starry1n/WUTA-FSD1/ros2_ws/install/robot_localization/local/lib/python3.10/dist-packages/robot_localization/robot_localization_s__rosidl_typesupport_c.cpython-310-x86_64-linux-gnu.so
[0.853s] -- Up-to-date symlink: /home/starry1n/WUTA-FSD1/ros2_ws/install/robot_localization/share/ament_index/resource_index/rust_packages/robot_localization
[0.854s] -- Up-to-date symlink: /home/starry1n/WUTA-FSD1/ros2_ws/install/robot_localization/share/robot_localization/rust/Cargo.toml
[0.855s] -- Up-to-date symlink: /home/starry1n/WUTA-FSD1/ros2_ws/install/robot_localization/share/robot_localization/rust/build.rs
[0.855s] -- Up-to-date symlink: /home/starry1n/WUTA-FSD1/ros2_ws/install/robot_localization/share/robot_localization/rust/src/lib.rs
[0.856s] -- Up-to-date symlink: /home/starry1n/WUTA-FSD1/ros2_ws/install/robot_localization/share/robot_localization/rust/src/srv.rs
[0.856s] -- Up-to-date symlink: /home/starry1n/WUTA-FSD1/ros2_ws/install/robot_localization/share/robot_localization/rust/src/srv/rmw.rs
[0.856s] -- Up-to-date symlink: /home/starry1n/WUTA-FSD1/ros2_ws/install/robot_localization/share/robot_localization/srv/FromLL.idl
[0.856s] -- Up-to-date symlink: /home/starry1n/WUTA-FSD1/ros2_ws/install/robot_localization/share/robot_localization/srv/GetState.idl
[0.857s] -- Up-to-date symlink: /home/starry1n/WUTA-FSD1/ros2_ws/install/robot_localization/share/robot_localization/srv/SetDatum.idl
[0.857s] -- Up-to-date symlink: /home/starry1n/WUTA-FSD1/ros2_ws/install/robot_localization/share/robot_localization/srv/SetPose.idl
[0.857s] -- Up-to-date symlink: /home/starry1n/WUTA-FSD1/ros2_ws/install/robot_localization/share/robot_localization/srv/ToggleFilterProcessing.idl
[0.857s] -- Up-to-date symlink: /home/starry1n/WUTA-FSD1/ros2_ws/install/robot_localization/share/robot_localization/srv/ToLL.idl
[0.857s] -- Up-to-date symlink: /home/starry1n/WUTA-FSD1/ros2_ws/install/robot_localization/share/robot_localization/srv/FromLL.srv
[0.858s] -- Up-to-date symlink: /home/starry1n/WUTA-FSD1/ros2_ws/install/robot_localization/share/robot_localization/srv/FromLL_Request.msg
[0.858s] -- Up-to-date symlink: /home/starry1n/WUTA-FSD1/ros2_ws/install/robot_localization/share/robot_localization/srv/FromLL_Response.msg
[0.858s] -- Up-to-date symlink: /home/starry1n/WUTA-FSD1/ros2_ws/install/robot_localization/share/robot_localization/srv/GetState.srv
[0.858s] -- Up-to-date symlink: /home/starry1n/WUTA-FSD1/ros2_ws/install/robot_localization/share/robot_localization/srv/GetState_Request.msg
[0.858s] -- Up-to-date symlink: /home/starry1n/WUTA-FSD1/ros2_ws/install/robot_localization/share/robot_localization/srv/GetState_Response.msg
[0.858s] -- Up-to-date symlink: /home/starry1n/WUTA-FSD1/ros2_ws/install/robot_localization/share/robot_localization/srv/SetDatum.srv
[0.858s] -- Up-to-date symlink: /home/starry1n/WUTA-FSD1/ros2_ws/install/robot_localization/share/robot_localization/srv/SetDatum_Request.msg
[0.858s] -- Up-to-date symlink: /home/starry1n/WUTA-FSD1/ros2_ws/install/robot_localization/share/robot_localization/srv/SetDatum_Response.msg
[0.858s] -- Up-to-date symlink: /home/starry1n/WUTA-FSD1/ros2_ws/install/robot_localization/share/robot_localization/srv/SetPose.srv
[0.858s] -- Up-to-date symlink: /home/starry1n/WUTA-FSD1/ros2_ws/install/robot_localization/share/robot_localization/srv/SetPose_Request.msg
[0.858s] -- Up-to-date symlink: /home/starry1n/WUTA-FSD1/ros2_ws/install/robot_localization/share/robot_localization/srv/SetPose_Response.msg
[0.858s] -- Up-to-date symlink: /home/starry1n/WUTA-FSD1/ros2_ws/install/robot_localization/share/robot_localization/srv/ToggleFilterProcessing.srv
[0.858s] -- Up-to-date symlink: /home/starry1n/WUTA-FSD1/ros2_ws/install/robot_localization/share/robot_localization/srv/ToggleFilterProcessing_Request.msg
[0.858s] -- Up-to-date symlink: /home/starry1n/WUTA-FSD1/ros2_ws/install/robot_localization/share/robot_localization/srv/ToggleFilterProcessing_Response.msg
[0.858s] -- Up-to-date symlink: /home/starry1n/WUTA-FSD1/ros2_ws/install/robot_localization/share/robot_localization/srv/ToLL.srv
[0.859s] -- Up-to-date symlink: /home/starry1n/WUTA-FSD1/ros2_ws/install/robot_localization/share/robot_localization/srv/ToLL_Request.msg
[0.859s] -- Up-to-date symlink: /home/starry1n/WUTA-FSD1/ros2_ws/install/robot_localization/share/robot_localization/srv/ToLL_Response.msg
[0.859s] -- Up-to-date symlink: /home/starry1n/WUTA-FSD1/ros2_ws/install/robot_localization/lib/robot_localization/filter_base-test
[0.859s] -- Up-to-date symlink: /home/starry1n/WUTA-FSD1/ros2_ws/install/robot_localization/lib/robot_localization/test_filter_base_diagnostics_timestamps
[0.859s] -- Up-to-date symlink: /home/starry1n/WUTA-FSD1/ros2_ws/install/robot_localization/lib/robot_localization/test_ekf
[0.859s] -- Up-to-date symlink: /home/starry1n/WUTA-FSD1/ros2_ws/install/robot_localization/lib/robot_localization/test_ekf_localization_node_interfaces
[0.859s] -- Up-to-date symlink: /home/starry1n/WUTA-FSD1/ros2_ws/install/robot_localization/lib/robot_localization/test_ukf
[0.859s] -- Up-to-date symlink: /home/starry1n/WUTA-FSD1/ros2_ws/install/robot_localization/lib/robot_localization/test_ukf_localization_node_interfaces
[0.859s] -- Up-to-date symlink: /home/starry1n/WUTA-FSD1/ros2_ws/install/robot_localization/lib/robot_localization/test_robot_localization_estimator
[0.859s] -- Up-to-date symlink: /home/starry1n/WUTA-FSD1/ros2_ws/install/robot_localization/lib/robot_localization/test_navsat_conversions
[0.860s] -- Up-to-date symlink: /home/starry1n/WUTA-FSD1/ros2_ws/install/robot_localization/lib/robot_localization/test_ros_robot_localization_listener
[0.860s] -- Up-to-date symlink: /home/starry1n/WUTA-FSD1/ros2_ws/install/robot_localization/lib/robot_localization/test_ros_robot_localization_listener_publisher
[0.860s] -- Up-to-date symlink: /home/starry1n/WUTA-FSD1/ros2_ws/install/robot_localization/lib/robot_localization/navsat_transform_node
[0.860s] -- Up-to-date symlink: /home/starry1n/WUTA-FSD1/ros2_ws/install/robot_localization/lib/robot_localization/ekf_node
[0.860s] -- Up-to-date symlink: /home/starry1n/WUTA-FSD1/ros2_ws/install/robot_localization/lib/robot_localization/ukf_node
[0.860s] -- Up-to-date symlink: /home/starry1n/WUTA-FSD1/ros2_ws/install/robot_localization/lib/robot_localization/robot_localization_listener_node
[0.860s] -- Up-to-date symlink: /home/starry1n/WUTA-FSD1/ros2_ws/install/robot_localization/lib/librl_lib.so
[0.860s] -- Up-to-date symlink: /home/starry1n/WUTA-FSD1/ros2_ws/install/robot_localization/share/ament_index/resource_index/package_run_dependencies/robot_localization
[0.861s] -- Up-to-date symlink: /home/starry1n/WUTA-FSD1/ros2_ws/install/robot_localization/share/ament_index/resource_index/parent_prefix_path/robot_localization
[0.861s] -- Up-to-date symlink: /home/starry1n/WUTA-FSD1/ros2_ws/install/robot_localization/share/robot_localization/environment/ament_prefix_path.sh
[0.861s] -- Up-to-date symlink: /home/starry1n/WUTA-FSD1/ros2_ws/install/robot_localization/share/robot_localization/environment/ament_prefix_path.dsv
[0.862s] -- Up-to-date symlink: /home/starry1n/WUTA-FSD1/ros2_ws/install/robot_localization/share/robot_localization/environment/path.sh
[0.862s] -- Up-to-date symlink: /home/starry1n/WUTA-FSD1/ros2_ws/install/robot_localization/share/robot_localization/environment/path.dsv
[0.862s] -- Up-to-date symlink: /home/starry1n/WUTA-FSD1/ros2_ws/install/robot_localization/share/robot_localization/local_setup.bash
[0.862s] -- Up-to-date symlink: /home/starry1n/WUTA-FSD1/ros2_ws/install/robot_localization/share/robot_localization/local_setup.sh
[0.862s] -- Up-to-date symlink: /home/starry1n/WUTA-FSD1/ros2_ws/install/robot_localization/share/robot_localization/local_setup.zsh
[0.862s] -- Up-to-date symlink: /home/starry1n/WUTA-FSD1/ros2_ws/install/robot_localization/share/robot_localization/local_setup.dsv
[0.862s] -- Symlinking: /home/starry1n/WUTA-FSD1/ros2_ws/install/robot_localization/share/robot_localization/package.dsv
[0.863s] -- Up-to-date symlink: /home/starry1n/WUTA-FSD1/ros2_ws/install/robot_localization/share/ament_index/resource_index/packages/robot_localization
[0.864s] -- Up-to-date symlink: /home/starry1n/WUTA-FSD1/ros2_ws/install/robot_localization/share/robot_localization/cmake/rosidl_cmake-extras.cmake
[0.864s] -- Up-to-date symlink: /home/starry1n/WUTA-FSD1/ros2_ws/install/robot_localization/share/robot_localization/cmake/ament_cmake_export_dependencies-extras.cmake
[0.864s] -- Up-to-date symlink: /home/starry1n/WUTA-FSD1/ros2_ws/install/robot_localization/share/robot_localization/cmake/ament_cmake_export_include_directories-extras.cmake
[0.864s] -- Up-to-date symlink: /home/starry1n/WUTA-FSD1/ros2_ws/install/robot_localization/share/robot_localization/cmake/ament_cmake_export_libraries-extras.cmake
[0.864s] -- Up-to-date symlink: /home/starry1n/WUTA-FSD1/ros2_ws/install/robot_localization/share/robot_localization/cmake/ament_cmake_export_targets-extras.cmake
[0.864s] -- Up-to-date symlink: /home/starry1n/WUTA-FSD1/ros2_ws/install/robot_localization/share/robot_localization/cmake/rosidl_cmake_export_typesupport_targets-extras.cmake
[0.864s] -- Up-to-date symlink: /home/starry1n/WUTA-FSD1/ros2_ws/install/robot_localization/share/robot_localization/cmake/rosidl_cmake_export_typesupport_libraries-extras.cmake
[0.864s] -- Up-to-date symlink: /home/starry1n/WUTA-FSD1/ros2_ws/install/robot_localization/share/robot_localization/cmake/rosidl_cmake_aggregate_target-extras.cmake
[0.865s] -- Up-to-date symlink: /home/starry1n/WUTA-FSD1/ros2_ws/install/robot_localization/share/robot_localization/cmake/robot_localizationConfig.cmake
[0.865s] -- Up-to-date symlink: /home/starry1n/WUTA-FSD1/ros2_ws/install/robot_localization/share/robot_localization/cmake/robot_localizationConfig-version.cmake
[0.865s] -- Up-to-date symlink: /home/starry1n/WUTA-FSD1/ros2_ws/install/robot_localization/share/robot_localization/package.xml
[0.865s] -- Up-to-date: /home/starry1n/WUTA-FSD1/ros2_ws/install/robot_localization/lib/librobot_localization__rosidl_generator_c.so
[0.865s] -- Up-to-date: /home/starry1n/WUTA-FSD1/ros2_ws/install/robot_localization/lib/librobot_localization__rosidl_typesupport_fastrtps_c.so
[0.865s] -- Up-to-date: /home/starry1n/WUTA-FSD1/ros2_ws/install/robot_localization/lib/librobot_localization__rosidl_typesupport_fastrtps_cpp.so
[0.865s] -- Up-to-date: /home/starry1n/WUTA-FSD1/ros2_ws/install/robot_localization/lib/librobot_localization__rosidl_typesupport_introspection_c.so
[0.865s] -- Up-to-date: /home/starry1n/WUTA-FSD1/ros2_ws/install/robot_localization/lib/librobot_localization__rosidl_typesupport_c.so
[0.865s] -- Up-to-date: /home/starry1n/WUTA-FSD1/ros2_ws/install/robot_localization/lib/librobot_localization__rosidl_typesupport_introspection_cpp.so
[0.865s] -- Up-to-date: /home/starry1n/WUTA-FSD1/ros2_ws/install/robot_localization/lib/librobot_localization__rosidl_typesupport_cpp.so
[0.900s] Listing '/home/starry1n/WUTA-FSD1/ros2_ws/install/robot_localization/local/lib/python3.10/dist-packages/robot_localization'...
[0.900s] Listing '/home/starry1n/WUTA-FSD1/ros2_ws/install/robot_localization/local/lib/python3.10/dist-packages/robot_localization/srv'...
[0.906s] -- Up-to-date: /home/starry1n/WUTA-FSD1/ros2_ws/install/robot_localization/lib/librobot_localization__rosidl_generator_py.so
[0.907s] -- Up-to-date: /home/starry1n/WUTA-FSD1/ros2_ws/install/robot_localization/share/robot_localization/test
[0.908s] -- Up-to-date: /home/starry1n/WUTA-FSD1/ros2_ws/install/robot_localization/share/robot_localization/test/test_ekf_localization_node_bag3.launch.py
[0.909s] -- Up-to-date: /home/starry1n/WUTA-FSD1/ros2_ws/install/robot_localization/share/robot_localization/test/test_ekf_localization_node_bag2.sh
[0.909s] -- Up-to-date: /home/starry1n/WUTA-FSD1/ros2_ws/install/robot_localization/share/robot_localization/test/test3.bag
[0.909s] -- Up-to-date: /home/starry1n/WUTA-FSD1/ros2_ws/install/robot_localization/share/robot_localization/test/test_ukf_localization_node_bag2.launch.py
[0.910s] -- Up-to-date: /home/starry1n/WUTA-FSD1/ros2_ws/install/robot_localization/share/robot_localization/test/test_ros_robot_localization_listener.cpp
[0.911s] -- Up-to-date: /home/starry1n/WUTA-FSD1/ros2_ws/install/robot_localization/share/robot_localization/test/test_ekf_localization_node_bag1.sh
[0.911s] -- Up-to-date: /home/starry1n/WUTA-FSD1/ros2_ws/install/robot_localization/share/robot_localization/test/test_ukf_localization_node_bag3.yaml
[0.911s] -- Up-to-date: /home/starry1n/WUTA-FSD1/ros2_ws/install/robot_localization/share/robot_localization/test/test_ekf_localization_node_interfaces.cpp
[0.911s] -- Up-to-date: /home/starry1n/WUTA-FSD1/ros2_ws/install/robot_localization/share/robot_localization/test/test_ros_robot_localization_listener_publisher.cpp
[0.912s] -- Up-to-date: /home/starry1n/WUTA-FSD1/ros2_ws/install/robot_localization/share/robot_localization/test/test_localization_node_bag_pose_tester.cpp
[0.912s] -- Up-to-date: /home/starry1n/WUTA-FSD1/ros2_ws/install/robot_localization/share/robot_localization/test/test_filter_base.cpp
[0.912s] -- Up-to-date: /home/starry1n/WUTA-FSD1/ros2_ws/install/robot_localization/share/robot_localization/test/test_ekf_localization_node_bag1.launch.py
[0.912s] -- Up-to-date: /home/starry1n/WUTA-FSD1/ros2_ws/install/robot_localization/share/robot_localization/test/test1.bag
[0.912s] -- Up-to-date: /home/starry1n/WUTA-FSD1/ros2_ws/install/robot_localization/share/robot_localization/test/test_ros_robot_localization_listener.yaml
[0.913s] -- Up-to-date: /home/starry1n/WUTA-FSD1/ros2_ws/install/robot_localization/share/robot_localization/test/test_ros_robot_localization_listener.launch.py
[0.913s] -- Up-to-date: /home/starry1n/WUTA-FSD1/ros2_ws/install/robot_localization/share/robot_localization/test/test_robot_localization_estimator.launch.py
[0.913s] -- Up-to-date: /home/starry1n/WUTA-FSD1/ros2_ws/install/robot_localization/share/robot_localization/test/test_ukf_localization_node_bag2.sh
[0.913s] -- Up-to-date: /home/starry1n/WUTA-FSD1/ros2_ws/install/robot_localization/share/robot_localization/test/test_ukf_localization_node_bag1.launch.py
[0.915s] -- Up-to-date: /home/starry1n/WUTA-FSD1/ros2_ws/install/robot_localization/share/robot_localization/test/test_filter_base_diagnostics_timestamps.yaml
[0.916s] -- Up-to-date: /home/starry1n/WUTA-FSD1/ros2_ws/install/robot_localization/share/robot_localization/test/test_ukf_localization_node_bag3.sh
[0.916s] -- Up-to-date: /home/starry1n/WUTA-FSD1/ros2_ws/install/robot_localization/share/robot_localization/test/test_ekf.cpp
[0.916s] -- Up-to-date: /home/starry1n/WUTA-FSD1/ros2_ws/install/robot_localization/share/robot_localization/test/test_ekf_localization_node_bag2.yaml
[0.917s] -- Up-to-date: /home/starry1n/WUTA-FSD1/ros2_ws/install/robot_localization/share/robot_localization/test/test_ekf_localization_node_bag3.yaml
[0.917s] -- Up-to-date: /home/starry1n/WUTA-FSD1/ros2_ws/install/robot_localization/share/robot_localization/test/test_ekf_localization_node_interfaces.yaml
[0.917s] -- Up-to-date: /home/starry1n/WUTA-FSD1/ros2_ws/install/robot_localization/share/robot_localization/test/test_ukf_localization_node_bag2.yaml
[0.917s] -- Up-to-date: /home/starry1n/WUTA-FSD1/ros2_ws/install/robot_localization/share/robot_localization/test/test_ukf_localization_node_bag1.sh
[0.917s] -- Up-to-date: /home/starry1n/WUTA-FSD1/ros2_ws/install/robot_localization/share/robot_localization/test/test_ekf_localization_node_interfaces.launch.py
[0.918s] -- Up-to-date: /home/starry1n/WUTA-FSD1/ros2_ws/install/robot_localization/share/robot_localization/test/test_ukf_localization_node_interfaces.yaml
[0.918s] -- Up-to-date: /home/starry1n/WUTA-FSD1/ros2_ws/install/robot_localization/share/robot_localization/test/test_ukf_localization_node_interfaces.launch.py
[0.918s] -- Up-to-date: /home/starry1n/WUTA-FSD1/ros2_ws/install/robot_localization/share/robot_localization/test/test_filter_base_diagnostics_timestamps.cpp
[0.918s] -- Up-to-date: /home/starry1n/WUTA-FSD1/ros2_ws/install/robot_localization/share/robot_localization/test/test_ukf_localization_node_bag1.yaml
[0.918s] -- Up-to-date: /home/starry1n/WUTA-FSD1/ros2_ws/install/robot_localization/share/robot_localization/test/test2.bag
[0.918s] -- Up-to-date: /home/starry1n/WUTA-FSD1/ros2_ws/install/robot_localization/share/robot_localization/test/test_navsat_conversions.cpp
[0.918s] -- Up-to-date: /home/starry1n/WUTA-FSD1/ros2_ws/install/robot_localization/share/robot_localization/test/test_ekf_localization_node_bag3.sh
[0.918s] -- Up-to-date: /home/starry1n/WUTA-FSD1/ros2_ws/install/robot_localization/share/robot_localization/test/test_ekf_localization_node_bag2.launch.py
[0.919s] -- Up-to-date: /home/starry1n/WUTA-FSD1/ros2_ws/install/robot_localization/share/robot_localization/test/test_ukf.cpp
[0.919s] -- Up-to-date: /home/starry1n/WUTA-FSD1/ros2_ws/install/robot_localization/share/robot_localization/test/test_filter_base_diagnostics_timestamps.launch.py
[0.919s] -- Up-to-date: /home/starry1n/WUTA-FSD1/ros2_ws/install/robot_localization/share/robot_localization/test/test_ukf_localization_node_interfaces.cpp
[0.919s] -- Up-to-date: /home/starry1n/WUTA-FSD1/ros2_ws/install/robot_localization/share/robot_localization/test/test_ekf_localization_node_bag1.yaml
[0.919s] -- Up-to-date: /home/starry1n/WUTA-FSD1/ros2_ws/install/robot_localization/share/robot_localization/test/test_robot_localization_estimator.cpp
[0.919s] -- Up-to-date: /home/starry1n/WUTA-FSD1/ros2_ws/install/robot_localization/share/robot_localization/test/test_ukf_localization_node_bag3.launch.py
[0.919s] -- Up-to-date: /home/starry1n/WUTA-FSD1/ros2_ws/install/robot_localization/include/robot_localization
[0.920s] -- Up-to-date: /home/starry1n/WUTA-FSD1/ros2_ws/install/robot_localization/include/robot_localization/robot_localization
[0.920s] -- Up-to-date: /home/starry1n/WUTA-FSD1/ros2_ws/install/robot_localization/include/robot_localization/robot_localization/filter_base.hpp
[0.920s] -- Up-to-date: /home/starry1n/WUTA-FSD1/ros2_ws/install/robot_localization/include/robot_localization/robot_localization/ukf.hpp
[0.920s] -- Up-to-date: /home/starry1n/WUTA-FSD1/ros2_ws/install/robot_localization/include/robot_localization/robot_localization/ros_filter_utilities.hpp
[0.920s] -- Up-to-date: /home/starry1n/WUTA-FSD1/ros2_ws/install/robot_localization/include/robot_localization/robot_localization/filter_common.hpp
[0.921s] -- Up-to-date: /home/starry1n/WUTA-FSD1/ros2_ws/install/robot_localization/include/robot_localization/robot_localization/measurement.hpp
[0.921s] -- Up-to-date: /home/starry1n/WUTA-FSD1/ros2_ws/install/robot_localization/include/robot_localization/robot_localization/ekf.hpp
[0.921s] -- Up-to-date: /home/starry1n/WUTA-FSD1/ros2_ws/install/robot_localization/include/robot_localization/robot_localization/navsat_transform.hpp
[0.921s] -- Up-to-date: /home/starry1n/WUTA-FSD1/ros2_ws/install/robot_localization/include/robot_localization/robot_localization/ros_filter.hpp
[0.921s] -- Up-to-date: /home/starry1n/WUTA-FSD1/ros2_ws/install/robot_localization/include/robot_localization/robot_localization/ros_filter_types.hpp
[0.921s] -- Up-to-date: /home/starry1n/WUTA-FSD1/ros2_ws/install/robot_localization/include/robot_localization/robot_localization/ros_robot_localization_listener.hpp
[0.921s] -- Up-to-date: /home/starry1n/WUTA-FSD1/ros2_ws/install/robot_localization/include/robot_localization/robot_localization/navsat_conversions.hpp
[0.921s] -- Up-to-date: /home/starry1n/WUTA-FSD1/ros2_ws/install/robot_localization/include/robot_localization/robot_localization/filter_state.hpp
[0.922s] -- Up-to-date: /home/starry1n/WUTA-FSD1/ros2_ws/install/robot_localization/include/robot_localization/robot_localization/filter_utilities.hpp
[0.922s] -- Up-to-date: /home/starry1n/WUTA-FSD1/ros2_ws/install/robot_localization/include/robot_localization/robot_localization/robot_localization_estimator.hpp
[0.923s] -- Up-to-date: /home/starry1n/WUTA-FSD1/ros2_ws/install/robot_localization/share/robot_localization/params
[0.923s] -- Up-to-date: /home/starry1n/WUTA-FSD1/ros2_ws/install/robot_localization/share/robot_localization/params/ukf.yaml
[0.924s] -- Up-to-date: /home/starry1n/WUTA-FSD1/ros2_ws/install/robot_localization/share/robot_localization/params/dual_ekf_navsat_example.yaml
[0.925s] -- Up-to-date: /home/starry1n/WUTA-FSD1/ros2_ws/install/robot_localization/share/robot_localization/params/ekf.yaml
[0.925s] -- Up-to-date: /home/starry1n/WUTA-FSD1/ros2_ws/install/robot_localization/share/robot_localization/params/navsat_transform.yaml
[0.926s] -- Up-to-date: /home/starry1n/WUTA-FSD1/ros2_ws/install/robot_localization/share/robot_localization/launch
[0.927s] -- Up-to-date: /home/starry1n/WUTA-FSD1/ros2_ws/install/robot_localization/share/robot_localization/launch/ekf.launch.py
[0.927s] -- Up-to-date: /home/starry1n/WUTA-FSD1/ros2_ws/install/robot_localization/share/robot_localization/launch/ukf.launch.py
[0.927s] -- Up-to-date: /home/starry1n/WUTA-FSD1/ros2_ws/install/robot_localization/share/robot_localization/launch/dual_ekf_navsat_example.launch.py
[0.927s] -- Up-to-date: /home/starry1n/WUTA-FSD1/ros2_ws/install/robot_localization/share/robot_localization/launch/navsat_transform.launch.py
[0.927s] -- Up-to-date: /home/starry1n/WUTA-FSD1/ros2_ws/install/robot_localization/share/robot_localization/cmake/export_robot_localization__rosidl_generator_cExport.cmake
[0.928s] -- Up-to-date: /home/starry1n/WUTA-FSD1/ros2_ws/install/robot_localization/share/robot_localization/cmake/export_robot_localization__rosidl_generator_cExport-relwithdebinfo.cmake
[0.928s] -- Up-to-date: /home/starry1n/WUTA-FSD1/ros2_ws/install/robot_localization/share/robot_localization/cmake/export_robot_localization__rosidl_typesupport_fastrtps_cExport.cmake
[0.928s] -- Up-to-date: /home/starry1n/WUTA-FSD1/ros2_ws/install/robot_localization/share/robot_localization/cmake/export_robot_localization__rosidl_typesupport_fastrtps_cExport-relwithdebinfo.cmake
[0.929s] -- Up-to-date: /home/starry1n/WUTA-FSD1/ros2_ws/install/robot_localization/share/robot_localization/cmake/export_robot_localization__rosidl_generator_cppExport.cmake
[0.929s] -- Up-to-date: /home/starry1n/WUTA-FSD1/ros2_ws/install/robot_localization/share/robot_localization/cmake/export_robot_localization__rosidl_typesupport_fastrtps_cppExport.cmake
[0.930s] -- Up-to-date: /home/starry1n/WUTA-FSD1/ros2_ws/install/robot_localization/share/robot_localization/cmake/export_robot_localization__rosidl_typesupport_fastrtps_cppExport-relwithdebinfo.cmake
[0.930s] -- Up-to-date: /home/starry1n/WUTA-FSD1/ros2_ws/install/robot_localization/share/robot_localization/cmake/robot_localization__rosidl_typesupport_introspection_cExport.cmake
[0.931s] -- Up-to-date: /home/starry1n/WUTA-FSD1/ros2_ws/install/robot_localization/share/robot_localization/cmake/robot_localization__rosidl_typesupport_introspection_cExport-relwithdebinfo.cmake
[0.931s] -- Up-to-date: /home/starry1n/WUTA-FSD1/ros2_ws/install/robot_localization/share/robot_localization/cmake/robot_localization__rosidl_typesupport_cExport.cmake
[0.931s] -- Up-to-date: /home/starry1n/WUTA-FSD1/ros2_ws/install/robot_localization/share/robot_localization/cmake/robot_localization__rosidl_typesupport_cExport-relwithdebinfo.cmake
[0.931s] -- Up-to-date: /home/starry1n/WUTA-FSD1/ros2_ws/install/robot_localization/share/robot_localization/cmake/robot_localization__rosidl_typesupport_introspection_cppExport.cmake
[0.931s] -- Up-to-date: /home/starry1n/WUTA-FSD1/ros2_ws/install/robot_localization/share/robot_localization/cmake/robot_localization__rosidl_typesupport_introspection_cppExport-relwithdebinfo.cmake
[0.931s] -- Up-to-date: /home/starry1n/WUTA-FSD1/ros2_ws/install/robot_localization/share/robot_localization/cmake/robot_localization__rosidl_typesupport_cppExport.cmake
[0.931s] -- Up-to-date: /home/starry1n/WUTA-FSD1/ros2_ws/install/robot_localization/share/robot_localization/cmake/robot_localization__rosidl_typesupport_cppExport-relwithdebinfo.cmake
[0.932s] -- Up-to-date: /home/starry1n/WUTA-FSD1/ros2_ws/install/robot_localization/share/robot_localization/cmake/export_robot_localization__rosidl_generator_pyExport.cmake
[0.932s] -- Up-to-date: /home/starry1n/WUTA-FSD1/ros2_ws/install/robot_localization/share/robot_localization/cmake/export_robot_localization__rosidl_generator_pyExport-relwithdebinfo.cmake
[1.039s] Invoked command in '/home/starry1n/WUTA-FSD1/ros2_ws/build/robot_localization' returned '0': CMAKE_PREFIX_PATH=/opt/ros/humble /usr/bin/cmake --install /home/starry1n/WUTA-FSD1/ros2_ws/build/robot_localization
