[0.218s] Invoking command in '/home/g2909/WUTA1/WUTA-FSD/ros2_ws/build/ndt_localization': AMENT_PREFIX_PATH=/home/g2909/WUTA1/WUTA-FSD/ros2_ws/install/wuta_msgs:${AMENT_PREFIX_PATH} CMAKE_PREFIX_PATH=/home/g2909/WUTA1/WUTA-FSD/ros2_ws/install/wuta_msgs:/opt/ros/humble LD_LIBRARY_PATH=/home/g2909/WUTA1/WUTA-FSD/ros2_ws/install/wuta_msgs/lib:${LD_LIBRARY_PATH} PYTHONPATH=/home/g2909/WUTA1/WUTA-FSD/ros2_ws/install/wuta_msgs/local/lib/python3.10/dist-packages:${PYTHONPATH} /home/g2909/.local/bin/cmake /home/g2909/WUTA1/WUTA-FSD/ros2_ws/src/localization/ndt_localization -DAMENT_CMAKE_SYMLINK_INSTALL=1 -DCMAKE_INSTALL_PREFIX=/home/g2909/WUTA1/WUTA-FSD/ros2_ws/install/ndt_localization
[0.275s] CMake Deprecation Warning at CMakeLists.txt:1 (cmake_minimum_required):
[0.275s]   Compatibility with CMake < 3.10 will be removed from a future version of
[0.275s]   CMake.
[0.275s] 
[0.275s]   Update the VERSION argument <min> value.  Or, use the <min>...<max> syntax
[0.275s]   to tell CMake that the project requires at least <min> but has been updated
[0.275s]   to work with policies introduced by <max> or earlier.
[0.275s] 
[0.275s] 
[0.529s] -- The C compiler identification is GNU 11.4.0
[1.394s] -- The CXX compiler identification is GNU 11.4.0
[2.030s] -- Detecting C compiler ABI info
[2.249s] -- Detecting C compiler ABI info - done
[2.258s] -- Check for working C compiler: /usr/bin/cc - skipped
[2.258s] -- Detecting C compile features
[2.258s] -- Detecting C compile features - done
[2.266s] -- Detecting CXX compiler ABI info
[2.589s] -- Detecting CXX compiler ABI info - done
[2.599s] -- Check for working CXX compiler: /usr/bin/c++ - skipped
[2.599s] -- Detecting CXX compile features
[2.599s] -- Detecting CXX compile features - done
[2.608s] -- Found ament_cmake: 1.3.14 (/opt/ros/humble/share/ament_cmake/cmake)
[2.704s] -- Found Python3: /usr/bin/python3 (found version "3.10.12") found components: Interpreter
[2.745s] -- Override CMake install command with custom implementation using symlinks instead of copying resources
[2.764s] -- Found rclcpp: 16.0.19 (/opt/ros/humble/share/rclcpp/cmake)
[3.204s] -- Found rosidl_generator_c: 3.1.9 (/opt/ros/humble/share/rosidl_generator_c/cmake)
[3.207s] -- Found rosidl_adapter: 3.1.9 (/opt/ros/humble/share/rosidl_adapter/cmake)
[3.213s] -- Found rosidl_generator_cpp: 3.1.9 (/opt/ros/humble/share/rosidl_generator_cpp/cmake)
[3.222s] -- Using all available rosidl_typesupport_c: rosidl_typesupport_fastrtps_c;rosidl_typesupport_introspection_c
[3.239s] -- Using all available rosidl_typesupport_cpp: rosidl_typesupport_fastrtps_cpp;rosidl_typesupport_introspection_cpp
[3.289s] -- Found rmw_implementation_cmake: 6.1.2 (/opt/ros/humble/share/rmw_implementation_cmake/cmake)
[3.291s] -- Found rmw_fastrtps_cpp: 6.2.10 (/opt/ros/humble/share/rmw_fastrtps_cpp/cmake)
[5.936s] -- Found OpenSSL: /usr/lib/x86_64-linux-gnu/libcrypto.so (found version "3.0.2")
[8.920s] -- Found FastRTPS: /opt/ros/humble/include
[22.899s] -- Using RMW implementation 'rmw_fastrtps_cpp' as default
[22.912s] -- Performing Test CMAKE_HAVE_LIBC_PTHREAD
[23.263s] -- Performing Test CMAKE_HAVE_LIBC_PTHREAD - Success
[23.264s] -- Found Threads: TRUE
[23.325s] -- Found sensor_msgs: 4.9.1 (/opt/ros/humble/share/sensor_msgs/cmake)
[23.374s] -- Found nav_msgs: 4.9.1 (/opt/ros/humble/share/nav_msgs/cmake)
[23.396s] -- Found visualization_msgs: 4.9.1 (/opt/ros/humble/share/visualization_msgs/cmake)
[23.429s] -- Found wuta_msgs: 1.0.0 (/home/g2909/WUTA1/WUTA-FSD/ros2_ws/install/wuta_msgs/share/wuta_msgs/cmake)
[23.471s] CMake Warning (dev) at /usr/lib/x86_64-linux-gnu/cmake/pcl/PCLConfig.cmake:146 (find_package):
[23.471s]   Policy CMP0144 is not set: find_package uses upper-case <PACKAGENAME>_ROOT
[23.471s]   variables.  Run "cmake --help-policy CMP0144" for policy details.  Use the
[23.471s]   cmake_policy command to set the policy and suppress this warning.
[23.471s] 
[23.471s]   CMake variable EIGEN_ROOT is set to:
[23.471s] 
[23.471s]     /usr/include/eigen3
[23.471s] 
[23.472s]   For compatibility, find_package is ignoring the variable, but code in a
[23.472s]   .cmake module might still use it.
[23.472s] Call Stack (most recent call first):
[23.472s]   /usr/lib/x86_64-linux-gnu/cmake/pcl/PCLConfig.cmake:299 (find_eigen)
[23.472s]   /usr/lib/x86_64-linux-gnu/cmake/pcl/PCLConfig.cmake:543 (find_external_library)
[23.472s]   CMakeLists.txt:14 (find_package)
[23.472s] This warning is for project developers.  Use -Wno-dev to suppress it.
[23.472s] 
[23.477s] -- Checking for module 'eigen3'
[23.491s] --   Found eigen3, version 3.4.0
[23.524s] -- Found Eigen: /usr/include/eigen3 (Required is at least version "3.1")
[23.524s] -- Eigen found (include: /usr/include/eigen3, version: 3.4.0)
[23.524s] CMake Warning (dev) at /usr/lib/x86_64-linux-gnu/cmake/pcl/PCLConfig.cmake:128 (find_package):
[23.524s]   Policy CMP0167 is not set: The FindBoost module is removed.  Run "cmake
[23.524s]   --help-policy CMP0167" for policy details.  Use the cmake_policy command to
[23.524s]   set the policy and suppress this warning.
[23.524s] 
[23.524s] Call Stack (most recent call first):
[23.524s]   /usr/lib/x86_64-linux-gnu/cmake/pcl/PCLConfig.cmake:297 (find_boost)
[23.524s]   /usr/lib/x86_64-linux-gnu/cmake/pcl/PCLConfig.cmake:543 (find_external_library)
[23.524s]   CMakeLists.txt:14 (find_package)
[23.524s] This warning is for project developers.  Use -Wno-dev to suppress it.
[23.525s] 
[23.543s] -- Found Boost: /usr/lib/x86_64-linux-gnu/cmake/Boost-1.74.0/BoostConfig.cmake (found suitable version "1.74.0", minimum required is "1.65.0") found components: system filesystem date_time iostreams serialization
[23.595s] -- Checking for module 'libusb-1.0'
[23.609s] --   Found libusb-1.0, version 1.0.25
[23.950s] -- Found libusb: /usr/lib/x86_64-linux-gnu/libusb-1.0.so
[23.952s] -- Found OpenNI: /usr/lib/libOpenNI.so;libusb::libusb (found version "1.5.4.0")
[23.952s] -- OpenNI found (version: 1.5.4.0, include: /usr/include/ni, lib: /usr/lib/libOpenNI.so;libusb::libusb)
[24.612s] -- Found OpenNI2: /usr/lib/x86_64-linux-gnu/libOpenNI2.so;libusb::libusb (found version "2.2.0.33")
[24.613s] -- OpenNI2 found (version: 2.2.0.33, include: /usr/include/openni2, lib: /usr/lib/x86_64-linux-gnu/libOpenNI2.so;libusb::libusb)
[24.613s] ** WARNING ** io features related to pcap will be disabled
[24.613s] ** WARNING ** io features related to png will be disabled
[24.647s] -- Found GLEW: /usr/lib/x86_64-linux-gnu/libGLEW.so
[24.962s] -- Found OpenGL: /usr/lib/x86_64-linux-gnu/libOpenGL.so  found components: OpenGL GLX
[25.354s] -- Found MPI_C: /usr/lib/x86_64-linux-gnu/libmpi.so (found version "3.1")
[25.354s] -- Found MPI: TRUE (found version "3.1") found components: C
[25.356s] -- Found JsonCpp: /usr/lib/x86_64-linux-gnu/libjsoncpp.so (found suitable version "1.9.5", minimum required is "0.7.0")
[28.289s] -- Found ZLIB: /usr/lib/x86_64-linux-gnu/libz.so (found version "1.2.11")
[31.903s] -- Found PNG: /usr/lib/x86_64-linux-gnu/libpng.so (found version "1.6.37")
[31.913s] -- Found Eigen3: /usr/include/eigen3 (found version "3.4.0")
[40.056s] -- Found X11: /usr/include
[40.056s] -- Looking for XOpenDisplay in /usr/lib/x86_64-linux-gnu/libX11.so;/usr/lib/x86_64-linux-gnu/libXext.so
[40.327s] -- Looking for XOpenDisplay in /usr/lib/x86_64-linux-gnu/libX11.so;/usr/lib/x86_64-linux-gnu/libXext.so - found
[40.327s] -- Looking for gethostbyname
[40.615s] -- Looking for gethostbyname - found
[40.616s] -- Looking for connect
[40.883s] -- Looking for connect - found
[40.883s] -- Looking for remove
[41.171s] -- Looking for remove - found
[41.171s] -- Looking for shmat
[41.455s] -- Looking for shmat - found
[41.455s] -- Looking for IceConnectionNumber in ICE
[41.772s] -- Looking for IceConnectionNumber in ICE - found
[53.125s] -- Found EXPAT: /usr/lib/x86_64-linux-gnu/libexpat.so (found version "2.4.7")
[53.127s] -- Found double-conversion: /usr/lib/x86_64-linux-gnu/libdouble-conversion.so
[53.129s] -- Found LZ4: /usr/lib/x86_64-linux-gnu/liblz4.so (found version "1.9.3")
[53.130s] -- Found LZMA: /usr/lib/x86_64-linux-gnu/liblzma.so (found version "5.2.5")
[53.816s] -- Found JPEG: /usr/lib/x86_64-linux-gnu/libjpeg.so (found version "80")
[57.641s] -- Found TIFF: /usr/lib/x86_64-linux-gnu/libtiff.so (found version "4.3.0")
[57.646s] -- Found Freetype: /usr/lib/x86_64-linux-gnu/libfreetype.so (found version "2.11.1")
[57.652s] -- Found utf8cpp: /usr/include/utf8cpp
[57.669s] CMake Warning (dev) at /usr/lib/x86_64-linux-gnu/cmake/pcl/PCLConfig.cmake:128 (find_package):
[57.669s]   Policy CMP0167 is not set: The FindBoost module is removed.  Run "cmake
[57.669s]   --help-policy CMP0167" for policy details.  Use the cmake_policy command to
[57.670s]   set the policy and suppress this warning.
[57.670s] 
[57.670s] Call Stack (most recent call first):
[57.670s]   /usr/lib/x86_64-linux-gnu/cmake/pcl/PCLConfig.cmake:297 (find_boost)
[57.670s]   /usr/lib/x86_64-linux-gnu/cmake/pcl/PCLConfig.cmake:543 (find_external_library)
[57.670s]   CMakeLists.txt:14 (find_package)
[57.670s] This warning is for project developers.  Use -Wno-dev to suppress it.
[57.670s] 
[57.680s] -- Eigen found (include: /usr/include/eigen3, version: 3.4.0)
[57.682s] CMake Warning (dev) at /usr/lib/x86_64-linux-gnu/cmake/pcl/Modules/FindFLANN.cmake:44 (find_package):
[57.682s]   Policy CMP0144 is not set: find_package uses upper-case <PACKAGENAME>_ROOT
[57.682s]   variables.  Run "cmake --help-policy CMP0144" for policy details.  Use the
[57.682s]   cmake_policy command to set the policy and suppress this warning.
[57.682s] 
[57.682s]   CMake variable FLANN_ROOT is set to:
[57.682s] 
[57.682s]     /usr
[57.682s] 
[57.682s]   For compatibility, find_package is ignoring the variable, but code in a
[57.682s]   .cmake module might still use it.
[57.682s] Call Stack (most recent call first):
[57.682s]   /usr/lib/x86_64-linux-gnu/cmake/pcl/PCLConfig.cmake:256 (find_package)
[57.682s]   /usr/lib/x86_64-linux-gnu/cmake/pcl/PCLConfig.cmake:301 (find_flann)
[57.682s]   /usr/lib/x86_64-linux-gnu/cmake/pcl/PCLConfig.cmake:543 (find_external_library)
[57.682s]   CMakeLists.txt:14 (find_package)
[57.682s] This warning is for project developers.  Use -Wno-dev to suppress it.
[57.682s] 
[60.210s] -- Checking for module 'flann'
[60.221s] --   Found flann, version 1.9.1
[61.611s] -- Found FLANN: /usr/lib/x86_64-linux-gnu/libflann_cpp.so
[61.612s] -- FLANN found (include: /usr/include, lib: /usr/lib/x86_64-linux-gnu/libflann_cpp.so)
[114.574s] -- looking for PCL_COMMON
[114.575s] -- Found PCL_COMMON: /usr/lib/x86_64-linux-gnu/libpcl_common.so
[114.575s] -- looking for PCL_OCTREE
[114.576s] -- Found PCL_OCTREE: /usr/lib/x86_64-linux-gnu/libpcl_octree.so
[114.576s] -- looking for PCL_IO
[114.576s] -- Found PCL_IO: /usr/lib/x86_64-linux-gnu/libpcl_io.so
[114.576s] -- looking for PCL_KDTREE
[114.577s] -- Found PCL_KDTREE: /usr/lib/x86_64-linux-gnu/libpcl_kdtree.so
[114.577s] -- looking for PCL_SEARCH
[114.578s] -- Found PCL_SEARCH: /usr/lib/x86_64-linux-gnu/libpcl_search.so
[114.578s] -- looking for PCL_SAMPLE_CONSENSUS
[114.578s] -- Found PCL_SAMPLE_CONSENSUS: /usr/lib/x86_64-linux-gnu/libpcl_sample_consensus.so
[114.578s] -- looking for PCL_FILTERS
[114.579s] -- Found PCL_FILTERS: /usr/lib/x86_64-linux-gnu/libpcl_filters.so
[114.579s] -- looking for PCL_2D
[114.579s] -- Found PCL_2D: /usr/include/pcl-1.12
[114.579s] -- looking for PCL_FEATURES
[114.580s] -- Found PCL_FEATURES: /usr/lib/x86_64-linux-gnu/libpcl_features.so
[114.580s] -- looking for PCL_REGISTRATION
[114.581s] -- Found PCL_REGISTRATION: /usr/lib/x86_64-linux-gnu/libpcl_registration.so
[114.581s] -- Found PCL: pcl_common;pcl_octree;pcl_io;pcl_kdtree;pcl_search;pcl_sample_consensus;pcl_filters;pcl_features;pcl_registration;Boost::system;Boost::filesystem;Boost::date_time;Boost::iostreams;Boost::serialization;/usr/lib/libOpenNI.so;libusb::libusb;/usr/lib/x86_64-linux-gnu/libOpenNI2.so;libusb::libusb;VTK::ChartsCore;VTK::CommonColor;VTK::CommonComputationalGeometry;VTK::CommonCore;VTK::CommonDataModel;VTK::CommonExecutionModel;VTK::CommonMath;VTK::CommonMisc;VTK::CommonTransforms;VTK::FiltersCore;VTK::FiltersExtraction;VTK::FiltersGeneral;VTK::FiltersGeometry;VTK::FiltersModeling;VTK::FiltersSources;VTK::ImagingCore;VTK::ImagingSources;VTK::InteractionImage;VTK::InteractionStyle;VTK::InteractionWidgets;VTK::IOCore;VTK::IOGeometry;VTK::IOImage;VTK::IOLegacy;VTK::IOPLY;VTK::RenderingAnnotation;VTK::RenderingCore;VTK::RenderingContext2D;VTK::RenderingLOD;VTK::RenderingFreeType;VTK::ViewsCore;VTK::ViewsContext2D;VTK::RenderingOpenGL2;VTK::GUISupportQt;FLANN::FLANN
[114.583s] -- Found pcl_conversions: 2.4.5 (/opt/ros/humble/share/pcl_conversions/cmake)
[114.657s] -- Configuring done (114.4s)
[114.693s] -- Generating done (0.0s)
[114.748s] -- Build files have been written to: /home/g2909/WUTA1/WUTA-FSD/ros2_ws/build/ndt_localization
