[0.138s] Invoking command in '/home/g2909/WUTA1/WUTA-FSD/ros2_ws/build/camera_detection': AMENT_PREFIX_PATH=/home/g2909/WUTA1/WUTA-FSD/ros2_ws/install/wuta_msgs:${AMENT_PREFIX_PATH} CMAKE_PREFIX_PATH=/home/g2909/WUTA1/WUTA-FSD/ros2_ws/install/wuta_msgs:/opt/ros/humble LD_LIBRARY_PATH=/home/g2909/WUTA1/WUTA-FSD/ros2_ws/install/wuta_msgs/lib:${LD_LIBRARY_PATH} PYTHONPATH=/home/g2909/WUTA1/WUTA-FSD/ros2_ws/install/wuta_msgs/local/lib/python3.10/dist-packages:${PYTHONPATH} /home/g2909/.local/bin/cmake --build /home/g2909/WUTA1/WUTA-FSD/ros2_ws/build/camera_detection -- -j16 -l16
[0.211s] Invoked command in '/home/g2909/WUTA1/WUTA-FSD/ros2_ws/build/camera_detection' returned '0': AMENT_PREFIX_PATH=/home/g2909/WUTA1/WUTA-FSD/ros2_ws/install/wuta_msgs:${AMENT_PREFIX_PATH} CMAKE_PREFIX_PATH=/home/g2909/WUTA1/WUTA-FSD/ros2_ws/install/wuta_msgs:/opt/ros/humble LD_LIBRARY_PATH=/home/g2909/WUTA1/WUTA-FSD/ros2_ws/install/wuta_msgs/lib:${LD_LIBRARY_PATH} PYTHONPATH=/home/g2909/WUTA1/WUTA-FSD/ros2_ws/install/wuta_msgs/local/lib/python3.10/dist-packages:${PYTHONPATH} /home/g2909/.local/bin/cmake --build /home/g2909/WUTA1/WUTA-FSD/ros2_ws/build/camera_detection -- -j16 -l16
[0.214s] Invoking command in '/home/g2909/WUTA1/WUTA-FSD/ros2_ws/build/camera_detection': AMENT_PREFIX_PATH=/home/g2909/WUTA1/WUTA-FSD/ros2_ws/install/wuta_msgs:${AMENT_PREFIX_PATH} CMAKE_PREFIX_PATH=/home/g2909/WUTA1/WUTA-FSD/ros2_ws/install/wuta_msgs:/opt/ros/humble LD_LIBRARY_PATH=/home/g2909/WUTA1/WUTA-FSD/ros2_ws/install/wuta_msgs/lib:${LD_LIBRARY_PATH} PYTHONPATH=/home/g2909/WUTA1/WUTA-FSD/ros2_ws/install/wuta_msgs/local/lib/python3.10/dist-packages:${PYTHONPATH} /home/g2909/.local/bin/cmake --install /home/g2909/WUTA1/WUTA-FSD/ros2_ws/build/camera_detection
[0.275s] -- Install configuration: ""
[0.275s] -- Execute custom install script
[0.275s] -- Up-to-date symlink: /home/g2909/WUTA1/WUTA-FSD/ros2_ws/install/camera_detection/share/ament_index/resource_index/package_run_dependencies/camera_detection
[0.275s] -- Up-to-date symlink: /home/g2909/WUTA1/WUTA-FSD/ros2_ws/install/camera_detection/share/ament_index/resource_index/parent_prefix_path/camera_detection
[0.275s] -- Up-to-date symlink: /home/g2909/WUTA1/WUTA-FSD/ros2_ws/install/camera_detection/share/camera_detection/environment/ament_prefix_path.sh
[0.275s] -- Up-to-date symlink: /home/g2909/WUTA1/WUTA-FSD/ros2_ws/install/camera_detection/share/camera_detection/environment/ament_prefix_path.dsv
[0.275s] -- Up-to-date symlink: /home/g2909/WUTA1/WUTA-FSD/ros2_ws/install/camera_detection/share/camera_detection/environment/path.sh
[0.275s] -- Up-to-date symlink: /home/g2909/WUTA1/WUTA-FSD/ros2_ws/install/camera_detection/share/camera_detection/environment/path.dsv
[0.275s] -- Up-to-date symlink: /home/g2909/WUTA1/WUTA-FSD/ros2_ws/install/camera_detection/share/camera_detection/local_setup.bash
[0.275s] -- Up-to-date symlink: /home/g2909/WUTA1/WUTA-FSD/ros2_ws/install/camera_detection/share/camera_detection/local_setup.sh
[0.275s] -- Up-to-date symlink: /home/g2909/WUTA1/WUTA-FSD/ros2_ws/install/camera_detection/share/camera_detection/local_setup.zsh
[0.275s] -- Up-to-date symlink: /home/g2909/WUTA1/WUTA-FSD/ros2_ws/install/camera_detection/share/camera_detection/local_setup.dsv
[0.275s] -- Symlinking: /home/g2909/WUTA1/WUTA-FSD/ros2_ws/install/camera_detection/share/camera_detection/package.dsv
[0.281s] -- Up-to-date symlink: /home/g2909/WUTA1/WUTA-FSD/ros2_ws/install/camera_detection/share/ament_index/resource_index/packages/camera_detection
[0.282s] -- Up-to-date symlink: /home/g2909/WUTA1/WUTA-FSD/ros2_ws/install/camera_detection/share/camera_detection/cmake/camera_detectionConfig.cmake
[0.282s] -- Up-to-date symlink: /home/g2909/WUTA1/WUTA-FSD/ros2_ws/install/camera_detection/share/camera_detection/cmake/camera_detectionConfig-version.cmake
[0.282s] -- Up-to-date symlink: /home/g2909/WUTA1/WUTA-FSD/ros2_ws/install/camera_detection/share/camera_detection/package.xml
[0.282s] Invoked command in '/home/g2909/WUTA1/WUTA-FSD/ros2_ws/build/camera_detection' returned '0': AMENT_PREFIX_PATH=/home/g2909/WUTA1/WUTA-FSD/ros2_ws/install/wuta_msgs:${AMENT_PREFIX_PATH} CMAKE_PREFIX_PATH=/home/g2909/WUTA1/WUTA-FSD/ros2_ws/install/wuta_msgs:/opt/ros/humble LD_LIBRARY_PATH=/home/g2909/WUTA1/WUTA-FSD/ros2_ws/install/wuta_msgs/lib:${LD_LIBRARY_PATH} PYTHONPATH=/home/g2909/WUTA1/WUTA-FSD/ros2_ws/install/wuta_msgs/local/lib/python3.10/dist-packages:${PYTHONPATH} /home/g2909/.local/bin/cmake --install /home/g2909/WUTA1/WUTA-FSD/ros2_ws/build/camera_detection
