[0.081s] Invoking command in '/home/starry1n/WUTA-FSD1/ros2_ws/build/detection_fusion': AMENT_PREFIX_PATH=/home/starry1n/WUTA-FSD1/ros2_ws/install/wuta_msgs:${AMENT_PREFIX_PATH} CMAKE_PREFIX_PATH=/home/starry1n/WUTA-FSD1/ros2_ws/install/wuta_msgs:/opt/ros/humble LD_LIBRARY_PATH=/home/starry1n/WUTA-FSD1/ros2_ws/install/wuta_msgs/lib:${LD_LIBRARY_PATH} PYTHONPATH=/home/starry1n/WUTA-FSD1/ros2_ws/install/wuta_msgs/local/lib/python3.10/dist-packages:${PYTHONPATH} /usr/bin/cmake /home/starry1n/WUTA-FSD1/ros2_ws/src/perception/detection_fusion -DCMAKE_MODULE_PATH=/home/starry1n/WUTA-FSD1/ros2_ws/cmake -DAMENT_CMAKE_SYMLINK_INSTALL=1 -DCMAKE_INSTALL_PREFIX=/home/starry1n/WUTA-FSD1/ros2_ws/install/detection_fusion
[0.119s] [0mCMake Deprecation Warning at CMakeLists.txt:1 (cmake_minimum_required):
[0.119s]   Compatibility with CMake < 3.10 will be removed from a future version of
[0.119s]   CMake.
[0.119s] 
[0.119s]   Update the VERSION argument <min> value.  Or, use the <min>...<max> syntax
[0.119s]   to tell CMake that the project requires at least <min> but has been updated
[0.119s]   to work with policies introduced by <max> or earlier.
[0.120s] 
[0.120s] [0m
[0.253s] -- The C compiler identification is GNU 11.4.0
[0.450s] -- The CXX compiler identification is GNU 11.4.0
[0.483s] -- Detecting C compiler ABI info
[0.739s] -- Detecting C compiler ABI info - done
[0.774s] -- Check for working C compiler: /usr/bin/cc - skipped
[0.775s] -- Detecting C compile features
[0.775s] -- Detecting C compile features - done
[0.819s] -- Detecting CXX compiler ABI info
[1.126s] -- Detecting CXX compiler ABI info - done
[1.187s] -- Check for working CXX compiler: /usr/bin/c++ - skipped
[1.187s] -- Detecting CXX compile features
[1.189s] -- Detecting CXX compile features - done
[1.229s] -- Found ament_cmake: 1.3.14 (/opt/ros/humble/share/ament_cmake/cmake)
[1.661s] -- Found Python3: /usr/bin/python3 (found version "3.10.12") found components: Interpreter
[1.798s] -- Override CMake install command with custom implementation using symlinks instead of copying resources
[1.877s] -- Found rclcpp: 16.0.19 (/opt/ros/humble/share/rclcpp/cmake)
[1.985s] -- Found rosidl_generator_c: 3.1.9 (/opt/ros/humble/share/rosidl_generator_c/cmake)
[1.993s] -- Found rosidl_adapter: 3.1.9 (/opt/ros/humble/share/rosidl_adapter/cmake)
[2.014s] -- Found rosidl_generator_cpp: 3.1.9 (/opt/ros/humble/share/rosidl_generator_cpp/cmake)
[2.051s] -- Using all available rosidl_typesupport_c: rosidl_typesupport_fastrtps_c;rosidl_typesupport_introspection_c
[2.090s] -- Using all available rosidl_typesupport_cpp: rosidl_typesupport_fastrtps_cpp;rosidl_typesupport_introspection_cpp
[2.207s] -- Found rmw_implementation_cmake: 6.1.2 (/opt/ros/humble/share/rmw_implementation_cmake/cmake)
[2.213s] -- Found rmw_fastrtps_cpp: 6.2.10 (/opt/ros/humble/share/rmw_fastrtps_cpp/cmake)
[2.588s] -- Found OpenSSL: /usr/lib/x86_64-linux-gnu/libcrypto.so (found version "3.0.2")
[2.662s] -- Found FastRTPS: /opt/ros/humble/include
[2.777s] -- Using RMW implementation 'rmw_fastrtps_cpp' as default
[2.800s] -- Performing Test CMAKE_HAVE_LIBC_PTHREAD
[3.055s] -- Performing Test CMAKE_HAVE_LIBC_PTHREAD - Success
[3.056s] -- Found Threads: TRUE
[3.225s] -- Found wuta_msgs: 1.0.0 (/home/starry1n/WUTA-FSD1/ros2_ws/install/wuta_msgs/share/wuta_msgs/cmake)
[3.506s] -- Configuring done (3.4s)
[3.523s] -- Generating done (0.0s)
[3.577s] -- Build files have been written to: /home/starry1n/WUTA-FSD1/ros2_ws/build/detection_fusion
[3.603s] Invoked command in '/home/starry1n/WUTA-FSD1/ros2_ws/build/detection_fusion' returned '0': AMENT_PREFIX_PATH=/home/starry1n/WUTA-FSD1/ros2_ws/install/wuta_msgs:${AMENT_PREFIX_PATH} CMAKE_PREFIX_PATH=/home/starry1n/WUTA-FSD1/ros2_ws/install/wuta_msgs:/opt/ros/humble LD_LIBRARY_PATH=/home/starry1n/WUTA-FSD1/ros2_ws/install/wuta_msgs/lib:${LD_LIBRARY_PATH} PYTHONPATH=/home/starry1n/WUTA-FSD1/ros2_ws/install/wuta_msgs/local/lib/python3.10/dist-packages:${PYTHONPATH} /usr/bin/cmake /home/starry1n/WUTA-FSD1/ros2_ws/src/perception/detection_fusion -DCMAKE_MODULE_PATH=/home/starry1n/WUTA-FSD1/ros2_ws/cmake -DAMENT_CMAKE_SYMLINK_INSTALL=1 -DCMAKE_INSTALL_PREFIX=/home/starry1n/WUTA-FSD1/ros2_ws/install/detection_fusion
[3.610s] Invoking command in '/home/starry1n/WUTA-FSD1/ros2_ws/build/detection_fusion': AMENT_PREFIX_PATH=/home/starry1n/WUTA-FSD1/ros2_ws/install/wuta_msgs:${AMENT_PREFIX_PATH} CMAKE_PREFIX_PATH=/home/starry1n/WUTA-FSD1/ros2_ws/install/wuta_msgs:/opt/ros/humble LD_LIBRARY_PATH=/home/starry1n/WUTA-FSD1/ros2_ws/install/wuta_msgs/lib:${LD_LIBRARY_PATH} PYTHONPATH=/home/starry1n/WUTA-FSD1/ros2_ws/install/wuta_msgs/local/lib/python3.10/dist-packages:${PYTHONPATH} /usr/bin/cmake --build /home/starry1n/WUTA-FSD1/ros2_ws/build/detection_fusion -- -j8 -l8
[3.750s] Invoked command in '/home/starry1n/WUTA-FSD1/ros2_ws/build/detection_fusion' returned '0': AMENT_PREFIX_PATH=/home/starry1n/WUTA-FSD1/ros2_ws/install/wuta_msgs:${AMENT_PREFIX_PATH} CMAKE_PREFIX_PATH=/home/starry1n/WUTA-FSD1/ros2_ws/install/wuta_msgs:/opt/ros/humble LD_LIBRARY_PATH=/home/starry1n/WUTA-FSD1/ros2_ws/install/wuta_msgs/lib:${LD_LIBRARY_PATH} PYTHONPATH=/home/starry1n/WUTA-FSD1/ros2_ws/install/wuta_msgs/local/lib/python3.10/dist-packages:${PYTHONPATH} /usr/bin/cmake --build /home/starry1n/WUTA-FSD1/ros2_ws/build/detection_fusion -- -j8 -l8
[3.750s] Invoking command in '/home/starry1n/WUTA-FSD1/ros2_ws/build/detection_fusion': AMENT_PREFIX_PATH=/home/starry1n/WUTA-FSD1/ros2_ws/install/wuta_msgs:${AMENT_PREFIX_PATH} CMAKE_PREFIX_PATH=/home/starry1n/WUTA-FSD1/ros2_ws/install/wuta_msgs:/opt/ros/humble LD_LIBRARY_PATH=/home/starry1n/WUTA-FSD1/ros2_ws/install/wuta_msgs/lib:${LD_LIBRARY_PATH} PYTHONPATH=/home/starry1n/WUTA-FSD1/ros2_ws/install/wuta_msgs/local/lib/python3.10/dist-packages:${PYTHONPATH} /usr/bin/cmake --install /home/starry1n/WUTA-FSD1/ros2_ws/build/detection_fusion
[3.771s] -- Install configuration: ""
[3.775s] -- Execute custom install script
[3.775s] -- Symlinking: /home/starry1n/WUTA-FSD1/ros2_ws/install/detection_fusion/share/ament_index/resource_index/package_run_dependencies/detection_fusion
[3.800s] -- Symlinking: /home/starry1n/WUTA-FSD1/ros2_ws/install/detection_fusion/share/ament_index/resource_index/parent_prefix_path/detection_fusion
[3.823s] -- Symlinking: /home/starry1n/WUTA-FSD1/ros2_ws/install/detection_fusion/share/detection_fusion/environment/ament_prefix_path.sh
[3.852s] -- Symlinking: /home/starry1n/WUTA-FSD1/ros2_ws/install/detection_fusion/share/detection_fusion/environment/ament_prefix_path.dsv
[3.873s] -- Symlinking: /home/starry1n/WUTA-FSD1/ros2_ws/install/detection_fusion/share/detection_fusion/environment/path.sh
[3.881s] -- Symlinking: /home/starry1n/WUTA-FSD1/ros2_ws/install/detection_fusion/share/detection_fusion/environment/path.dsv
[3.896s] -- Symlinking: /home/starry1n/WUTA-FSD1/ros2_ws/install/detection_fusion/share/detection_fusion/local_setup.bash
[3.905s] -- Symlinking: /home/starry1n/WUTA-FSD1/ros2_ws/install/detection_fusion/share/detection_fusion/local_setup.sh
[3.937s] -- Symlinking: /home/starry1n/WUTA-FSD1/ros2_ws/install/detection_fusion/share/detection_fusion/local_setup.zsh
[3.971s] -- Symlinking: /home/starry1n/WUTA-FSD1/ros2_ws/install/detection_fusion/share/detection_fusion/local_setup.dsv
[4.001s] -- Symlinking: /home/starry1n/WUTA-FSD1/ros2_ws/install/detection_fusion/share/detection_fusion/package.dsv
[4.031s] -- Symlinking: /home/starry1n/WUTA-FSD1/ros2_ws/install/detection_fusion/share/ament_index/resource_index/packages/detection_fusion
[4.047s] -- Symlinking: /home/starry1n/WUTA-FSD1/ros2_ws/install/detection_fusion/share/detection_fusion/cmake/detection_fusionConfig.cmake
[4.063s] -- Symlinking: /home/starry1n/WUTA-FSD1/ros2_ws/install/detection_fusion/share/detection_fusion/cmake/detection_fusionConfig-version.cmake
[4.082s] -- Symlinking: /home/starry1n/WUTA-FSD1/ros2_ws/install/detection_fusion/share/detection_fusion/package.xml
[4.123s] Invoked command in '/home/starry1n/WUTA-FSD1/ros2_ws/build/detection_fusion' returned '0': AMENT_PREFIX_PATH=/home/starry1n/WUTA-FSD1/ros2_ws/install/wuta_msgs:${AMENT_PREFIX_PATH} CMAKE_PREFIX_PATH=/home/starry1n/WUTA-FSD1/ros2_ws/install/wuta_msgs:/opt/ros/humble LD_LIBRARY_PATH=/home/starry1n/WUTA-FSD1/ros2_ws/install/wuta_msgs/lib:${LD_LIBRARY_PATH} PYTHONPATH=/home/starry1n/WUTA-FSD1/ros2_ws/install/wuta_msgs/local/lib/python3.10/dist-packages:${PYTHONPATH} /usr/bin/cmake --install /home/starry1n/WUTA-FSD1/ros2_ws/build/detection_fusion
