[0.239s] Invoking command in '/home/g2909/WUTA1/WUTA-FSD/ros2_ws/build/wuta_tools': AMENT_PREFIX_PATH=/home/g2909/WUTA1/WUTA-FSD/ros2_ws/install/wuta_msgs:${AMENT_PREFIX_PATH} CMAKE_PREFIX_PATH=/home/g2909/WUTA1/WUTA-FSD/ros2_ws/install/wuta_msgs:/opt/ros/humble LD_LIBRARY_PATH=/home/g2909/WUTA1/WUTA-FSD/ros2_ws/install/wuta_msgs/lib:${LD_LIBRARY_PATH} PYTHONPATH=/home/g2909/WUTA1/WUTA-FSD/ros2_ws/install/wuta_msgs/local/lib/python3.10/dist-packages:${PYTHONPATH} /home/g2909/.local/bin/cmake /home/g2909/WUTA1/WUTA-FSD/ros2_ws/src/common/wuta_tools -DAMENT_CMAKE_SYMLINK_INSTALL=1 -DCMAKE_INSTALL_PREFIX=/home/g2909/WUTA1/WUTA-FSD/ros2_ws/install/wuta_tools
[0.297s] CMake Deprecation Warning at CMakeLists.txt:1 (cmake_minimum_required):
[0.297s]   Compatibility with CMake < 3.10 will be removed from a future version of
[0.297s]   CMake.
[0.297s] 
[0.297s]   Update the VERSION argument <min> value.  Or, use the <min>...<max> syntax
[0.297s]   to tell CMake that the project requires at least <min> but has been updated
[0.297s]   to work with policies introduced by <max> or earlier.
[0.297s] 
[0.297s] 
[0.539s] -- The C compiler identification is GNU 11.4.0
[1.434s] -- The CXX compiler identification is GNU 11.4.0
[1.961s] -- Detecting C compiler ABI info
[2.171s] -- Detecting C compiler ABI info - done
[2.181s] -- Check for working C compiler: /usr/bin/cc - skipped
[2.181s] -- Detecting C compile features
[2.181s] -- Detecting C compile features - done
[2.189s] -- Detecting CXX compiler ABI info
[2.466s] -- Detecting CXX compiler ABI info - done
[2.480s] -- Check for working CXX compiler: /usr/bin/c++ - skipped
[2.480s] -- Detecting CXX compile features
[2.480s] -- Detecting CXX compile features - done
[2.487s] -- Found ament_cmake: 1.3.14 (/opt/ros/humble/share/ament_cmake/cmake)
[2.594s] -- Found Python3: /usr/bin/python3 (found version "3.10.12") found components: Interpreter
[2.638s] -- Override CMake install command with custom implementation using symlinks instead of copying resources
[2.657s] -- Found rclcpp: 16.0.19 (/opt/ros/humble/share/rclcpp/cmake)
[2.872s] -- Found rosidl_generator_c: 3.1.9 (/opt/ros/humble/share/rosidl_generator_c/cmake)
[2.876s] -- Found rosidl_adapter: 3.1.9 (/opt/ros/humble/share/rosidl_adapter/cmake)
[2.883s] -- Found rosidl_generator_cpp: 3.1.9 (/opt/ros/humble/share/rosidl_generator_cpp/cmake)
[2.892s] -- Using all available rosidl_typesupport_c: rosidl_typesupport_fastrtps_c;rosidl_typesupport_introspection_c
[2.908s] -- Using all available rosidl_typesupport_cpp: rosidl_typesupport_fastrtps_cpp;rosidl_typesupport_introspection_cpp
[2.953s] -- Found rmw_implementation_cmake: 6.1.2 (/opt/ros/humble/share/rmw_implementation_cmake/cmake)
[2.954s] -- Found rmw_fastrtps_cpp: 6.2.10 (/opt/ros/humble/share/rmw_fastrtps_cpp/cmake)
[4.847s] -- Found OpenSSL: /usr/lib/x86_64-linux-gnu/libcrypto.so (found version "3.0.2")
[7.693s] -- Found FastRTPS: /opt/ros/humble/include
[17.208s] -- Using RMW implementation 'rmw_fastrtps_cpp' as default
[17.221s] -- Performing Test CMAKE_HAVE_LIBC_PTHREAD
[18.068s] -- Performing Test CMAKE_HAVE_LIBC_PTHREAD - Success
[18.083s] -- Found Threads: TRUE
[18.259s] -- Found wuta_msgs: 1.0.0 (/home/g2909/WUTA1/WUTA-FSD/ros2_ws/install/wuta_msgs/share/wuta_msgs/cmake)
[18.654s] -- Configuring done (18.4s)
[18.822s] -- Generating done (0.2s)
[18.843s] -- Build files have been written to: /home/g2909/WUTA1/WUTA-FSD/ros2_ws/build/wuta_tools
[18.868s] Invoked command in '/home/g2909/WUTA1/WUTA-FSD/ros2_ws/build/wuta_tools' returned '0': AMENT_PREFIX_PATH=/home/g2909/WUTA1/WUTA-FSD/ros2_ws/install/wuta_msgs:${AMENT_PREFIX_PATH} CMAKE_PREFIX_PATH=/home/g2909/WUTA1/WUTA-FSD/ros2_ws/install/wuta_msgs:/opt/ros/humble LD_LIBRARY_PATH=/home/g2909/WUTA1/WUTA-FSD/ros2_ws/install/wuta_msgs/lib:${LD_LIBRARY_PATH} PYTHONPATH=/home/g2909/WUTA1/WUTA-FSD/ros2_ws/install/wuta_msgs/local/lib/python3.10/dist-packages:${PYTHONPATH} /home/g2909/.local/bin/cmake /home/g2909/WUTA1/WUTA-FSD/ros2_ws/src/common/wuta_tools -DAMENT_CMAKE_SYMLINK_INSTALL=1 -DCMAKE_INSTALL_PREFIX=/home/g2909/WUTA1/WUTA-FSD/ros2_ws/install/wuta_tools
[18.869s] Invoking command in '/home/g2909/WUTA1/WUTA-FSD/ros2_ws/build/wuta_tools': AMENT_PREFIX_PATH=/home/g2909/WUTA1/WUTA-FSD/ros2_ws/install/wuta_msgs:${AMENT_PREFIX_PATH} CMAKE_PREFIX_PATH=/home/g2909/WUTA1/WUTA-FSD/ros2_ws/install/wuta_msgs:/opt/ros/humble LD_LIBRARY_PATH=/home/g2909/WUTA1/WUTA-FSD/ros2_ws/install/wuta_msgs/lib:${LD_LIBRARY_PATH} PYTHONPATH=/home/g2909/WUTA1/WUTA-FSD/ros2_ws/install/wuta_msgs/local/lib/python3.10/dist-packages:${PYTHONPATH} /home/g2909/.local/bin/cmake --build /home/g2909/WUTA1/WUTA-FSD/ros2_ws/build/wuta_tools -- -j16 -l16
[19.002s] Invoked command in '/home/g2909/WUTA1/WUTA-FSD/ros2_ws/build/wuta_tools' returned '0': AMENT_PREFIX_PATH=/home/g2909/WUTA1/WUTA-FSD/ros2_ws/install/wuta_msgs:${AMENT_PREFIX_PATH} CMAKE_PREFIX_PATH=/home/g2909/WUTA1/WUTA-FSD/ros2_ws/install/wuta_msgs:/opt/ros/humble LD_LIBRARY_PATH=/home/g2909/WUTA1/WUTA-FSD/ros2_ws/install/wuta_msgs/lib:${LD_LIBRARY_PATH} PYTHONPATH=/home/g2909/WUTA1/WUTA-FSD/ros2_ws/install/wuta_msgs/local/lib/python3.10/dist-packages:${PYTHONPATH} /home/g2909/.local/bin/cmake --build /home/g2909/WUTA1/WUTA-FSD/ros2_ws/build/wuta_tools -- -j16 -l16
[19.003s] Invoking command in '/home/g2909/WUTA1/WUTA-FSD/ros2_ws/build/wuta_tools': AMENT_PREFIX_PATH=/home/g2909/WUTA1/WUTA-FSD/ros2_ws/install/wuta_msgs:${AMENT_PREFIX_PATH} CMAKE_PREFIX_PATH=/home/g2909/WUTA1/WUTA-FSD/ros2_ws/install/wuta_msgs:/opt/ros/humble LD_LIBRARY_PATH=/home/g2909/WUTA1/WUTA-FSD/ros2_ws/install/wuta_msgs/lib:${LD_LIBRARY_PATH} PYTHONPATH=/home/g2909/WUTA1/WUTA-FSD/ros2_ws/install/wuta_msgs/local/lib/python3.10/dist-packages:${PYTHONPATH} /home/g2909/.local/bin/cmake --install /home/g2909/WUTA1/WUTA-FSD/ros2_ws/build/wuta_tools
[19.167s] -- Install configuration: ""
[19.170s] -- Execute custom install script
[19.170s] -- Symlinking: /home/g2909/WUTA1/WUTA-FSD/ros2_ws/install/wuta_tools/share/ament_index/resource_index/package_run_dependencies/wuta_tools
[19.176s] -- Symlinking: /home/g2909/WUTA1/WUTA-FSD/ros2_ws/install/wuta_tools/share/ament_index/resource_index/parent_prefix_path/wuta_tools
[19.183s] -- Symlinking: /home/g2909/WUTA1/WUTA-FSD/ros2_ws/install/wuta_tools/share/wuta_tools/environment/ament_prefix_path.sh
[19.195s] -- Symlinking: /home/g2909/WUTA1/WUTA-FSD/ros2_ws/install/wuta_tools/share/wuta_tools/environment/ament_prefix_path.dsv
[19.204s] -- Symlinking: /home/g2909/WUTA1/WUTA-FSD/ros2_ws/install/wuta_tools/share/wuta_tools/environment/path.sh
[19.213s] -- Symlinking: /home/g2909/WUTA1/WUTA-FSD/ros2_ws/install/wuta_tools/share/wuta_tools/environment/path.dsv
[19.230s] -- Symlinking: /home/g2909/WUTA1/WUTA-FSD/ros2_ws/install/wuta_tools/share/wuta_tools/local_setup.bash
[19.238s] -- Symlinking: /home/g2909/WUTA1/WUTA-FSD/ros2_ws/install/wuta_tools/share/wuta_tools/local_setup.sh
[19.247s] -- Symlinking: /home/g2909/WUTA1/WUTA-FSD/ros2_ws/install/wuta_tools/share/wuta_tools/local_setup.zsh
[19.254s] -- Symlinking: /home/g2909/WUTA1/WUTA-FSD/ros2_ws/install/wuta_tools/share/wuta_tools/local_setup.dsv
[19.259s] -- Symlinking: /home/g2909/WUTA1/WUTA-FSD/ros2_ws/install/wuta_tools/share/wuta_tools/package.dsv
[19.265s] -- Symlinking: /home/g2909/WUTA1/WUTA-FSD/ros2_ws/install/wuta_tools/share/ament_index/resource_index/packages/wuta_tools
[19.271s] -- Symlinking: /home/g2909/WUTA1/WUTA-FSD/ros2_ws/install/wuta_tools/share/wuta_tools/cmake/wuta_toolsConfig.cmake
[19.275s] -- Symlinking: /home/g2909/WUTA1/WUTA-FSD/ros2_ws/install/wuta_tools/share/wuta_tools/cmake/wuta_toolsConfig-version.cmake
[19.293s] -- Symlinking: /home/g2909/WUTA1/WUTA-FSD/ros2_ws/install/wuta_tools/share/wuta_tools/package.xml
[19.303s] Invoked command in '/home/g2909/WUTA1/WUTA-FSD/ros2_ws/build/wuta_tools' returned '0': AMENT_PREFIX_PATH=/home/g2909/WUTA1/WUTA-FSD/ros2_ws/install/wuta_msgs:${AMENT_PREFIX_PATH} CMAKE_PREFIX_PATH=/home/g2909/WUTA1/WUTA-FSD/ros2_ws/install/wuta_msgs:/opt/ros/humble LD_LIBRARY_PATH=/home/g2909/WUTA1/WUTA-FSD/ros2_ws/install/wuta_msgs/lib:${LD_LIBRARY_PATH} PYTHONPATH=/home/g2909/WUTA1/WUTA-FSD/ros2_ws/install/wuta_msgs/local/lib/python3.10/dist-packages:${PYTHONPATH} /home/g2909/.local/bin/cmake --install /home/g2909/WUTA1/WUTA-FSD/ros2_ws/build/wuta_tools
