[ 50%] Building CXX object CMakeFiles/mission_manager_node.dir/src/mission_manager.cpp.o
[100%] Linking CXX executable mission_manager_node
[100%] Built target mission_manager_node
-- Install configuration: ""
-- Execute custom install script
-- Symlinking: /home/g2909/WUTA1/WUTA-FSD/ros2_ws/install/mission_manager/lib/mission_manager/mission_manager_node
-- Symlinking: /home/g2909/WUTA1/WUTA-FSD/ros2_ws/install/mission_manager/share/mission_manager/config/.gitkeep
-- Symlinking: /home/g2909/WUTA1/WUTA-FSD/ros2_ws/install/mission_manager/share/ament_index/resource_index/package_run_dependencies/mission_manager
-- Symlinking: /home/g2909/WUTA1/WUTA-FSD/ros2_ws/install/mission_manager/share/ament_index/resource_index/parent_prefix_path/mission_manager
-- Symlinking: /home/g2909/WUTA1/WUTA-FSD/ros2_ws/install/mission_manager/share/mission_manager/environment/ament_prefix_path.sh
-- Symlinking: /home/g2909/WUTA1/WUTA-FSD/ros2_ws/install/mission_manager/share/mission_manager/environment/ament_prefix_path.dsv
-- Symlinking: /home/g2909/WUTA1/WUTA-FSD/ros2_ws/install/mission_manager/share/mission_manager/environment/path.sh
-- Symlinking: /home/g2909/WUTA1/WUTA-FSD/ros2_ws/install/mission_manager/share/mission_manager/environment/path.dsv
-- Symlinking: /home/g2909/WUTA1/WUTA-FSD/ros2_ws/install/mission_manager/share/mission_manager/local_setup.bash
-- Symlinking: /home/g2909/WUTA1/WUTA-FSD/ros2_ws/install/mission_manager/share/mission_manager/local_setup.sh
-- Symlinking: /home/g2909/WUTA1/WUTA-FSD/ros2_ws/install/mission_manager/share/mission_manager/local_setup.zsh
-- Symlinking: /home/g2909/WUTA1/WUTA-FSD/ros2_ws/install/mission_manager/share/mission_manager/local_setup.dsv
-- Symlinking: /home/g2909/WUTA1/WUTA-FSD/ros2_ws/install/mission_manager/share/mission_manager/package.dsv
-- Symlinking: /home/g2909/WUTA1/WUTA-FSD/ros2_ws/install/mission_manager/share/ament_index/resource_index/packages/mission_manager
-- Symlinking: /home/g2909/WUTA1/WUTA-FSD/ros2_ws/install/mission_manager/share/mission_manager/cmake/mission_managerConfig.cmake
-- Symlinking: /home/g2909/WUTA1/WUTA-FSD/ros2_ws/install/mission_manager/share/mission_manager/cmake/mission_managerConfig-version.cmake
-- Symlinking: /home/g2909/WUTA1/WUTA-FSD/ros2_ws/install/mission_manager/share/mission_manager/package.xml
