[0.017s] Invoking command in '/home/starry1n/WUTA/WUTA-FSD/ros2_ws/build/kiss_icp': CMAKE_PREFIX_PATH=/opt/ros/humble /usr/bin/cmake /home/starry1n/WUTA/WUTA-FSD/ros2_ws/src/localization/kiss-icp/ros -DCMAKE_MODULE_PATH=/home/starry1n/WUTA/WUTA-FSD/ros2_ws/cmake -DAMENT_CMAKE_SYMLINK_INSTALL=1 -DCMAKE_INSTALL_PREFIX=/home/starry1n/WUTA/WUTA-FSD/ros2_ws/install/kiss_icp
[0.086s] -- The CXX compiler identification is GNU 11.4.0
[0.094s] -- Detecting CXX compiler ABI info
[0.177s] -- Detecting CXX compiler ABI info - done
[0.187s] -- Check for working CXX compiler: /usr/bin/c++ - skipped
[0.188s] -- Detecting CXX compile features
[0.188s] -- Detecting CXX compile features - done
[0.200s] [0mCMake Deprecation Warning at /home/starry1n/WUTA/WUTA-FSD/ros2_ws/src/localization/kiss-icp/cpp/kiss_icp/3rdparty/find_dependencies.cmake:25 (cmake_policy):
[0.200s]   The OLD behavior for policy CMP0135 will be removed from a future version
[0.200s]   of CMake.
[0.200s] 
[0.200s]   The cmake-policies(7) manual explains that the OLD behaviors of all
[0.200s]   policies are deprecated and that a policy should be set to OLD only under
[0.200s]   specific short-term circumstances.  Projects should be ported to the NEW
[0.200s]   behavior and not rely on setting a policy to OLD.
[0.200s] Call Stack (most recent call first):
[0.200s]   /home/starry1n/WUTA/WUTA-FSD/ros2_ws/src/localization/kiss-icp/cpp/kiss_icp/CMakeLists.txt:48 (include)
[0.201s] 
[0.201s] [0m
[2.200s] -- The C compiler identification is GNU 11.4.0
[2.214s] -- Detecting C compiler ABI info
[2.344s] -- Detecting C compiler ABI info - done
[2.356s] -- Check for working C compiler: /usr/bin/cc - skipped
[2.356s] -- Detecting C compile features
[2.357s] -- Detecting C compile features - done
[18.799s] [0mCMake Deprecation Warning at /home/starry1n/WUTA/WUTA-FSD/ros2_ws/build/kiss_icp/_deps/tessil-src/CMakeLists.txt:1 (cmake_minimum_required):
[18.800s]   Compatibility with CMake < 3.10 will be removed from a future version of
[18.800s]   CMake.
[18.800s] 
[18.800s]   Update the VERSION argument <min> value.  Or, use the <min>...<max> syntax
[18.800s]   to tell CMake that the project requires at least <min> but has been updated
[18.800s]   to work with policies introduced by <max> or earlier.
[18.800s] 
[18.800s] [0m
[18.819s] -- Found ament_cmake: 1.3.14 (/opt/ros/humble/share/ament_cmake/cmake)
[19.165s] -- Found Python3: /usr/bin/python3 (found version "3.10.12") found components: Interpreter
[19.311s] -- Override CMake install command with custom implementation using symlinks instead of copying resources
[19.362s] -- Found geometry_msgs: 4.9.1 (/opt/ros/humble/share/geometry_msgs/cmake)
[19.450s] -- Found rosidl_generator_c: 3.1.9 (/opt/ros/humble/share/rosidl_generator_c/cmake)
[19.461s] -- Found rosidl_adapter: 3.1.9 (/opt/ros/humble/share/rosidl_adapter/cmake)
[19.488s] -- Found rosidl_generator_cpp: 3.1.9 (/opt/ros/humble/share/rosidl_generator_cpp/cmake)
[19.520s] -- Using all available rosidl_typesupport_c: rosidl_typesupport_fastrtps_c;rosidl_typesupport_introspection_c
[19.563s] -- Using all available rosidl_typesupport_cpp: rosidl_typesupport_fastrtps_cpp;rosidl_typesupport_introspection_cpp
[19.698s] -- Found nav_msgs: 4.9.1 (/opt/ros/humble/share/nav_msgs/cmake)
[19.766s] -- Found rclcpp: 16.0.19 (/opt/ros/humble/share/rclcpp/cmake)
[19.878s] -- Found rmw_implementation_cmake: 6.1.2 (/opt/ros/humble/share/rmw_implementation_cmake/cmake)
[19.885s] -- Found rmw_fastrtps_cpp: 6.2.10 (/opt/ros/humble/share/rmw_fastrtps_cpp/cmake)
[20.118s] -- Found OpenSSL: /usr/lib/x86_64-linux-gnu/libcrypto.so (found version "3.0.2")
[20.171s] -- Found FastRTPS: /opt/ros/humble/include
[20.215s] -- Using RMW implementation 'rmw_fastrtps_cpp' as default
[20.228s] -- Performing Test CMAKE_HAVE_LIBC_PTHREAD
[20.394s] -- Performing Test CMAKE_HAVE_LIBC_PTHREAD - Success
[20.399s] -- Found Threads: TRUE
[20.448s] -- Found rclcpp_components: 16.0.19 (/opt/ros/humble/share/rclcpp_components/cmake)
[20.498s] -- Found sensor_msgs: 4.9.1 (/opt/ros/humble/share/sensor_msgs/cmake)
[20.546s] -- Found tf2_ros: 0.25.20 (/opt/ros/humble/share/tf2_ros/cmake)
[20.690s] -- Found std_srvs: 4.9.1 (/opt/ros/humble/share/std_srvs/cmake)
[20.768s] -- Configuring done (20.7s)
[20.800s] -- Generating done (0.0s)
[20.833s] -- Build files have been written to: /home/starry1n/WUTA/WUTA-FSD/ros2_ws/build/kiss_icp
[20.856s] Invoked command in '/home/starry1n/WUTA/WUTA-FSD/ros2_ws/build/kiss_icp' returned '0': CMAKE_PREFIX_PATH=/opt/ros/humble /usr/bin/cmake /home/starry1n/WUTA/WUTA-FSD/ros2_ws/src/localization/kiss-icp/ros -DCMAKE_MODULE_PATH=/home/starry1n/WUTA/WUTA-FSD/ros2_ws/cmake -DAMENT_CMAKE_SYMLINK_INSTALL=1 -DCMAKE_INSTALL_PREFIX=/home/starry1n/WUTA/WUTA-FSD/ros2_ws/install/kiss_icp
[20.857s] Invoking command in '/home/starry1n/WUTA/WUTA-FSD/ros2_ws/build/kiss_icp': CMAKE_PREFIX_PATH=/opt/ros/humble /usr/bin/cmake --build /home/starry1n/WUTA/WUTA-FSD/ros2_ws/build/kiss_icp -- -j8 -l8
[40.486s] [  7%] [32mBuilding CXX object kiss_icp/core/CMakeFiles/kiss_icp_core.dir/Registration.cpp.o[0m
[40.486s] [ 14%] [32mBuilding CXX object kiss_icp/core/CMakeFiles/kiss_icp_core.dir/VoxelUtils.cpp.o[0m
[40.486s] [ 28%] [32mBuilding CXX object kiss_icp/core/CMakeFiles/kiss_icp_core.dir/VoxelHashMap.cpp.o[0m
[40.486s] [ 28%] [32mBuilding CXX object CMakeFiles/kiss_icp_node.dir/rclcpp_components/node_main_kiss_icp_node.cpp.o[0m
[40.486s] [ 35%] [32mBuilding CXX object kiss_icp/core/CMakeFiles/kiss_icp_core.dir/Preprocessing.cpp.o[0m
[40.486s] [ 42%] [32mBuilding CXX object kiss_icp/metrics/CMakeFiles/kiss_icp_metrics.dir/Metrics.cpp.o[0m
[40.486s] [ 50%] [32mBuilding CXX object kiss_icp/core/CMakeFiles/kiss_icp_core.dir/Threshold.cpp.o[0m
[40.486s] [ 57%] [1m[32mLinking CXX executable kiss_icp_node[0m
[40.486s] [ 57%] Built target kiss_icp_node
[40.486s] [ 64%] [1m[32mLinking CXX static library libkiss_icp_core.a[0m
[40.486s] [ 64%] Built target kiss_icp_core
[40.486s] [ 71%] [32mBuilding CXX object kiss_icp/pipeline/CMakeFiles/kiss_icp_pipeline.dir/KissICP.cpp.o[0m
[40.486s] [ 78%] [1m[32mLinking CXX static library libkiss_icp_pipeline.a[0m
[40.486s] [ 78%] Built target kiss_icp_pipeline
[40.486s] [ 85%] [32mBuilding CXX object CMakeFiles/odometry_component.dir/src/OdometryServer.cpp.o[0m
[40.486s] [ 92%] [1m[32mLinking CXX static library libkiss_icp_metrics.a[0m
[40.486s] [ 92%] Built target kiss_icp_metrics
[57.507s] [100%] [1m[32mLinking CXX shared library libodometry_component.so[0m
[57.739s] [100%] Built target odometry_component
[57.769s] Invoked command in '/home/starry1n/WUTA/WUTA-FSD/ros2_ws/build/kiss_icp' returned '0': CMAKE_PREFIX_PATH=/opt/ros/humble /usr/bin/cmake --build /home/starry1n/WUTA/WUTA-FSD/ros2_ws/build/kiss_icp -- -j8 -l8
[57.769s] Invoking command in '/home/starry1n/WUTA/WUTA-FSD/ros2_ws/build/kiss_icp': CMAKE_PREFIX_PATH=/opt/ros/humble /usr/bin/cmake --install /home/starry1n/WUTA/WUTA-FSD/ros2_ws/build/kiss_icp
[57.774s] -- Install configuration: "Release"
[57.774s] -- Execute custom install script
[57.774s] -- Symlinking: /home/starry1n/WUTA/WUTA-FSD/ros2_ws/install/kiss_icp/lib/kiss_icp/kiss_icp_node
[57.781s] -- Symlinking: /home/starry1n/WUTA/WUTA-FSD/ros2_ws/install/kiss_icp/lib/libodometry_component.so
[57.789s] -- Symlinking: /home/starry1n/WUTA/WUTA-FSD/ros2_ws/install/kiss_icp/share/kiss_icp//launch/odometry.launch.py
[57.797s] -- Symlinking: /home/starry1n/WUTA/WUTA-FSD/ros2_ws/install/kiss_icp/share/kiss_icp//rviz/kiss_icp.rviz
[57.804s] -- Symlinking: /home/starry1n/WUTA/WUTA-FSD/ros2_ws/install/kiss_icp/share/kiss_icp//config/config.yaml
[57.812s] -- Symlinking: /home/starry1n/WUTA/WUTA-FSD/ros2_ws/install/kiss_icp/share/ament_index/resource_index/package_run_dependencies/kiss_icp
[57.827s] -- Symlinking: /home/starry1n/WUTA/WUTA-FSD/ros2_ws/install/kiss_icp/share/ament_index/resource_index/parent_prefix_path/kiss_icp
[57.835s] -- Symlinking: /home/starry1n/WUTA/WUTA-FSD/ros2_ws/install/kiss_icp/share/kiss_icp/environment/ament_prefix_path.sh
[57.843s] -- Symlinking: /home/starry1n/WUTA/WUTA-FSD/ros2_ws/install/kiss_icp/share/kiss_icp/environment/ament_prefix_path.dsv
[57.851s] -- Symlinking: /home/starry1n/WUTA/WUTA-FSD/ros2_ws/install/kiss_icp/share/kiss_icp/environment/path.sh
[57.862s] -- Symlinking: /home/starry1n/WUTA/WUTA-FSD/ros2_ws/install/kiss_icp/share/kiss_icp/environment/path.dsv
[57.869s] -- Symlinking: /home/starry1n/WUTA/WUTA-FSD/ros2_ws/install/kiss_icp/share/kiss_icp/local_setup.bash
[57.878s] -- Symlinking: /home/starry1n/WUTA/WUTA-FSD/ros2_ws/install/kiss_icp/share/kiss_icp/local_setup.sh
[57.887s] -- Symlinking: /home/starry1n/WUTA/WUTA-FSD/ros2_ws/install/kiss_icp/share/kiss_icp/local_setup.zsh
[57.896s] -- Symlinking: /home/starry1n/WUTA/WUTA-FSD/ros2_ws/install/kiss_icp/share/kiss_icp/local_setup.dsv
[57.905s] -- Symlinking: /home/starry1n/WUTA/WUTA-FSD/ros2_ws/install/kiss_icp/share/kiss_icp/package.dsv
[57.912s] -- Symlinking: /home/starry1n/WUTA/WUTA-FSD/ros2_ws/install/kiss_icp/share/ament_index/resource_index/packages/kiss_icp
[57.920s] -- Symlinking: /home/starry1n/WUTA/WUTA-FSD/ros2_ws/install/kiss_icp/share/ament_index/resource_index/rclcpp_components/kiss_icp
[57.929s] -- Symlinking: /home/starry1n/WUTA/WUTA-FSD/ros2_ws/install/kiss_icp/share/kiss_icp/cmake/kiss_icpConfig.cmake
[57.936s] -- Symlinking: /home/starry1n/WUTA/WUTA-FSD/ros2_ws/install/kiss_icp/share/kiss_icp/cmake/kiss_icpConfig-version.cmake
[57.947s] -- Symlinking: /home/starry1n/WUTA/WUTA-FSD/ros2_ws/install/kiss_icp/share/kiss_icp/package.xml
[57.959s] Invoked command in '/home/starry1n/WUTA/WUTA-FSD/ros2_ws/build/kiss_icp' returned '0': CMAKE_PREFIX_PATH=/opt/ros/humble /usr/bin/cmake --install /home/starry1n/WUTA/WUTA-FSD/ros2_ws/build/kiss_icp
