[0.074s] Invoking command in '/home/starry1n/WUTA-FSD1/ros2_ws/build/lidar_detection': AMENT_PREFIX_PATH=/home/starry1n/WUTA-FSD1/ros2_ws/install/wuta_msgs:${AMENT_PREFIX_PATH} CMAKE_PREFIX_PATH=/home/starry1n/WUTA-FSD1/ros2_ws/install/wuta_msgs:/opt/ros/humble LD_LIBRARY_PATH=/home/starry1n/WUTA-FSD1/ros2_ws/install/wuta_msgs/lib:${LD_LIBRARY_PATH} PYTHONPATH=/home/starry1n/WUTA-FSD1/ros2_ws/install/wuta_msgs/local/lib/python3.10/dist-packages:${PYTHONPATH} /usr/bin/cmake /home/starry1n/WUTA-FSD1/ros2_ws/src/perception/lidar_detection -DCMAKE_MODULE_PATH=/home/starry1n/WUTA-FSD1/ros2_ws/cmake -DAMENT_CMAKE_SYMLINK_INSTALL=1 -DCMAKE_INSTALL_PREFIX=/home/starry1n/WUTA-FSD1/ros2_ws/install/lidar_detection
[0.241s] [0mCMake Deprecation Warning at CMakeLists.txt:1 (cmake_minimum_required):
[0.241s]   Compatibility with CMake < 3.10 will be removed from a future version of
[0.241s]   CMake.
[0.241s] 
[0.241s]   Update the VERSION argument <min> value.  Or, use the <min>...<max> syntax
[0.241s]   to tell CMake that the project requires at least <min> but has been updated
[0.241s]   to work with policies introduced by <max> or earlier.
[0.241s] 
[0.241s] [0m
[0.318s] -- The C compiler identification is GNU 11.4.0
[0.597s] -- The CXX compiler identification is GNU 11.4.0
[0.647s] -- Detecting C compiler ABI info
[1.287s] -- Detecting C compiler ABI info - done
[1.327s] -- Check for working C compiler: /usr/bin/cc - skipped
[1.328s] -- Detecting C compile features
[1.331s] -- Detecting C compile features - done
[1.404s] -- Detecting CXX compiler ABI info
[1.786s] -- Detecting CXX compiler ABI info - done
[1.838s] -- Check for working CXX compiler: /usr/bin/c++ - skipped
[1.838s] -- Detecting CXX compile features
[1.842s] -- Detecting CXX compile features - done
[1.906s] -- Found ament_cmake: 1.3.14 (/opt/ros/humble/share/ament_cmake/cmake)
[2.509s] -- Found Python3: /usr/bin/python3 (found version "3.10.12") found components: Interpreter
[2.713s] -- Override CMake install command with custom implementation using symlinks instead of copying resources
[2.808s] -- Found rclcpp: 16.0.19 (/opt/ros/humble/share/rclcpp/cmake)
[2.919s] -- Found rosidl_generator_c: 3.1.9 (/opt/ros/humble/share/rosidl_generator_c/cmake)
[2.929s] -- Found rosidl_adapter: 3.1.9 (/opt/ros/humble/share/rosidl_adapter/cmake)
[2.955s] -- Found rosidl_generator_cpp: 3.1.9 (/opt/ros/humble/share/rosidl_generator_cpp/cmake)
[2.996s] -- Using all available rosidl_typesupport_c: rosidl_typesupport_fastrtps_c;rosidl_typesupport_introspection_c
[3.031s] -- Using all available rosidl_typesupport_cpp: rosidl_typesupport_fastrtps_cpp;rosidl_typesupport_introspection_cpp
[3.167s] -- Found rmw_implementation_cmake: 6.1.2 (/opt/ros/humble/share/rmw_implementation_cmake/cmake)
[3.174s] -- Found rmw_fastrtps_cpp: 6.2.10 (/opt/ros/humble/share/rmw_fastrtps_cpp/cmake)
[3.902s] -- Found OpenSSL: /usr/lib/x86_64-linux-gnu/libcrypto.so (found version "3.0.2")
[3.980s] -- Found FastRTPS: /opt/ros/humble/include
[4.072s] -- Using RMW implementation 'rmw_fastrtps_cpp' as default
[4.099s] -- Performing Test CMAKE_HAVE_LIBC_PTHREAD
[4.438s] -- Performing Test CMAKE_HAVE_LIBC_PTHREAD - Success
[4.444s] -- Found Threads: TRUE
[4.651s] -- Found sensor_msgs: 4.9.1 (/opt/ros/humble/share/sensor_msgs/cmake)
[4.765s] -- Found visualization_msgs: 4.9.1 (/opt/ros/humble/share/visualization_msgs/cmake)
[4.854s] -- Found wuta_msgs: 1.0.0 (/home/starry1n/WUTA-FSD1/ros2_ws/install/wuta_msgs/share/wuta_msgs/cmake)
[4.938s] [33mCMake Warning (dev) at /usr/lib/x86_64-linux-gnu/cmake/pcl/PCLConfig.cmake:146 (find_package):
[4.939s]   Policy CMP0144 is not set: find_package uses upper-case <PACKAGENAME>_ROOT
[4.939s]   variables.  Run "cmake --help-policy CMP0144" for policy details.  Use the
[4.939s]   cmake_policy command to set the policy and suppress this warning.
[4.939s] 
[4.939s]   CMake variable EIGEN_ROOT is set to:
[4.939s] 
[4.939s]     /usr/include/eigen3
[4.939s] 
[4.939s]   For compatibility, find_package is ignoring the variable, but code in a
[4.939s]   .cmake module might still use it.
[4.939s] Call Stack (most recent call first):
[4.939s]   /usr/lib/x86_64-linux-gnu/cmake/pcl/PCLConfig.cmake:299 (find_eigen)
[4.939s]   /usr/lib/x86_64-linux-gnu/cmake/pcl/PCLConfig.cmake:543 (find_external_library)
[4.939s]   CMakeLists.txt:11 (find_package)
[4.939s] This warning is for project developers.  Use -Wno-dev to suppress it.
[4.939s] [0m
[4.955s] -- Checking for module 'eigen3'
[5.009s] --   Found eigen3, version 3.4.0
[5.369s] [33mCMake Warning (dev) at /usr/lib/x86_64-linux-gnu/cmake/pcl/PCLConfig.cmake:128 (find_package):
[5.369s]   Policy CMP0167 is not set: The FindBoost module is removed.  Run "cmake
[5.369s]   --help-policy CMP0167" for policy details.  Use the cmake_policy command to
[5.369s]   set the policy and suppress this warning.
[5.369s] 
[5.369s] Call Stack (most recent call first):
[5.369s]   /usr/lib/x86_64-linux-gnu/cmake/pcl/PCLConfig.cmake:297 (find_boost)
[5.369s]   /usr/lib/x86_64-linux-gnu/cmake/pcl/PCLConfig.cmake:543 (find_external_library)
[5.369s]   CMakeLists.txt:11 (find_package)
[5.369s] This warning is for project developers.  Use -Wno-dev to suppress it.
[5.369s] [0m
[5.369s] -- Found Eigen: /usr/include/eigen3 (Required is at least version "3.1")
[5.369s] -- Eigen found (include: /usr/include/eigen3, version: 3.4.0)
[5.417s] -- Found Boost: /usr/lib/x86_64-linux-gnu/cmake/Boost-1.74.0/BoostConfig.cmake (found suitable version "1.74.0", minimum required is "1.65.0") found components: system filesystem date_time iostreams serialization
[5.512s] -- Found GLEW: /usr/lib/x86_64-linux-gnu/libGLEW.so
[5.535s] -- Found OpenGL: /usr/lib/x86_64-linux-gnu/libOpenGL.so  found components: OpenGL GLX
[5.961s] -- Found MPI: TRUE  found components: C
[5.961s] -- Found JsonCpp: /usr/lib/x86_64-linux-gnu/libjsoncpp.so (found suitable version "1.9.5", minimum required is "0.7.0")
[6.006s] -- Found ZLIB: /usr/lib/x86_64-linux-gnu/libz.so (found version "1.2.11")
[6.099s] -- Found PNG: /usr/lib/x86_64-linux-gnu/libpng.so (found version "1.6.37")
[6.135s] -- Found Eigen3: /usr/include/eigen3 (found version "3.4.0")
[6.790s] -- Found X11: /usr/include
[6.791s] -- Looking for XOpenDisplay in /usr/lib/x86_64-linux-gnu/libX11.so;/usr/lib/x86_64-linux-gnu/libXext.so
[7.058s] -- Looking for XOpenDisplay in /usr/lib/x86_64-linux-gnu/libX11.so;/usr/lib/x86_64-linux-gnu/libXext.so - found
[7.059s] -- Looking for gethostbyname
[7.363s] -- Looking for gethostbyname - found
[7.363s] -- Looking for connect
[7.619s] -- Looking for connect - found
[7.619s] -- Looking for remove
[7.902s] -- Looking for remove - found
[7.902s] -- Looking for shmat
[8.221s] -- Looking for shmat - found
[8.221s] -- Looking for IceConnectionNumber in ICE
[8.472s] -- Looking for IceConnectionNumber in ICE - found
[8.824s] -- Found EXPAT: /usr/lib/x86_64-linux-gnu/libexpat.so (found version "2.4.7")
[8.830s] -- Found double-conversion: /usr/lib/x86_64-linux-gnu/libdouble-conversion.so
[8.832s] -- Found LZ4: /usr/lib/x86_64-linux-gnu/liblz4.so (found version "1.9.3")
[8.839s] -- Found LZMA: /usr/lib/x86_64-linux-gnu/liblzma.so (found version "5.2.5")
[8.857s] -- Found JPEG: /usr/lib/x86_64-linux-gnu/libjpeg.so (found version "80")
[8.900s] -- Found TIFF: /usr/lib/x86_64-linux-gnu/libtiff.so (found version "4.3.0")
[8.912s] -- Found Freetype: /usr/lib/x86_64-linux-gnu/libfreetype.so (found version "2.11.1")
[8.930s] -- Found utf8cpp: /usr/include/utf8cpp
[9.676s] [33mCMake Warning (dev) at /usr/lib/x86_64-linux-gnu/cmake/pcl/Modules/FindFLANN.cmake:44 (find_package):
[9.676s]   Policy CMP0144 is not set: find_package uses upper-case <PACKAGENAME>_ROOT
[9.676s]   variables.  Run "cmake --help-policy CMP0144" for policy details.  Use the
[9.676s]   cmake_policy command to set the policy and suppress this warning.
[9.676s] 
[9.676s]   CMake variable FLANN_ROOT is set to:
[9.676s] 
[9.676s]     /usr
[9.676s] 
[9.676s]   For compatibility, find_package is ignoring the variable, but code in a
[9.676s]   .cmake module might still use it.
[9.676s] Call Stack (most recent call first):
[9.676s]   /usr/lib/x86_64-linux-gnu/cmake/pcl/PCLConfig.cmake:256 (find_package)
[9.676s]   /usr/lib/x86_64-linux-gnu/cmake/pcl/PCLConfig.cmake:301 (find_flann)
[9.676s]   /usr/lib/x86_64-linux-gnu/cmake/pcl/PCLConfig.cmake:543 (find_external_library)
[9.677s]   CMakeLists.txt:11 (find_package)
[9.677s] This warning is for project developers.  Use -Wno-dev to suppress it.
[9.677s] [0m
[9.716s] -- Checking for module 'flann'
[9.773s] --   Found flann, version 1.9.1
[9.955s] -- Found FLANN: /usr/lib/x86_64-linux-gnu/libflann_cpp.so
[9.955s] -- FLANN found (include: /usr/include, lib: /usr/lib/x86_64-linux-gnu/libflann_cpp.so)
[9.955s] -- looking for PCL_COMMON
[9.960s] -- Found PCL_COMMON: /usr/lib/x86_64-linux-gnu/libpcl_common.so
[9.961s] -- looking for PCL_SAMPLE_CONSENSUS
[9.961s] -- Found PCL_SAMPLE_CONSENSUS: /usr/lib/x86_64-linux-gnu/libpcl_sample_consensus.so
[9.962s] -- looking for PCL_OCTREE
[9.966s] -- Found PCL_OCTREE: /usr/lib/x86_64-linux-gnu/libpcl_octree.so
[9.967s] -- looking for PCL_FILTERS
[9.968s] -- Found PCL_FILTERS: /usr/lib/x86_64-linux-gnu/libpcl_filters.so
[9.968s] -- looking for PCL_GEOMETRY
[9.968s] -- Found PCL_GEOMETRY: /usr/include/pcl-1.12
[9.968s] -- looking for PCL_2D
[9.968s] -- Found PCL_2D: /usr/include/pcl-1.12
[9.968s] -- looking for PCL_FEATURES
[9.973s] -- Found PCL_FEATURES: /usr/lib/x86_64-linux-gnu/libpcl_features.so
[9.973s] -- looking for PCL_ML
[9.974s] -- Found PCL_ML: /usr/lib/x86_64-linux-gnu/libpcl_ml.so
[9.974s] -- looking for PCL_SEGMENTATION
[9.979s] -- Found PCL_SEGMENTATION: /usr/lib/x86_64-linux-gnu/libpcl_segmentation.so
[9.980s] -- looking for PCL_SEARCH
[9.980s] -- Found PCL_SEARCH: /usr/lib/x86_64-linux-gnu/libpcl_search.so
[9.984s] -- looking for PCL_KDTREE
[9.985s] -- Found PCL_KDTREE: /usr/lib/x86_64-linux-gnu/libpcl_kdtree.so
[9.986s] -- Found PCL: pcl_common;pcl_sample_consensus;pcl_octree;pcl_filters;pcl_features;pcl_ml;pcl_segmentation;pcl_search;pcl_kdtree;Boost::system;Boost::filesystem;Boost::date_time;Boost::iostreams;Boost::serialization;VTK::ChartsCore;VTK::CommonColor;VTK::CommonComputationalGeometry;VTK::CommonCore;VTK::CommonDataModel;VTK::CommonExecutionModel;VTK::CommonMath;VTK::CommonMisc;VTK::CommonTransforms;VTK::FiltersCore;VTK::FiltersExtraction;VTK::FiltersGeneral;VTK::FiltersGeometry;VTK::FiltersModeling;VTK::FiltersSources;VTK::ImagingCore;VTK::ImagingSources;VTK::InteractionImage;VTK::InteractionStyle;VTK::InteractionWidgets;VTK::IOCore;VTK::IOGeometry;VTK::IOImage;VTK::IOLegacy;VTK::IOPLY;VTK::RenderingAnnotation;VTK::RenderingCore;VTK::RenderingContext2D;VTK::RenderingLOD;VTK::RenderingFreeType;VTK::ViewsCore;VTK::ViewsContext2D;VTK::RenderingOpenGL2;VTK::GUISupportQt;FLANN::FLANN
[9.991s] -- Found pcl_conversions: 2.4.5 (/opt/ros/humble/share/pcl_conversions/cmake)
[10.274s] -- Configuring done (10.2s)
[10.382s] -- Generating done (0.1s)
[10.589s] -- Build files have been written to: /home/starry1n/WUTA-FSD1/ros2_ws/build/lidar_detection
[10.646s] Invoked command in '/home/starry1n/WUTA-FSD1/ros2_ws/build/lidar_detection' returned '0': AMENT_PREFIX_PATH=/home/starry1n/WUTA-FSD1/ros2_ws/install/wuta_msgs:${AMENT_PREFIX_PATH} CMAKE_PREFIX_PATH=/home/starry1n/WUTA-FSD1/ros2_ws/install/wuta_msgs:/opt/ros/humble LD_LIBRARY_PATH=/home/starry1n/WUTA-FSD1/ros2_ws/install/wuta_msgs/lib:${LD_LIBRARY_PATH} PYTHONPATH=/home/starry1n/WUTA-FSD1/ros2_ws/install/wuta_msgs/local/lib/python3.10/dist-packages:${PYTHONPATH} /usr/bin/cmake /home/starry1n/WUTA-FSD1/ros2_ws/src/perception/lidar_detection -DCMAKE_MODULE_PATH=/home/starry1n/WUTA-FSD1/ros2_ws/cmake -DAMENT_CMAKE_SYMLINK_INSTALL=1 -DCMAKE_INSTALL_PREFIX=/home/starry1n/WUTA-FSD1/ros2_ws/install/lidar_detection
[10.647s] Invoking command in '/home/starry1n/WUTA-FSD1/ros2_ws/build/lidar_detection': AMENT_PREFIX_PATH=/home/starry1n/WUTA-FSD1/ros2_ws/install/wuta_msgs:${AMENT_PREFIX_PATH} CMAKE_PREFIX_PATH=/home/starry1n/WUTA-FSD1/ros2_ws/install/wuta_msgs:/opt/ros/humble LD_LIBRARY_PATH=/home/starry1n/WUTA-FSD1/ros2_ws/install/wuta_msgs/lib:${LD_LIBRARY_PATH} PYTHONPATH=/home/starry1n/WUTA-FSD1/ros2_ws/install/wuta_msgs/local/lib/python3.10/dist-packages:${PYTHONPATH} /usr/bin/cmake --build /home/starry1n/WUTA-FSD1/ros2_ws/build/lidar_detection -- -j8 -l8
[11.429s] [ 25%] [32mBuilding CXX object CMakeFiles/lidar_detection_node.dir/src/traditional_detector.cpp.o[0m
[11.429s] [ 50%] [32mBuilding CXX object CMakeFiles/lidar_detection_node.dir/src/lidar_detection_node.cpp.o[0m
[11.429s] [ 75%] [32mBuilding CXX object CMakeFiles/lidar_detection_node.dir/src/dl_detector.cpp.o[0m
[34.803s] [100%] [1m[32mLinking CXX executable lidar_detection_node[0m
[40.304s] [100%] Built target lidar_detection_node
[40.327s] Invoked command in '/home/starry1n/WUTA-FSD1/ros2_ws/build/lidar_detection' returned '0': AMENT_PREFIX_PATH=/home/starry1n/WUTA-FSD1/ros2_ws/install/wuta_msgs:${AMENT_PREFIX_PATH} CMAKE_PREFIX_PATH=/home/starry1n/WUTA-FSD1/ros2_ws/install/wuta_msgs:/opt/ros/humble LD_LIBRARY_PATH=/home/starry1n/WUTA-FSD1/ros2_ws/install/wuta_msgs/lib:${LD_LIBRARY_PATH} PYTHONPATH=/home/starry1n/WUTA-FSD1/ros2_ws/install/wuta_msgs/local/lib/python3.10/dist-packages:${PYTHONPATH} /usr/bin/cmake --build /home/starry1n/WUTA-FSD1/ros2_ws/build/lidar_detection -- -j8 -l8
[40.332s] Invoking command in '/home/starry1n/WUTA-FSD1/ros2_ws/build/lidar_detection': AMENT_PREFIX_PATH=/home/starry1n/WUTA-FSD1/ros2_ws/install/wuta_msgs:${AMENT_PREFIX_PATH} CMAKE_PREFIX_PATH=/home/starry1n/WUTA-FSD1/ros2_ws/install/wuta_msgs:/opt/ros/humble LD_LIBRARY_PATH=/home/starry1n/WUTA-FSD1/ros2_ws/install/wuta_msgs/lib:${LD_LIBRARY_PATH} PYTHONPATH=/home/starry1n/WUTA-FSD1/ros2_ws/install/wuta_msgs/local/lib/python3.10/dist-packages:${PYTHONPATH} /usr/bin/cmake --install /home/starry1n/WUTA-FSD1/ros2_ws/build/lidar_detection
[40.347s] -- Install configuration: ""
[40.348s] -- Execute custom install script
[40.348s] -- Symlinking: /home/starry1n/WUTA-FSD1/ros2_ws/install/lidar_detection/lib/lidar_detection/lidar_detection_node
[40.370s] -- Symlinking: /home/starry1n/WUTA-FSD1/ros2_ws/install/lidar_detection/share/lidar_detection/config/lidar_detection.yaml
[40.392s] -- Symlinking: /home/starry1n/WUTA-FSD1/ros2_ws/install/lidar_detection/share/ament_index/resource_index/package_run_dependencies/lidar_detection
[40.418s] -- Symlinking: /home/starry1n/WUTA-FSD1/ros2_ws/install/lidar_detection/share/ament_index/resource_index/parent_prefix_path/lidar_detection
[40.430s] -- Symlinking: /home/starry1n/WUTA-FSD1/ros2_ws/install/lidar_detection/share/lidar_detection/environment/ament_prefix_path.sh
[40.440s] -- Symlinking: /home/starry1n/WUTA-FSD1/ros2_ws/install/lidar_detection/share/lidar_detection/environment/ament_prefix_path.dsv
[40.452s] -- Symlinking: /home/starry1n/WUTA-FSD1/ros2_ws/install/lidar_detection/share/lidar_detection/environment/path.sh
[40.469s] -- Symlinking: /home/starry1n/WUTA-FSD1/ros2_ws/install/lidar_detection/share/lidar_detection/environment/path.dsv
[40.484s] -- Symlinking: /home/starry1n/WUTA-FSD1/ros2_ws/install/lidar_detection/share/lidar_detection/local_setup.bash
[40.499s] -- Symlinking: /home/starry1n/WUTA-FSD1/ros2_ws/install/lidar_detection/share/lidar_detection/local_setup.sh
[40.514s] -- Symlinking: /home/starry1n/WUTA-FSD1/ros2_ws/install/lidar_detection/share/lidar_detection/local_setup.zsh
[40.531s] -- Symlinking: /home/starry1n/WUTA-FSD1/ros2_ws/install/lidar_detection/share/lidar_detection/local_setup.dsv
[40.539s] -- Symlinking: /home/starry1n/WUTA-FSD1/ros2_ws/install/lidar_detection/share/lidar_detection/package.dsv
[40.558s] -- Symlinking: /home/starry1n/WUTA-FSD1/ros2_ws/install/lidar_detection/share/ament_index/resource_index/packages/lidar_detection
[40.580s] -- Symlinking: /home/starry1n/WUTA-FSD1/ros2_ws/install/lidar_detection/share/lidar_detection/cmake/lidar_detectionConfig.cmake
[40.591s] -- Symlinking: /home/starry1n/WUTA-FSD1/ros2_ws/install/lidar_detection/share/lidar_detection/cmake/lidar_detectionConfig-version.cmake
[40.598s] -- Symlinking: /home/starry1n/WUTA-FSD1/ros2_ws/install/lidar_detection/share/lidar_detection/package.xml
[40.622s] Invoked command in '/home/starry1n/WUTA-FSD1/ros2_ws/build/lidar_detection' returned '0': AMENT_PREFIX_PATH=/home/starry1n/WUTA-FSD1/ros2_ws/install/wuta_msgs:${AMENT_PREFIX_PATH} CMAKE_PREFIX_PATH=/home/starry1n/WUTA-FSD1/ros2_ws/install/wuta_msgs:/opt/ros/humble LD_LIBRARY_PATH=/home/starry1n/WUTA-FSD1/ros2_ws/install/wuta_msgs/lib:${LD_LIBRARY_PATH} PYTHONPATH=/home/starry1n/WUTA-FSD1/ros2_ws/install/wuta_msgs/local/lib/python3.10/dist-packages:${PYTHONPATH} /usr/bin/cmake --install /home/starry1n/WUTA-FSD1/ros2_ws/build/lidar_detection
