[0.086s] Invoking command in '/home/wuta/WUTA/WUTA-FSD/ros2_ws/build/lidar_detection': AMENT_PREFIX_PATH=/home/wuta/WUTA/WUTA-FSD/ros2_ws/install/wuta_msgs:${AMENT_PREFIX_PATH} CMAKE_PREFIX_PATH=/home/wuta/WUTA/WUTA-FSD/ros2_ws/install/wuta_msgs:/opt/ros/humble LD_LIBRARY_PATH=/home/wuta/WUTA/WUTA-FSD/ros2_ws/install/wuta_msgs/lib:${LD_LIBRARY_PATH} PYTHONPATH=/home/wuta/WUTA/WUTA-FSD/ros2_ws/install/wuta_msgs/local/lib/python3.10/dist-packages:${PYTHONPATH} /home/wuta/.local/bin/cmake /home/wuta/WUTA/WUTA-FSD/ros2_ws/src/perception/lidar_detection -DAMENT_CMAKE_SYMLINK_INSTALL=1 -DCMAKE_INSTALL_PREFIX=/home/wuta/WUTA/WUTA-FSD/ros2_ws/install/lidar_detection
[0.402s] CMake Deprecation Warning at CMakeLists.txt:1 (cmake_minimum_required):
[0.402s]   Compatibility with CMake < 3.10 will be removed from a future version of
[0.402s]   CMake.
[0.402s] 
[0.403s]   Update the VERSION argument <min> value.  Or, use the <min>...<max> syntax
[0.403s]   to tell CMake that the project requires at least <min> but has been updated
[0.403s]   to work with policies introduced by <max> or earlier.
[0.403s] 
[0.403s] 
[0.586s] -- The C compiler identification is GNU 12.3.0
[0.794s] -- The CXX compiler identification is GNU 12.3.0
[0.835s] -- Detecting C compiler ABI info
[1.068s] -- Detecting C compiler ABI info - done
[1.145s] -- Check for working C compiler: /usr/bin/cc - skipped
[1.147s] -- Detecting C compile features
[1.149s] -- Detecting C compile features - done
[1.188s] -- Detecting CXX compiler ABI info
[1.458s] -- Detecting CXX compiler ABI info - done
[1.518s] -- Check for working CXX compiler: /usr/bin/c++ - skipped
[1.519s] -- Detecting CXX compile features
[1.520s] -- Detecting CXX compile features - done
[1.535s] -- Found ament_cmake: 1.3.14 (/opt/ros/humble/share/ament_cmake/cmake)
[1.960s] -- Found Python3: /usr/bin/python3 (found version "3.10.12") found components: Interpreter
[2.234s] -- Override CMake install command with custom implementation using symlinks instead of copying resources
[2.370s] -- Found rclcpp: 16.0.19 (/opt/ros/humble/share/rclcpp/cmake)
[2.583s] -- Found rosidl_generator_c: 3.1.8 (/opt/ros/humble/share/rosidl_generator_c/cmake)
[2.610s] -- Found rosidl_adapter: 3.1.8 (/opt/ros/humble/share/rosidl_adapter/cmake)
[2.652s] -- Found rosidl_generator_cpp: 3.1.8 (/opt/ros/humble/share/rosidl_generator_cpp/cmake)
[2.726s] -- Using all available rosidl_typesupport_c: rosidl_typesupport_fastrtps_c;rosidl_typesupport_introspection_c
[2.808s] -- Using all available rosidl_typesupport_cpp: rosidl_typesupport_fastrtps_cpp;rosidl_typesupport_introspection_cpp
[2.929s] -- Found rmw_implementation_cmake: 6.1.2 (/opt/ros/humble/share/rmw_implementation_cmake/cmake)
[2.935s] -- Found rmw_fastrtps_cpp: 6.2.10 (/opt/ros/humble/share/rmw_fastrtps_cpp/cmake)
[3.191s] -- Found OpenSSL: /usr/lib/x86_64-linux-gnu/libcrypto.so (found version "3.0.2")
[3.294s] -- Found FastRTPS: /opt/ros/humble/include
[3.464s] -- Using RMW implementation 'rmw_fastrtps_cpp' as default
[3.499s] -- Performing Test CMAKE_HAVE_LIBC_PTHREAD
[3.711s] -- Performing Test CMAKE_HAVE_LIBC_PTHREAD - Success
[3.716s] -- Found Threads: TRUE
[3.930s] -- Found sensor_msgs: 4.9.1 (/opt/ros/humble/share/sensor_msgs/cmake)
[4.055s] -- Found visualization_msgs: 4.9.1 (/opt/ros/humble/share/visualization_msgs/cmake)
[4.123s] -- Found wuta_msgs: 1.0.0 (/home/wuta/WUTA/WUTA-FSD/ros2_ws/install/wuta_msgs/share/wuta_msgs/cmake)
[4.197s] CMake Warning (dev) at /usr/lib/x86_64-linux-gnu/cmake/pcl/PCLConfig.cmake:146 (find_package):
[4.198s]   Policy CMP0144 is not set: find_package uses upper-case <PACKAGENAME>_ROOT
[4.198s]   variables.  Run "cmake --help-policy CMP0144" for policy details.  Use the
[4.198s]   cmake_policy command to set the policy and suppress this warning.
[4.198s] 
[4.198s]   CMake variable EIGEN_ROOT is set to:
[4.198s] 
[4.198s]     /usr/include/eigen3
[4.198s] 
[4.199s]   For compatibility, find_package is ignoring the variable, but code in a
[4.199s]   .cmake module might still use it.
[4.199s] Call Stack (most recent call first):
[4.199s]   /usr/lib/x86_64-linux-gnu/cmake/pcl/PCLConfig.cmake:299 (find_eigen)
[4.199s]   /usr/lib/x86_64-linux-gnu/cmake/pcl/PCLConfig.cmake:543 (find_external_library)
[4.199s]   CMakeLists.txt:11 (find_package)
[4.199s] This warning is for project developers.  Use -Wno-dev to suppress it.
[4.199s] 
[4.212s] -- Checking for module 'eigen3'
[4.244s] --   Found eigen3, version 3.4.0
[4.317s] -- Found Eigen: /usr/include/eigen3 (Required is at least version "3.1")
[4.317s] -- Eigen found (include: /usr/include/eigen3, version: 3.4.0)
[4.318s] CMake Warning (dev) at /usr/lib/x86_64-linux-gnu/cmake/pcl/PCLConfig.cmake:128 (find_package):
[4.318s]   Policy CMP0167 is not set: The FindBoost module is removed.  Run "cmake
[4.318s]   --help-policy CMP0167" for policy details.  Use the cmake_policy command to
[4.318s]   set the policy and suppress this warning.
[4.318s] 
[4.318s] Call Stack (most recent call first):
[4.319s]   /usr/lib/x86_64-linux-gnu/cmake/pcl/PCLConfig.cmake:297 (find_boost)
[4.319s]   /usr/lib/x86_64-linux-gnu/cmake/pcl/PCLConfig.cmake:543 (find_external_library)
[4.319s]   CMakeLists.txt:11 (find_package)
[4.319s] This warning is for project developers.  Use -Wno-dev to suppress it.
[4.319s] 
[4.411s] -- Found Boost: /usr/lib/x86_64-linux-gnu/cmake/Boost-1.74.0/BoostConfig.cmake (found suitable version "1.74.0", minimum required is "1.65.0") found components: system filesystem date_time iostreams serialization
[4.582s] -- Found GLEW: /usr/lib/x86_64-linux-gnu/libGLEW.so
[4.582s] -- Found OpenGL: /usr/lib/x86_64-linux-gnu/libOpenGL.so  found components: OpenGL GLX
[5.134s] -- Found MPI_C: /usr/lib/x86_64-linux-gnu/libmpi.so (found version "3.1")
[5.134s] -- Found MPI: TRUE (found version "3.1") found components: C
[5.155s] -- Found JsonCpp: /usr/lib/x86_64-linux-gnu/libjsoncpp.so (found suitable version "1.9.5", minimum required is "0.7.0")
[5.246s] -- Found ZLIB: /usr/lib/x86_64-linux-gnu/libz.so (found version "1.2.11")
[5.410s] -- Found PNG: /usr/lib/x86_64-linux-gnu/libpng.so (found version "1.6.37")
[5.512s] -- Found Eigen3: /usr/include/eigen3 (found version "3.4.0")
[6.034s] -- Found X11: /usr/include
[6.034s] -- Looking for XOpenDisplay in /usr/lib/x86_64-linux-gnu/libX11.so;/usr/lib/x86_64-linux-gnu/libXext.so
[6.203s] -- Looking for XOpenDisplay in /usr/lib/x86_64-linux-gnu/libX11.so;/usr/lib/x86_64-linux-gnu/libXext.so - found
[6.203s] -- Looking for gethostbyname
[6.334s] -- Looking for gethostbyname - found
[6.335s] -- Looking for connect
[6.534s] -- Looking for connect - found
[6.534s] -- Looking for remove
[6.656s] -- Looking for remove - found
[6.656s] -- Looking for shmat
[6.838s] -- Looking for shmat - found
[6.838s] -- Looking for IceConnectionNumber in ICE
[7.014s] -- Looking for IceConnectionNumber in ICE - found
[7.357s] -- Found EXPAT: /usr/lib/x86_64-linux-gnu/libexpat.so (found version "2.4.7")
[7.363s] -- Found double-conversion: /usr/lib/x86_64-linux-gnu/libdouble-conversion.so
[7.371s] -- Found LZ4: /usr/lib/x86_64-linux-gnu/liblz4.so (found version "1.9.3")
[7.378s] -- Found LZMA: /usr/lib/x86_64-linux-gnu/liblzma.so (found version "5.2.5")
[7.417s] -- Found JPEG: /usr/lib/x86_64-linux-gnu/libjpeg.so (found version "80")
[7.459s] -- Found TIFF: /usr/lib/x86_64-linux-gnu/libtiff.so (found version "4.3.0")
[7.479s] -- Found Freetype: /usr/lib/x86_64-linux-gnu/libfreetype.so (found version "2.11.1")
[7.494s] -- Found utf8cpp: /usr/include/utf8cpp
[8.181s] CMake Warning (dev) at /usr/lib/x86_64-linux-gnu/cmake/pcl/Modules/FindFLANN.cmake:44 (find_package):
[8.181s]   Policy CMP0144 is not set: find_package uses upper-case <PACKAGENAME>_ROOT
[8.181s]   variables.  Run "cmake --help-policy CMP0144" for policy details.  Use the
[8.181s]   cmake_policy command to set the policy and suppress this warning.
[8.182s] 
[8.182s]   CMake variable FLANN_ROOT is set to:
[8.182s] 
[8.182s]     /usr
[8.182s] 
[8.182s]   For compatibility, find_package is ignoring the variable, but code in a
[8.182s]   .cmake module might still use it.
[8.182s] Call Stack (most recent call first):
[8.182s]   /usr/lib/x86_64-linux-gnu/cmake/pcl/PCLConfig.cmake:256 (find_package)
[8.183s]   /usr/lib/x86_64-linux-gnu/cmake/pcl/PCLConfig.cmake:301 (find_flann)
[8.183s]   /usr/lib/x86_64-linux-gnu/cmake/pcl/PCLConfig.cmake:543 (find_external_library)
[8.183s]   CMakeLists.txt:11 (find_package)
[8.183s] This warning is for project developers.  Use -Wno-dev to suppress it.
[8.183s] 
[8.209s] -- Checking for module 'flann'
[8.232s] --   Found flann, version 1.9.1
[8.308s] -- Found FLANN: /usr/lib/x86_64-linux-gnu/libflann_cpp.so
[8.308s] -- FLANN found (include: /usr/include, lib: /usr/lib/x86_64-linux-gnu/libflann_cpp.so)
[8.309s] -- looking for PCL_COMMON
[8.311s] -- Found PCL_COMMON: /usr/lib/x86_64-linux-gnu/libpcl_common.so
[8.312s] -- looking for PCL_SAMPLE_CONSENSUS
[8.315s] -- Found PCL_SAMPLE_CONSENSUS: /usr/lib/x86_64-linux-gnu/libpcl_sample_consensus.so
[8.315s] -- looking for PCL_OCTREE
[8.317s] -- Found PCL_OCTREE: /usr/lib/x86_64-linux-gnu/libpcl_octree.so
[8.318s] -- looking for PCL_FILTERS
[8.320s] -- Found PCL_FILTERS: /usr/lib/x86_64-linux-gnu/libpcl_filters.so
[8.321s] -- looking for PCL_GEOMETRY
[8.321s] -- Found PCL_GEOMETRY: /usr/include/pcl-1.12
[8.322s] -- looking for PCL_2D
[8.322s] -- Found PCL_2D: /usr/include/pcl-1.12
[8.323s] -- looking for PCL_FEATURES
[8.325s] -- Found PCL_FEATURES: /usr/lib/x86_64-linux-gnu/libpcl_features.so
[8.326s] -- looking for PCL_ML
[8.328s] -- Found PCL_ML: /usr/lib/x86_64-linux-gnu/libpcl_ml.so
[8.328s] -- looking for PCL_SEGMENTATION
[8.331s] -- Found PCL_SEGMENTATION: /usr/lib/x86_64-linux-gnu/libpcl_segmentation.so
[8.332s] -- looking for PCL_SEARCH
[8.335s] -- Found PCL_SEARCH: /usr/lib/x86_64-linux-gnu/libpcl_search.so
[8.335s] -- looking for PCL_KDTREE
[8.337s] -- Found PCL_KDTREE: /usr/lib/x86_64-linux-gnu/libpcl_kdtree.so
[8.338s] -- Found PCL: pcl_common;pcl_sample_consensus;pcl_octree;pcl_filters;pcl_features;pcl_ml;pcl_segmentation;pcl_search;pcl_kdtree;Boost::system;Boost::filesystem;Boost::date_time;Boost::iostreams;Boost::serialization;VTK::ChartsCore;VTK::CommonColor;VTK::CommonComputationalGeometry;VTK::CommonCore;VTK::CommonDataModel;VTK::CommonExecutionModel;VTK::CommonMath;VTK::CommonMisc;VTK::CommonTransforms;VTK::FiltersCore;VTK::FiltersExtraction;VTK::FiltersGeneral;VTK::FiltersGeometry;VTK::FiltersModeling;VTK::FiltersSources;VTK::ImagingCore;VTK::ImagingSources;VTK::InteractionImage;VTK::InteractionStyle;VTK::InteractionWidgets;VTK::IOCore;VTK::IOGeometry;VTK::IOImage;VTK::IOLegacy;VTK::IOPLY;VTK::RenderingAnnotation;VTK::RenderingCore;VTK::RenderingContext2D;VTK::RenderingLOD;VTK::RenderingFreeType;VTK::ViewsCore;VTK::ViewsContext2D;VTK::RenderingOpenGL2;VTK::GUISupportQt;FLANN::FLANN
[8.342s] -- Found pcl_conversions: 2.4.5 (/opt/ros/humble/share/pcl_conversions/cmake)
[8.552s] -- Configuring done (8.2s)
[8.629s] -- Generating done (0.1s)
[8.761s] -- Build files have been written to: /home/wuta/WUTA/WUTA-FSD/ros2_ws/build/lidar_detection
