[0.056s] Invoking command in '/home/wuta/WUTA/WUTA-FSD/ros2_ws/build/camera_detection': CMAKE_PREFIX_PATH=/home/wuta/WUTA/WUTA-FSD/ros2_ws/install/wuta_msgs:/home/wuta/WUTA/WUTA-FSD/ros2_ws/install/detection_fusion:/home/wuta/WUTA/WUTA-FSD/ros2_ws/install/camera_detection:/home/wuta/WUTA/WUTA-FSD/ros2_ws/install/autoware_msgs:/opt/ros/humble /home/wuta/.local/bin/cmake --build /home/wuta/WUTA/WUTA-FSD/ros2_ws/build/camera_detection -- -j12 -l12
[0.299s] Invoked command in '/home/wuta/WUTA/WUTA-FSD/ros2_ws/build/camera_detection' returned '0': CMAKE_PREFIX_PATH=/home/wuta/WUTA/WUTA-FSD/ros2_ws/install/wuta_msgs:/home/wuta/WUTA/WUTA-FSD/ros2_ws/install/detection_fusion:/home/wuta/WUTA/WUTA-FSD/ros2_ws/install/camera_detection:/home/wuta/WUTA/WUTA-FSD/ros2_ws/install/autoware_msgs:/opt/ros/humble /home/wuta/.local/bin/cmake --build /home/wuta/WUTA/WUTA-FSD/ros2_ws/build/camera_detection -- -j12 -l12
[0.307s] Invoking command in '/home/wuta/WUTA/WUTA-FSD/ros2_ws/build/camera_detection': CMAKE_PREFIX_PATH=/home/wuta/WUTA/WUTA-FSD/ros2_ws/install/wuta_msgs:/home/wuta/WUTA/WUTA-FSD/ros2_ws/install/detection_fusion:/home/wuta/WUTA/WUTA-FSD/ros2_ws/install/camera_detection:/home/wuta/WUTA/WUTA-FSD/ros2_ws/install/autoware_msgs:/opt/ros/humble /home/wuta/.local/bin/cmake --install /home/wuta/WUTA/WUTA-FSD/ros2_ws/build/camera_detection
[0.508s] -- Install configuration: ""
[0.509s] -- Execute custom install script
[0.509s] -- Up-to-date symlink: /home/wuta/WUTA/WUTA-FSD/ros2_ws/install/camera_detection/share/ament_index/resource_index/package_run_dependencies/camera_detection
[0.515s] -- Up-to-date symlink: /home/wuta/WUTA/WUTA-FSD/ros2_ws/install/camera_detection/share/ament_index/resource_index/parent_prefix_path/camera_detection
[0.515s] -- Up-to-date symlink: /home/wuta/WUTA/WUTA-FSD/ros2_ws/install/camera_detection/share/camera_detection/environment/ament_prefix_path.sh
[0.516s] -- Up-to-date symlink: /home/wuta/WUTA/WUTA-FSD/ros2_ws/install/camera_detection/share/camera_detection/environment/ament_prefix_path.dsv
[0.516s] -- Up-to-date symlink: /home/wuta/WUTA/WUTA-FSD/ros2_ws/install/camera_detection/share/camera_detection/environment/path.sh
[0.516s] -- Up-to-date symlink: /home/wuta/WUTA/WUTA-FSD/ros2_ws/install/camera_detection/share/camera_detection/environment/path.dsv
[0.516s] -- Up-to-date symlink: /home/wuta/WUTA/WUTA-FSD/ros2_ws/install/camera_detection/share/camera_detection/local_setup.bash
[0.516s] -- Up-to-date symlink: /home/wuta/WUTA/WUTA-FSD/ros2_ws/install/camera_detection/share/camera_detection/local_setup.sh
[0.516s] -- Up-to-date symlink: /home/wuta/WUTA/WUTA-FSD/ros2_ws/install/camera_detection/share/camera_detection/local_setup.zsh
[0.516s] -- Up-to-date symlink: /home/wuta/WUTA/WUTA-FSD/ros2_ws/install/camera_detection/share/camera_detection/local_setup.dsv
[0.516s] -- Symlinking: /home/wuta/WUTA/WUTA-FSD/ros2_ws/install/camera_detection/share/camera_detection/package.dsv
[0.524s] -- Up-to-date symlink: /home/wuta/WUTA/WUTA-FSD/ros2_ws/install/camera_detection/share/ament_index/resource_index/packages/camera_detection
[0.525s] -- Up-to-date symlink: /home/wuta/WUTA/WUTA-FSD/ros2_ws/install/camera_detection/share/camera_detection/cmake/camera_detectionConfig.cmake
[0.526s] -- Up-to-date symlink: /home/wuta/WUTA/WUTA-FSD/ros2_ws/install/camera_detection/share/camera_detection/cmake/camera_detectionConfig-version.cmake
[0.529s] -- Up-to-date symlink: /home/wuta/WUTA/WUTA-FSD/ros2_ws/install/camera_detection/share/camera_detection/package.xml
[0.531s] Invoked command in '/home/wuta/WUTA/WUTA-FSD/ros2_ws/build/camera_detection' returned '0': CMAKE_PREFIX_PATH=/home/wuta/WUTA/WUTA-FSD/ros2_ws/install/wuta_msgs:/home/wuta/WUTA/WUTA-FSD/ros2_ws/install/detection_fusion:/home/wuta/WUTA/WUTA-FSD/ros2_ws/install/camera_detection:/home/wuta/WUTA/WUTA-FSD/ros2_ws/install/autoware_msgs:/opt/ros/humble /home/wuta/.local/bin/cmake --install /home/wuta/WUTA/WUTA-FSD/ros2_ws/build/camera_detection
