[0.055s] Invoking command in '/home/wuta/WUTA/WUTA-FSD/ros2_ws/build/localization_manager': AMENT_PREFIX_PATH=/home/wuta/WUTA/WUTA-FSD/ros2_ws/install/wuta_msgs:/home/wuta/WUTA/WUTA-FSD/ros2_ws/install/robot_localization:/home/wuta/WUTA/WUTA-FSD/ros2_ws/install/kiss_icp:${AMENT_PREFIX_PATH} CMAKE_PREFIX_PATH=/home/wuta/WUTA/WUTA-FSD/ros2_ws/install/wuta_msgs:/home/wuta/WUTA/WUTA-FSD/ros2_ws/install/robot_localization:/home/wuta/WUTA/WUTA-FSD/ros2_ws/install/kiss_icp:/opt/ros/humble LD_LIBRARY_PATH=/home/wuta/WUTA/WUTA-FSD/ros2_ws/install/wuta_msgs/lib:/home/wuta/WUTA/WUTA-FSD/ros2_ws/install/robot_localization/lib:/home/wuta/WUTA/WUTA-FSD/ros2_ws/install/kiss_icp/lib:${LD_LIBRARY_PATH} PYTHONPATH=/home/wuta/WUTA/WUTA-FSD/ros2_ws/install/wuta_msgs/local/lib/python3.10/dist-packages:/home/wuta/WUTA/WUTA-FSD/ros2_ws/install/robot_localization/local/lib/python3.10/dist-packages:${PYTHONPATH} /home/wuta/.local/bin/cmake /home/wuta/WUTA/WUTA-FSD/ros2_ws/src/localization/localization_manager -DAMENT_CMAKE_SYMLINK_INSTALL=1 -DCMAKE_INSTALL_PREFIX=/home/wuta/WUTA/WUTA-FSD/ros2_ws/install/localization_manager
[0.229s] CMake Deprecation Warning at CMakeLists.txt:1 (cmake_minimum_required):
[0.230s]   Compatibility with CMake < 3.10 will be removed from a future version of
[0.230s]   CMake.
[0.230s] 
[0.230s]   Update the VERSION argument <min> value.  Or, use the <min>...<max> syntax
[0.230s]   to tell CMake that the project requires at least <min> but has been updated
[0.230s]   to work with policies introduced by <max> or earlier.
[0.230s] 
[0.230s] 
[0.336s] -- The C compiler identification is GNU 12.3.0
[0.498s] -- The CXX compiler identification is GNU 12.3.0
[0.543s] -- Detecting C compiler ABI info
[0.585s] -- Detecting C compiler ABI info - done
[0.586s] -- Check for working C compiler: /usr/bin/cc - skipped
[0.586s] -- Detecting C compile features
[0.587s] -- Detecting C compile features - done
[0.601s] -- Detecting CXX compiler ABI info
[0.680s] -- Detecting CXX compiler ABI info - done
[0.697s] -- Check for working CXX compiler: /usr/bin/c++ - skipped
[0.697s] -- Detecting CXX compile features
[0.698s] -- Detecting CXX compile features - done
[0.706s] -- Found ament_cmake: 1.3.14 (/opt/ros/humble/share/ament_cmake/cmake)
[0.838s] -- Found Python3: /usr/bin/python3 (found version "3.10.12") found components: Interpreter
[0.894s] -- Override CMake install command with custom implementation using symlinks instead of copying resources
[0.924s] -- Found rclcpp: 16.0.19 (/opt/ros/humble/share/rclcpp/cmake)
[0.972s] -- Found rosidl_generator_c: 3.1.8 (/opt/ros/humble/share/rosidl_generator_c/cmake)
[0.977s] -- Found rosidl_adapter: 3.1.8 (/opt/ros/humble/share/rosidl_adapter/cmake)
[0.987s] -- Found rosidl_generator_cpp: 3.1.8 (/opt/ros/humble/share/rosidl_generator_cpp/cmake)
[1.001s] -- Using all available rosidl_typesupport_c: rosidl_typesupport_fastrtps_c;rosidl_typesupport_introspection_c
[1.019s] -- Using all available rosidl_typesupport_cpp: rosidl_typesupport_fastrtps_cpp;rosidl_typesupport_introspection_cpp
[1.071s] -- Found rmw_implementation_cmake: 6.1.2 (/opt/ros/humble/share/rmw_implementation_cmake/cmake)
[1.075s] -- Found rmw_fastrtps_cpp: 6.2.10 (/opt/ros/humble/share/rmw_fastrtps_cpp/cmake)
[1.154s] -- Found OpenSSL: /usr/lib/x86_64-linux-gnu/libcrypto.so (found version "3.0.2")
[1.183s] -- Found FastRTPS: /opt/ros/humble/include
[1.225s] -- Using RMW implementation 'rmw_fastrtps_cpp' as default
[1.234s] -- Performing Test CMAKE_HAVE_LIBC_PTHREAD
[1.289s] -- Performing Test CMAKE_HAVE_LIBC_PTHREAD - Success
[1.290s] -- Found Threads: TRUE
[1.351s] -- Found nav_msgs: 4.9.1 (/opt/ros/humble/share/nav_msgs/cmake)
[1.387s] -- Found wuta_msgs: 1.0.0 (/home/wuta/WUTA/WUTA-FSD/ros2_ws/install/wuta_msgs/share/wuta_msgs/cmake)
[1.465s] -- Configuring done (1.2s)
[1.477s] -- Generating done (0.0s)
[1.499s] -- Build files have been written to: /home/wuta/WUTA/WUTA-FSD/ros2_ws/build/localization_manager
