[  1%] Generating C code for ROS interfaces
[  2%] Generating C++ code for ROS interfaces
[  4%] Generating Rust code for ROS interfaces
[  3%] Building CXX object gtest/CMakeFiles/gtest_main.dir/src/gtest_main.cc.o
[  5%] Building CXX object gtest/CMakeFiles/gtest.dir/src/gtest-all.cc.o
[  5%] Built target ament_cmake_python_symlink_robot_localization
running egg_info
creating robot_localization.egg-info
writing robot_localization.egg-info/PKG-INFO
writing dependency_links to robot_localization.egg-info/dependency_links.txt
writing top-level names to robot_localization.egg-info/top_level.txt
writing manifest file 'robot_localization.egg-info/SOURCES.txt'
reading manifest file 'robot_localization.egg-info/SOURCES.txt'
writing manifest file 'robot_localization.egg-info/SOURCES.txt'
[  5%] Built target ament_cmake_python_build_robot_localization_egg
[  5%] Built target robot_localization__rs
[  6%] Building C object CMakeFiles/robot_localization__rosidl_generator_c.dir/rosidl_generator_c/robot_localization/srv/detail/from_ll__functions.c.o
[  6%] Building C object CMakeFiles/robot_localization__rosidl_generator_c.dir/rosidl_generator_c/robot_localization/srv/detail/get_state__functions.c.o
[  7%] Building C object CMakeFiles/robot_localization__rosidl_generator_c.dir/rosidl_generator_c/robot_localization/srv/detail/toggle_filter_processing__functions.c.o
[  8%] Building C object CMakeFiles/robot_localization__rosidl_generator_c.dir/rosidl_generator_c/robot_localization/srv/detail/set_datum__functions.c.o
[  9%] Building C object CMakeFiles/robot_localization__rosidl_generator_c.dir/rosidl_generator_c/robot_localization/srv/detail/set_pose__functions.c.o
[ 10%] Building C object CMakeFiles/robot_localization__rosidl_generator_c.dir/rosidl_generator_c/robot_localization/srv/detail/to_ll__functions.c.o
[ 10%] Built target robot_localization__cpp
[ 11%] Generating C++ introspection for ROS interfaces
[ 11%] Generating C++ type support for eProsima Fast-RTPS
[ 12%] Generating C++ type support dispatch for ROS interfaces
[ 13%] Linking C shared library librobot_localization__rosidl_generator_c.so
[ 13%] Built target robot_localization__rosidl_generator_c
[ 14%] Generating C type support dispatch for ROS interfaces
[ 14%] Generating C introspection for ROS interfaces
[ 15%] Generating C type support for eProsima Fast-RTPS
[ 16%] Linking CXX static library libgtest_main.a
[ 16%] Built target gtest_main
[ 17%] Building CXX object CMakeFiles/robot_localization__rosidl_typesupport_cpp.dir/rosidl_typesupport_cpp/robot_localization/srv/get_state__type_support.cpp.o
[ 17%] Building CXX object CMakeFiles/robot_localization__rosidl_typesupport_cpp.dir/rosidl_typesupport_cpp/robot_localization/srv/from_ll__type_support.cpp.o
[ 18%] Building CXX object CMakeFiles/robot_localization__rosidl_typesupport_cpp.dir/rosidl_typesupport_cpp/robot_localization/srv/set_datum__type_support.cpp.o
[ 19%] Building CXX object CMakeFiles/robot_localization__rosidl_typesupport_cpp.dir/rosidl_typesupport_cpp/robot_localization/srv/set_pose__type_support.cpp.o
[ 20%] Building CXX object CMakeFiles/robot_localization__rosidl_typesupport_cpp.dir/rosidl_typesupport_cpp/robot_localization/srv/toggle_filter_processing__type_support.cpp.o
[ 21%] Building CXX object CMakeFiles/robot_localization__rosidl_typesupport_cpp.dir/rosidl_typesupport_cpp/robot_localization/srv/to_ll__type_support.cpp.o
[ 22%] Building CXX object CMakeFiles/robot_localization__rosidl_typesupport_introspection_cpp.dir/rosidl_typesupport_introspection_cpp/robot_localization/srv/detail/from_ll__type_support.cpp.o
[ 23%] Building CXX object CMakeFiles/robot_localization__rosidl_typesupport_c.dir/rosidl_typesupport_c/robot_localization/srv/from_ll__type_support.cpp.o
[ 24%] Building CXX object CMakeFiles/robot_localization__rosidl_typesupport_c.dir/rosidl_typesupport_c/robot_localization/srv/get_state__type_support.cpp.o
[ 24%] Building CXX object CMakeFiles/robot_localization__rosidl_typesupport_c.dir/rosidl_typesupport_c/robot_localization/srv/set_datum__type_support.cpp.o
[ 25%] Building CXX object CMakeFiles/robot_localization__rosidl_typesupport_c.dir/rosidl_typesupport_c/robot_localization/srv/set_pose__type_support.cpp.o
[ 26%] Building CXX object CMakeFiles/robot_localization__rosidl_typesupport_fastrtps_cpp.dir/rosidl_typesupport_fastrtps_cpp/robot_localization/srv/detail/dds_fastrtps/from_ll__type_support.cpp.o
[ 27%] Building CXX object CMakeFiles/robot_localization__rosidl_typesupport_c.dir/rosidl_typesupport_c/robot_localization/srv/toggle_filter_processing__type_support.cpp.o
[ 28%] Building CXX object CMakeFiles/robot_localization__rosidl_typesupport_fastrtps_c.dir/rosidl_typesupport_fastrtps_c/robot_localization/srv/detail/from_ll__type_support_c.cpp.o
[ 29%] Building CXX object CMakeFiles/robot_localization__rosidl_typesupport_c.dir/rosidl_typesupport_c/robot_localization/srv/to_ll__type_support.cpp.o
[ 29%] Building CXX object CMakeFiles/robot_localization__rosidl_typesupport_fastrtps_c.dir/rosidl_typesupport_fastrtps_c/robot_localization/srv/detail/get_state__type_support_c.cpp.o
[ 30%] Building CXX object CMakeFiles/robot_localization__rosidl_typesupport_fastrtps_cpp.dir/rosidl_typesupport_fastrtps_cpp/robot_localization/srv/detail/dds_fastrtps/get_state__type_support.cpp.o
[ 31%] Building CXX object CMakeFiles/robot_localization__rosidl_typesupport_introspection_cpp.dir/rosidl_typesupport_introspection_cpp/robot_localization/srv/detail/get_state__type_support.cpp.o
[ 32%] Linking CXX shared library librobot_localization__rosidl_typesupport_c.so
[ 33%] Building C object CMakeFiles/robot_localization__rosidl_typesupport_introspection_c.dir/rosidl_typesupport_introspection_c/robot_localization/srv/detail/from_ll__type_support.c.o
[ 34%] Building CXX object CMakeFiles/robot_localization__rosidl_typesupport_fastrtps_cpp.dir/rosidl_typesupport_fastrtps_cpp/robot_localization/srv/detail/dds_fastrtps/set_datum__type_support.cpp.o
[ 34%] Built target robot_localization__rosidl_typesupport_c
[ 35%] Building CXX object CMakeFiles/robot_localization__rosidl_typesupport_fastrtps_c.dir/rosidl_typesupport_fastrtps_c/robot_localization/srv/detail/set_datum__type_support_c.cpp.o
[ 36%] Building C object CMakeFiles/robot_localization__rosidl_typesupport_introspection_c.dir/rosidl_typesupport_introspection_c/robot_localization/srv/detail/get_state__type_support.c.o
[ 37%] Building CXX object CMakeFiles/robot_localization__rosidl_typesupport_fastrtps_c.dir/rosidl_typesupport_fastrtps_c/robot_localization/srv/detail/set_pose__type_support_c.cpp.o
[ 38%] Linking CXX shared library librobot_localization__rosidl_typesupport_cpp.so
[ 39%] Building C object CMakeFiles/robot_localization__rosidl_typesupport_introspection_c.dir/rosidl_typesupport_introspection_c/robot_localization/srv/detail/set_datum__type_support.c.o
[ 39%] Built target robot_localization__rosidl_typesupport_cpp
[ 40%] Building C object CMakeFiles/robot_localization__rosidl_typesupport_introspection_c.dir/rosidl_typesupport_introspection_c/robot_localization/srv/detail/set_pose__type_support.c.o
[ 41%] Building CXX object CMakeFiles/robot_localization__rosidl_typesupport_fastrtps_cpp.dir/rosidl_typesupport_fastrtps_cpp/robot_localization/srv/detail/dds_fastrtps/set_pose__type_support.cpp.o
[ 42%] Building CXX object CMakeFiles/robot_localization__rosidl_typesupport_fastrtps_c.dir/rosidl_typesupport_fastrtps_c/robot_localization/srv/detail/toggle_filter_processing__type_support_c.cpp.o
[ 43%] Building C object CMakeFiles/robot_localization__rosidl_typesupport_introspection_c.dir/rosidl_typesupport_introspection_c/robot_localization/srv/detail/toggle_filter_processing__type_support.c.o
[ 44%] Building C object CMakeFiles/robot_localization__rosidl_typesupport_introspection_c.dir/rosidl_typesupport_introspection_c/robot_localization/srv/detail/to_ll__type_support.c.o
[ 45%] Linking C shared library librobot_localization__rosidl_typesupport_introspection_c.so
[ 45%] Built target robot_localization__rosidl_typesupport_introspection_c
[ 46%] Building CXX object CMakeFiles/robot_localization__rosidl_typesupport_introspection_cpp.dir/rosidl_typesupport_introspection_cpp/robot_localization/srv/detail/set_datum__type_support.cpp.o
[ 47%] Building CXX object CMakeFiles/robot_localization__rosidl_typesupport_fastrtps_cpp.dir/rosidl_typesupport_fastrtps_cpp/robot_localization/srv/detail/dds_fastrtps/toggle_filter_processing__type_support.cpp.o
[ 48%] Building CXX object CMakeFiles/rl_lib.dir/src/ekf.cpp.o
[ 49%] Building CXX object CMakeFiles/rl_lib.dir/src/ukf.cpp.o
[ 50%] Building CXX object CMakeFiles/robot_localization__rosidl_typesupport_fastrtps_c.dir/rosidl_typesupport_fastrtps_c/robot_localization/srv/detail/to_ll__type_support_c.cpp.o
[ 51%] Building CXX object CMakeFiles/robot_localization__rosidl_typesupport_introspection_cpp.dir/rosidl_typesupport_introspection_cpp/robot_localization/srv/detail/set_pose__type_support.cpp.o
[ 52%] Building CXX object CMakeFiles/robot_localization__rosidl_typesupport_fastrtps_cpp.dir/rosidl_typesupport_fastrtps_cpp/robot_localization/srv/detail/dds_fastrtps/to_ll__type_support.cpp.o
[ 53%] Building CXX object CMakeFiles/robot_localization__rosidl_typesupport_introspection_cpp.dir/rosidl_typesupport_introspection_cpp/robot_localization/srv/detail/toggle_filter_processing__type_support.cpp.o
[ 54%] Building CXX object CMakeFiles/rl_lib.dir/src/filter_base.cpp.o
[ 54%] Building CXX object CMakeFiles/robot_localization__rosidl_typesupport_introspection_cpp.dir/rosidl_typesupport_introspection_cpp/robot_localization/srv/detail/to_ll__type_support.cpp.o
[ 55%] Building CXX object CMakeFiles/rl_lib.dir/src/filter_utilities.cpp.o
[ 56%] Building CXX object CMakeFiles/rl_lib.dir/src/navsat_transform.cpp.o
[ 57%] Building CXX object CMakeFiles/rl_lib.dir/src/robot_localization_estimator.cpp.o
[ 58%] Linking CXX shared library librobot_localization__rosidl_typesupport_fastrtps_c.so
[ 58%] Building CXX object CMakeFiles/rl_lib.dir/src/ros_filter.cpp.o
[ 59%] Linking CXX shared library librobot_localization__rosidl_typesupport_fastrtps_cpp.so
[ 59%] Built target robot_localization__rosidl_typesupport_fastrtps_c
[ 60%] Building CXX object CMakeFiles/rl_lib.dir/src/ros_filter_utilities.cpp.o
[ 61%] Building CXX object CMakeFiles/rl_lib.dir/src/ros_robot_localization_listener.cpp.o
[ 61%] Built target robot_localization__rosidl_typesupport_fastrtps_cpp
[ 62%] Linking CXX shared library librobot_localization__rosidl_typesupport_introspection_cpp.so
[ 62%] Built target robot_localization__rosidl_typesupport_introspection_cpp
[ 62%] Built target robot_localization
[ 63%] Generating Python code for ROS interfaces
[ 63%] Built target robot_localization__py
[ 64%] Building C object CMakeFiles/robot_localization__rosidl_generator_py.dir/rosidl_generator_py/robot_localization/srv/_from_ll_s.c.o
[ 65%] Building C object CMakeFiles/robot_localization__rosidl_generator_py.dir/rosidl_generator_py/robot_localization/srv/_get_state_s.c.o
[ 65%] Building C object CMakeFiles/robot_localization__rosidl_generator_py.dir/rosidl_generator_py/robot_localization/srv/_set_datum_s.c.o
[ 66%] Building C object CMakeFiles/robot_localization__rosidl_generator_py.dir/rosidl_generator_py/robot_localization/srv/_set_pose_s.c.o
[ 67%] Building C object CMakeFiles/robot_localization__rosidl_generator_py.dir/rosidl_generator_py/robot_localization/srv/_toggle_filter_processing_s.c.o
[ 68%] Building C object CMakeFiles/robot_localization__rosidl_generator_py.dir/rosidl_generator_py/robot_localization/srv/_to_ll_s.c.o
[ 69%] Linking C shared library rosidl_generator_py/robot_localization/librobot_localization__rosidl_generator_py.so
[ 69%] Built target robot_localization__rosidl_generator_py
[ 70%] Building C object CMakeFiles/robot_localization__rosidl_typesupport_c__pyext.dir/rosidl_generator_py/robot_localization/_robot_localization_s.ep.rosidl_typesupport_c.c.o
[ 71%] Building C object CMakeFiles/robot_localization__rosidl_typesupport_fastrtps_c__pyext.dir/rosidl_generator_py/robot_localization/_robot_localization_s.ep.rosidl_typesupport_fastrtps_c.c.o
[ 71%] Building C object CMakeFiles/robot_localization__rosidl_typesupport_introspection_c__pyext.dir/rosidl_generator_py/robot_localization/_robot_localization_s.ep.rosidl_typesupport_introspection_c.c.o
[ 72%] Linking C shared library rosidl_generator_py/robot_localization/robot_localization_s__rosidl_typesupport_c.cpython-310-x86_64-linux-gnu.so
[ 72%] Built target robot_localization__rosidl_typesupport_c__pyext
[ 73%] Linking C shared library rosidl_generator_py/robot_localization/robot_localization_s__rosidl_typesupport_introspection_c.cpython-310-x86_64-linux-gnu.so
[ 73%] Built target robot_localization__rosidl_typesupport_introspection_c__pyext
[ 74%] Linking C shared library rosidl_generator_py/robot_localization/robot_localization_s__rosidl_typesupport_fastrtps_c.cpython-310-x86_64-linux-gnu.so
[ 74%] Built target robot_localization__rosidl_typesupport_fastrtps_c__pyext
[ 75%] Linking CXX static library libgtest.a
[ 75%] Built target gtest
[ 76%] Linking CXX shared library librl_lib.so
[ 76%] Built target rl_lib
[ 77%] Building CXX object CMakeFiles/ukf_node.dir/src/ukf_node.cpp.o
[ 77%] Building CXX object CMakeFiles/ekf_node.dir/src/ekf_node.cpp.o
[ 78%] Building CXX object CMakeFiles/test_navsat_conversions.dir/test/test_navsat_conversions.cpp.o
[ 78%] Building CXX object CMakeFiles/navsat_transform_node.dir/src/navsat_transform_node.cpp.o
[ 79%] Building CXX object CMakeFiles/test_ekf.dir/test/test_ekf.cpp.o
[ 80%] Building CXX object CMakeFiles/filter_base-test.dir/test/test_filter_base.cpp.o
[ 81%] Building CXX object CMakeFiles/robot_localization_listener_node.dir/src/robot_localization_listener_node.cpp.o
[ 82%] Building CXX object CMakeFiles/test_ukf.dir/test/test_ukf.cpp.o
[ 83%] Building CXX object CMakeFiles/test_ros_robot_localization_listener.dir/test/test_ros_robot_localization_listener.cpp.o
[ 84%] Building CXX object CMakeFiles/test_ros_robot_localization_listener_publisher.dir/test/test_ros_robot_localization_listener_publisher.cpp.o
[ 85%] Building CXX object CMakeFiles/test_robot_localization_estimator.dir/test/test_robot_localization_estimator.cpp.o
[ 86%] Linking CXX executable test_navsat_conversions
[ 86%] Built target test_navsat_conversions
[ 87%] Linking CXX executable filter_base-test
[ 87%] Built target filter_base-test
[ 88%] Linking CXX executable navsat_transform_node
[ 89%] Linking CXX executable ekf_node
[ 89%] Built target navsat_transform_node
[ 89%] Built target ekf_node
[ 90%] Building CXX object CMakeFiles/test_filter_base_diagnostics_timestamps.dir/test/test_filter_base_diagnostics_timestamps.cpp.o
[ 91%] Building CXX object CMakeFiles/test_ekf_localization_node_interfaces.dir/test/test_ekf_localization_node_interfaces.cpp.o
[ 92%] Linking CXX executable test_robot_localization_estimator
[ 92%] Built target test_robot_localization_estimator
[ 93%] Linking CXX executable ukf_node
[ 93%] Built target ukf_node
[ 94%] Building CXX object CMakeFiles/test_ukf_localization_node_interfaces.dir/test/test_ukf_localization_node_interfaces.cpp.o
[ 95%] Linking CXX executable robot_localization_listener_node
[ 95%] Linking CXX executable test_ros_robot_localization_listener
[ 95%] Built target robot_localization_listener_node
[ 95%] Built target test_ros_robot_localization_listener
[ 96%] Linking CXX executable test_ukf
[ 97%] Linking CXX executable test_ekf
[ 98%] Linking CXX executable test_ros_robot_localization_listener_publisher
[ 98%] Built target test_ukf
[ 98%] Built target test_ekf
[ 98%] Built target test_ros_robot_localization_listener_publisher
[ 99%] Linking CXX executable test_filter_base_diagnostics_timestamps
[ 99%] Built target test_filter_base_diagnostics_timestamps
[ 99%] Linking CXX executable test_ekf_localization_node_interfaces
[ 99%] Built target test_ekf_localization_node_interfaces
[100%] Linking CXX executable test_ukf_localization_node_interfaces
[100%] Built target test_ukf_localization_node_interfaces
