[0.013s] Invoking command in '/home/wuta/WUTA/WUTA-FSD/ros2_ws/build/robot_localization': CMAKE_PREFIX_PATH=${CMAKE_PREFIX_PATH}:/opt/ros/humble /home/wuta/.local/bin/cmake --build /home/wuta/WUTA/WUTA-FSD/ros2_ws/build/robot_localization -- -j12 -l12
[0.135s] [  1%] Generating C code for ROS interfaces
[0.150s] [  2%] Generating C++ code for ROS interfaces
[0.151s] [  4%] Generating Rust code for ROS interfaces
[0.153s] [  3%] Building CXX object gtest/CMakeFiles/gtest_main.dir/src/gtest_main.cc.o
[0.154s] [  5%] Building CXX object gtest/CMakeFiles/gtest.dir/src/gtest-all.cc.o
[0.157s] [  5%] Built target ament_cmake_python_symlink_robot_localization
[0.607s] running egg_info
[0.609s] creating robot_localization.egg-info
[0.609s] writing robot_localization.egg-info/PKG-INFO
[0.610s] writing dependency_links to robot_localization.egg-info/dependency_links.txt
[0.610s] writing top-level names to robot_localization.egg-info/top_level.txt
[0.610s] writing manifest file 'robot_localization.egg-info/SOURCES.txt'
[0.616s] reading manifest file 'robot_localization.egg-info/SOURCES.txt'
[0.616s] writing manifest file 'robot_localization.egg-info/SOURCES.txt'
[0.653s] [  5%] Built target ament_cmake_python_build_robot_localization_egg
[0.829s] [  5%] Built target robot_localization__rs
[1.657s] [  6%] Building C object CMakeFiles/robot_localization__rosidl_generator_c.dir/rosidl_generator_c/robot_localization/srv/detail/from_ll__functions.c.o
[1.665s] [  6%] Building C object CMakeFiles/robot_localization__rosidl_generator_c.dir/rosidl_generator_c/robot_localization/srv/detail/get_state__functions.c.o
[1.669s] [  7%] Building C object CMakeFiles/robot_localization__rosidl_generator_c.dir/rosidl_generator_c/robot_localization/srv/detail/toggle_filter_processing__functions.c.o
[1.677s] [  8%] Building C object CMakeFiles/robot_localization__rosidl_generator_c.dir/rosidl_generator_c/robot_localization/srv/detail/set_datum__functions.c.o
[1.677s] [  9%] Building C object CMakeFiles/robot_localization__rosidl_generator_c.dir/rosidl_generator_c/robot_localization/srv/detail/set_pose__functions.c.o
[1.678s] [ 10%] Building C object CMakeFiles/robot_localization__rosidl_generator_c.dir/rosidl_generator_c/robot_localization/srv/detail/to_ll__functions.c.o
[1.837s] [ 10%] Built target robot_localization__cpp
[1.851s] [ 11%] Generating C++ introspection for ROS interfaces
[1.860s] [ 11%] Generating C++ type support for eProsima Fast-RTPS
[1.866s] [ 12%] Generating C++ type support dispatch for ROS interfaces
[2.372s] [ 13%] Linking C shared library librobot_localization__rosidl_generator_c.so
[2.504s] [ 13%] Built target robot_localization__rosidl_generator_c
[2.522s] [ 14%] Generating C type support dispatch for ROS interfaces
[2.528s] [ 14%] Generating C introspection for ROS interfaces
[2.531s] [ 15%] Generating C type support for eProsima Fast-RTPS
[2.736s] [ 16%] Linking CXX static library libgtest_main.a
[2.801s] [ 16%] Built target gtest_main
[3.351s] [ 17%] Building CXX object CMakeFiles/robot_localization__rosidl_typesupport_cpp.dir/rosidl_typesupport_cpp/robot_localization/srv/get_state__type_support.cpp.o
[3.351s] [ 17%] Building CXX object CMakeFiles/robot_localization__rosidl_typesupport_cpp.dir/rosidl_typesupport_cpp/robot_localization/srv/from_ll__type_support.cpp.o
[3.351s] [ 18%] Building CXX object CMakeFiles/robot_localization__rosidl_typesupport_cpp.dir/rosidl_typesupport_cpp/robot_localization/srv/set_datum__type_support.cpp.o
[3.353s] [ 19%] Building CXX object CMakeFiles/robot_localization__rosidl_typesupport_cpp.dir/rosidl_typesupport_cpp/robot_localization/srv/set_pose__type_support.cpp.o
[3.374s] [ 20%] Building CXX object CMakeFiles/robot_localization__rosidl_typesupport_cpp.dir/rosidl_typesupport_cpp/robot_localization/srv/toggle_filter_processing__type_support.cpp.o
[3.381s] [ 21%] Building CXX object CMakeFiles/robot_localization__rosidl_typesupport_cpp.dir/rosidl_typesupport_cpp/robot_localization/srv/to_ll__type_support.cpp.o
[3.439s] [ 22%] Building CXX object CMakeFiles/robot_localization__rosidl_typesupport_introspection_cpp.dir/rosidl_typesupport_introspection_cpp/robot_localization/srv/detail/from_ll__type_support.cpp.o
[3.762s] [ 23%] Building CXX object CMakeFiles/robot_localization__rosidl_typesupport_c.dir/rosidl_typesupport_c/robot_localization/srv/from_ll__type_support.cpp.o
[3.908s] [ 24%] Building CXX object CMakeFiles/robot_localization__rosidl_typesupport_c.dir/rosidl_typesupport_c/robot_localization/srv/get_state__type_support.cpp.o
[4.058s] [ 24%] Building CXX object CMakeFiles/robot_localization__rosidl_typesupport_c.dir/rosidl_typesupport_c/robot_localization/srv/set_datum__type_support.cpp.o
[4.199s] [ 25%] Building CXX object CMakeFiles/robot_localization__rosidl_typesupport_c.dir/rosidl_typesupport_c/robot_localization/srv/set_pose__type_support.cpp.o
[4.282s] [ 26%] Building CXX object CMakeFiles/robot_localization__rosidl_typesupport_fastrtps_cpp.dir/rosidl_typesupport_fastrtps_cpp/robot_localization/srv/detail/dds_fastrtps/from_ll__type_support.cpp.o
[4.359s] [ 27%] Building CXX object CMakeFiles/robot_localization__rosidl_typesupport_c.dir/rosidl_typesupport_c/robot_localization/srv/toggle_filter_processing__type_support.cpp.o
[4.402s] [ 28%] Building CXX object CMakeFiles/robot_localization__rosidl_typesupport_fastrtps_c.dir/rosidl_typesupport_fastrtps_c/robot_localization/srv/detail/from_ll__type_support_c.cpp.o
[4.491s] [ 29%] Building CXX object CMakeFiles/robot_localization__rosidl_typesupport_c.dir/rosidl_typesupport_c/robot_localization/srv/to_ll__type_support.cpp.o
[4.492s] [ 29%] Building CXX object CMakeFiles/robot_localization__rosidl_typesupport_fastrtps_c.dir/rosidl_typesupport_fastrtps_c/robot_localization/srv/detail/get_state__type_support_c.cpp.o
[4.545s] [ 30%] Building CXX object CMakeFiles/robot_localization__rosidl_typesupport_fastrtps_cpp.dir/rosidl_typesupport_fastrtps_cpp/robot_localization/srv/detail/dds_fastrtps/get_state__type_support.cpp.o
[4.557s] [ 31%] Building CXX object CMakeFiles/robot_localization__rosidl_typesupport_introspection_cpp.dir/rosidl_typesupport_introspection_cpp/robot_localization/srv/detail/get_state__type_support.cpp.o
[4.651s] [ 32%] Linking CXX shared library librobot_localization__rosidl_typesupport_c.so
[4.733s] [ 33%] Building C object CMakeFiles/robot_localization__rosidl_typesupport_introspection_c.dir/rosidl_typesupport_introspection_c/robot_localization/srv/detail/from_ll__type_support.c.o
[4.733s] [ 34%] Building CXX object CMakeFiles/robot_localization__rosidl_typesupport_fastrtps_cpp.dir/rosidl_typesupport_fastrtps_cpp/robot_localization/srv/detail/dds_fastrtps/set_datum__type_support.cpp.o
[4.791s] [ 34%] Built target robot_localization__rosidl_typesupport_c
[4.808s] [ 35%] Building CXX object CMakeFiles/robot_localization__rosidl_typesupport_fastrtps_c.dir/rosidl_typesupport_fastrtps_c/robot_localization/srv/detail/set_datum__type_support_c.cpp.o
[4.938s] [ 36%] Building C object CMakeFiles/robot_localization__rosidl_typesupport_introspection_c.dir/rosidl_typesupport_introspection_c/robot_localization/srv/detail/get_state__type_support.c.o
[4.939s] [ 37%] Building CXX object CMakeFiles/robot_localization__rosidl_typesupport_fastrtps_c.dir/rosidl_typesupport_fastrtps_c/robot_localization/srv/detail/set_pose__type_support_c.cpp.o
[5.037s] [ 38%] Linking CXX shared library librobot_localization__rosidl_typesupport_cpp.so
[5.158s] [ 39%] Building C object CMakeFiles/robot_localization__rosidl_typesupport_introspection_c.dir/rosidl_typesupport_introspection_c/robot_localization/srv/detail/set_datum__type_support.c.o
[5.169s] [ 39%] Built target robot_localization__rosidl_typesupport_cpp
[5.178s] [ 40%] Building C object CMakeFiles/robot_localization__rosidl_typesupport_introspection_c.dir/rosidl_typesupport_introspection_c/robot_localization/srv/detail/set_pose__type_support.c.o
[5.325s] [ 41%] Building CXX object CMakeFiles/robot_localization__rosidl_typesupport_fastrtps_cpp.dir/rosidl_typesupport_fastrtps_cpp/robot_localization/srv/detail/dds_fastrtps/set_pose__type_support.cpp.o
[5.342s] [ 42%] Building CXX object CMakeFiles/robot_localization__rosidl_typesupport_fastrtps_c.dir/rosidl_typesupport_fastrtps_c/robot_localization/srv/detail/toggle_filter_processing__type_support_c.cpp.o
[5.357s] [ 43%] Building C object CMakeFiles/robot_localization__rosidl_typesupport_introspection_c.dir/rosidl_typesupport_introspection_c/robot_localization/srv/detail/toggle_filter_processing__type_support.c.o
[5.543s] [ 44%] Building C object CMakeFiles/robot_localization__rosidl_typesupport_introspection_c.dir/rosidl_typesupport_introspection_c/robot_localization/srv/detail/to_ll__type_support.c.o
[5.652s] [ 45%] Linking C shared library librobot_localization__rosidl_typesupport_introspection_c.so
[5.702s] [ 45%] Built target robot_localization__rosidl_typesupport_introspection_c
[5.709s] [ 46%] Building CXX object CMakeFiles/robot_localization__rosidl_typesupport_introspection_cpp.dir/rosidl_typesupport_introspection_cpp/robot_localization/srv/detail/set_datum__type_support.cpp.o
[6.009s] [ 47%] Building CXX object CMakeFiles/robot_localization__rosidl_typesupport_fastrtps_cpp.dir/rosidl_typesupport_fastrtps_cpp/robot_localization/srv/detail/dds_fastrtps/toggle_filter_processing__type_support.cpp.o
[6.067s] [ 48%] Building CXX object CMakeFiles/rl_lib.dir/src/ekf.cpp.o
[6.389s] [ 49%] Building CXX object CMakeFiles/rl_lib.dir/src/ukf.cpp.o
[6.415s] [ 50%] Building CXX object CMakeFiles/robot_localization__rosidl_typesupport_fastrtps_c.dir/rosidl_typesupport_fastrtps_c/robot_localization/srv/detail/to_ll__type_support_c.cpp.o
[6.417s] [ 51%] Building CXX object CMakeFiles/robot_localization__rosidl_typesupport_introspection_cpp.dir/rosidl_typesupport_introspection_cpp/robot_localization/srv/detail/set_pose__type_support.cpp.o
[6.609s] [ 52%] Building CXX object CMakeFiles/robot_localization__rosidl_typesupport_fastrtps_cpp.dir/rosidl_typesupport_fastrtps_cpp/robot_localization/srv/detail/dds_fastrtps/to_ll__type_support.cpp.o
[6.706s] [ 53%] Building CXX object CMakeFiles/robot_localization__rosidl_typesupport_introspection_cpp.dir/rosidl_typesupport_introspection_cpp/robot_localization/srv/detail/toggle_filter_processing__type_support.cpp.o
[6.763s] [ 54%] Building CXX object CMakeFiles/rl_lib.dir/src/filter_base.cpp.o
[6.765s] [ 54%] Building CXX object CMakeFiles/robot_localization__rosidl_typesupport_introspection_cpp.dir/rosidl_typesupport_introspection_cpp/robot_localization/srv/detail/to_ll__type_support.cpp.o
[7.027s] [ 55%] Building CXX object CMakeFiles/rl_lib.dir/src/filter_utilities.cpp.o
[7.163s] [ 56%] Building CXX object CMakeFiles/rl_lib.dir/src/navsat_transform.cpp.o
[7.361s] [ 57%] Building CXX object CMakeFiles/rl_lib.dir/src/robot_localization_estimator.cpp.o
[7.819s] [ 58%] Linking CXX shared library librobot_localization__rosidl_typesupport_fastrtps_c.so
[7.819s] [ 58%] Building CXX object CMakeFiles/rl_lib.dir/src/ros_filter.cpp.o
[7.889s] [ 59%] Linking CXX shared library librobot_localization__rosidl_typesupport_fastrtps_cpp.so
[8.023s] [ 59%] Built target robot_localization__rosidl_typesupport_fastrtps_c
[8.029s] [ 60%] Building CXX object CMakeFiles/rl_lib.dir/src/ros_filter_utilities.cpp.o
[8.036s] [ 61%] Building CXX object CMakeFiles/rl_lib.dir/src/ros_robot_localization_listener.cpp.o
[8.121s] [ 61%] Built target robot_localization__rosidl_typesupport_fastrtps_cpp
[8.657s] [ 62%] Linking CXX shared library librobot_localization__rosidl_typesupport_introspection_cpp.so
[8.905s] [ 62%] Built target robot_localization__rosidl_typesupport_introspection_cpp
[8.948s] [ 62%] Built target robot_localization
[8.986s] [ 63%] Generating Python code for ROS interfaces
[13.415s] [ 63%] Built target robot_localization__py
[13.459s] [ 64%] Building C object CMakeFiles/robot_localization__rosidl_generator_py.dir/rosidl_generator_py/robot_localization/srv/_from_ll_s.c.o
[13.461s] [ 65%] Building C object CMakeFiles/robot_localization__rosidl_generator_py.dir/rosidl_generator_py/robot_localization/srv/_get_state_s.c.o
[13.466s] [ 65%] Building C object CMakeFiles/robot_localization__rosidl_generator_py.dir/rosidl_generator_py/robot_localization/srv/_set_datum_s.c.o
[14.009s] [ 66%] Building C object CMakeFiles/robot_localization__rosidl_generator_py.dir/rosidl_generator_py/robot_localization/srv/_set_pose_s.c.o
[14.029s] [ 67%] Building C object CMakeFiles/robot_localization__rosidl_generator_py.dir/rosidl_generator_py/robot_localization/srv/_toggle_filter_processing_s.c.o
[14.177s] [ 68%] Building C object CMakeFiles/robot_localization__rosidl_generator_py.dir/rosidl_generator_py/robot_localization/srv/_to_ll_s.c.o
[14.684s] [ 69%] Linking C shared library rosidl_generator_py/robot_localization/librobot_localization__rosidl_generator_py.so
[14.763s] [ 69%] Built target robot_localization__rosidl_generator_py
[14.813s] [ 70%] Building C object CMakeFiles/robot_localization__rosidl_typesupport_c__pyext.dir/rosidl_generator_py/robot_localization/_robot_localization_s.ep.rosidl_typesupport_c.c.o
[14.819s] [ 71%] Building C object CMakeFiles/robot_localization__rosidl_typesupport_fastrtps_c__pyext.dir/rosidl_generator_py/robot_localization/_robot_localization_s.ep.rosidl_typesupport_fastrtps_c.c.o
[14.823s] [ 71%] Building C object CMakeFiles/robot_localization__rosidl_typesupport_introspection_c__pyext.dir/rosidl_generator_py/robot_localization/_robot_localization_s.ep.rosidl_typesupport_introspection_c.c.o
[15.612s] [ 72%] Linking C shared library rosidl_generator_py/robot_localization/robot_localization_s__rosidl_typesupport_c.cpython-310-x86_64-linux-gnu.so
[15.774s] [ 72%] Built target robot_localization__rosidl_typesupport_c__pyext
[15.910s] [ 73%] Linking C shared library rosidl_generator_py/robot_localization/robot_localization_s__rosidl_typesupport_introspection_c.cpython-310-x86_64-linux-gnu.so
[16.064s] [ 73%] Built target robot_localization__rosidl_typesupport_introspection_c__pyext
[16.095s] [ 74%] Linking C shared library rosidl_generator_py/robot_localization/robot_localization_s__rosidl_typesupport_fastrtps_c.cpython-310-x86_64-linux-gnu.so
[16.263s] [ 74%] Built target robot_localization__rosidl_typesupport_fastrtps_c__pyext
[25.647s] [ 75%] Linking CXX static library libgtest.a
[25.773s] [ 75%] Built target gtest
[90.988s] [ 76%] Linking CXX shared library librl_lib.so
[92.458s] [ 76%] Built target rl_lib
[92.474s] [ 77%] Building CXX object CMakeFiles/ukf_node.dir/src/ukf_node.cpp.o
[92.474s] [ 77%] Building CXX object CMakeFiles/ekf_node.dir/src/ekf_node.cpp.o
[92.478s] [ 78%] Building CXX object CMakeFiles/test_navsat_conversions.dir/test/test_navsat_conversions.cpp.o
[92.478s] [ 78%] Building CXX object CMakeFiles/navsat_transform_node.dir/src/navsat_transform_node.cpp.o
[92.478s] [ 79%] Building CXX object CMakeFiles/test_ekf.dir/test/test_ekf.cpp.o
[92.478s] [ 80%] Building CXX object CMakeFiles/filter_base-test.dir/test/test_filter_base.cpp.o
[92.479s] [ 81%] Building CXX object CMakeFiles/robot_localization_listener_node.dir/src/robot_localization_listener_node.cpp.o
[92.479s] [ 82%] Building CXX object CMakeFiles/test_ukf.dir/test/test_ukf.cpp.o
[92.480s] [ 83%] Building CXX object CMakeFiles/test_ros_robot_localization_listener.dir/test/test_ros_robot_localization_listener.cpp.o
[92.480s] [ 84%] Building CXX object CMakeFiles/test_ros_robot_localization_listener_publisher.dir/test/test_ros_robot_localization_listener_publisher.cpp.o
[92.480s] [ 85%] Building CXX object CMakeFiles/test_robot_localization_estimator.dir/test/test_robot_localization_estimator.cpp.o
[95.932s] [ 86%] Linking CXX executable test_navsat_conversions
[96.364s] [ 86%] Built target test_navsat_conversions
[99.435s] [ 87%] Linking CXX executable filter_base-test
[99.960s] [ 87%] Built target filter_base-test
[102.542s] [ 88%] Linking CXX executable navsat_transform_node
[102.635s] [ 89%] Linking CXX executable ekf_node
[102.885s] [ 89%] Built target navsat_transform_node
[102.954s] [ 89%] Built target ekf_node
[102.969s] [ 90%] Building CXX object CMakeFiles/test_filter_base_diagnostics_timestamps.dir/test/test_filter_base_diagnostics_timestamps.cpp.o
[102.970s] [ 91%] Building CXX object CMakeFiles/test_ekf_localization_node_interfaces.dir/test/test_ekf_localization_node_interfaces.cpp.o
[104.494s] [ 92%] Linking CXX executable test_robot_localization_estimator
[105.048s] [ 92%] Built target test_robot_localization_estimator
[105.789s] [ 93%] Linking CXX executable ukf_node
[106.195s] [ 93%] Built target ukf_node
[106.217s] [ 94%] Building CXX object CMakeFiles/test_ukf_localization_node_interfaces.dir/test/test_ukf_localization_node_interfaces.cpp.o
[106.282s] [ 95%] Linking CXX executable robot_localization_listener_node
[106.519s] [ 95%] Linking CXX executable test_ros_robot_localization_listener
[106.737s] [ 95%] Built target robot_localization_listener_node
[107.060s] [ 95%] Built target test_ros_robot_localization_listener
[108.247s] [ 96%] Linking CXX executable test_ukf
[108.322s] [ 97%] Linking CXX executable test_ekf
[108.480s] [ 98%] Linking CXX executable test_ros_robot_localization_listener_publisher
[108.627s] [ 98%] Built target test_ukf
[108.699s] [ 98%] Built target test_ekf
[108.732s] [ 98%] Built target test_ros_robot_localization_listener_publisher
[127.873s] [ 99%] Linking CXX executable test_filter_base_diagnostics_timestamps
[128.247s] [ 99%] Built target test_filter_base_diagnostics_timestamps
[128.805s] [ 99%] Linking CXX executable test_ekf_localization_node_interfaces
[129.120s] [ 99%] Built target test_ekf_localization_node_interfaces
[130.599s] [100%] Linking CXX executable test_ukf_localization_node_interfaces
[130.922s] [100%] Built target test_ukf_localization_node_interfaces
