[0.087s] Invoking command in '/home/wuta/WUTA/WUTA-FSD/ros2_ws/build/ndt_localization': AMENT_PREFIX_PATH=/home/wuta/WUTA/WUTA-FSD/ros2_ws/install/wuta_msgs:${AMENT_PREFIX_PATH} CMAKE_PREFIX_PATH=/home/wuta/WUTA/WUTA-FSD/ros2_ws/install/wuta_msgs:/opt/ros/humble LD_LIBRARY_PATH=/home/wuta/WUTA/WUTA-FSD/ros2_ws/install/wuta_msgs/lib:${LD_LIBRARY_PATH} PYTHONPATH=/home/wuta/WUTA/WUTA-FSD/ros2_ws/install/wuta_msgs/local/lib/python3.10/dist-packages:${PYTHONPATH} /home/wuta/.local/bin/cmake --build /home/wuta/WUTA/WUTA-FSD/ros2_ws/build/ndt_localization -- -j12 -l12
[0.291s] CMake Deprecation Warning at CMakeLists.txt:1 (cmake_minimum_required):
[0.291s]   Compatibility with CMake < 3.10 will be removed from a future version of
[0.291s]   CMake.
[0.291s] 
[0.291s]   Update the VERSION argument <min> value.  Or, use the <min>...<max> syntax
[0.292s]   to tell CMake that the project requires at least <min> but has been updated
[0.292s]   to work with policies introduced by <max> or earlier.
[0.292s] 
[0.292s] 
[0.302s] -- Found ament_cmake: 1.3.14 (/opt/ros/humble/share/ament_cmake/cmake)
[0.624s] -- Override CMake install command with custom implementation using symlinks instead of copying resources
[0.624s] -- Found rclcpp: 16.0.19 (/opt/ros/humble/share/rclcpp/cmake)
[0.659s] -- Found rosidl_generator_c: 3.1.8 (/opt/ros/humble/share/rosidl_generator_c/cmake)
[0.663s] -- Found rosidl_adapter: 3.1.8 (/opt/ros/humble/share/rosidl_adapter/cmake)
[0.670s] -- Found rosidl_generator_cpp: 3.1.8 (/opt/ros/humble/share/rosidl_generator_cpp/cmake)
[0.683s] -- Using all available rosidl_typesupport_c: rosidl_typesupport_fastrtps_c;rosidl_typesupport_introspection_c
[0.699s] -- Using all available rosidl_typesupport_cpp: rosidl_typesupport_fastrtps_cpp;rosidl_typesupport_introspection_cpp
[0.741s] -- Found rmw_implementation_cmake: 6.1.2 (/opt/ros/humble/share/rmw_implementation_cmake/cmake)
[0.742s] -- Found rmw_fastrtps_cpp: 6.2.10 (/opt/ros/humble/share/rmw_fastrtps_cpp/cmake)
[0.864s] -- Using RMW implementation 'rmw_fastrtps_cpp' as default
[0.930s] -- Found sensor_msgs: 4.9.1 (/opt/ros/humble/share/sensor_msgs/cmake)
[0.968s] -- Found nav_msgs: 4.9.1 (/opt/ros/humble/share/nav_msgs/cmake)
[0.989s] -- Found visualization_msgs: 4.9.1 (/opt/ros/humble/share/visualization_msgs/cmake)
[1.016s] -- Found wuta_msgs: 1.0.0 (/home/wuta/WUTA/WUTA-FSD/ros2_ws/install/wuta_msgs/share/wuta_msgs/cmake)
[1.043s] CMake Warning (dev) at /usr/lib/x86_64-linux-gnu/cmake/pcl/PCLConfig.cmake:146 (find_package):
[1.043s]   Policy CMP0144 is not set: find_package uses upper-case <PACKAGENAME>_ROOT
[1.043s]   variables.  Run "cmake --help-policy CMP0144" for policy details.  Use the
[1.043s]   cmake_policy command to set the policy and suppress this warning.
[1.043s] 
[1.044s]   CMake variable EIGEN_ROOT is set to:
[1.044s] 
[1.044s]     /usr/include/eigen3
[1.044s] 
[1.044s]   For compatibility, find_package is ignoring the variable, but code in a
[1.044s]   .cmake module might still use it.
[1.044s] Call Stack (most recent call first):
[1.044s]   /usr/lib/x86_64-linux-gnu/cmake/pcl/PCLConfig.cmake:299 (find_eigen)
[1.044s]   /usr/lib/x86_64-linux-gnu/cmake/pcl/PCLConfig.cmake:543 (find_external_library)
[1.044s]   CMakeLists.txt:14 (find_package)
[1.044s] This warning is for project developers.  Use -Wno-dev to suppress it.
[1.044s] 
[1.049s] -- Eigen found (include: /usr/include/eigen3, version: 3.4.0)
[1.049s] CMake Warning (dev) at /usr/lib/x86_64-linux-gnu/cmake/pcl/PCLConfig.cmake:128 (find_package):
[1.049s]   Policy CMP0167 is not set: The FindBoost module is removed.  Run "cmake
[1.049s]   --help-policy CMP0167" for policy details.  Use the cmake_policy command to
[1.049s]   set the policy and suppress this warning.
[1.049s] 
[1.049s] Call Stack (most recent call first):
[1.049s]   /usr/lib/x86_64-linux-gnu/cmake/pcl/PCLConfig.cmake:297 (find_boost)
[1.049s]   /usr/lib/x86_64-linux-gnu/cmake/pcl/PCLConfig.cmake:543 (find_external_library)
[1.049s]   CMakeLists.txt:14 (find_package)
[1.050s] This warning is for project developers.  Use -Wno-dev to suppress it.
[1.050s] 
[1.071s] -- OpenNI found (version: 1.5.4.0, include: /usr/include/ni, lib: /usr/lib/libOpenNI.so;libusb::libusb)
[1.076s] -- OpenNI2 found (version: 2.2.0.33, include: /usr/include/openni2, lib: /usr/lib/x86_64-linux-gnu/libOpenNI2.so;libusb::libusb)
[1.077s] ** WARNING ** io features related to pcap will be disabled
[1.077s] ** WARNING ** io features related to png will be disabled
[1.498s] CMake Warning (dev) at /usr/lib/x86_64-linux-gnu/cmake/pcl/PCLConfig.cmake:128 (find_package):
[1.498s]   Policy CMP0167 is not set: The FindBoost module is removed.  Run "cmake
[1.498s]   --help-policy CMP0167" for policy details.  Use the cmake_policy command to
[1.498s]   set the policy and suppress this warning.
[1.498s] 
[1.498s] Call Stack (most recent call first):
[1.498s]   /usr/lib/x86_64-linux-gnu/cmake/pcl/PCLConfig.cmake:297 (find_boost)
[1.498s]   /usr/lib/x86_64-linux-gnu/cmake/pcl/PCLConfig.cmake:543 (find_external_library)
[1.499s]   CMakeLists.txt:14 (find_package)
[1.499s] This warning is for project developers.  Use -Wno-dev to suppress it.
[1.499s] 
[1.511s] -- Eigen found (include: /usr/include/eigen3, version: 3.4.0)
[1.511s] CMake Warning (dev) at /usr/lib/x86_64-linux-gnu/cmake/pcl/Modules/FindFLANN.cmake:44 (find_package):
[1.511s]   Policy CMP0144 is not set: find_package uses upper-case <PACKAGENAME>_ROOT
[1.512s]   variables.  Run "cmake --help-policy CMP0144" for policy details.  Use the
[1.512s]   cmake_policy command to set the policy and suppress this warning.
[1.512s] 
[1.512s]   CMake variable FLANN_ROOT is set to:
[1.512s] 
[1.512s]     /usr
[1.512s] 
[1.512s]   For compatibility, find_package is ignoring the variable, but code in a
[1.512s]   .cmake module might still use it.
[1.512s] Call Stack (most recent call first):
[1.512s]   /usr/lib/x86_64-linux-gnu/cmake/pcl/PCLConfig.cmake:256 (find_package)
[1.512s]   /usr/lib/x86_64-linux-gnu/cmake/pcl/PCLConfig.cmake:301 (find_flann)
[1.512s]   /usr/lib/x86_64-linux-gnu/cmake/pcl/PCLConfig.cmake:543 (find_external_library)
[1.512s]   CMakeLists.txt:14 (find_package)
[1.512s] This warning is for project developers.  Use -Wno-dev to suppress it.
[1.512s] 
[1.535s] -- FLANN found (include: /usr/include, lib: /usr/lib/x86_64-linux-gnu/libflann_cpp.so)
[2.091s] -- looking for PCL_COMMON
[2.092s] -- looking for PCL_OCTREE
[2.092s] -- looking for PCL_IO
[2.092s] -- looking for PCL_KDTREE
[2.093s] -- looking for PCL_SEARCH
[2.093s] -- looking for PCL_SAMPLE_CONSENSUS
[2.094s] -- looking for PCL_FILTERS
[2.094s] -- looking for PCL_2D
[2.094s] -- looking for PCL_FEATURES
[2.095s] -- looking for PCL_REGISTRATION
[2.096s] -- Found pcl_conversions: 2.4.5 (/opt/ros/humble/share/pcl_conversions/cmake)
[2.206s] -- Configuring done (1.9s)
[2.265s] -- Generating done (0.1s)
[2.364s] -- Build files have been written to: /home/wuta/WUTA/WUTA-FSD/ros2_ws/build/ndt_localization
[2.395s] [ 25%] Building CXX object CMakeFiles/ndt_localization_node.dir/src/ndt_localization.cpp.o
[2.413s] [ 75%] Built target map_saver_node
[26.732s] [100%] Linking CXX executable ndt_localization_node
[28.278s] [100%] Built target ndt_localization_node
