[0.274s] Invoking command in '/home/g2909/WUTA1/WUTA-FSD/ros2_ws/build/path_generator': AMENT_PREFIX_PATH=/home/g2909/WUTA1/WUTA-FSD/ros2_ws/install/wuta_msgs:/home/g2909/WUTA1/WUTA-FSD/ros2_ws/install/autoware_msgs:${AMENT_PREFIX_PATH} CMAKE_PREFIX_PATH=/home/g2909/WUTA1/WUTA-FSD/ros2_ws/install/wuta_msgs:/home/g2909/WUTA1/WUTA-FSD/ros2_ws/install/autoware_msgs:/opt/ros/humble LD_LIBRARY_PATH=/home/g2909/WUTA1/WUTA-FSD/ros2_ws/install/wuta_msgs/lib:/home/g2909/WUTA1/WUTA-FSD/ros2_ws/install/autoware_msgs/lib:${LD_LIBRARY_PATH} PYTHONPATH=/home/g2909/WUTA1/WUTA-FSD/ros2_ws/install/wuta_msgs/local/lib/python3.10/dist-packages:/home/g2909/WUTA1/WUTA-FSD/ros2_ws/install/autoware_msgs/local/lib/python3.10/dist-packages:${PYTHONPATH} /home/g2909/.local/bin/cmake /home/g2909/WUTA1/WUTA-FSD/ros2_ws/src/planning/path_generator -DAMENT_CMAKE_SYMLINK_INSTALL=1 -DCMAKE_INSTALL_PREFIX=/home/g2909/WUTA1/WUTA-FSD/ros2_ws/install/path_generator
[0.320s] CMake Deprecation Warning at CMakeLists.txt:1 (cmake_minimum_required):
[0.320s]   Compatibility with CMake < 3.10 will be removed from a future version of
[0.321s]   CMake.
[0.321s] 
[0.321s]   Update the VERSION argument <min> value.  Or, use the <min>...<max> syntax
[0.321s]   to tell CMake that the project requires at least <min> but has been updated
[0.321s]   to work with policies introduced by <max> or earlier.
[0.321s] 
[0.321s] 
[0.508s] -- The C compiler identification is GNU 11.4.0
[1.235s] -- The CXX compiler identification is GNU 11.4.0
[1.724s] -- Detecting C compiler ABI info
[1.914s] -- Detecting C compiler ABI info - done
[1.922s] -- Check for working C compiler: /usr/bin/cc - skipped
[1.922s] -- Detecting C compile features
[1.923s] -- Detecting C compile features - done
[1.930s] -- Detecting CXX compiler ABI info
[2.156s] -- Detecting CXX compiler ABI info - done
[2.165s] -- Check for working CXX compiler: /usr/bin/c++ - skipped
[2.165s] -- Detecting CXX compile features
[2.165s] -- Detecting CXX compile features - done
[2.170s] -- Found ament_cmake: 1.3.14 (/opt/ros/humble/share/ament_cmake/cmake)
[2.248s] -- Found Python3: /usr/bin/python3 (found version "3.10.12") found components: Interpreter
[2.282s] -- Override CMake install command with custom implementation using symlinks instead of copying resources
[2.298s] -- Found rclcpp: 16.0.19 (/opt/ros/humble/share/rclcpp/cmake)
[2.525s] -- Found rosidl_generator_c: 3.1.9 (/opt/ros/humble/share/rosidl_generator_c/cmake)
[2.528s] -- Found rosidl_adapter: 3.1.9 (/opt/ros/humble/share/rosidl_adapter/cmake)
[2.533s] -- Found rosidl_generator_cpp: 3.1.9 (/opt/ros/humble/share/rosidl_generator_cpp/cmake)
[2.541s] -- Using all available rosidl_typesupport_c: rosidl_typesupport_fastrtps_c;rosidl_typesupport_introspection_c
[2.551s] -- Using all available rosidl_typesupport_cpp: rosidl_typesupport_fastrtps_cpp;rosidl_typesupport_introspection_cpp
[2.581s] -- Found rmw_implementation_cmake: 6.1.2 (/opt/ros/humble/share/rmw_implementation_cmake/cmake)
[2.582s] -- Found rmw_fastrtps_cpp: 6.2.10 (/opt/ros/humble/share/rmw_fastrtps_cpp/cmake)
[5.180s] -- Found OpenSSL: /usr/lib/x86_64-linux-gnu/libcrypto.so (found version "3.0.2")
[8.612s] -- Found FastRTPS: /opt/ros/humble/include
[14.618s] -- Using RMW implementation 'rmw_fastrtps_cpp' as default
[14.623s] -- Performing Test CMAKE_HAVE_LIBC_PTHREAD
[14.931s] -- Performing Test CMAKE_HAVE_LIBC_PTHREAD - Success
[14.932s] -- Found Threads: TRUE
[14.972s] -- Found geometry_msgs: 4.9.1 (/opt/ros/humble/share/geometry_msgs/cmake)
[14.981s] -- Found wuta_msgs: 1.0.0 (/home/g2909/WUTA1/WUTA-FSD/ros2_ws/install/wuta_msgs/share/wuta_msgs/cmake)
[14.993s] -- Found autoware_msgs: 0.1.0 (/home/g2909/WUTA1/WUTA-FSD/ros2_ws/install/autoware_msgs/share/autoware_msgs/cmake)
[15.042s] -- Configuring done (14.7s)
[15.051s] -- Generating done (0.0s)
[15.065s] -- Build files have been written to: /home/g2909/WUTA1/WUTA-FSD/ros2_ws/build/path_generator
[15.074s] Invoked command in '/home/g2909/WUTA1/WUTA-FSD/ros2_ws/build/path_generator' returned '0': AMENT_PREFIX_PATH=/home/g2909/WUTA1/WUTA-FSD/ros2_ws/install/wuta_msgs:/home/g2909/WUTA1/WUTA-FSD/ros2_ws/install/autoware_msgs:${AMENT_PREFIX_PATH} CMAKE_PREFIX_PATH=/home/g2909/WUTA1/WUTA-FSD/ros2_ws/install/wuta_msgs:/home/g2909/WUTA1/WUTA-FSD/ros2_ws/install/autoware_msgs:/opt/ros/humble LD_LIBRARY_PATH=/home/g2909/WUTA1/WUTA-FSD/ros2_ws/install/wuta_msgs/lib:/home/g2909/WUTA1/WUTA-FSD/ros2_ws/install/autoware_msgs/lib:${LD_LIBRARY_PATH} PYTHONPATH=/home/g2909/WUTA1/WUTA-FSD/ros2_ws/install/wuta_msgs/local/lib/python3.10/dist-packages:/home/g2909/WUTA1/WUTA-FSD/ros2_ws/install/autoware_msgs/local/lib/python3.10/dist-packages:${PYTHONPATH} /home/g2909/.local/bin/cmake /home/g2909/WUTA1/WUTA-FSD/ros2_ws/src/planning/path_generator -DAMENT_CMAKE_SYMLINK_INSTALL=1 -DCMAKE_INSTALL_PREFIX=/home/g2909/WUTA1/WUTA-FSD/ros2_ws/install/path_generator
[15.076s] Invoking command in '/home/g2909/WUTA1/WUTA-FSD/ros2_ws/build/path_generator': AMENT_PREFIX_PATH=/home/g2909/WUTA1/WUTA-FSD/ros2_ws/install/wuta_msgs:/home/g2909/WUTA1/WUTA-FSD/ros2_ws/install/autoware_msgs:${AMENT_PREFIX_PATH} CMAKE_PREFIX_PATH=/home/g2909/WUTA1/WUTA-FSD/ros2_ws/install/wuta_msgs:/home/g2909/WUTA1/WUTA-FSD/ros2_ws/install/autoware_msgs:/opt/ros/humble LD_LIBRARY_PATH=/home/g2909/WUTA1/WUTA-FSD/ros2_ws/install/wuta_msgs/lib:/home/g2909/WUTA1/WUTA-FSD/ros2_ws/install/autoware_msgs/lib:${LD_LIBRARY_PATH} PYTHONPATH=/home/g2909/WUTA1/WUTA-FSD/ros2_ws/install/wuta_msgs/local/lib/python3.10/dist-packages:/home/g2909/WUTA1/WUTA-FSD/ros2_ws/install/autoware_msgs/local/lib/python3.10/dist-packages:${PYTHONPATH} /home/g2909/.local/bin/cmake --build /home/g2909/WUTA1/WUTA-FSD/ros2_ws/build/path_generator -- -j16 -l16
[15.134s] [ 50%] Building CXX object CMakeFiles/path_generator_node.dir/src/path_generator_node.cpp.o
[24.221s] [100%] Linking CXX executable path_generator_node
[24.875s] [100%] Built target path_generator_node
[24.879s] Invoked command in '/home/g2909/WUTA1/WUTA-FSD/ros2_ws/build/path_generator' returned '0': AMENT_PREFIX_PATH=/home/g2909/WUTA1/WUTA-FSD/ros2_ws/install/wuta_msgs:/home/g2909/WUTA1/WUTA-FSD/ros2_ws/install/autoware_msgs:${AMENT_PREFIX_PATH} CMAKE_PREFIX_PATH=/home/g2909/WUTA1/WUTA-FSD/ros2_ws/install/wuta_msgs:/home/g2909/WUTA1/WUTA-FSD/ros2_ws/install/autoware_msgs:/opt/ros/humble LD_LIBRARY_PATH=/home/g2909/WUTA1/WUTA-FSD/ros2_ws/install/wuta_msgs/lib:/home/g2909/WUTA1/WUTA-FSD/ros2_ws/install/autoware_msgs/lib:${LD_LIBRARY_PATH} PYTHONPATH=/home/g2909/WUTA1/WUTA-FSD/ros2_ws/install/wuta_msgs/local/lib/python3.10/dist-packages:/home/g2909/WUTA1/WUTA-FSD/ros2_ws/install/autoware_msgs/local/lib/python3.10/dist-packages:${PYTHONPATH} /home/g2909/.local/bin/cmake --build /home/g2909/WUTA1/WUTA-FSD/ros2_ws/build/path_generator -- -j16 -l16
[24.924s] Invoking command in '/home/g2909/WUTA1/WUTA-FSD/ros2_ws/build/path_generator': AMENT_PREFIX_PATH=/home/g2909/WUTA1/WUTA-FSD/ros2_ws/install/wuta_msgs:/home/g2909/WUTA1/WUTA-FSD/ros2_ws/install/autoware_msgs:${AMENT_PREFIX_PATH} CMAKE_PREFIX_PATH=/home/g2909/WUTA1/WUTA-FSD/ros2_ws/install/wuta_msgs:/home/g2909/WUTA1/WUTA-FSD/ros2_ws/install/autoware_msgs:/opt/ros/humble LD_LIBRARY_PATH=/home/g2909/WUTA1/WUTA-FSD/ros2_ws/install/wuta_msgs/lib:/home/g2909/WUTA1/WUTA-FSD/ros2_ws/install/autoware_msgs/lib:${LD_LIBRARY_PATH} PYTHONPATH=/home/g2909/WUTA1/WUTA-FSD/ros2_ws/install/wuta_msgs/local/lib/python3.10/dist-packages:/home/g2909/WUTA1/WUTA-FSD/ros2_ws/install/autoware_msgs/local/lib/python3.10/dist-packages:${PYTHONPATH} /home/g2909/.local/bin/cmake --install /home/g2909/WUTA1/WUTA-FSD/ros2_ws/build/path_generator
[24.966s] -- Install configuration: ""
[24.967s] -- Execute custom install script
[24.967s] -- Symlinking: /home/g2909/WUTA1/WUTA-FSD/ros2_ws/install/path_generator/lib/path_generator/path_generator_node
[24.971s] -- Symlinking: /home/g2909/WUTA1/WUTA-FSD/ros2_ws/install/path_generator/share/path_generator/config/path_generator.yaml
[24.974s] -- Symlinking: /home/g2909/WUTA1/WUTA-FSD/ros2_ws/install/path_generator/share/ament_index/resource_index/package_run_dependencies/path_generator
[24.977s] -- Symlinking: /home/g2909/WUTA1/WUTA-FSD/ros2_ws/install/path_generator/share/ament_index/resource_index/parent_prefix_path/path_generator
[24.980s] -- Symlinking: /home/g2909/WUTA1/WUTA-FSD/ros2_ws/install/path_generator/share/path_generator/environment/ament_prefix_path.sh
[24.983s] -- Symlinking: /home/g2909/WUTA1/WUTA-FSD/ros2_ws/install/path_generator/share/path_generator/environment/ament_prefix_path.dsv
[24.986s] -- Symlinking: /home/g2909/WUTA1/WUTA-FSD/ros2_ws/install/path_generator/share/path_generator/environment/path.sh
[24.989s] -- Symlinking: /home/g2909/WUTA1/WUTA-FSD/ros2_ws/install/path_generator/share/path_generator/environment/path.dsv
[24.992s] -- Symlinking: /home/g2909/WUTA1/WUTA-FSD/ros2_ws/install/path_generator/share/path_generator/local_setup.bash
[24.995s] -- Symlinking: /home/g2909/WUTA1/WUTA-FSD/ros2_ws/install/path_generator/share/path_generator/local_setup.sh
[24.998s] -- Symlinking: /home/g2909/WUTA1/WUTA-FSD/ros2_ws/install/path_generator/share/path_generator/local_setup.zsh
[25.002s] -- Symlinking: /home/g2909/WUTA1/WUTA-FSD/ros2_ws/install/path_generator/share/path_generator/local_setup.dsv
[25.004s] -- Symlinking: /home/g2909/WUTA1/WUTA-FSD/ros2_ws/install/path_generator/share/path_generator/package.dsv
[25.007s] -- Symlinking: /home/g2909/WUTA1/WUTA-FSD/ros2_ws/install/path_generator/share/ament_index/resource_index/packages/path_generator
[25.010s] -- Symlinking: /home/g2909/WUTA1/WUTA-FSD/ros2_ws/install/path_generator/share/path_generator/cmake/path_generatorConfig.cmake
[25.012s] -- Symlinking: /home/g2909/WUTA1/WUTA-FSD/ros2_ws/install/path_generator/share/path_generator/cmake/path_generatorConfig-version.cmake
[25.015s] -- Symlinking: /home/g2909/WUTA1/WUTA-FSD/ros2_ws/install/path_generator/share/path_generator/package.xml
[25.019s] Invoked command in '/home/g2909/WUTA1/WUTA-FSD/ros2_ws/build/path_generator' returned '0': AMENT_PREFIX_PATH=/home/g2909/WUTA1/WUTA-FSD/ros2_ws/install/wuta_msgs:/home/g2909/WUTA1/WUTA-FSD/ros2_ws/install/autoware_msgs:${AMENT_PREFIX_PATH} CMAKE_PREFIX_PATH=/home/g2909/WUTA1/WUTA-FSD/ros2_ws/install/wuta_msgs:/home/g2909/WUTA1/WUTA-FSD/ros2_ws/install/autoware_msgs:/opt/ros/humble LD_LIBRARY_PATH=/home/g2909/WUTA1/WUTA-FSD/ros2_ws/install/wuta_msgs/lib:/home/g2909/WUTA1/WUTA-FSD/ros2_ws/install/autoware_msgs/lib:${LD_LIBRARY_PATH} PYTHONPATH=/home/g2909/WUTA1/WUTA-FSD/ros2_ws/install/wuta_msgs/local/lib/python3.10/dist-packages:/home/g2909/WUTA1/WUTA-FSD/ros2_ws/install/autoware_msgs/local/lib/python3.10/dist-packages:${PYTHONPATH} /home/g2909/.local/bin/cmake --install /home/g2909/WUTA1/WUTA-FSD/ros2_ws/build/path_generator
